

========================= 开始处理 Workshop ID: 3006496838 (1990renaultTrafic) =========================

--- 正在检查已完成的翻译于: data/completed_files/3006496838/en_completed.txt ---
  -> 文件 'en_completed.txt' 在目标位置不存在，将自动创建。

--- 正在检查待排除的键于: data/completed_files/3006496838/exclusion_list.txt ---
  -> 排除列表文件 'exclusion_list.txt' 不存在，跳过。

-------------------- 处理子模组: 1990renaultTrafic --------------------

--- 正在为 '1990renaultTrafic' 动态查找 'media' 文件夹 ---
  -> 发现版本目录队列: 42.0
  --> 找到最高优先级有效版本: 42.0

--- 阶段 1: 扫描所有 media 路径下的翻译文件 (L1) ---
  -> 正在处理 media 路径: data/workshop_content/3006496838/mods/1990renaultTrafic/42.0/media
  -> 扫描目录: data/workshop_content/3006496838/mods/1990renaultTrafic/42.0/media/lua/shared/Translate/EN
     -> 在 'IG_UI_EN.txt' 中找到 10 个键。
阶段 1 完成: 从 EN 加载了 10 条数据, 从 CN 加载了 0 条数据。

--- 阶段 2: 扫描所有 Media 路径下的 Scripts (L0) ---
  -> 正在处理 Scripts 路径: data/workshop_content/3006496838/mods/1990renaultTrafic/42.0/media/scripts
    -> 处理: vehicles/renaultTrafic.txt
    -> 处理: vehicles/renaultTraficATC.txt
    -> 处理: vehicles/renaultTraficAmarillo.txt
    -> 处理: vehicles/renaultTraficAmbulancia.txt
    -> 处理: vehicles/renaultTraficCamper.txt
    -> 处理: vehicles/renaultTraficLechero.txt
    -> 处理: vehicles/renaultTraficNegro.txt
    -> 处理: vehicles/renaultTraficPasajeros.txt
    -> 处理: vehicles/renaultTraficRojo.txt
    -> 处理: vehicles/renaultTraficVerde.txt
    -> 处理: vehicles/renaultTrafic_items.txt
     -> 新增: 13 个 Item
    -> 处理: vehicles/renaultTrafic_models.txt
    -> 处理: vehicles/renaultTrafic_vehiclesfixing.txt
阶段 2 完成: 从 scripts 新生成了 13 条数据。

--- 阶段 3: 合并 L0 与 L1 后，纯净英文基准总计: 23 条数据。---

-------------------- 处理子模组: 1990renaultTrafic Passenger --------------------

--- 正在为 '1990renaultTrafic Passenger' 动态查找 'media' 文件夹 ---
  -> 发现版本目录队列: 42.0
  --> 版本 42.0 无效或为空，尝试检查下一个低版本...
  --> 未能在 Common 或 版本目录队列中找到任何有效的 'media' 文件夹。

-------------------- 处理子模组: 1990renaultTraficAmbu --------------------

--- 正在为 '1990renaultTraficAmbu' 动态查找 'media' 文件夹 ---
  -> 发现版本目录队列: 42.0
  --> 版本 42.0 无效或为空，尝试检查下一个低版本...
  --> 未能在 Common 或 版本目录队列中找到任何有效的 'media' 文件夹。

-------------------- 处理子模组: 1990renaultTraficCamper --------------------

--- 正在为 '1990renaultTraficCamper' 动态查找 'media' 文件夹 ---
  -> 发现版本目录队列: 42.0
  --> 版本 42.0 无效或为空，尝试检查下一个低版本...
  --> 未能在 Common 或 版本目录队列中找到任何有效的 'media' 文件夹。

-------------------- 处理子模组: 1990renaultTraficComp --------------------

--- 正在为 '1990renaultTraficComp' 动态查找 'media' 文件夹 ---
  -> 发现版本目录队列: 42.0
  --> 版本 42.0 无效或为空，尝试检查下一个低版本...
  --> 未能在 Common 或 版本目录队列中找到任何有效的 'media' 文件夹。

--- 已为 Mod ID 3006496838 更新 23 条键来源映射 ---

--- 正在为 Mod '1990renaultTrafic' 生成输出文件 ---
    - 最终合并 (output.txt): 23 条
    - 纯净英文 (EN_output.txt): 23 条
    - 纯净中文 (CN_output.txt): 0 条
    - 英文待办 (en_todo.txt): 23 条 (增量)
    - 中文独有 (cn_only.txt): 0 条 (增量)
    - 冲突键 (conflict_keys.txt): 0 条
    -> 正在尝试从 Git 历史记录中获取旧版本: data/output_files/1990renaultTrafic_3006496838/EN_todo.txt
      --> 在 Git 历史记录中未找到该文件，视为全新。
    -> 基线日志已存档到: data/logs/archive/1990renaultTrafic_3006496838_baseline_run_20251226_040554.json

处理成功！所有输出文件已保存在 '1990renaultTrafic_3006496838' 文件夹中。
    -> 警告：未能获取 Mod 3006496838 的完成文件SHA，状态未记录。
