

========================= 开始处理 Workshop ID: 3631989559 (69charger) =========================

--- 正在检查已完成的翻译于: data/completed_files/3631989559/en_completed.txt ---
     -> 在 'en_completed.txt' 中找到 0 个键。

--- 正在检查待排除的键于: data/completed_files/3631989559/exclusion_list.txt ---
  -> 排除列表文件 'exclusion_list.txt' 不存在，跳过。

-------------------- 处理子模组: 69charger --------------------

--- 正在为 '69charger' 动态查找 'media' 文件夹 ---
  -> 发现版本目录队列: 42.13, 42.0
  --> 找到最高优先级有效版本: 42.13

--- 阶段 1: 扫描所有 media 路径下的翻译文件 (L1) ---
  -> 正在处理 media 路径: data/workshop_content/3631989559/mods/69charger/42.13/media
  -> 扫描目录: data/workshop_content/3631989559/mods/69charger/42.13/media/lua/shared/Translate/EN
     -> 在 'IG_UI_EN.txt' 中找到 8 个键。
     -> 在 'Recipes_EN.txt' 中找到 21 个键。
     -> 在 'Sandbox_EN.txt' 中找到 1 个键。
阶段 1 完成: 从 EN 加载了 30 条数据, 从 CN 加载了 0 条数据。

--- 阶段 2: 扫描所有 Media 路径下的 Scripts (L0) ---
  -> 正在处理 Scripts 路径: data/workshop_content/3631989559/mods/69charger/42.13/media/scripts
    -> 处理: vehicles/69charger440.txt
    -> 处理: vehicles/69charger500.txt
    -> 处理: vehicles/69chargerDaytona.txt
    -> 处理: vehicles/69chargerRT.txt
    -> 处理: vehicles/69charger_models.txt
    -> 处理: vehicles/69charger_recipes.txt
     -> 新增: 2 个 Recipe
    -> 处理: vehicles/69charger_vehiclesitems.txt
     -> 新增: 24 个 Item
    -> 处理: vehicles/template_CHR69_armor.txt
    -> 处理: vehicles/template_CHR69_bumpers.txt
    -> 处理: vehicles/template_CHR69_doors.txt
    -> 处理: vehicles/template_CHR69_hood.txt
    -> 处理: vehicles/template_CHR69_lights.txt
    -> 处理: vehicles/template_CHR69_roofracks.txt
    -> 处理: vehicles/template_CHR69_seats.txt
    -> 处理: vehicles/template_CHR69_spareTire.txt
    -> 处理: vehicles/template_CHR69_spoiler.txt
    -> 处理: vehicles/template_CHR69_tires.txt
    -> 处理: vehicles/template_CHR69_trunk.txt
    -> 处理: vehicles/template_CHR69_trunkdoors.txt
    -> 处理: vehicles/template_CHR69_windows.txt
    -> 处理: vehicles/template_CHR69_windshields.txt
阶段 2 完成: 从 scripts 新生成了 26 条数据。

--- 阶段 3: 合并 L0 与 L1 后，纯净英文基准总计: 56 条数据。---

--- 已为 Mod ID 3631989559 更新 56 条键来源映射 ---

--- 正在为 Mod '69charger' 生成输出文件 ---
    - 最终合并 (output.txt): 56 条
    - 纯净英文 (EN_output.txt/json): 56 条
    - 纯净中文 (CN_output.txt): 0 条
    - 中文独有 (cn_only.txt): 0 条 (增量)
    - 冲突键 (conflict_keys.txt): 0 条
    -> 正在尝试从 Git 历史记录中获取旧版本: data/output_files/69charger_3631989559/EN_output.txt
      --> 成功找到旧版本。
     -> 在 'EN_output.txt (旧版本)' 中找到 56 个键。

处理成功！所有输出文件已保存在 '69charger_3631989559' 文件夹中。
    -> [内存] 已为 Mod 3631989559 记录 Commit SHA: 9e28dd9
