

========================= 开始处理 Workshop ID: 3161951724 (76chevyKseries) =========================

--- 正在检查已完成的翻译于: data/completed_files/3161951724/en_completed.txt ---
     -> 在 'en_completed.txt' 中找到 116 个键。

--- 正在检查待排除的键于: data/completed_files/3161951724/exclusion_list.txt ---
  -> 排除列表文件 'exclusion_list.txt' 不存在，跳过。

-------------------- 处理子模组: 76chevyKseries --------------------

--- 正在为 '76chevyKseries' 动态查找 'media' 文件夹 ---
  -> 找到有效 Common 路径: data/workshop_content/3161951724/mods/76chevyKseries/common/media
  -> 发现版本目录队列: 42.13, 42.0
  --> 找到最高优先级有效版本: 42.13

--- 阶段 1: 扫描所有 media 路径下的翻译文件 (L1) ---
  -> 正在处理 media 路径: data/workshop_content/3161951724/mods/76chevyKseries/common/media
  -> 扫描目录: data/workshop_content/3161951724/mods/76chevyKseries/common/media/lua/shared/Translate/EN
     -> 在 'IG_UI.json' 中找到 49 个键。
     -> 在 'Recipes.json' 中找到 37 个键。
     -> 在 'Sandbox.json' 中找到 2 个键。
  -> 正在处理 media 路径: data/workshop_content/3161951724/mods/76chevyKseries/42.13/media
  -> 扫描目录: data/workshop_content/3161951724/mods/76chevyKseries/42.13/media/lua/shared/Translate/EN
     -> 在 'IG_UI_EN.txt' 中找到 48 个键。
     -> 在 'Recipes_EN.txt' 中找到 36 个键。
     -> 在 'Sandbox_EN.txt' 中找到 1 个键。
阶段 1 完成: 从 EN 加载了 124 条数据, 从 CN 加载了 0 条数据。

--- 阶段 2: 扫描所有 Media 路径下的 Scripts (L0) ---
  -> 正在处理 Scripts 路径: data/workshop_content/3161951724/mods/76chevyKseries/42.13/media/scripts
    -> 处理: vehicles/76chevyC30CCwrecker.txt
    -> 处理: vehicles/76chevyC30SCwrecker.txt
    -> 处理: vehicles/76chevyK10.txt
    -> 处理: vehicles/76chevyK10fd.txt
    -> 处理: vehicles/76chevyK10spirit.txt
    -> 处理: vehicles/76chevyK20.txt
    -> 处理: vehicles/76chevyK20BigRed.txt
    -> 处理: vehicles/76chevyK20fd.txt
    -> 处理: vehicles/76chevyK20utility.txt
    -> 处理: vehicles/76chevyK30CC.txt
    -> 处理: vehicles/76chevyK30CCdually.txt
    -> 处理: vehicles/76chevyK30CCduallyS.txt
    -> 处理: vehicles/76chevyK30CCfd.txt
    -> 处理: vehicles/76chevyK30CCutility.txt
    -> 处理: vehicles/76chevyK30CCwrecker.txt
    -> 处理: vehicles/76chevyK30SCdually.txt
    -> 处理: vehicles/76chevyK30SCwrecker.txt
    -> 处理: vehicles/76chevyKseries_models.txt
    -> 处理: vehicles/76chevyKseries_recipes.txt
     -> 新增: 2 个 Recipe
    -> 处理: vehicles/76chevyKseries_sounds.txt
    -> 处理: vehicles/76chevyKseries_vehiclesitems.txt
     -> 新增: 36 个 Item
    -> 处理: vehicles/template_CH76_armor.txt
    -> 处理: vehicles/template_CH76_bedExtras.txt
    -> 处理: vehicles/template_CH76_bumpers.txt
    -> 处理: vehicles/template_CH76_doors.txt
    -> 处理: vehicles/template_CH76_fd_extra.txt
    -> 处理: vehicles/template_CH76_hood.txt
    -> 处理: vehicles/template_CH76_mudflaps.txt
    -> 处理: vehicles/template_CH76_roofLights.txt
    -> 处理: vehicles/template_CH76_roofrack.txt
    -> 处理: vehicles/template_CH76_seats.txt
    -> 处理: vehicles/template_CH76_sidesteps.txt
    -> 处理: vehicles/template_CH76_spareTires.txt
    -> 处理: vehicles/template_CH76_tire.txt
    -> 处理: vehicles/template_CH76_trunk.txt
    -> 处理: vehicles/template_CH76_trunkdoor.txt
    -> 处理: vehicles/template_CH76_visor.txt
    -> 处理: vehicles/template_CH76_windows.txt
    -> 处理: vehicles/template_CH76_windshields.txt
    -> 处理: vehicles/template_CH76_wrecker_extras.txt
阶段 2 完成: 从 scripts 新生成了 38 条数据。

--- 阶段 3: 合并 L0 与 L1 后，纯净英文基准总计: 162 条数据。---

--- 已为 Mod ID 3161951724 更新 162 条键来源映射 ---

--- 正在为 Mod '76chevyKseries' 生成输出文件 ---
    - 最终合并 (output.txt): 162 条
    - 纯净英文 (EN_output.txt/json): 162 条
    - 纯净中文 (CN_output.txt): 0 条
    - 中文独有 (cn_only.txt): 0 条 (增量)
    - 冲突键 (conflict_keys.txt): 0 条
    -> 正在尝试从 Git 历史记录中获取旧版本: data/output_files/76chevyKseries_3161951724/EN_output.txt
      --> 成功找到旧版本。
     -> 在 'EN_output.txt (旧版本)' 中找到 116 个键。
    -> 检测到内容变更。新增: 46, 移除: 0

处理成功！所有输出文件已保存在 '76chevyKseries_3161951724' 文件夹中。
    -> [内存] 已为 Mod 3161951724 记录 Commit SHA: 634b184
