

========================= 开始处理 Workshop ID: 2799152995 (78amgeneralM35A2) =========================

--- 正在检查已完成的翻译于: data/completed_files/2799152995/en_completed.txt ---
     -> 在 'en_completed.txt' 中找到 55 个键。

--- 正在检查待排除的键于: data/completed_files/2799152995/exclusion_list.txt ---
  -> 排除列表文件 'exclusion_list.txt' 不存在，跳过。

-------------------- 处理子模组: 78amgeneralM35A2 --------------------

--- 正在为 '78amgeneralM35A2' 动态查找 'media' 文件夹 ---
  -> 找到有效 Common 路径: data/workshop_content/2799152995/mods/78amgeneralM35A2/common/media
  -> 发现版本目录队列: 42.13, 42.0
  --> 找到最高优先级有效版本: 42.13

--- 阶段 1: 扫描所有 media 路径下的翻译文件 (L1) ---
  -> 正在处理 media 路径: data/workshop_content/2799152995/mods/78amgeneralM35A2/common/media
  -> 扫描目录: data/workshop_content/2799152995/mods/78amgeneralM35A2/common/media/lua/shared/Translate/EN
     -> 在 'IG_UI.json' 中找到 20 个键。
     -> 在 'Recipes.json' 中找到 18 个键。
  -> 正在处理 media 路径: data/workshop_content/2799152995/mods/78amgeneralM35A2/42.13/media
  -> 扫描目录: data/workshop_content/2799152995/mods/78amgeneralM35A2/42.13/media/lua/shared/Translate/EN
     -> 在 'IG_UI_EN.txt' 中找到 19 个键。
     -> 在 'Recipes_EN.txt' 中找到 17 个键。
阶段 1 完成: 从 EN 加载了 55 条数据, 从 CN 加载了 0 条数据。

--- 阶段 2: 扫描所有 Media 路径下的 Scripts (L0) ---
  -> 正在处理 Scripts 路径: data/workshop_content/2799152995/mods/78amgeneralM35A2/42.13/media/scripts
    -> 处理: vehicles/78amgeneralM35A2.txt
    -> 处理: vehicles/78amgeneralM35A2_models.txt
    -> 处理: vehicles/78amgeneralM35A2_recipes.txt
     -> 新增: 2 个 Recipe
    -> 处理: vehicles/78amgeneralM35A2_vehiclesitems.txt
     -> 新增: 19 个 Item
    -> 处理: vehicles/78amgeneralM49A2C.txt
    -> 处理: vehicles/78amgeneralM50A3.txt
    -> 处理: vehicles/78amgeneralM62.txt
    -> 处理: vehicles/template_M35A2_4tire_axle.txt
    -> 处理: vehicles/template_M35A2_armor.txt
    -> 处理: vehicles/template_M35A2_armored_tire.txt
    -> 处理: vehicles/template_M35A2_bumpers.txt
    -> 处理: vehicles/template_M35A2_cab_covers.txt
    -> 处理: vehicles/template_M35A2_doors.txt
    -> 处理: vehicles/template_M35A2_grille.txt
    -> 处理: vehicles/template_M35A2_hood.txt
    -> 处理: vehicles/template_M35A2_mudflaps.txt
    -> 处理: vehicles/template_M35A2_mufflers.txt
    -> 处理: vehicles/template_M35A2_seats.txt
    -> 处理: vehicles/template_M35A2_sparetire.txt
    -> 处理: vehicles/template_M35A2_tarps.txt
    -> 处理: vehicles/template_M35A2_trunk.txt
    -> 处理: vehicles/template_M35A2_trunkdoor.txt
    -> 处理: vehicles/template_M35A2_windows.txt
    -> 处理: vehicles/template_M35A2_windshield.txt
阶段 2 完成: 从 scripts 新生成了 21 条数据。

--- 阶段 3: 合并 L0 与 L1 后，纯净英文基准总计: 76 条数据。---

-------------------- 处理子模组: 78amgeneralM35A2extra --------------------

--- 正在为 '78amgeneralM35A2extra' 动态查找 'media' 文件夹 ---
  -> 发现版本目录队列: 42.0
  --> 版本 42.0 无效或为空，尝试检查下一个低版本...
  --> 未能在 Common 或 版本目录队列中找到任何有效的 'media' 文件夹。

-------------------- 处理子模组: 78amgeneralM49A2C --------------------

--- 正在为 '78amgeneralM49A2C' 动态查找 'media' 文件夹 ---
  -> 发现版本目录队列: 42.0
  --> 版本 42.0 无效或为空，尝试检查下一个低版本...
  --> 未能在 Common 或 版本目录队列中找到任何有效的 'media' 文件夹。

-------------------- 处理子模组: 78amgeneralM50A3 --------------------

--- 正在为 '78amgeneralM50A3' 动态查找 'media' 文件夹 ---
  -> 发现版本目录队列: 42.0
  --> 版本 42.0 无效或为空，尝试检查下一个低版本...
  --> 未能在 Common 或 版本目录队列中找到任何有效的 'media' 文件夹。

-------------------- 处理子模组: 78amgeneralM62 --------------------

--- 正在为 '78amgeneralM62' 动态查找 'media' 文件夹 ---
  -> 发现版本目录队列: 42.0
  --> 版本 42.0 无效或为空，尝试检查下一个低版本...
  --> 未能在 Common 或 版本目录队列中找到任何有效的 'media' 文件夹。

--- 已为 Mod ID 2799152995 更新 76 条键来源映射 ---

--- 正在为 Mod '78amgeneralM35A2' 生成输出文件 ---
    - 最终合并 (output.txt): 76 条
    - 纯净英文 (EN_output.txt/json): 76 条
    - 纯净中文 (CN_output.txt): 0 条
    - 中文独有 (cn_only.txt): 0 条 (增量)
    - 冲突键 (conflict_keys.txt): 0 条
    -> 正在尝试从 Git 历史记录中获取旧版本: data/output_files/78amgeneralM35A2_2799152995/EN_output.txt
      --> 成功找到旧版本。
     -> 在 'EN_output.txt (旧版本)' 中找到 57 个键。
    -> 检测到内容变更。新增: 36, 移除: 17

处理成功！所有输出文件已保存在 '78amgeneralM35A2_2799152995' 文件夹中。
    -> [内存] 已为 Mod 2799152995 记录 Commit SHA: 53dbbce
