

========================= 开始处理 Workshop ID: 3409287192 (84jeepXJ) =========================

--- 正在检查已完成的翻译于: data/completed_files/3409287192/en_completed.txt ---
     -> 在 'en_completed.txt' 中找到 51 个键。

--- 正在检查待排除的键于: data/completed_files/3409287192/exclusion_list.txt ---
  -> 排除列表文件 'exclusion_list.txt' 不存在，跳过。

-------------------- 处理子模组: 84jeepXJ --------------------

--- 正在为 '84jeepXJ' 动态查找 'media' 文件夹 ---
  -> 找到有效 Common 路径: data/workshop_content/3409287192/mods/84jeepXJ/common/media
  -> 发现版本目录队列: 42.13, 42.0
  --> 找到最高优先级有效版本: 42.13

--- 阶段 1: 扫描所有 media 路径下的翻译文件 (L1) ---
  -> 正在处理 media 路径: data/workshop_content/3409287192/mods/84jeepXJ/common/media
  -> 扫描目录: data/workshop_content/3409287192/mods/84jeepXJ/common/media/lua/shared/Translate/EN
    解析 JSON 文件 IG_UI.json 时发生错误: Expecting property name enclosed in double quotes: line 10 column 1 (char 479)
     -> 在 'IG_UI.json' 中找到 0 个键。
    解析 JSON 文件 Recipes.json 时发生错误: Expecting property name enclosed in double quotes: line 25 column 1 (char 1682)
     -> 在 'Recipes.json' 中找到 0 个键。
  -> 正在处理 media 路径: data/workshop_content/3409287192/mods/84jeepXJ/42.13/media
  -> 扫描目录: data/workshop_content/3409287192/mods/84jeepXJ/42.13/media/lua/shared/Translate/EN
     -> 在 'IG_UI_EN.txt' 中找到 7 个键。
     -> 在 'Recipes_EN.txt' 中找到 22 个键。
阶段 1 完成: 从 EN 加载了 29 条数据, 从 CN 加载了 0 条数据。

--- 阶段 2: 扫描所有 Media 路径下的 Scripts (L0) ---
  -> 正在处理 Scripts 路径: data/workshop_content/3409287192/mods/84jeepXJ/42.13/media/scripts
    -> 处理: vehicles/84jeepXJ2.txt
    -> 处理: vehicles/84jeepXJ4.txt
    -> 处理: vehicles/84jeepXJ_models.txt
    -> 处理: vehicles/84jeepXJ_recipes.txt
     -> 新增: 2 个 Recipe
    -> 处理: vehicles/84jeepXJ_vehiclesitems.txt
     -> 新增: 22 个 Item
    -> 处理: vehicles/84jeepXJksp.txt
    -> 处理: vehicles/84jeepXJpd.txt
    -> 处理: vehicles/84jeepXJranger.txt
    -> 处理: vehicles/template_JP82_spareTires.txt
    -> 处理: vehicles/template_JP84_armor.txt
    -> 处理: vehicles/template_JP84_bumpers.txt
    -> 处理: vehicles/template_JP84_doors.txt
    -> 处理: vehicles/template_JP84_gunrack.txt
    -> 处理: vehicles/template_JP84_hood.txt
    -> 处理: vehicles/template_JP84_roofrack.txt
    -> 处理: vehicles/template_JP84_seats.txt
    -> 处理: vehicles/template_JP84_tire.txt
    -> 处理: vehicles/template_JP84_trunk.txt
    -> 处理: vehicles/template_JP84_trunkdoor.txt
    -> 处理: vehicles/template_JP84_windows.txt
    -> 处理: vehicles/template_JP84_windshields.txt
阶段 2 完成: 从 scripts 新生成了 24 条数据。

--- 阶段 3: 合并 L0 与 L1 后，纯净英文基准总计: 53 条数据。---

--- 已为 Mod ID 3409287192 更新 53 条键来源映射 ---

--- 正在为 Mod '84jeepXJ' 生成输出文件 ---
    - 最终合并 (output.txt): 53 条
    - 纯净英文 (EN_output.txt/json): 53 条
    - 纯净中文 (CN_output.txt): 0 条
    - 中文独有 (cn_only.txt): 0 条 (增量)
    - 冲突键 (conflict_keys.txt): 0 条
    -> 正在尝试从 Git 历史记录中获取旧版本: data/output_files/84jeepXJ_3409287192/EN_output.txt
      --> 成功找到旧版本。
     -> 在 'EN_output.txt (旧版本)' 中找到 53 个键。

处理成功！所有输出文件已保存在 '84jeepXJ_3409287192' 文件夹中。
    -> [内存] 已为 Mod 3409287192 记录 Commit SHA: 53dbbce
