

========================= 开始处理 Workshop ID: 3614034284 (85chevyStepVan) =========================

--- 正在检查已完成的翻译于: data/completed_files/3614034284/en_completed.txt ---
     -> 在 'en_completed.txt' 中找到 0 个键。

--- 正在检查待排除的键于: data/completed_files/3614034284/exclusion_list.txt ---
  -> 排除列表文件 'exclusion_list.txt' 不存在，跳过。

-------------------- 处理子模组: 85chevyStepVan --------------------

--- 正在为 '85chevyStepVan' 动态查找 'media' 文件夹 ---
  -> 发现版本目录队列: 42.13, 42.0
  --> 找到最高优先级有效版本: 42.13

--- 阶段 1: 扫描所有 media 路径下的翻译文件 (L1) ---
  -> 正在处理 media 路径: data/workshop_content/3614034284/mods/85chevyStepVan/42.13/media
  -> 扫描目录: data/workshop_content/3614034284/mods/85chevyStepVan/42.13/media/lua/shared/Translate/EN
     -> 在 'IG_UI_EN.txt' 中找到 4 个键。
     -> 在 'Recipes_EN.txt' 中找到 22 个键。
阶段 1 完成: 从 EN 加载了 26 条数据, 从 CN 加载了 0 条数据。

--- 阶段 2: 扫描所有 Media 路径下的 Scripts (L0) ---
  -> 正在处理 Scripts 路径: data/workshop_content/3614034284/mods/85chevyStepVan/42.13/media/scripts
    -> 处理: vehicles/85chevyStepVan.txt
    -> 处理: vehicles/85chevyStepVanSWAT.txt
    -> 处理: vehicles/85chevyStepVan_models.txt
    -> 处理: vehicles/85chevyStepVan_recipes.txt
     -> 新增: 2 个 Recipe
    -> 处理: vehicles/85chevyStepVan_vehiclesitems.txt
     -> 新增: 21 个 Item
    -> 处理: vehicles/template_STP85_armor.txt
    -> 处理: vehicles/template_STP85_barrier.txt
    -> 处理: vehicles/template_STP85_doors.txt
    -> 处理: vehicles/template_STP85_frontBumper.txt
    -> 处理: vehicles/template_STP85_hood.txt
    -> 处理: vehicles/template_STP85_passengers.txt
    -> 处理: vehicles/template_STP85_rearBumper.txt
    -> 处理: vehicles/template_STP85_roofrack.txt
    -> 处理: vehicles/template_STP85_seats.txt
    -> 处理: vehicles/template_STP85_tires.txt
    -> 处理: vehicles/template_STP85_trunk.txt
    -> 处理: vehicles/template_STP85_trunkdoors.txt
    -> 处理: vehicles/template_STP85_vent.txt
    -> 处理: vehicles/template_STP85_windows.txt
    -> 处理: vehicles/template_STP85_windshields.txt
阶段 2 完成: 从 scripts 新生成了 23 条数据。

--- 阶段 3: 合并 L0 与 L1 后，纯净英文基准总计: 49 条数据。---

-------------------- 处理子模组: 85chevyStepVanExpanded --------------------

--- 正在为 '85chevyStepVanExpanded' 动态查找 'media' 文件夹 ---
  -> 发现版本目录队列: 42.0
  --> 找到最高优先级有效版本: 42.0

--- 阶段 1: 扫描所有 media 路径下的翻译文件 (L1) ---
  -> 正在处理 media 路径: data/workshop_content/3614034284/mods/85chevyStepVanExpanded/42.0/media
  -> 扫描目录: data/workshop_content/3614034284/mods/85chevyStepVanExpanded/42.0/media/lua/shared/Translate/EN
     -> 在 'IG_UI_EN.txt' 中找到 26 个键。
阶段 1 完成: 从 EN 加载了 26 条数据, 从 CN 加载了 0 条数据。

--- 阶段 2: 扫描所有 Media 路径下的 Scripts (L0) ---
  -> 正在处理 Scripts 路径: data/workshop_content/3614034284/mods/85chevyStepVanExpanded/42.0/media/scripts
    -> 处理: vehicles/professionVehicles_85chevyStepVanExpanded.txt
    -> 处理: vehicles/template_85chevyStepVanStock.txt
阶段 2 完成: 从 scripts 新生成了 0 条数据。

--- 阶段 3: 合并 L0 与 L1 后，纯净英文基准总计: 26 条数据。---

--- 已为 Mod ID 3614034284 更新 75 条键来源映射 ---

--- 正在为 Mod '85chevyStepVan' 生成输出文件 ---
    - 最终合并 (output.txt): 75 条
    - 纯净英文 (EN_output.txt): 75 条
    - 纯净中文 (CN_output.txt): 0 条
    - 英文待办 (en_todo.txt): 75 条 (增量)
    - 中文独有 (cn_only.txt): 0 条 (增量)
    - 冲突键 (conflict_keys.txt): 0 条
    -> 正在尝试从 Git 历史记录中获取旧版本: data/output_files/85chevyStepVan_3614034284/EN_todo.txt
      --> 成功找到旧版本。
     -> 在 'EN_todo.txt (旧版本)' 中找到 68 个键。
    -> 检测到内容变更。新增: 26, 移除: 19

处理成功！所有输出文件已保存在 '85chevyStepVan_3614034284' 文件夹中。
    -> [内存] 已为 Mod 3614034284 记录 Commit SHA: 4738049
