

========================= 开始处理 Workshop ID: 3110911330 (87fordB700) =========================

--- 正在检查已完成的翻译于: data/completed_files/3110911330/en_completed.txt ---
     -> 在 'en_completed.txt' 中找到 147 个键。

--- 正在检查待排除的键于: data/completed_files/3110911330/exclusion_list.txt ---
  -> 排除列表文件 'exclusion_list.txt' 不存在，跳过。

-------------------- 处理子模组: 87fordB700 --------------------

--- 正在为 '87fordB700' 动态查找 'media' 文件夹 ---
  -> 找到有效 Common 路径: data/workshop_content/3110911330/mods/87fordB700/common/media
  -> 发现版本目录队列: 42.13, 42.0
  --> 找到最高优先级有效版本: 42.13

--- 阶段 1: 扫描所有 media 路径下的翻译文件 (L1) ---
  -> 正在处理 media 路径: data/workshop_content/3110911330/mods/87fordB700/common/media
  -> 扫描目录: data/workshop_content/3110911330/mods/87fordB700/common/media/lua/shared/Translate/EN
     -> 在 'IG_UI.json' 中找到 46 个键。
     -> 在 'Recipes.json' 中找到 47 个键。
     -> 在 'Sandbox.json' 中找到 5 个键。
  -> 正在处理 media 路径: data/workshop_content/3110911330/mods/87fordB700/42.13/media
  -> 扫描目录: data/workshop_content/3110911330/mods/87fordB700/42.13/media/lua/shared/Translate/EN
     -> 在 'IG_UI_EN.txt' 中找到 45 个键。
     -> 在 'Recipes_EN.txt' 中找到 46 个键。
     -> 在 'Sandbox_EN.txt' 中找到 4 个键。
阶段 1 完成: 从 EN 加载了 144 条数据, 从 CN 加载了 0 条数据。

--- 阶段 2: 扫描所有 Media 路径下的 Scripts (L0) ---
  -> 正在处理 Scripts 路径: data/workshop_content/3110911330/mods/87fordB700/42.13/media/scripts
    -> 处理: vehicles/87fordB700_models.txt
    -> 处理: vehicles/87fordB700_recipes.txt
     -> 新增: 3 个 Recipe
    -> 处理: vehicles/87fordB700_sounds.txt
    -> 处理: vehicles/87fordB700_vehiclesitems.txt
     -> 新增: 26 个 Item
    -> 处理: vehicles/87fordB700military.txt
    -> 处理: vehicles/87fordB700prison.txt
    -> 处理: vehicles/87fordB700school.txt
    -> 处理: vehicles/87fordF700_models.txt
    -> 处理: vehicles/87fordF700_vehiclesitems.txt
     -> 新增: 26 个 Item
    -> 处理: vehicles/87fordF700bank.txt
    -> 处理: vehicles/87fordF700box.txt
    -> 处理: vehicles/87fordF700swat.txt
    -> 处理: vehicles/template_B700_armor.txt
    -> 处理: vehicles/template_B700_bumpers.txt
    -> 处理: vehicles/template_B700_doors.txt
    -> 处理: vehicles/template_B700_gearRack.txt
    -> 处理: vehicles/template_B700_hood.txt
    -> 处理: vehicles/template_B700_passengers.txt
    -> 处理: vehicles/template_B700_roofrack.txt
    -> 处理: vehicles/template_B700_seats.txt
    -> 处理: vehicles/template_B700_spareTires.txt
    -> 处理: vehicles/template_B700_stop.txt
    -> 处理: vehicles/template_B700_storageLids.txt
    -> 处理: vehicles/template_B700_tires.txt
    -> 处理: vehicles/template_B700_trunk.txt
    -> 处理: vehicles/template_B700_windows.txt
    -> 处理: vehicles/template_B700_windshields.txt
    -> 处理: vehicles/template_F700_armor.txt
    -> 处理: vehicles/template_F700_bumpers.txt
    -> 处理: vehicles/template_F700_doors.txt
    -> 处理: vehicles/template_F700_gastank.txt
    -> 处理: vehicles/template_F700_mudflaps.txt
    -> 处理: vehicles/template_F700_passengers.txt
    -> 处理: vehicles/template_F700_roofLights.txt
    -> 处理: vehicles/template_F700_seats.txt
    -> 处理: vehicles/template_F700_trunk.txt
    -> 处理: vehicles/template_F700_trunkdoor.txt
    -> 处理: vehicles/template_F700_windows.txt
    -> 处理: vehicles/template_F700_windshields.txt
阶段 2 完成: 从 scripts 新生成了 55 条数据。

--- 阶段 3: 合并 L0 与 L1 后，纯净英文基准总计: 199 条数据。---

--- 阶段 4: 检测到 1 个与官方重复的键。---

--- 已为 Mod ID 3110911330 更新 199 条键来源映射 ---

--- 正在为 Mod '87fordB700' 生成输出文件 ---
    - 最终合并 (output.txt): 199 条
    - 纯净英文 (EN_output.txt/json): 199 条
    - 纯净中文 (CN_output.txt): 0 条
    - 中文独有 (cn_only.txt): 0 条 (增量)
    - 冲突键 (conflict_keys.txt): 1 条
    -> 正在尝试从 Git 历史记录中获取旧版本: data/output_files/87fordB700_3110911330/EN_output.txt
      --> 成功找到旧版本。
     -> 在 'EN_output.txt (旧版本)' 中找到 150 个键。
    -> 检测到内容变更。新增: 95, 移除: 46

处理成功！所有输出文件已保存在 '87fordB700_3110911330' 文件夹中。
    -> [内存] 已为 Mod 3110911330 记录 Commit SHA: 746b751
