

========================= 开始处理 Workshop ID: 2942793445 (90pierceArrow) =========================

--- 正在检查已完成的翻译于: data/completed_files/2942793445/en_completed.txt ---
     -> 在 'en_completed.txt' 中找到 57 个键。

--- 正在检查待排除的键于: data/completed_files/2942793445/exclusion_list.txt ---
  -> 排除列表文件 'exclusion_list.txt' 不存在，跳过。

-------------------- 处理子模组: 90pierceArrow --------------------

--- 正在为 '90pierceArrow' 动态查找 'media' 文件夹 ---
  -> 找到有效 Common 路径: data/workshop_content/2942793445/mods/90pierceArrow/common/media
  -> 发现版本目录队列: 42.13, 42.0
  --> 找到最高优先级有效版本: 42.13

--- 阶段 1: 扫描所有 media 路径下的翻译文件 (L1) ---
  -> 正在处理 media 路径: data/workshop_content/2942793445/mods/90pierceArrow/common/media
  -> 扫描目录: data/workshop_content/2942793445/mods/90pierceArrow/common/media/lua/shared/Translate/EN
     -> 在 'IG_UI.json' 中找到 16 个键。
     -> 在 'Recipes.json' 中找到 20 个键。
  -> 正在处理 media 路径: data/workshop_content/2942793445/mods/90pierceArrow/42.13/media
  -> 扫描目录: data/workshop_content/2942793445/mods/90pierceArrow/42.13/media/lua/shared/Translate/EN
     -> 在 'IG_UI_EN.txt' 中找到 16 个键。
     -> 在 'Recipes_EN.txt' 中找到 19 个键。
阶段 1 完成: 从 EN 加载了 56 条数据, 从 CN 加载了 0 条数据。

--- 阶段 2: 扫描所有 Media 路径下的 Scripts (L0) ---
  -> 正在处理 Scripts 路径: data/workshop_content/2942793445/mods/90pierceArrow/42.13/media/scripts
    -> 处理: vehicles/90pierceArrow.txt
    -> 处理: vehicles/90pierceArrow_models.txt
    -> 处理: vehicles/90pierceArrow_recipes.txt
     -> 新增: 2 个 Recipe
    -> 处理: vehicles/90pierceArrow_vehiclesitems.txt
     -> 新增: 22 个 Item
    -> 处理: vehicles/template_ARRW_armor.txt
    -> 处理: vehicles/template_ARRW_bumpers.txt
    -> 处理: vehicles/template_ARRW_doors.txt
    -> 处理: vehicles/template_ARRW_fd_extra.txt
    -> 处理: vehicles/template_ARRW_hood.txt
    -> 处理: vehicles/template_ARRW_mudflaps.txt
    -> 处理: vehicles/template_ARRW_seats.txt
    -> 处理: vehicles/template_ARRW_tires.txt
    -> 处理: vehicles/template_ARRW_trunk.txt
    -> 处理: vehicles/template_ARRW_trunkdoor.txt
    -> 处理: vehicles/template_ARRW_windows.txt
    -> 处理: vehicles/template_ARRW_windshields.txt
阶段 2 完成: 从 scripts 新生成了 24 条数据。

--- 阶段 3: 合并 L0 与 L1 后，纯净英文基准总计: 80 条数据。---

--- 已为 Mod ID 2942793445 更新 80 条键来源映射 ---

--- 正在为 Mod '90pierceArrow' 生成输出文件 ---
    - 最终合并 (output.txt): 80 条
    - 纯净英文 (EN_output.txt/json): 80 条
    - 纯净中文 (CN_output.txt): 0 条
    - 中文独有 (cn_only.txt): 0 条 (增量)
    - 冲突键 (conflict_keys.txt): 0 条
    -> 正在尝试从 Git 历史记录中获取旧版本: data/output_files/90pierceArrow_2942793445/EN_output.txt
      --> 成功找到旧版本。
     -> 在 'EN_output.txt (旧版本)' 中找到 59 个键。
    -> 检测到内容变更。新增: 21, 移除: 0

处理成功！所有输出文件已保存在 '90pierceArrow_2942793445' 文件夹中。
    -> [内存] 已为 Mod 2942793445 记录 Commit SHA: 53dbbce
