

========================= 开始处理 Workshop ID: 2642541073 (92amgeneralM998) =========================

--- 正在检查已完成的翻译于: data/completed_files/2642541073/en_completed.txt ---
     -> 在 'en_completed.txt' 中找到 58 个键。

--- 正在检查待排除的键于: data/completed_files/2642541073/exclusion_list.txt ---
  -> 排除列表文件 'exclusion_list.txt' 不存在，跳过。

-------------------- 处理子模组: 92amgeneralM998 --------------------

--- 正在为 '92amgeneralM998' 动态查找 'media' 文件夹 ---
  -> 发现版本目录队列: 42.13, 42.0
  --> 找到最高优先级有效版本: 42.13

--- 阶段 1: 扫描所有 media 路径下的翻译文件 (L1) ---
  -> 正在处理 media 路径: data/workshop_content/2642541073/mods/92amgeneralM998/42.13/media
  -> 扫描目录: data/workshop_content/2642541073/mods/92amgeneralM998/42.13/media/lua/shared/Translate/EN
     -> 在 'IG_UI_EN.txt' 中找到 13 个键。
     -> 在 'Recipes_EN.txt' 中找到 23 个键。
阶段 1 完成: 从 EN 加载了 36 条数据, 从 CN 加载了 0 条数据。

--- 阶段 2: 扫描所有 Media 路径下的 Scripts (L0) ---
  -> 正在处理 Scripts 路径: data/workshop_content/2642541073/mods/92amgeneralM998/42.13/media/scripts
    -> 处理: vehicles/92amgeneralM998.txt
    -> 处理: vehicles/92amgeneralM998Burnt.txt
    -> 处理: vehicles/92amgeneralM998_models.txt
    -> 处理: vehicles/92amgeneralM998_recipes.txt
     -> 新增: 22 个 Recipe
    -> 处理: vehicles/92amgeneralM998_vehiclesitems.txt
     -> 新增: 20 个 Item
    -> 处理: vehicles/TrailerM101A3cargo.txt
    -> 处理: vehicles/TrailerM101A3cargo_models.txt
    -> 处理: vehicles/TrailerM101A3cargo_recipes.txt
    -> 处理: vehicles/TrailerM101A3cargo_vehiclesitems.txt
     -> 新增: 2 个 Item
    -> 处理: vehicles/template_M101A3_cover.txt
    -> 处理: vehicles/template_M101A3_spare.txt
    -> 处理: vehicles/template_M101A3_suspension.txt
    -> 处理: vehicles/template_M101A3_tarp.txt
    -> 处理: vehicles/template_M101A3_tires.txt
    -> 处理: vehicles/template_M101A3_trunk.txt
    -> 处理: vehicles/template_M101A3_trunkdoor.txt
    -> 处理: vehicles/template_M988_mufflers.txt
    -> 处理: vehicles/template_M998_armor.txt
    -> 处理: vehicles/template_M998_armored_tire.txt
    -> 处理: vehicles/template_M998_back_covers.txt
    -> 处理: vehicles/template_M998_bumpers.txt
    -> 处理: vehicles/template_M998_doors.txt
    -> 处理: vehicles/template_M998_hood.txt
    -> 处理: vehicles/template_M998_mudflaps.txt
    -> 处理: vehicles/template_M998_roofrack.txt
    -> 处理: vehicles/template_M998_seats.txt
    -> 处理: vehicles/template_M998_sparetire.txt
    -> 处理: vehicles/template_M998_trunk.txt
    -> 处理: vehicles/template_M998_trunk_barriers.txt
    -> 处理: vehicles/template_M998_trunkdoor.txt
    -> 处理: vehicles/template_M998_windows.txt
    -> 处理: vehicles/template_M998_windshield.txt
阶段 2 完成: 从 scripts 新生成了 44 条数据。

--- 阶段 3: 合并 L0 与 L1 后，纯净英文基准总计: 80 条数据。---

--- 阶段 4: 检测到 1 个与官方重复的键。---

-------------------- 处理子模组: 92amgeneralM998extra --------------------

--- 正在为 '92amgeneralM998extra' 动态查找 'media' 文件夹 ---
  -> 发现版本目录队列: 42.0
  --> 版本 42.0 无效或为空，尝试检查下一个低版本...
  --> 未能在 Common 或 版本目录队列中找到任何有效的 'media' 文件夹。

--- 已为 Mod ID 2642541073 更新 80 条键来源映射 ---

--- 正在为 Mod '92amgeneralM998' 生成输出文件 ---
    - 最终合并 (output.txt): 80 条
    - 纯净英文 (EN_output.txt): 80 条
    - 纯净中文 (CN_output.txt): 0 条
    - 英文待办 (en_todo.txt): 22 条 (增量)
    - 中文独有 (cn_only.txt): 0 条 (增量)
    - 冲突键 (conflict_keys.txt): 1 条
    -> 正在尝试从 Git 历史记录中获取旧版本: data/output_files/92amgeneralM998_2642541073/EN_todo.txt
      --> 成功找到旧版本。
     -> 在 'EN_todo.txt (旧版本)' 中找到 3 个键。
    -> 检测到内容变更。新增: 19, 移除: 0

处理成功！所有输出文件已保存在 '92amgeneralM998_2642541073' 文件夹中。
    -> [内存] 已为 Mod 2642541073 记录 Commit SHA: 53dbbce
