

========================= 开始处理 Workshop ID: 3647736504 (96lancerEVO) =========================

--- 正在检查已完成的翻译于: data/completed_files/3647736504/en_completed.txt ---
  -> 文件 'en_completed.txt' 在目标位置不存在，将自动创建。

--- 正在检查待排除的键于: data/completed_files/3647736504/exclusion_list.txt ---
  -> 排除列表文件 'exclusion_list.txt' 不存在，跳过。

-------------------- 处理子模组: 96lancerEVO --------------------

--- 正在为 '96lancerEVO' 动态查找 'media' 文件夹 ---
  -> 发现版本目录队列: 42.13, 42.0
  --> 找到最高优先级有效版本: 42.13

--- 阶段 1: 扫描所有 media 路径下的翻译文件 (L1) ---
  -> 正在处理 media 路径: data/workshop_content/3647736504/mods/96lancerEVO/42.13/media
  -> 扫描目录: data/workshop_content/3647736504/mods/96lancerEVO/42.13/media/lua/shared/Translate/EN
     -> 在 'IG_UI_EN.txt' 中找到 4 个键。
     -> 在 'Recipes_EN.txt' 中找到 18 个键。
阶段 1 完成: 从 EN 加载了 22 条数据, 从 CN 加载了 0 条数据。

--- 阶段 2: 扫描所有 Media 路径下的 Scripts (L0) ---
  -> 正在处理 Scripts 路径: data/workshop_content/3647736504/mods/96lancerEVO/42.13/media/scripts
    -> 处理: vehicles/96lancerEVO.txt
    -> 处理: vehicles/96lancerEVO_models.txt
    -> 处理: vehicles/96lancerEVO_recipes.txt
     -> 新增: 2 个 Recipe
    -> 处理: vehicles/96lancerEVO_vehiclesitems.txt
     -> 新增: 22 个 Item
    -> 处理: vehicles/96lancerEVOlhd.txt
    -> 处理: vehicles/template_EVO4_armor.txt
    -> 处理: vehicles/template_EVO4_bumpers.txt
    -> 处理: vehicles/template_EVO4_doors.txt
    -> 处理: vehicles/template_EVO4_hood.txt
    -> 处理: vehicles/template_EVO4_roofracks.txt
    -> 处理: vehicles/template_EVO4_seats.txt
    -> 处理: vehicles/template_EVO4_sideskirts.txt
    -> 处理: vehicles/template_EVO4_spareTire.txt
    -> 处理: vehicles/template_EVO4_spoiler.txt
    -> 处理: vehicles/template_EVO4_tires.txt
    -> 处理: vehicles/template_EVO4_trunk.txt
    -> 处理: vehicles/template_EVO4_trunkdoors.txt
    -> 处理: vehicles/template_EVO4_windows.txt
    -> 处理: vehicles/template_EVO4_windshields.txt
阶段 2 完成: 从 scripts 新生成了 24 条数据。

--- 阶段 3: 合并 L0 与 L1 后，纯净英文基准总计: 46 条数据。---

--- 已为 Mod ID 3647736504 更新 46 条键来源映射 ---

--- 正在为 Mod '96lancerEVO' 生成输出文件 ---
    - 最终合并 (output.txt): 46 条
    - 纯净英文 (EN_output.txt): 46 条
    - 纯净中文 (CN_output.txt): 0 条
    - 英文待办 (en_todo.txt): 46 条 (增量)
    - 中文独有 (cn_only.txt): 0 条 (增量)
    - 冲突键 (conflict_keys.txt): 0 条
    -> 正在尝试从 Git 历史记录中获取旧版本: data/output_files/96lancerEVO_3647736504/EN_todo.txt
      --> 在 Git 历史记录中未找到该文件，视为全新。
    -> 基线日志已存档到: data/logs/archive/96lancerEVO_3647736504_baseline_run_20260201_042632.json

处理成功！所有输出文件已保存在 '96lancerEVO_3647736504' 文件夹中。
    -> 警告：未能获取 Mod 3647736504 的完成文件SHA，状态未记录。
