

========================= 开始处理 Workshop ID: 3495906499 ([B42]_Survival_HUD) =========================

--- 正在检查已完成的翻译于: data/completed_files/3495906499/en_completed.txt ---
     -> 在 'en_completed.txt' 中找到 0 个键。

--- 正在检查待排除的键于: data/completed_files/3495906499/exclusion_list.txt ---
  -> 排除列表文件 'exclusion_list.txt' 不存在，跳过。

-------------------- 处理子模组: [B42] Survival HUD --------------------

--- 正在为 '[B42] Survival HUD' 动态查找 'media' 文件夹 ---
  -> 找到有效 Common 路径: data/workshop_content/3495906499/mods/[B42] Survival HUD/common/media
  -> 发现版本目录队列: 42.16
  --> 版本 42.16 无效或为空，尝试检查下一个低版本...

--- 阶段 1: 扫描所有 media 路径下的翻译文件 (L1) ---
  -> 正在处理 media 路径: data/workshop_content/3495906499/mods/[B42] Survival HUD/common/media
  -> 扫描目录: data/workshop_content/3495906499/mods/[B42] Survival HUD/common/media/lua/shared/Translate/EN
     -> 在 'Tooltip.json' 中找到 11 个键。
     -> 在 'UI.json' 中找到 5 个键。
  -> 扫描目录: data/workshop_content/3495906499/mods/[B42] Survival HUD/common/media/lua/shared/Translate/CN
     -> 在 'Tooltip.json' 中找到 12 个键。
     -> 在 'UI.json' 中找到 5 个键。
阶段 1 完成: 从 EN 加载了 16 条数据, 从 CN 加载了 17 条数据。

--- 阶段 2: 扫描所有 Media 路径下的 Scripts (L0) ---
阶段 2 完成: 从 scripts 新生成了 0 条数据。

--- 阶段 3: 合并 L0 与 L1 后，纯净英文基准总计: 16 条数据。---

--- 已为 Mod ID 3495906499 更新 17 条键来源映射 ---

--- 正在为 Mod '[B42]_Survival_HUD' 生成输出文件 ---
    - 最终合并 (output.txt): 17 条
    - 纯净英文 (EN_output.txt/json): 16 条
    - 纯净中文 (CN_output.txt): 17 条
    - 中文独有 (cn_only.txt): 1 条 (增量)
    - 冲突键 (conflict_keys.txt): 0 条
    -> 正在尝试从 Git 历史记录中获取旧版本: data/output_files/[B42]_Survival_HUD_3495906499/EN_output.txt
      --> 成功找到旧版本。
     -> 在 'EN_output.txt (旧版本)' 中找到 16 个键。

处理成功！所有输出文件已保存在 '[B42]_Survival_HUD_3495906499' 文件夹中。
    -> [内存] 已为 Mod 3495906499 记录 Commit SHA: 9a2bdae
