

========================= 开始处理 Workshop ID: 3567084868 ([B42]_Mod_Manager) =========================

--- 正在检查已完成的翻译于: data/completed_files/3567084868/en_completed.txt ---
     -> 在 'en_completed.txt' 中找到 0 个键。

--- 正在检查待排除的键于: data/completed_files/3567084868/exclusion_list.txt ---
  -> 排除列表文件 'exclusion_list.txt' 不存在，跳过。

-------------------- 处理子模组: [B42] Mod Manager --------------------

--- 正在为 '[B42] Mod Manager' 动态查找 'media' 文件夹 ---
  -> 找到有效 Common 路径: data/workshop_content/3567084868/mods/[B42] Mod Manager/common/media
  -> 发现版本目录队列: 42.15, 42.12
  --> 版本 42.15 无效或为空，尝试检查下一个低版本...
  --> 找到最高优先级有效版本: 42.12

--- 阶段 1: 扫描所有 media 路径下的翻译文件 (L1) ---
  -> 正在处理 media 路径: data/workshop_content/3567084868/mods/[B42] Mod Manager/common/media
  -> 扫描目录: data/workshop_content/3567084868/mods/[B42] Mod Manager/common/media/lua/shared/Translate/EN
     -> 在 'UI.json' 中找到 59 个键。
  -> 扫描目录: data/workshop_content/3567084868/mods/[B42] Mod Manager/common/media/lua/shared/Translate/CN
     -> 在 'UI.json' 中找到 59 个键。
  -> 正在处理 media 路径: data/workshop_content/3567084868/mods/[B42] Mod Manager/42.12/media
  -> 扫描目录: data/workshop_content/3567084868/mods/[B42] Mod Manager/42.12/media/lua/shared/translate/EN
     -> 在 'UI_EN.txt' 中找到 57 个键。
  -> 扫描目录: data/workshop_content/3567084868/mods/[B42] Mod Manager/42.12/media/lua/shared/translate/CN
     -> 在 'UI_CN.txt' 中找到 57 个键。
阶段 1 完成: 从 EN 加载了 59 条数据, 从 CN 加载了 59 条数据。

--- 阶段 2: 扫描所有 Media 路径下的 Scripts (L0) ---
阶段 2 完成: 从 scripts 新生成了 0 条数据。

--- 阶段 3: 合并 L0 与 L1 后，纯净英文基准总计: 59 条数据。---

--- 阶段 4: 检测到 1 个与官方重复的键。---

--- 已为 Mod ID 3567084868 更新 59 条键来源映射 ---

--- 正在为 Mod '[B42]_Mod_Manager' 生成输出文件 ---
    - 最终合并 (output.txt): 59 条
    - 纯净英文 (EN_output.txt/json): 59 条
    - 纯净中文 (CN_output.txt): 59 条
    - 中文独有 (cn_only.txt): 0 条 (增量)
    - 冲突键 (conflict_keys.txt): 1 条
    -> 正在尝试从 Git 历史记录中获取旧版本: data/output_files/[B42]_Mod_Manager_3567084868/EN_output.txt
      --> 成功找到旧版本。
     -> 在 'EN_output.txt (旧版本)' 中找到 57 个键。
    -> 检测到内容变更。新增: 2, 移除: 0

处理成功！所有输出文件已保存在 '[B42]_Mod_Manager_3567084868' 文件夹中。
    -> [内存] 已为 Mod 3567084868 记录 Commit SHA: 644e231
