

========================= 开始处理 Workshop ID: 3513537063 ([MT]_Melee_Weapons) =========================

--- 正在检查已完成的翻译于: data/completed_files/3513537063/en_completed.txt ---
  -> 文件 'en_completed.txt' 在目标位置不存在，将自动创建。

--- 正在检查待排除的键于: data/completed_files/3513537063/exclusion_list.txt ---
  -> 排除列表文件 'exclusion_list.txt' 不存在，跳过。

-------------------- 处理子模组: [MT] Melee Weapons --------------------

--- 正在为 '[MT] Melee Weapons' 动态查找 'media' 文件夹 ---
  -> 发现版本目录队列: 42
  --> 找到最高优先级有效版本: 42

--- 阶段 1: 扫描所有 media 路径下的翻译文件 (L1) ---
  -> 正在处理 media 路径: data/workshop_content/3513537063/mods/[MT] Melee Weapons/42/media
阶段 1 完成: 从 EN 加载了 0 条数据, 从 CN 加载了 0 条数据。

--- 阶段 2: 扫描所有 Media 路径下的 Scripts (L0) ---
  -> 正在处理 Scripts 路径: data/workshop_content/3513537063/mods/[MT] Melee Weapons/42/media/scripts
    -> 处理: Holsters/MT_Holster_Recipie.txt
     -> 新增: 10 个 Recipe
    -> 处理: Holsters/MT_KatanaCyberpunk_Holster.txt
     -> 新增: 1 个 Item
    -> 处理: Holsters/MT_KatanaCyberpunk_Holster_back.txt
     -> 新增: 1 个 Item
    -> 处理: Holsters/MT_KatanaDragon_Holster.txt
     -> 新增: 1 个 Item
    -> 处理: Holsters/MT_KatanaDragon_Holster_back.txt
     -> 新增: 1 个 Item
    -> 处理: Holsters/MT_KatanaHell_Holster.txt
     -> 新增: 1 个 Item
    -> 处理: Holsters/MT_KatanaHell_Holster_back.txt
     -> 新增: 1 个 Item
    -> 处理: Holsters/MT_KatanaMurasama_Holster.txt
     -> 新增: 1 个 Item
    -> 处理: Holsters/MT_KatanaMurasama_Holster_back.txt
     -> 新增: 1 个 Item
    -> 处理: Holsters/MT_KatanaNightblaze_Holster.txt
     -> 新增: 1 个 Item
    -> 处理: Holsters/MT_KatanaNightblaze_Holster_back.txt
     -> 新增: 1 个 Item
    -> 处理: Holsters/MT_KatanaShinshine_Holster.txt
     -> 新增: 1 个 Item
    -> 处理: Holsters/MT_KatanaShinshine_Holster_back.txt
     -> 新增: 1 个 Item
    -> 处理: Holsters/MT_KatanaYamato_Holster.txt
     -> 新增: 1 个 Item
    -> 处理: Holsters/MT_KatanaYamato_Holster_back.txt
     -> 新增: 1 个 Item
    -> 处理: Holsters/MT_Knifes_Holster.txt
     -> 新增: 1 个 Item
    -> 处理: Holsters/MT_OneHandAxe_Holster.txt
     -> 新增: 1 个 Item
    -> 处理: Katana/Cyberpunk/MT_Cyberpunk_1_Default.txt
     -> 新增: 1 个 Item
    -> 处理: Katana/Cyberpunk/MT_Cyberpunk_2_Night.txt
     -> 新增: 1 个 Item
    -> 处理: Katana/Cyberpunk/MT_Cyberpunk_2_Ultraviolet.txt
     -> 新增: 1 个 Item
    -> 处理: Katana/Cyberpunk/MT_Cyberpunk_3_Fade.txt
     -> 新增: 1 个 Item
    -> 处理: Katana/Cyberpunk/MT_Cyberpunk_3_Hardened.txt
     -> 新增: 1 个 Item
    -> 处理: Katana/Cyberpunk/MT_Cyberpunk_4_ Saphire.txt
     -> 新增: 1 个 Item
    -> 处理: Katana/Cyberpunk/MT_Cyberpunk_4_Emerald.txt
     -> 新增: 1 个 Item
    -> 处理: Katana/Cyberpunk/MT_Cyberpunk_4_Marble.txt
     -> 新增: 1 个 Item
    -> 处理: Katana/Cyberpunk/MT_Cyberpunk_4_Ruby.txt
     -> 新增: 1 个 Item
    -> 处理: Katana/Dragon/MT_Dragon_1_Default.txt
     -> 新增: 1 个 Item
    -> 处理: Katana/Dragon/MT_Dragon_2_Night.txt
     -> 新增: 1 个 Item
    -> 处理: Katana/Dragon/MT_Dragon_2_Ultraviolet.txt
     -> 新增: 1 个 Item
    -> 处理: Katana/Dragon/MT_Dragon_3_Fade.txt
     -> 新增: 1 个 Item
    -> 处理: Katana/Dragon/MT_Dragon_3_Hardened.txt
     -> 新增: 1 个 Item
    -> 处理: Katana/Dragon/MT_Dragon_4_ Saphire.txt
     -> 新增: 1 个 Item
    -> 处理: Katana/Dragon/MT_Dragon_4_Emerald.txt
     -> 新增: 1 个 Item
    -> 处理: Katana/Dragon/MT_Dragon_4_Marble.txt
     -> 新增: 1 个 Item
    -> 处理: Katana/Dragon/MT_Dragon_4_Ruby.txt
     -> 新增: 1 个 Item
    -> 处理: Katana/Hell/MT_Hell_1_Default.txt
     -> 新增: 1 个 Item
    -> 处理: Katana/Hell/MT_Hell_2_Night.txt
     -> 新增: 1 个 Item
    -> 处理: Katana/Hell/MT_Hell_2_Ultraviolet.txt
     -> 新增: 1 个 Item
    -> 处理: Katana/Hell/MT_Hell_3_Fade.txt
     -> 新增: 1 个 Item
    -> 处理: Katana/Hell/MT_Hell_3_Hardened.txt
     -> 新增: 1 个 Item
    -> 处理: Katana/Hell/MT_Hell_4_ Saphire.txt
     -> 新增: 1 个 Item
    -> 处理: Katana/Hell/MT_Hell_4_Emerald.txt
     -> 新增: 1 个 Item
    -> 处理: Katana/Hell/MT_Hell_4_Marble.txt
     -> 新增: 1 个 Item
    -> 处理: Katana/Hell/MT_Hell_4_Ruby.txt
     -> 新增: 1 个 Item
    -> 处理: Katana/Murasame/MT_Murasama_1_Default.txt
     -> 新增: 1 个 Item
    -> 处理: Katana/Murasame/MT_Murasama_2_Night.txt
     -> 新增: 1 个 Item
    -> 处理: Katana/Murasame/MT_Murasama_2_Ultraviolet.txt
     -> 新增: 1 个 Item
    -> 处理: Katana/Murasame/MT_Murasama_3_Fade.txt
     -> 新增: 1 个 Item
    -> 处理: Katana/Murasame/MT_Murasama_3_Hardened.txt
     -> 新增: 1 个 Item
    -> 处理: Katana/Murasame/MT_Murasama_4_ Saphire.txt
     -> 新增: 1 个 Item
    -> 处理: Katana/Murasame/MT_Murasama_4_Emerald.txt
     -> 新增: 1 个 Item
    -> 处理: Katana/Murasame/MT_Murasama_4_Marble.txt
     -> 新增: 1 个 Item
    -> 处理: Katana/Murasame/MT_Murasama_4_Ruby.txt
     -> 新增: 1 个 Item
    -> 处理: Katana/Nightblaze/MT_Nightblaze_1_Default.txt
     -> 新增: 1 个 Item
    -> 处理: Katana/Nightblaze/MT_Nightblaze_2_Night.txt
     -> 新增: 1 个 Item
    -> 处理: Katana/Nightblaze/MT_Nightblaze_2_Ultraviolet.txt
     -> 新增: 1 个 Item
    -> 处理: Katana/Nightblaze/MT_Nightblaze_3_Fade.txt
     -> 新增: 1 个 Item
    -> 处理: Katana/Nightblaze/MT_Nightblaze_3_Hardened.txt
     -> 新增: 1 个 Item
    -> 处理: Katana/Nightblaze/MT_Nightblaze_4_ Saphire.txt
     -> 新增: 1 个 Item
    -> 处理: Katana/Nightblaze/MT_Nightblaze_4_Emerald.txt
     -> 新增: 1 个 Item
    -> 处理: Katana/Nightblaze/MT_Nightblaze_4_Marble.txt
     -> 新增: 1 个 Item
    -> 处理: Katana/Nightblaze/MT_Nightblaze_4_Ruby.txt
     -> 新增: 1 个 Item
    -> 处理: Katana/Shinshine/MT_Shinshine_1_Default.txt
     -> 新增: 1 个 Item
    -> 处理: Katana/Shinshine/MT_Shinshine_2_Night.txt
     -> 新增: 1 个 Item
    -> 处理: Katana/Shinshine/MT_Shinshine_2_Ultraviolet.txt
     -> 新增: 1 个 Item
    -> 处理: Katana/Shinshine/MT_Shinshine_3_Fade.txt
     -> 新增: 1 个 Item
    -> 处理: Katana/Shinshine/MT_Shinshine_3_Hardened.txt
     -> 新增: 1 个 Item
    -> 处理: Katana/Shinshine/MT_Shinshine_4_ Saphire.txt
     -> 新增: 1 个 Item
    -> 处理: Katana/Shinshine/MT_Shinshine_4_Emerald.txt
     -> 新增: 1 个 Item
    -> 处理: Katana/Shinshine/MT_Shinshine_4_Marble.txt
     -> 新增: 1 个 Item
    -> 处理: Katana/Shinshine/MT_Shinshine_4_Ruby.txt
     -> 新增: 1 个 Item
    -> 处理: Katana/Yamato/MT_Yamato_1_Default.txt
     -> 新增: 1 个 Item
    -> 处理: Katana/Yamato/MT_Yamato_2_Night.txt
     -> 新增: 1 个 Item
    -> 处理: Katana/Yamato/MT_Yamato_2_Ultraviolet.txt
     -> 新增: 1 个 Item
    -> 处理: Katana/Yamato/MT_Yamato_3_Fade.txt
     -> 新增: 1 个 Item
    -> 处理: Katana/Yamato/MT_Yamato_3_Hardened.txt
     -> 新增: 1 个 Item
    -> 处理: Katana/Yamato/MT_Yamato_4_ Saphire.txt
     -> 新增: 1 个 Item
    -> 处理: Katana/Yamato/MT_Yamato_4_Emerald.txt
     -> 新增: 1 个 Item
    -> 处理: Katana/Yamato/MT_Yamato_4_Marble.txt
     -> 新增: 1 个 Item
    -> 处理: Katana/Yamato/MT_Yamato_4_Ruby.txt
     -> 新增: 1 个 Item
    -> 处理: Knife/Bayonet/MT_Bayonet_1_Default.txt
     -> 新增: 1 个 Item
    -> 处理: Knife/Bayonet/MT_Bayonet_2_Night.txt
     -> 新增: 1 个 Item
    -> 处理: Knife/Bayonet/MT_Bayonet_2_Ultraviolet.txt
     -> 新增: 1 个 Item
    -> 处理: Knife/Bayonet/MT_Bayonet_3_Fade.txt
     -> 新增: 1 个 Item
    -> 处理: Knife/Bayonet/MT_Bayonet_3_Hardened.txt
     -> 新增: 1 个 Item
    -> 处理: Knife/Bayonet/MT_Bayonet_4_ Saphire.txt
     -> 新增: 1 个 Item
    -> 处理: Knife/Bayonet/MT_Bayonet_4_Emerald.txt
     -> 新增: 1 个 Item
    -> 处理: Knife/Bayonet/MT_Bayonet_4_Marble.txt
     -> 新增: 1 个 Item
    -> 处理: Knife/Bayonet/MT_Bayonet_4_Ruby.txt
     -> 新增: 1 个 Item
    -> 处理: Knife/Butterfly/MT_Butterfly_1_Default.txt
     -> 新增: 1 个 Item
    -> 处理: Knife/Butterfly/MT_Butterfly_2_Night.txt
     -> 新增: 1 个 Item
    -> 处理: Knife/Butterfly/MT_Butterfly_2_Ultraviolet.txt
     -> 新增: 1 个 Item
    -> 处理: Knife/Butterfly/MT_Butterfly_3_Fade.txt
     -> 新增: 1 个 Item
    -> 处理: Knife/Butterfly/MT_Butterfly_3_Hardened.txt
     -> 新增: 1 个 Item
    -> 处理: Knife/Butterfly/MT_Butterfly_4_ Saphire.txt
     -> 新增: 1 个 Item
    -> 处理: Knife/Butterfly/MT_Butterfly_4_Emerald.txt
     -> 新增: 1 个 Item
    -> 处理: Knife/Butterfly/MT_Butterfly_4_Marble.txt
     -> 新增: 1 个 Item
    -> 处理: Knife/Butterfly/MT_Butterfly_4_Ruby.txt
     -> 新增: 1 个 Item
    -> 处理: Knife/Flip/MT_Flip_1_Default.txt
     -> 新增: 1 个 Item
    -> 处理: Knife/Flip/MT_Flip_2_Night.txt
     -> 新增: 1 个 Item
    -> 处理: Knife/Flip/MT_Flip_2_Ultraviolet.txt
     -> 新增: 1 个 Item
    -> 处理: Knife/Flip/MT_Flip_3_Fade.txt
     -> 新增: 1 个 Item
    -> 处理: Knife/Flip/MT_Flip_3_Hardened.txt
     -> 新增: 1 个 Item
    -> 处理: Knife/Flip/MT_Flip_4_ Saphire.txt
     -> 新增: 1 个 Item
    -> 处理: Knife/Flip/MT_Flip_4_Emerald.txt
     -> 新增: 1 个 Item
    -> 处理: Knife/Flip/MT_Flip_4_Marble.txt
     -> 新增: 1 个 Item
    -> 处理: Knife/Flip/MT_Flip_4_Ruby.txt
     -> 新增: 1 个 Item
    -> 处理: Knife/Huntsman/MT_Huntsman_1_Default.txt
     -> 新增: 1 个 Item
    -> 处理: Knife/Huntsman/MT_Huntsman_2_Night.txt
     -> 新增: 1 个 Item
    -> 处理: Knife/Huntsman/MT_Huntsman_2_Ultraviolet.txt
     -> 新增: 1 个 Item
    -> 处理: Knife/Huntsman/MT_Huntsman_3_Fade.txt
     -> 新增: 1 个 Item
    -> 处理: Knife/Huntsman/MT_Huntsman_3_Hardened.txt
     -> 新增: 1 个 Item
    -> 处理: Knife/Huntsman/MT_Huntsman_4_ Saphire.txt
     -> 新增: 1 个 Item
    -> 处理: Knife/Huntsman/MT_Huntsman_4_Emerald.txt
     -> 新增: 1 个 Item
    -> 处理: Knife/Huntsman/MT_Huntsman_4_Marble.txt
     -> 新增: 1 个 Item
    -> 处理: Knife/Huntsman/MT_Huntsman_4_Ruby.txt
     -> 新增: 1 个 Item
    -> 处理: Knife/Karambit/MT_Karambit_1_Default.txt
     -> 新增: 1 个 Item
    -> 处理: Knife/Karambit/MT_Karambit_2_Night.txt
     -> 新增: 1 个 Item
    -> 处理: Knife/Karambit/MT_Karambit_2_Ultraviolet.txt
     -> 新增: 1 个 Item
    -> 处理: Knife/Karambit/MT_Karambit_3_Fade.txt
     -> 新增: 1 个 Item
    -> 处理: Knife/Karambit/MT_Karambit_3_Hardened.txt
     -> 新增: 1 个 Item
    -> 处理: Knife/Karambit/MT_Karambit_4_ Saphire.txt
     -> 新增: 1 个 Item
    -> 处理: Knife/Karambit/MT_Karambit_4_Emerald.txt
     -> 新增: 1 个 Item
    -> 处理: Knife/Karambit/MT_Karambit_4_Marble.txt
     -> 新增: 1 个 Item
    -> 处理: Knife/Karambit/MT_Karambit_4_Ruby.txt
     -> 新增: 1 个 Item
    -> 处理: Knife/M9/MT_M9_1_Default.txt
     -> 新增: 1 个 Item
    -> 处理: Knife/M9/MT_M9_2_Night.txt
     -> 新增: 1 个 Item
    -> 处理: Knife/M9/MT_M9_2_Ultraviolet.txt
     -> 新增: 1 个 Item
    -> 处理: Knife/M9/MT_M9_3_Fade.txt
     -> 新增: 1 个 Item
    -> 处理: Knife/M9/MT_M9_3_Hardened.txt
     -> 新增: 1 个 Item
    -> 处理: Knife/M9/MT_M9_4_ Saphire.txt
     -> 新增: 1 个 Item
    -> 处理: Knife/M9/MT_M9_4_Emerald.txt
     -> 新增: 1 个 Item
    -> 处理: Knife/M9/MT_M9_4_Marble.txt
     -> 新增: 1 个 Item
    -> 处理: Knife/M9/MT_M9_4_Ruby.txt
     -> 新增: 1 个 Item
    -> 处理: LootBox/MT_LootBoxes.txt
     -> 新增: 22 个 Item
    -> 处理: LootBox/MT_LootBoxes_OpenRecipie.txt
     -> 新增: 23 个 Recipe
    -> 处理: LootBox/MT_LootBoxes_Recipie.txt
     -> 新增: 3 个 Recipe
    -> 处理: MT_Axe1.txt
     -> 新增: 1 个 Item
    -> 处理: OneHandAxe/HeartBreaker/MT_HeartBreaker_1_Default.txt
     -> 新增: 1 个 Item
    -> 处理: OneHandAxe/HeartBreaker/MT_HeartBreaker_2_Night.txt
     -> 新增: 1 个 Item
    -> 处理: OneHandAxe/HeartBreaker/MT_HeartBreaker_2_Ultraviolet.txt
     -> 新增: 1 个 Item
    -> 处理: OneHandAxe/HeartBreaker/MT_HeartBreaker_3_Fade.txt
     -> 新增: 1 个 Item
    -> 处理: OneHandAxe/HeartBreaker/MT_HeartBreaker_3_Hardened.txt
     -> 新增: 1 个 Item
    -> 处理: OneHandAxe/HeartBreaker/MT_HeartBreaker_4_ Saphire.txt
     -> 新增: 1 个 Item
    -> 处理: OneHandAxe/HeartBreaker/MT_HeartBreaker_4_Emerald.txt
     -> 新增: 1 个 Item
    -> 处理: OneHandAxe/HeartBreaker/MT_HeartBreaker_4_Marble.txt
     -> 新增: 1 个 Item
    -> 处理: OneHandAxe/HeartBreaker/MT_HeartBreaker_4_Ruby.txt
     -> 新增: 1 个 Item
    -> 处理: OneHandAxe/Nightfall/MT_Nightfall_1_Default.txt
     -> 新增: 1 个 Item
    -> 处理: OneHandAxe/Nightfall/MT_Nightfall_2_Night.txt
     -> 新增: 1 个 Item
    -> 处理: OneHandAxe/Nightfall/MT_Nightfall_2_Ultraviolet.txt
     -> 新增: 1 个 Item
    -> 处理: OneHandAxe/Nightfall/MT_Nightfall_3_Fade.txt
     -> 新增: 1 个 Item
    -> 处理: OneHandAxe/Nightfall/MT_Nightfall_3_Hardened.txt
     -> 新增: 1 个 Item
    -> 处理: OneHandAxe/Nightfall/MT_Nightfall_4_ Saphire.txt
     -> 新增: 1 个 Item
    -> 处理: OneHandAxe/Nightfall/MT_Nightfall_4_Emerald.txt
     -> 新增: 1 个 Item
    -> 处理: OneHandAxe/Nightfall/MT_Nightfall_4_Marble.txt
     -> 新增: 1 个 Item
    -> 处理: OneHandAxe/Nightfall/MT_Nightfall_4_Ruby.txt
     -> 新增: 1 个 Item
    -> 处理: OneHandAxe/Razorwing/MT_Razorwing_1_Default.txt
     -> 新增: 1 个 Item
    -> 处理: OneHandAxe/Razorwing/MT_Razorwing_2_Night.txt
     -> 新增: 1 个 Item
    -> 处理: OneHandAxe/Razorwing/MT_Razorwing_2_Ultraviolet.txt
     -> 新增: 1 个 Item
    -> 处理: OneHandAxe/Razorwing/MT_Razorwing_3_Fade.txt
     -> 新增: 1 个 Item
    -> 处理: OneHandAxe/Razorwing/MT_Razorwing_3_Hardened.txt
     -> 新增: 1 个 Item
    -> 处理: OneHandAxe/Razorwing/MT_Razorwing_4_ Saphire.txt
     -> 新增: 1 个 Item
    -> 处理: OneHandAxe/Razorwing/MT_Razorwing_4_Emerald.txt
     -> 新增: 1 个 Item
    -> 处理: OneHandAxe/Razorwing/MT_Razorwing_4_Marble.txt
     -> 新增: 1 个 Item
    -> 处理: OneHandAxe/Razorwing/MT_Razorwing_4_Ruby.txt
     -> 新增: 1 个 Item
    -> 处理: OneHandAxe/Savage/MT_Savage_1_Default.txt
     -> 新增: 1 个 Item
    -> 处理: OneHandAxe/Savage/MT_Savage_2_Night.txt
     -> 新增: 1 个 Item
    -> 处理: OneHandAxe/Savage/MT_Savage_2_Ultraviolet.txt
     -> 新增: 1 个 Item
    -> 处理: OneHandAxe/Savage/MT_Savage_3_Fade.txt
     -> 新增: 1 个 Item
    -> 处理: OneHandAxe/Savage/MT_Savage_3_Hardened.txt
     -> 新增: 1 个 Item
    -> 处理: OneHandAxe/Savage/MT_Savage_4_ Saphire.txt
     -> 新增: 1 个 Item
    -> 处理: OneHandAxe/Savage/MT_Savage_4_Emerald.txt
     -> 新增: 1 个 Item
    -> 处理: OneHandAxe/Savage/MT_Savage_4_Marble.txt
     -> 新增: 1 个 Item
    -> 处理: OneHandAxe/Savage/MT_Savage_4_Ruby.txt
     -> 新增: 1 个 Item
    -> 处理: OneHandAxe/Skullbash/MT_Skullbash_1_Default.txt
     -> 新增: 1 个 Item
    -> 处理: OneHandAxe/Skullbash/MT_Skullbash_2_Night.txt
     -> 新增: 1 个 Item
    -> 处理: OneHandAxe/Skullbash/MT_Skullbash_2_Ultraviolet.txt
     -> 新增: 1 个 Item
    -> 处理: OneHandAxe/Skullbash/MT_Skullbash_3_Fade.txt
     -> 新增: 1 个 Item
    -> 处理: OneHandAxe/Skullbash/MT_Skullbash_3_Hardened.txt
     -> 新增: 1 个 Item
    -> 处理: OneHandAxe/Skullbash/MT_Skullbash_4_ Saphire.txt
     -> 新增: 1 个 Item
    -> 处理: OneHandAxe/Skullbash/MT_Skullbash_4_Emerald.txt
     -> 新增: 1 个 Item
    -> 处理: OneHandAxe/Skullbash/MT_Skullbash_4_Marble.txt
     -> 新增: 1 个 Item
    -> 处理: OneHandAxe/Skullbash/MT_Skullbash_4_Ruby.txt
     -> 新增: 1 个 Item
    -> 处理: OneHandAxe/Tomahawk/MT_Tomahawk_1_Default.txt
     -> 新增: 1 个 Item
    -> 处理: OneHandAxe/Tomahawk/MT_Tomahawk_2_Night.txt
     -> 新增: 1 个 Item
    -> 处理: OneHandAxe/Tomahawk/MT_Tomahawk_2_Ultraviolet.txt
     -> 新增: 1 个 Item
    -> 处理: OneHandAxe/Tomahawk/MT_Tomahawk_3_Fade.txt
     -> 新增: 1 个 Item
    -> 处理: OneHandAxe/Tomahawk/MT_Tomahawk_3_Hardened.txt
     -> 新增: 1 个 Item
    -> 处理: OneHandAxe/Tomahawk/MT_Tomahawk_4_ Saphire.txt
     -> 新增: 1 个 Item
    -> 处理: OneHandAxe/Tomahawk/MT_Tomahawk_4_Emerald.txt
     -> 新增: 1 个 Item
    -> 处理: OneHandAxe/Tomahawk/MT_Tomahawk_4_Marble.txt
     -> 新增: 1 个 Item
    -> 处理: OneHandAxe/Tomahawk/MT_Tomahawk_4_Ruby.txt
     -> 新增: 1 个 Item
阶段 2 完成: 从 scripts 新生成了 246 条数据。

--- 阶段 3: 合并 L0 与 L1 后，纯净英文基准总计: 246 条数据。---

--- 阶段 4: 检测到 1 个与官方重复的键。---

--- 已为 Mod ID 3513537063 更新 246 条键来源映射 ---

--- 正在为 Mod '[MT]_Melee_Weapons' 生成输出文件 ---
    - 最终合并 (output.txt): 246 条
    - 纯净英文 (EN_output.txt): 246 条
    - 纯净中文 (CN_output.txt): 0 条
    - 英文待办 (en_todo.txt): 246 条 (增量)
    - 中文独有 (cn_only.txt): 0 条 (增量)
    - 冲突键 (conflict_keys.txt): 1 条
    -> 正在尝试从 Git 历史记录中获取旧版本: data/output_files/[MT]_Melee_Weapons_3513537063/EN_todo.txt
      --> 成功找到旧版本。
     -> 在 'EN_todo.txt (旧版本)' 中找到 0 个键。
    -> 检测到内容变更。新增: 246, 移除: 0

处理成功！所有输出文件已保存在 '[MT]_Melee_Weapons_3513537063' 文件夹中。
    -> 警告：未能获取 Mod 3513537063 的完成文件SHA，状态未记录。
