

========================= 开始处理 Workshop ID: 3665070461 ([TP]_HK_G3) =========================

--- 正在检查已完成的翻译于: data/completed_files/3665070461/en_completed.txt ---
     -> 在 'en_completed.txt' 中找到 0 个键。

--- 正在检查待排除的键于: data/completed_files/3665070461/exclusion_list.txt ---
  -> 排除列表文件 'exclusion_list.txt' 不存在，跳过。

-------------------- 处理子模组: [TP] HK G3 --------------------

--- 正在为 '[TP] HK G3' 动态查找 'media' 文件夹 ---
  -> 发现版本目录队列: 42.0
  --> 找到最高优先级有效版本: 42.0

--- 阶段 1: 扫描所有 media 路径下的翻译文件 (L1) ---
  -> 正在处理 media 路径: data/workshop_content/3665070461/mods/[TP] HK G3/42.0/media
阶段 1 完成: 从 EN 加载了 0 条数据, 从 CN 加载了 0 条数据。

--- 阶段 2: 扫描所有 Media 路径下的 Scripts (L0) ---
  -> 正在处理 Scripts 路径: data/workshop_content/3665070461/mods/[TP] HK G3/42.0/media/scripts
    -> 处理: hkg3-model.txt
    -> 处理: hkg3.txt
     -> 新增: 4 个 Item
阶段 2 完成: 从 scripts 新生成了 4 条数据。

--- 阶段 3: 合并 L0 与 L1 后，纯净英文基准总计: 4 条数据。---

--- 已为 Mod ID 3665070461 更新 4 条键来源映射 ---

--- 正在为 Mod '[TP]_HK_G3' 生成输出文件 ---
    - 最终合并 (output.txt): 4 条
    - 纯净英文 (EN_output.txt/json): 4 条
    - 纯净中文 (CN_output.txt): 0 条
    - 中文独有 (cn_only.txt): 0 条 (增量)
    - 冲突键 (conflict_keys.txt): 0 条
    -> 正在尝试从 Git 历史记录中获取旧版本: data/output_files/[TP]_HK_G3_3665070461/EN_output.txt
      --> 成功找到旧版本。
     -> 在 'EN_output.txt (旧版本)' 中找到 4 个键。

处理成功！所有输出文件已保存在 '[TP]_HK_G3_3665070461' 文件夹中。
    -> [内存] 已为 Mod 3665070461 记录 Commit SHA: a930252
