

========================= 开始处理 Workshop ID: 3622474939 (AbuelitaLindaMexicanFoods) =========================

--- 正在检查已完成的翻译于: data/completed_files/3622474939/en_completed.txt ---
     -> 在 'en_completed.txt' 中找到 0 个键。

--- 正在检查待排除的键于: data/completed_files/3622474939/exclusion_list.txt ---
  -> 排除列表文件 'exclusion_list.txt' 不存在，跳过。

-------------------- 处理子模组: AbuelitaLindaMexicanFoods --------------------

--- 正在为 'AbuelitaLindaMexicanFoods' 动态查找 'media' 文件夹 ---
  -> 发现版本目录队列: 42
  --> 找到最高优先级有效版本: 42

--- 阶段 1: 扫描所有 media 路径下的翻译文件 (L1) ---
  -> 正在处理 media 路径: data/workshop_content/3622474939/mods/AbuelitaLindaMexicanFoods/42/media
  -> 扫描目录: data/workshop_content/3622474939/mods/AbuelitaLindaMexicanFoods/42/media/lua/shared/Translate/EN
     -> 在 'Fluids.json' 中找到 9 个键。
     -> 在 'ItemName.json' 中找到 160 个键。
     -> 在 'Recipes.json' 中找到 68 个键。
阶段 1 完成: 从 EN 加载了 237 条数据, 从 CN 加载了 0 条数据。

--- 阶段 2: 扫描所有 Media 路径下的 Scripts (L0) ---
  -> 正在处理 Scripts 路径: data/workshop_content/3622474939/mods/AbuelitaLindaMexicanFoods/42/media/scripts
    -> 处理: entities/appliances/workstations/entity_coffeemachine_craftRecipe_AL.txt
     -> 新增: 2 个 Recipe
    -> 处理: fluids_Beverages_AL.txt
    -> 处理: items/items_AL.txt
    -> 处理: items/items_Beverages_AL.txt
    -> 处理: items/items_Desserts_AL.txt
    -> 处理: items/items_ValentinUpdate_AL.txt
    -> 处理: items/items_Vol1_AL.txt
    -> 处理: items/items_Vol2_AL.txt
    -> 处理: items/items_Vol3_AL.txt
    -> 处理: models/models_AL.txt
    -> 处理: models/models_Beverages_AL.txt
    -> 处理: models/models_Desserts_AL.txt
    -> 处理: models/models_Desserts_Static_AL.txt
    -> 处理: models/models_ValentinUpdate_AL.txt
    -> 处理: models/models_ValentinUpdate_Static_AL.txt
    -> 处理: models/models_Vol1_AL.txt
    -> 处理: models/models_Vol1_Static_AL .txt
    -> 处理: models/models_Vol2_AL.txt
    -> 处理: models/models_Vol2_Static_AL.txt
    -> 处理: models/models_Vol3_AL.txt
    -> 处理: models/models_Vol3_Static_AL.txt
    -> 处理: recipes/recipes_AL.txt
    -> 处理: recipes/recipes_Beverages_AL.txt
    -> 处理: recipes/recipes_Desserts_AL.txt
    -> 处理: recipes/recipes_ValentinUpdate_AL.txt
    -> 处理: recipes/recipes_Vol1_AL.txt
    -> 处理: recipes/recipes_Vol2_AL.txt
    -> 处理: recipes/recipes_Vol3_AL.txt
阶段 2 完成: 从 scripts 新生成了 2 条数据。

--- 阶段 3: 合并 L0 与 L1 后，纯净英文基准总计: 239 条数据。---

--- 阶段 4: 检测到 1 个与官方重复的键。---

--- 已为 Mod ID 3622474939 更新 307 条键来源映射 ---

--- 正在为 Mod 'AbuelitaLindaMexicanFoods' 生成输出文件 ---
    - 最终合并 (output.txt): 239 条
    - 纯净英文 (EN_output.txt/json): 239 条
    - 纯净中文 (CN_output.txt): 0 条
    - 中文独有 (cn_only.txt): 0 条 (增量)
    - 冲突键 (conflict_keys.txt): 1 条
    -> 正在尝试从 Git 历史记录中获取旧版本: data/output_files/AbuelitaLindaMexicanFoods_3622474939/EN_output.txt
      --> 成功找到旧版本。
     -> 在 'EN_output.txt (旧版本)' 中找到 239 个键。
    -> 检测到内容变更。新增: 237, 移除: 237

处理成功！所有输出文件已保存在 'AbuelitaLindaMexicanFoods_3622474939' 文件夹中。
    -> [内存] 已为 Mod 3622474939 记录 Commit SHA: b5f6f7e
