

========================= 开始处理 Workshop ID: 3617854007 (ArcheryNexus) =========================

--- 正在检查已完成的翻译于: data/completed_files/3617854007/en_completed.txt ---
  -> 文件 'en_completed.txt' 在目标位置不存在，将自动创建。

--- 正在检查待排除的键于: data/completed_files/3617854007/exclusion_list.txt ---
  -> 排除列表文件 'exclusion_list.txt' 不存在，跳过。

-------------------- 处理子模组: ArcheryNexus --------------------

--- 正在为 'ArcheryNexus' 动态查找 'media' 文件夹 ---
  -> 发现版本目录: 42
  -> 正在检查路径的有效性: data/workshop_content/3617854007/mods/ArcheryNexus/common/media
  --> 路径有效！已将其加入待处理列表。

--- 阶段 1: 扫描所有 media 路径下的翻译文件 (L1) ---
  -> 正在处理 media 路径: data/workshop_content/3617854007/mods/ArcheryNexus/common/media
  -> 扫描目录: data/workshop_content/3617854007/mods/ArcheryNexus/common/media/lua/shared/Translate/EN
     -> 在 'Recipes_EN.txt' 中找到 1 个键。
阶段 1 完成: 从 EN 加载了 1 条数据, 从 CN 加载了 0 条数据。

--- 阶段 2: 扫描所有 Media 路径下的 Scripts (L0) ---
  -> 正在处理 Scripts 路径: data/workshop_content/3617854007/mods/ArcheryNexus/common/media/scripts
    -> 处理: Attachments_Arrowz.txt
    -> 处理: Primitive_Bow.txt
     -> 新增: 5 个 Item
    -> 处理: Primitive_Bow_LDR.txt
    -> 处理: Primitive_Bow_LDR2.txt
    -> 处理: clothing/Quiver.txt
     -> 新增: 1 个 Item
    -> 处理: recipes/recipes_fletching.txt
     -> 新增: 7 个 Recipe
阶段 2 完成: 从 scripts 新生成了 13 条数据。

--- 阶段 3: 合并 L0 与 L1 后，纯净英文基准总计: 14 条数据。---

--- 阶段 4: 检测到 2 个与官方重复的键。---

--- 已为 Mod ID 3617854007 更新 14 条键来源映射 ---

--- 正在为 Mod 'ArcheryNexus' 生成输出文件 ---
    - 最终合并 (output.txt): 14 条
    - 纯净英文 (EN_output.txt): 14 条
    - 纯净中文 (CN_output.txt): 0 条
    - 英文待办 (en_todo.txt): 14 条 (增量)
    - 中文独有 (cn_only.txt): 0 条 (增量)
    - 冲突键 (conflict_keys.txt): 2 条
    -> 正在尝试从 Git 历史记录中获取旧版本: data/output_files/ArcheryNexus_3617854007/EN_todo.txt
      --> 在 Git 历史记录中未找到该文件，视为全新。
    -> 基线日志已存档到: data/logs/archive/ArcheryNexus_3617854007_baseline_run_20251206_040505.json

处理成功！所有输出文件已保存在 'ArcheryNexus_3617854007' 文件夹中。
    -> 警告：未能获取 Mod 3617854007 的完成文件SHA，状态未记录。

--- 所有模组处理循环结束，正在保存最终运行状态 ---

--- 应用正则表达式来源覆盖规则 ---
成功加载 6 条正则表达式规则。
未发现需要应用的正则表达式规则。

--- 正在合并手动分类的键来源 ---
  -> 未发现需要合并的手动分类条目。
全局键来源映射已成功保存到: translation_utils/key_source_map.json

增量更新日志已记录到: data/logs/update_log.json

--- 开始生成状态报告 ---
执行报告生成脚本失败: Command '['python', 'scripts/generate_status.py']' returned non-zero exit status 1.
脚本输出:
--- 开始生成状态报告 ---

脚本错误输出:
Traceback (most recent call last):
  File "/home/runner/work/pz-mod-translation-helper/pz-mod-translation-helper/scripts/generate_status.py", line 259, in <module>
    main()
  File "/home/runner/work/pz-mod-translation-helper/pz-mod-translation-helper/scripts/generate_status.py", line 232, in main
    mod_todo_table_rows = [
  File "/home/runner/work/pz-mod-translation-helper/pz-mod-translation-helper/scripts/generate_status.py", line 233, in <listcomp>
    f"| {mod['name'].replace('|', '&#124;')} | {mod['id']} | {mod['todos']} | {mod['to_proofread']} | {mod['missing_en']} | {mod['total_entries']} |"
AttributeError: 'NoneType' object has no attribute 'replace'

