

========================= 开始处理 Workshop ID: 3590791727 (AWCWFToggle) =========================

--- 正在检查已完成的翻译于: data/completed_files/3590791727/en_completed.txt ---
     -> 在 'en_completed.txt' 中找到 0 个键。

--- 正在检查待排除的键于: data/completed_files/3590791727/exclusion_list.txt ---
  -> 排除列表文件 'exclusion_list.txt' 不存在，跳过。

-------------------- 处理子模组: AWCWFToggle --------------------

--- 正在为 'AWCWFToggle' 动态查找 'media' 文件夹 ---
  -> 发现版本目录队列: 42
  --> 版本 42 无效或为空，尝试检查下一个低版本...
  --> 未能在 Common 或 版本目录队列中找到任何有效的 'media' 文件夹。

-------------------- 处理子模组: HBVCEFPatch --------------------

--- 正在为 'HBVCEFPatch' 动态查找 'media' 文件夹 ---
  -> 发现版本目录队列: 42
  --> 版本 42 无效或为空，尝试检查下一个低版本...
  --> 未能在 Common 或 版本目录队列中找到任何有效的 'media' 文件夹。

-------------------- 处理子模组: WAR --------------------

--- 正在为 'WAR' 动态查找 'media' 文件夹 ---
  -> 发现版本目录队列: 42
  --> 找到最高优先级有效版本: 42

--- 阶段 1: 扫描所有 media 路径下的翻译文件 (L1) ---
  -> 正在处理 media 路径: data/workshop_content/3590791727/mods/WAR/42/media
  -> 扫描目录: data/workshop_content/3590791727/mods/WAR/42/media/lua/shared/Translate/EN
     -> 在 'ContextMenu_EN.txt' 中找到 4 个键。
     -> 在 'IG_UI_EN.txt' 中找到 76 个键。
     -> 在 'ItemName_EN.txt' 中找到 692 个键。
     -> 在 'Recipes_EN.txt' 中找到 6 个键。
     -> 在 'Sandbox_EN.txt' 中找到 14 个键。
     -> 在 'Tooltip_EN.txt' 中找到 2 个键。
     -> 在 'UI_EN.txt' 中找到 5 个键。
  -> 扫描目录: data/workshop_content/3590791727/mods/WAR/42/media/lua/shared/Translate/CN
     -> 在 'ContextMenu_CN.txt' 中找到 4 个键。
     -> 在 'IG_UI_CN.txt' 中找到 77 个键。
     -> 在 'Sandbox_CN.txt' 中找到 3 个键。
     -> 在 'Tooltip_CN.txt' 中找到 1 个键。
     -> 在 'UI_CN.txt' 中找到 5 个键。
阶段 1 完成: 从 EN 加载了 799 条数据, 从 CN 加载了 90 条数据。

--- 阶段 2: 扫描所有 Media 路径下的 Scripts (L0) ---
  -> 正在处理 Scripts 路径: data/workshop_content/3590791727/mods/WAR/42/media/scripts
    -> 处理: ADVANCED-WARFARE-EX.txt
     -> 新增: 136 个 Item, 3 个 Recipe
    -> 处理: Ammo/WAR_AMMO.txt
     -> 新增: 31 个 Item, 26 个 Recipe
    -> 处理: Loaders/WAR_AWCWF_PARTS.txt
     -> 新增: 4 个 Item
    -> 处理: Loaders/WAR_HANDGUNS.txt
    -> 处理: Loaders/WAR_LEVERACTION.txt
    -> 处理: Loaders/WAR_RIFLES_AUTO.txt
    -> 处理: Loaders/WAR_RIFLES_SINGLE.txt
    -> 处理: Loaders/WAR_SHOTGUNS.txt
    -> 处理: Magazines/WAR_MAGAZINES.txt
     -> 新增: 10 个 Item
    -> 处理: WAR_EXPLOSIVES.txt
     -> 新增: 1 个 Item
    -> 处理: WAR_MISC.txt
     -> 新增: 1 个 Item
    -> 处理: WAR_MODCOMPAT.txt
     -> 新增: 1 个 Item
    -> 处理: WAR_SOUNDLOADER.txt
阶段 2 完成: 从 scripts 新生成了 213 条数据。

--- 阶段 3: 合并 L0 与 L1 后，纯净英文基准总计: 1012 条数据。---

--- 阶段 4: 检测到 28 个与官方重复的键。---

--- 已为 Mod ID 3590791727 更新 1019 条键来源映射 ---

--- 正在为 Mod 'AWCWFToggle' 生成输出文件 ---
    - 最终合并 (output.txt): 1019 条
    - 纯净英文 (EN_output.txt): 1012 条
    - 纯净中文 (CN_output.txt): 90 条
    - 英文待办 (en_todo.txt): 931 条 (增量)
    - 中文独有 (cn_only.txt): 7 条 (增量)
    - 冲突键 (conflict_keys.txt): 28 条
    -> 正在尝试从 Git 历史记录中获取旧版本: data/output_files/AWCWFToggle_3590791727/EN_todo.txt
      --> 成功找到旧版本。
     -> 在 'EN_todo.txt (旧版本)' 中找到 267 个键。
    -> 检测到内容变更。新增: 720, 移除: 56

处理成功！所有输出文件已保存在 'AWCWFToggle_3590791727' 文件夹中。
    -> [内存] 已为 Mod 3590791727 记录 Commit SHA: 7d4c228
