

========================= 开始处理 Workshop ID: 3387222454 (B42_Rain's_Firearms_&_Gun_Parts) =========================

--- 正在检查已完成的翻译于: data/completed_files/3387222454/en_completed.txt ---
     -> 在 'en_completed.txt' 中找到 406 个键。

--- 正在检查待排除的键于: data/completed_files/3387222454/exclusion_list.txt ---
  -> 排除列表文件 'exclusion_list.txt' 不存在，跳过。

-------------------- 处理子模组: B42 Rain's Firearms & Gun Parts --------------------

--- 正在为 'B42 Rain's Firearms & Gun Parts' 动态查找 'media' 文件夹 ---
  -> 发现版本目录队列: 42
  --> 找到最高优先级有效版本: 42

--- 阶段 1: 扫描所有 media 路径下的翻译文件 (L1) ---
  -> 正在处理 media 路径: data/workshop_content/3387222454/mods/B42 Rain's Firearms & Gun Parts/42/media
  -> 扫描目录: data/workshop_content/3387222454/mods/B42 Rain's Firearms & Gun Parts/42/media/lua/shared/Translate/EN
     -> 在 'ContextMenu_EN.txt' 中找到 17 个键。
     -> 在 'ItemName_EN.txt' 中找到 230 个键。
     -> 在 'Recipes_EN.txt' 中找到 60 个键。
     -> 在 'Sandbox_EN.txt' 中找到 9 个键。
     -> 在 'Tooltip_EN.txt' 中找到 91 个键。
     -> 在 'UI_EN.txt' 中找到 8 个键。
阶段 1 完成: 从 EN 加载了 415 条数据, 从 CN 加载了 0 条数据。

--- 阶段 2: 扫描所有 Media 路径下的 Scripts (L0) ---
  -> 正在处理 Scripts 路径: data/workshop_content/3387222454/mods/B42 Rain's Firearms & Gun Parts/42/media/scripts
    -> 处理: 22355676239rifles.txt
    -> 处理: 30876251rifles.txt
    -> 处理: 44rifles.txt
    -> 处理: 76239rifles.txt
    -> 处理: ammo.txt
     -> 新增: 1 个 Recipe
    -> 处理: ammomagrecipes.txt
     -> 新增: 10 个 Recipe
    -> 处理: ammomags.txt
    -> 处理: bags.txt
    -> 处理: extendedmagazines.txt
     -> 新增: 31 个 Recipe
    -> 处理: fixing.txt
    -> 处理: guncleaningkits.txt
     -> 新增: 1 个 Recipe
    -> 处理: machineguns.txt
    -> 处理: nomag.txt
    -> 处理: pistols.txt
    -> 处理: professionsandtraits.txt
    -> 处理: revolvers.txt
    -> 处理: shotguns.txt
     -> 新增: 3 个 Recipe
    -> 处理: submachineguns.txt
    -> 处理: suppressorrecipes.txt
    -> 处理: weaponparts.txt
阶段 2 完成: 从 scripts 新生成了 46 条数据。

--- 阶段 3: 合并 L0 与 L1 后，纯净英文基准总计: 461 条数据。---

--- 阶段 4: 检测到 76 个与官方重复的键。---

-------------------- 处理子模组: B42 Rain's Firearms & Gun Parts Expanded --------------------

--- 正在为 'B42 Rain's Firearms & Gun Parts Expanded' 动态查找 'media' 文件夹 ---
  -> 发现版本目录队列: 42
  --> 找到最高优先级有效版本: 42

--- 阶段 1: 扫描所有 media 路径下的翻译文件 (L1) ---
  -> 正在处理 media 路径: data/workshop_content/3387222454/mods/B42 Rain's Firearms & Gun Parts Expanded/42/media
  -> 扫描目录: data/workshop_content/3387222454/mods/B42 Rain's Firearms & Gun Parts Expanded/42/media/lua/shared/Translate/EN
     -> 在 'ContextMenu_EN.txt' 中找到 17 个键。
     -> 在 'ItemName_EN.txt' 中找到 237 个键。
     -> 在 'Recipes_EN.txt' 中找到 132 个键。
     -> 在 'Sandbox_EN.txt' 中找到 9 个键。
     -> 在 'Tooltip_EN.txt' 中找到 94 个键。
     -> 在 'UI_EN.txt' 中找到 8 个键。
阶段 1 完成: 从 EN 加载了 497 条数据, 从 CN 加载了 0 条数据。

--- 阶段 2: 扫描所有 Media 路径下的 Scripts (L0) ---
  -> 正在处理 Scripts 路径: data/workshop_content/3387222454/mods/B42 Rain's Firearms & Gun Parts Expanded/42/media/scripts
    -> 处理: 22355676239rifles.txt
    -> 处理: 30876251rifles.txt
    -> 处理: 44rifles.txt
    -> 处理: 76239rifles.txt
    -> 处理: ammo.txt
     -> 新增: 1 个 Recipe
    -> 处理: ammomagrecipes.txt
     -> 新增: 3 个 Recipe
    -> 处理: ammomags.txt
    -> 处理: bags.txt
    -> 处理: explosives.txt
    -> 处理: extendedmagazines.txt
     -> 新增: 1 个 Recipe
    -> 处理: fixing.txt
    -> 处理: guncleaningkits.txt
    -> 处理: machineguns.txt
    -> 处理: nomag.txt
    -> 处理: pistols.txt
    -> 处理: professionsandtraits.txt
    -> 处理: revolvers.txt
    -> 处理: shotguns.txt
    -> 处理: submachineguns.txt
    -> 处理: suppressorrecipes.txt
    -> 处理: weaponparts.txt
阶段 2 完成: 从 scripts 新生成了 5 条数据。

--- 阶段 3: 合并 L0 与 L1 后，纯净英文基准总计: 502 条数据。---

--- 阶段 4: 检测到 76 个与官方重复的键。---

--- 已为 Mod ID 3387222454 更新 508 条键来源映射 ---

--- 正在为 Mod 'B42_Rain's_Firearms_&_Gun_Parts' 生成输出文件 ---
    - 最终合并 (output.txt): 508 条
    - 纯净英文 (EN_output.txt): 508 条
    - 纯净中文 (CN_output.txt): 0 条
    - 英文待办 (en_todo.txt): 180 条 (增量)
    - 中文独有 (cn_only.txt): 0 条 (增量)
    - 冲突键 (conflict_keys.txt): 76 条
    -> 正在尝试从 Git 历史记录中获取旧版本: data/output_files/B42_Rain's_Firearms_&_Gun_Parts_3387222454/EN_todo.txt
      --> 成功找到旧版本。
     -> 在 'EN_todo.txt (旧版本)' 中找到 40 个键。
    -> 检测到内容变更。新增: 141, 移除: 1

处理成功！所有输出文件已保存在 'B42_Rain's_Firearms_&_Gun_Parts_3387222454' 文件夹中。
    -> [内存] 已为 Mod 3387222454 记录 Commit SHA: 8937081
