

========================= 开始处理 Workshop ID: 3650168851 (B42Horticulture) =========================

--- 正在检查已完成的翻译于: data/completed_files/3650168851/en_completed.txt ---
     -> 在 'en_completed.txt' 中找到 0 个键。

--- 正在检查待排除的键于: data/completed_files/3650168851/exclusion_list.txt ---
  -> 排除列表文件 'exclusion_list.txt' 不存在，跳过。

-------------------- 处理子模组: B42Horticulture --------------------

--- 正在为 'B42Horticulture' 动态查找 'media' 文件夹 ---
  -> 发现版本目录队列: 42.14
  --> 找到最高优先级有效版本: 42.14

--- 阶段 1: 扫描所有 media 路径下的翻译文件 (L1) ---
  -> 正在处理 media 路径: data/workshop_content/3650168851/mods/B42Horticulture/42.14/media
  -> 扫描目录: data/workshop_content/3650168851/mods/B42Horticulture/42.14/media/lua/shared/Translate/EN
     -> 在 'ItemName.json' 中找到 40 个键。
     -> 在 'Recipes.json' 中找到 33 个键。
     -> 在 'Sandbox.json' 中找到 3 个键。
     -> 在 'Tooltip.json' 中找到 9 个键。
     -> 在 'ItemName_EN.txt' 中找到 40 个键。
     -> 在 'Recipes_EN.txt' 中找到 33 个键。
     -> 在 'Sandbox_EN.txt' 中找到 3 个键。
     -> 在 'Tooltip_EN.txt' 中找到 9 个键。
阶段 1 完成: 从 EN 加载了 125 条数据, 从 CN 加载了 0 条数据。

--- 阶段 2: 扫描所有 Media 路径下的 Scripts (L0) ---
  -> 正在处理 Scripts 路径: data/workshop_content/3650168851/mods/B42Horticulture/42.14/media/scripts
    -> 处理: generated/entities/agricultural/craftRecipes/recipes_fiber.txt
     -> 新增: 1 个 Recipe
    -> 处理: generated/items/items_Horticulture.txt
    -> 处理: generated/recipes/recipes_Horticulture.txt
     -> 新增: 7 个 Recipe
    -> 处理: generated/recipes/recipes_tobacco.txt
    -> 处理: models_Horticulture.txt
阶段 2 完成: 从 scripts 新生成了 8 条数据。

--- 阶段 3: 合并 L0 与 L1 后，纯净英文基准总计: 133 条数据。---

--- 阶段 4: 检测到 7 个与官方重复的键。---

--- 已为 Mod ID 3650168851 更新 166 条键来源映射 ---

--- 正在为 Mod 'B42Horticulture' 生成输出文件 ---
    - 最终合并 (output.txt): 133 条
    - 纯净英文 (EN_output.txt/json): 133 条
    - 纯净中文 (CN_output.txt): 0 条
    - 中文独有 (cn_only.txt): 0 条 (增量)
    - 冲突键 (conflict_keys.txt): 7 条
    -> 正在尝试从 Git 历史记录中获取旧版本: data/output_files/B42Horticulture_3650168851/EN_output.txt
      --> 成功找到旧版本。
     -> 在 'EN_output.txt (旧版本)' 中找到 93 个键。
    -> 检测到内容变更。新增: 40, 移除: 0

处理成功！所有输出文件已保存在 'B42Horticulture_3650168851' 文件夹中。
    -> [内存] 已为 Mod 3650168851 记录 Commit SHA: b2ae355
