

========================= 开始处理 Workshop ID: 3268487204 (Bandits) =========================

--- 正在检查已完成的翻译于: data/completed_files/3268487204/en_completed.txt ---
     -> 在 'en_completed.txt' 中找到 322 个键。

--- 正在检查待排除的键于: data/completed_files/3268487204/exclusion_list.txt ---
  -> 排除列表文件 'exclusion_list.txt' 不存在，跳过。

-------------------- 处理子模组: Bandits --------------------

--- 正在为 'Bandits' 动态查找 'media' 文件夹 ---
  -> 发现版本目录队列: 42.17, 42.16, 42.15, 42.13, 42.12
  --> 找到最高优先级有效版本: 42.17

--- 阶段 1: 扫描所有 media 路径下的翻译文件 (L1) ---
  -> 正在处理 media 路径: data/workshop_content/3268487204/mods/Bandits/42.17/media
  -> 扫描目录: data/workshop_content/3268487204/mods/Bandits/42.17/media/lua/shared/Translate/EN
     -> 在 'IG_UI.json' 中找到 702 个键。
     -> 在 'Sandbox.json' 中找到 126 个键。
     -> 在 'UI.json' 中找到 2 个键。
阶段 1 完成: 从 EN 加载了 830 条数据, 从 CN 加载了 0 条数据。

--- 阶段 2: 扫描所有 Media 路径下的 Scripts (L0) ---
  -> 正在处理 Scripts 路径: data/workshop_content/3268487204/mods/Bandits/42.17/media/scripts
    -> 处理: zs_items.txt
     -> 新增: 5 个 Item
    -> 处理: zs_sounds.txt
    -> 处理: zs_sounds_voices_female_1.txt
    -> 处理: zs_sounds_voices_female_2.txt
    -> 处理: zs_sounds_voices_female_3.txt
    -> 处理: zs_sounds_voices_female_4.txt
    -> 处理: zs_sounds_voices_male_1.txt
    -> 处理: zs_sounds_voices_male_14.txt
    -> 处理: zs_sounds_voices_male_16.txt
    -> 处理: zs_sounds_voices_male_18.txt
    -> 处理: zs_sounds_voices_male_2.txt
    -> 处理: zs_sounds_voices_male_21.txt
    -> 处理: zs_sounds_voices_male_3.txt
    -> 处理: zs_sounds_voices_male_4.txt
    -> 处理: zs_sounds_voices_male_5.txt
    -> 处理: zs_sounds_voices_special_polish.txt
阶段 2 完成: 从 scripts 新生成了 5 条数据。

--- 阶段 3: 合并 L0 与 L1 后，纯净英文基准总计: 835 条数据。---

--- 已为 Mod ID 3268487204 更新 835 条键来源映射 ---

--- 正在为 Mod 'Bandits' 生成输出文件 ---
    - 最终合并 (output.txt): 835 条
    - 纯净英文 (EN_output.txt/json): 835 条
    - 纯净中文 (CN_output.txt): 0 条
    - 中文独有 (cn_only.txt): 0 条 (增量)
    - 冲突键 (conflict_keys.txt): 0 条
    -> 正在尝试从 Git 历史记录中获取旧版本: data/output_files/Bandits_3268487204/EN_output.txt
      --> 成功找到旧版本。
     -> 在 'EN_output.txt (旧版本)' 中找到 835 个键。

处理成功！所有输出文件已保存在 'Bandits_3268487204' 文件夹中。
    -> [内存] 已为 Mod 3268487204 记录 Commit SHA: c27285b
