

========================= 开始处理 Workshop ID: 3414047248 (BetterBeltsB42) =========================

--- 正在检查已完成的翻译于: data/completed_files/3414047248/en_completed.txt ---
     -> 在 'en_completed.txt' 中找到 0 个键。

--- 正在检查待排除的键于: data/completed_files/3414047248/exclusion_list.txt ---
  -> 排除列表文件 'exclusion_list.txt' 不存在，跳过。

-------------------- 处理子模组: BetterBeltsB42 --------------------

--- 正在为 'BetterBeltsB42' 动态查找 'media' 文件夹 ---
  -> 发现版本目录队列: 42
  --> 找到最高优先级有效版本: 42

--- 阶段 1: 扫描所有 media 路径下的翻译文件 (L1) ---
  -> 正在处理 media 路径: data/workshop_content/3414047248/mods/BetterBeltsB42/42/media
  -> 扫描目录: data/workshop_content/3414047248/mods/BetterBeltsB42/42/media/lua/shared/Translate/CN
     -> 在 'Items_CN.txt' 中找到 0 个键。
     -> 在 'Recipes_CN.txt' 中找到 6 个键。
阶段 1 完成: 从 EN 加载了 0 条数据, 从 CN 加载了 6 条数据。

--- 阶段 2: 扫描所有 Media 路径下的 Scripts (L0) ---
  -> 正在处理 Scripts 路径: data/workshop_content/3414047248/mods/BetterBeltsB42/42/media/scripts
    -> 处理: BBELTS_Attachments.txt
    -> 处理: BBELTS_BeltsItems.txt
     -> 新增: 4 个 Item
    -> 处理: BBELTS_CD.txt
     -> 新增: 1 个 Item
    -> 处理: BBELTS_Gasmodel.txt
    -> 处理: items_hook.txt
     -> 新增: 8 个 Item
    -> 处理: recipes_hook.txt
     -> 新增: 16 个 Recipe
阶段 2 完成: 从 scripts 新生成了 29 条数据。

--- 阶段 3: 合并 L0 与 L1 后，纯净英文基准总计: 29 条数据。---

--- 阶段 4: 检测到 1 个与官方重复的键。---

--- 已为 Mod ID 3414047248 更新 30 条键来源映射 ---

--- 正在为 Mod 'BetterBeltsB42' 生成输出文件 ---
    - 最终合并 (output.txt): 30 条
    - 纯净英文 (EN_output.txt): 29 条
    - 纯净中文 (CN_output.txt): 6 条
    - 英文待办 (en_todo.txt): 24 条 (增量)
    - 中文独有 (cn_only.txt): 1 条 (增量)
    - 冲突键 (conflict_keys.txt): 1 条
    -> 正在尝试从 Git 历史记录中获取旧版本: data/output_files/BetterBeltsB42_3414047248/EN_todo.txt
      --> 成功找到旧版本。
     -> 在 'EN_todo.txt (旧版本)' 中找到 21 个键。
    -> 检测到内容变更。新增: 3, 移除: 0

处理成功！所有输出文件已保存在 'BetterBeltsB42_3414047248' 文件夹中。
    -> [内存] 已为 Mod 3414047248 记录 Commit SHA: 816e09e
