

========================= 开始处理 Workshop ID: 3599514194 (Better_Dressed) =========================

--- 正在检查已完成的翻译于: data/completed_files/3599514194/en_completed.txt ---
     -> 在 'en_completed.txt' 中找到 0 个键。

--- 正在检查待排除的键于: data/completed_files/3599514194/exclusion_list.txt ---
  -> 成功从 'exclusion_list.txt' 加载 5000 个待排除的键。

-------------------- 处理子模组: Better Dressed --------------------

--- 正在为 'Better Dressed' 动态查找 'media' 文件夹 ---
  -> 发现版本目录队列: 42.13, 42
  --> 找到最高优先级有效版本: 42.13

--- 阶段 1: 扫描所有 media 路径下的翻译文件 (L1) ---
  -> 正在处理 media 路径: data/workshop_content/3599514194/mods/Better Dressed/42.13/media
  -> 扫描目录: data/workshop_content/3599514194/mods/Better Dressed/42.13/media/lua/shared/Translate/EN
     -> 在 'IG_UI_EN.txt' 中找到 42 个键。
     -> 在 'Sandbox_EN.txt' 中找到 7 个键。
  -> 扫描目录: data/workshop_content/3599514194/mods/Better Dressed/42.13/media/lua/shared/Translate/CN
     -> 在 'IG_UI_CN.txt' 中找到 9 个键。
阶段 1 完成: 从 EN 加载了 49 条数据, 从 CN 加载了 9 条数据。

--- 阶段 2: 扫描所有 Media 路径下的 Scripts (L0) ---
  -> 正在处理 Scripts 路径: data/workshop_content/3599514194/mods/Better Dressed/42.13/media/scripts
    -> 处理: TransmogItems.txt
     -> 新增: 5000 个 Item
    -> 处理: TransmogUtils.txt
     -> 新增: 1 个 Item
阶段 2 完成: 从 scripts 新生成了 5001 条数据。

--- 阶段 3: 合并 L0 与 L1 后，纯净英文基准总计: 5050 条数据。---

--- 已为 Mod ID 3599514194 更新 5050 条键来源映射 ---

--- 正在应用 5000 个排除项 ---
    - 从英文数据中移除了 5000 个键。
    - 从中文数据中移除了 0 个键。
    - 从冲突数据中移除了 0 个键。

--- 正在为 Mod 'Better_Dressed' 生成输出文件 ---
    - 最终合并 (output.txt): 50 条
    - 纯净英文 (EN_output.txt): 50 条
    - 纯净中文 (CN_output.txt): 9 条
    - 英文待办 (en_todo.txt): 41 条 (增量)
    - 中文独有 (cn_only.txt): 0 条 (增量)
    - 冲突键 (conflict_keys.txt): 0 条
    -> 正在尝试从 Git 历史记录中获取旧版本: data/output_files/Better_Dressed_3599514194/EN_todo.txt
      --> 成功找到旧版本。
     -> 在 'EN_todo.txt (旧版本)' 中找到 41 个键。

处理成功！所有输出文件已保存在 'Better_Dressed_3599514194' 文件夹中。
    -> [内存] 已为 Mod 3599514194 记录 Commit SHA: e250084
