

========================= 开始处理 Workshop ID: 3461415167 (Bicycle) =========================

--- 正在检查已完成的翻译于: data/completed_files/3461415167/en_completed.txt ---
     -> 在 'en_completed.txt' 中找到 22 个键。

--- 正在检查待排除的键于: data/completed_files/3461415167/exclusion_list.txt ---
  -> 排除列表文件 'exclusion_list.txt' 不存在，跳过。

-------------------- 处理子模组: Bicycle --------------------

--- 正在为 'Bicycle' 动态查找 'media' 文件夹 ---
  -> 发现版本目录队列: 42.13, 42.12
  --> 找到最高优先级有效版本: 42.13

--- 阶段 1: 扫描所有 media 路径下的翻译文件 (L1) ---
  -> 正在处理 media 路径: data/workshop_content/3461415167/mods/Bicycle/42.13/media
  -> 扫描目录: data/workshop_content/3461415167/mods/Bicycle/42.13/media/lua/shared/Translate/EN
     -> 在 'ContextMenu.json' 中找到 6 个键。
     -> 在 'IG_UI.json' 中找到 39 个键。
     -> 在 'ItemName.json' 中找到 32 个键。
     -> 在 'Recipes.json' 中找到 9 个键。
     -> 在 'Sandbox.json' 中找到 11 个键。
     -> 在 'Tooltip.json' 中找到 17 个键。
     -> 在 'ContextMenu_EN.txt' 中找到 6 个键。
     -> 在 'IG_UI_EN.txt' 中找到 39 个键。
     -> 在 'ItemName_EN.txt' 中找到 28 个键。
     -> 在 'Recipes_EN.txt' 中找到 5 个键。
     -> 在 'Sandbox_EN.txt' 中找到 3 个键。
     -> 在 'Tooltip_EN.txt' 中找到 17 个键。
     -> 在 'language.txt' 中找到 2 个键。
阶段 1 完成: 从 EN 加载了 149 条数据, 从 CN 加载了 0 条数据。

--- 阶段 2: 扫描所有 Media 路径下的 Scripts (L0) ---
  -> 正在处理 Scripts 路径: data/workshop_content/3461415167/mods/Bicycle/42.13/media/scripts
    -> 处理: Basket_item.txt
    -> 处理: Bicycle_item.txt
    -> 处理: Bicycle_models.txt
    -> 处理: Bicycle_redstreet_item.txt
    -> 处理: Bicycle_redstreet_models.txt
    -> 处理: Crate_item.txt
    -> 处理: PlasticBag_item.txt
    -> 处理: Saddlebag_item.txt
    -> 处理: Saddlebag_models.txt
    -> 处理: Toolbox_item.txt
    -> 处理: recipes/recipes_containers.txt
     -> 新增: 1 个 Recipe
    -> 处理: recipes/recipes_lamp.txt
     -> 新增: 1 个 Recipe
    -> 处理: recipes/recipes_wheels.txt
     -> 新增: 1 个 Recipe
阶段 2 完成: 从 scripts 新生成了 3 条数据。

--- 阶段 3: 合并 L0 与 L1 后，纯净英文基准总计: 152 条数据。---

--- 阶段 4: 检测到 5 个与官方重复的键。---

--- 已为 Mod ID 3461415167 更新 156 条键来源映射 ---

--- 正在为 Mod 'Bicycle' 生成输出文件 ---
    - 最终合并 (output.txt): 152 条
    - 纯净英文 (EN_output.txt/json): 152 条
    - 纯净中文 (CN_output.txt): 0 条
    - 中文独有 (cn_only.txt): 0 条 (增量)
    - 冲突键 (conflict_keys.txt): 5 条
    -> 正在尝试从 Git 历史记录中获取旧版本: data/output_files/Bicycle_3461415167/EN_output.txt
      --> 成功找到旧版本。
     -> 在 'EN_output.txt (旧版本)' 中找到 101 个键。
    -> 检测到内容变更。新增: 51, 移除: 0

处理成功！所有输出文件已保存在 'Bicycle_3461415167' 文件夹中。
    -> [内存] 已为 Mod 3461415167 记录 Commit SHA: c4f2b44
