

========================= 开始处理 Workshop ID: 3004563786 (Big_Dried_Fruit) =========================

--- 正在检查已完成的翻译于: data/completed_files/3004563786/en_completed.txt ---
     -> 在 'en_completed.txt' 中找到 0 个键。

--- 正在检查待排除的键于: data/completed_files/3004563786/exclusion_list.txt ---
  -> 排除列表文件 'exclusion_list.txt' 不存在，跳过。

-------------------- 处理子模组: Big Dried Fruit --------------------

--- 正在为 'Big Dried Fruit' 动态查找 'media' 文件夹 ---
  -> 发现版本目录: 42.0
  -> 正在检查路径的有效性: data/workshop_content/3004563786/mods/Big Dried Fruit/42.0/media
  --> 路径有效！已将其加入待处理列表。

--- 阶段 1: 扫描所有 media 路径下的翻译文件 (L1) ---
  -> 正在处理 media 路径: data/workshop_content/3004563786/mods/Big Dried Fruit/42.0/media
  -> 扫描目录: data/workshop_content/3004563786/mods/Big Dried Fruit/42.0/media/lua/shared/Translate/EN
     -> 在 'ToolTip_EN.txt' 中找到 15 个键。
  -> 扫描目录: data/workshop_content/3004563786/mods/Big Dried Fruit/42.0/media/lua/shared/Translate/CN
    处理文件 ItemName_CN.txt 时发生错误: 'utf-8' codec can't decode byte 0xfe in position 0: invalid start byte
     -> 在 'ItemName_CN.txt' 中找到 0 个键。
    处理文件 Recipes_CN.txt 时发生错误: 'utf-8' codec can't decode byte 0xfe in position 0: invalid start byte
     -> 在 'Recipes_CN.txt' 中找到 0 个键。
    处理文件 ToolTip_CN.txt 时发生错误: 'utf-8' codec can't decode byte 0xff in position 0: invalid start byte
     -> 在 'ToolTip_CN.txt' 中找到 0 个键。
阶段 1 完成: 从 EN 加载了 15 条数据, 从 CN 加载了 0 条数据。

--- 阶段 2: 扫描所有 Media 路径下的 Scripts (L0) ---
  -> 正在处理 Scripts 路径: data/workshop_content/3004563786/mods/Big Dried Fruit/42.0/media/scripts
    -> 处理: BigDriedfruit_models_items.txt
    -> 处理: Big_Dried_Fruits.txt
     -> 新增: 54 个 Item
    -> 处理: Big_Dried_Items.txt
     -> 新增: 4 个 Item
    -> 处理: Big_Dried_Meats.txt
     -> 新增: 20 个 Item
    -> 处理: Big_Dried_Recipes.txt
     -> 新增: 9 个 Recipe
    -> 处理: Big_Dried_Vegetables.txt
     -> 新增: 23 个 Item
阶段 2 完成: 从 scripts 新生成了 110 条数据。

--- 阶段 3: 合并 L0 与 L1 后，纯净英文基准总计: 125 条数据。---

--- 阶段 4: 检测到 1 个与官方重复的键。---

-------------------- 处理子模组: Big Items --------------------

--- 正在为 'Big Items' 动态查找 'media' 文件夹 ---
  -> 发现版本目录: 42.0
  -> 正在检查路径的有效性: data/workshop_content/3004563786/mods/Big Items/42.0/media
  --> 路径有效！已将其加入待处理列表。

--- 阶段 1: 扫描所有 media 路径下的翻译文件 (L1) ---
  -> 正在处理 media 路径: data/workshop_content/3004563786/mods/Big Items/42.0/media
阶段 1 完成: 从 EN 加载了 0 条数据, 从 CN 加载了 0 条数据。

--- 阶段 2: 扫描所有 Media 路径下的 Scripts (L0) ---
  -> 正在处理 Scripts 路径: data/workshop_content/3004563786/mods/Big Items/42.0/media/scripts
    -> 处理: Big_MoreItems.txt
     -> 新增: 5 个 Item
    -> 处理: Big_MoreItems_models.txt
阶段 2 完成: 从 scripts 新生成了 5 条数据。

--- 阶段 3: 合并 L0 与 L1 后，纯净英文基准总计: 5 条数据。---

-------------------- 处理子模组: Big Salt --------------------

--- 正在为 'Big Salt' 动态查找 'media' 文件夹 ---
  -> 发现版本目录: 42.0
  -> 正在检查路径的有效性: data/workshop_content/3004563786/mods/Big Salt/42.0/media
  --> 路径有效！已将其加入待处理列表。

--- 阶段 1: 扫描所有 media 路径下的翻译文件 (L1) ---
  -> 正在处理 media 路径: data/workshop_content/3004563786/mods/Big Salt/42.0/media
阶段 1 完成: 从 EN 加载了 0 条数据, 从 CN 加载了 0 条数据。

--- 阶段 2: 扫描所有 Media 路径下的 Scripts (L0) ---
  -> 正在处理 Scripts 路径: data/workshop_content/3004563786/mods/Big Salt/42.0/media/scripts
    -> 处理: Big_Items.txt
     -> 新增: 15 个 Item
    -> 处理: Bigsalt_models_items.txt
    -> 处理: recipes_BigPacking.txt
     -> 新增: 7 个 Recipe
阶段 2 完成: 从 scripts 新生成了 22 条数据。

--- 阶段 3: 合并 L0 与 L1 后，纯净英文基准总计: 22 条数据。---

--- 阶段 4: 检测到 1 个与官方重复的键。---

--- 已为 Mod ID 3004563786 更新 152 条键来源映射 ---

--- 正在为 Mod 'Big_Dried_Fruit' 生成输出文件 ---
    - 最终合并 (output.txt): 152 条
    - 纯净英文 (EN_output.txt): 152 条
    - 纯净中文 (CN_output.txt): 0 条
    - 英文待办 (en_todo.txt): 152 条 (增量)
    - 中文独有 (cn_only.txt): 0 条 (增量)
    - 冲突键 (conflict_keys.txt): 2 条
    -> 正在尝试从 Git 历史记录中获取旧版本: data/output_files/Big_Dried_Fruit_3004563786/EN_todo.txt
      --> 成功找到旧版本。
     -> 在 'EN_todo.txt (旧版本)' 中找到 152 个键。

处理成功！所有输出文件已保存在 'Big_Dried_Fruit_3004563786' 文件夹中。
    -> [内存] 已为 Mod 3004563786 记录 Commit SHA: e702a04
