

========================= 开始处理 Workshop ID: 3675915922 (body_range) =========================

--- 正在检查已完成的翻译于: data/completed_files/3675915922/en_completed.txt ---
     -> 在 'en_completed.txt' 中找到 0 个键。

--- 正在检查待排除的键于: data/completed_files/3675915922/exclusion_list.txt ---
  -> 排除列表文件 'exclusion_list.txt' 不存在，跳过。

-------------------- 处理子模组: body_range --------------------

--- 正在为 'body_range' 动态查找 'media' 文件夹 ---
  -> 发现版本目录队列: 42.15, 42.14, 42.12
  --> 找到最高优先级有效版本: 42.15

--- 阶段 1: 扫描所有 media 路径下的翻译文件 (L1) ---
  -> 正在处理 media 路径: data/workshop_content/3675915922/mods/body_range/42.15/media
  -> 扫描目录: data/workshop_content/3675915922/mods/body_range/42.15/media/lua/shared/Translate/EN
     -> 在 'ItemName_EN.txt' 中找到 36 个键。
     -> 在 'ItemName_FZ3.txt' 中找到 36 个键。
     -> 在 'Recipes_EN.txt' 中找到 5 个键。
     -> 在 'Sandbox_EN.txt' 中找到 13 个键。
     -> 在 'UI_EN.txt' 中找到 14 个键。
  -> 扫描目录: data/workshop_content/3675915922/mods/body_range/42.15/media/lua/shared/Translate/CN
     -> 在 'Sandbox_CN.txt' 中找到 12 个键。
     -> 在 'UI_CN.txt' 中找到 12 个键。
阶段 1 完成: 从 EN 加载了 68 条数据, 从 CN 加载了 24 条数据。

--- 阶段 2: 扫描所有 Media 路径下的 Scripts (L0) ---
  -> 正在处理 Scripts 路径: data/workshop_content/3675915922/mods/body_range/42.15/media/scripts
    -> 处理: ExtraBombs_items.txt
    -> 处理: ExtraBombs_models.txt
    -> 处理: Pieces_Model.txt
    -> 处理: SMELLSENSE_Items.txt
    -> 处理: SMELLSENSE_Recipes.txt
     -> 新增: 3 个 Recipe
    -> 处理: SMELLSENSE_Sounds.txt
    -> 处理: SMELLSENSE_TimedActions.txt
    -> 处理: ZombiePieces.txt
    -> 处理: clothing/zombieclothing.txt
    -> 处理: items_food.txt
    -> 处理: susceptible_boxes.txt
    -> 处理: susceptible_items.txt
    -> 处理: susceptible_models.txt
    -> 处理: susceptible_recipes.txt
     -> 新增: 5 个 Recipe
阶段 2 完成: 从 scripts 新生成了 8 条数据。

--- 阶段 3: 合并 L0 与 L1 后，纯净英文基准总计: 76 条数据。---

--- 已为 Mod ID 3675915922 更新 76 条键来源映射 ---

--- 正在为 Mod 'body_range' 生成输出文件 ---
    - 最终合并 (output.txt): 76 条
    - 纯净英文 (EN_output.txt/json): 76 条
    - 纯净中文 (CN_output.txt): 24 条
    - 中文独有 (cn_only.txt): 0 条 (增量)
    - 冲突键 (conflict_keys.txt): 0 条
    -> 正在尝试从 Git 历史记录中获取旧版本: data/output_files/body_range_3675915922/EN_output.txt
      --> 成功找到旧版本。
     -> 在 'EN_output.txt (旧版本)' 中找到 76 个键。

处理成功！所有输出文件已保存在 'body_range_3675915922' 文件夹中。
    -> [内存] 已为 Mod 3675915922 记录 Commit SHA: 5e9093c
