

========================= 开始处理 Workshop ID: 3486522951 (Box_more!) =========================

--- 正在检查已完成的翻译于: data/completed_files/3486522951/en_completed.txt ---
     -> 在 'en_completed.txt' 中找到 0 个键。

--- 正在检查待排除的键于: data/completed_files/3486522951/exclusion_list.txt ---
  -> 排除列表文件 'exclusion_list.txt' 不存在，跳过。

-------------------- 处理子模组: Box more! --------------------

--- 正在为 'Box more!' 动态查找 'media' 文件夹 ---
  -> 发现版本目录队列: 42
  --> 找到最高优先级有效版本: 42

--- 阶段 1: 扫描所有 media 路径下的翻译文件 (L1) ---
  -> 正在处理 media 路径: data/workshop_content/3486522951/mods/Box more!/42/media
  -> 扫描目录: data/workshop_content/3486522951/mods/Box more!/42/media/lua/shared/Translate/EN
     -> 在 'ItemName.json' 中找到 95 个键。
     -> 在 'Recipes.json' 中找到 193 个键。
  -> 扫描目录: data/workshop_content/3486522951/mods/Box more!/42/media/lua/shared/Translate/CN
     -> 在 'ItemName.json' 中找到 95 个键。
     -> 在 'Recipes_CN.json' 中找到 193 个键。
阶段 1 完成: 从 EN 加载了 288 条数据, 从 CN 加载了 288 条数据。

--- 阶段 2: 扫描所有 Media 路径下的 Scripts (L0) ---
  -> 正在处理 Scripts 路径: data/workshop_content/3486522951/mods/Box more!/42/media/scripts
    -> 处理: bm_craftrecipes.txt
     -> 新增: 2 个 Recipe
    -> 处理: bm_packs.txt
     -> 新增: 1 个 Item
阶段 2 完成: 从 scripts 新生成了 3 条数据。

--- 阶段 3: 合并 L0 与 L1 后，纯净英文基准总计: 291 条数据。---

--- 阶段 4: 检测到 1 个与官方重复的键。---

-------------------- 处理子模组: Box more! distros --------------------

--- 正在为 'Box more! distros' 动态查找 'media' 文件夹 ---
  -> 发现版本目录队列: 42
  --> 版本 42 无效或为空，尝试检查下一个低版本...
  --> 未能在 Common 或 版本目录队列中找到任何有效的 'media' 文件夹。

-------------------- 处理子模组: Box more! for metal redux 50 --------------------

--- 正在为 'Box more! for metal redux 50' 动态查找 'media' 文件夹 ---
  -> 发现版本目录队列: 42
  --> 版本 42 无效或为空，尝试检查下一个低版本...
  --> 未能在 Common 或 版本目录队列中找到任何有效的 'media' 文件夹。

-------------------- 处理子模组: Box more! for plank redux 25 --------------------

--- 正在为 'Box more! for plank redux 25' 动态查找 'media' 文件夹 ---
  -> 发现版本目录队列: 42
  --> 版本 42 无效或为空，尝试检查下一个低版本...
  --> 未能在 Common 或 版本目录队列中找到任何有效的 'media' 文件夹。

-------------------- 处理子模组: Box more! for plank redux 50 --------------------

--- 正在为 'Box more! for plank redux 50' 动态查找 'media' 文件夹 ---
  -> 发现版本目录队列: 42
  --> 版本 42 无效或为空，尝试检查下一个低版本...
  --> 未能在 Common 或 版本目录队列中找到任何有效的 'media' 文件夹。

-------------------- 处理子模组: Box more! for torch fix --------------------

--- 正在为 'Box more! for torch fix' 动态查找 'media' 文件夹 ---
  -> 发现版本目录队列: 42
  --> 版本 42 无效或为空，尝试检查下一个低版本...
  --> 未能在 Common 或 版本目录队列中找到任何有效的 'media' 文件夹。

--- 已为 Mod ID 3486522951 更新 482 条键来源映射 ---

--- 正在为 Mod 'Box_more!' 生成输出文件 ---
    - 最终合并 (output.txt): 292 条
    - 纯净英文 (EN_output.txt/json): 291 条
    - 纯净中文 (CN_output.txt): 288 条
    - 中文独有 (cn_only.txt): 1 条 (增量)
    - 冲突键 (conflict_keys.txt): 1 条
    -> 正在尝试从 Git 历史记录中获取旧版本: data/output_files/Box_more!_3486522951/EN_output.txt
      --> 成功找到旧版本。
     -> 在 'EN_output.txt (旧版本)' 中找到 287 个键。
    -> 检测到内容变更。新增: 289, 移除: 285

处理成功！所有输出文件已保存在 'Box_more!_3486522951' 文件夹中。
    -> [内存] 已为 Mod 3486522951 记录 Commit SHA: 426d197
