

========================= 开始处理 Workshop ID: 3639628777 (BurdSurvivalJournals) =========================

--- 正在检查已完成的翻译于: data/completed_files/3639628777/en_completed.txt ---
  -> 文件 'en_completed.txt' 在目标位置不存在，将自动创建。

--- 正在检查待排除的键于: data/completed_files/3639628777/exclusion_list.txt ---
  -> 排除列表文件 'exclusion_list.txt' 不存在，跳过。

-------------------- 处理子模组: BurdSurvivalJournals --------------------

--- 正在为 'BurdSurvivalJournals' 动态查找 'media' 文件夹 ---
  -> 找到有效 Common 路径: data/workshop_content/3639628777/mods/BurdSurvivalJournals/common/media
  -> 发现版本目录队列: 42
  --> 找到最高优先级有效版本: 42

--- 阶段 1: 扫描所有 media 路径下的翻译文件 (L1) ---
  -> 正在处理 media 路径: data/workshop_content/3639628777/mods/BurdSurvivalJournals/common/media
  -> 扫描目录: data/workshop_content/3639628777/mods/BurdSurvivalJournals/common/media/lua/shared/Translate/EN
     -> 在 'ContextMenu_EN.txt' 中找到 30 个键。
     -> 在 'IG_UI_EN.txt' 中找到 60 个键。
     -> 在 'ItemName_EN.txt' 中找到 6 个键。
     -> 在 'Items_EN.txt' 中找到 0 个键。
     -> 在 'Recipes_EN.txt' 中找到 18 个键。
     -> 在 'Sandbox_EN.txt' 中找到 119 个键。
     -> 在 'Tooltip_EN.txt' 中找到 94 个键。
     -> 在 'UI_EN.txt' 中找到 309 个键。
  -> 扫描目录: data/workshop_content/3639628777/mods/BurdSurvivalJournals/common/media/lua/shared/Translate/CN
     -> 在 'ContextMenu_CN.txt' 中找到 30 个键。
     -> 在 'IG_UI_CN.txt' 中找到 60 个键。
     -> 在 'ItemName_CN.txt' 中找到 6 个键。
     -> 在 'Items_CN.txt' 中找到 0 个键。
     -> 在 'Recipes_CN.txt' 中找到 18 个键。
     -> 在 'Sandbox_CN.txt' 中找到 111 个键。
     -> 在 'Tooltip_CN.txt' 中找到 94 个键。
     -> 在 'UI_CN.txt' 中找到 315 个键。
  -> 正在处理 media 路径: data/workshop_content/3639628777/mods/BurdSurvivalJournals/42/media
  -> 扫描目录: data/workshop_content/3639628777/mods/BurdSurvivalJournals/42/media/lua/shared/Translate/EN
     -> 在 'ContextMenu_EN.txt' 中找到 30 个键。
     -> 在 'IG_UI_EN.txt' 中找到 60 个键。
     -> 在 'ItemName_EN.txt' 中找到 6 个键。
     -> 在 'Items_EN.txt' 中找到 0 个键。
     -> 在 'Recipes_EN.txt' 中找到 18 个键。
     -> 在 'Sandbox_EN.txt' 中找到 119 个键。
     -> 在 'Tooltip_EN.txt' 中找到 94 个键。
     -> 在 'UI_EN.txt' 中找到 309 个键。
  -> 扫描目录: data/workshop_content/3639628777/mods/BurdSurvivalJournals/42/media/lua/shared/Translate/CN
     -> 在 'ContextMenu_CN.txt' 中找到 30 个键。
     -> 在 'IG_UI_CN.txt' 中找到 60 个键。
     -> 在 'ItemName_CN.txt' 中找到 6 个键。
     -> 在 'Items_CN.txt' 中找到 0 个键。
     -> 在 'Recipes_CN.txt' 中找到 18 个键。
     -> 在 'Sandbox_CN.txt' 中找到 111 个键。
     -> 在 'Tooltip_CN.txt' 中找到 94 个键。
     -> 在 'UI_CN.txt' 中找到 315 个键。
阶段 1 完成: 从 EN 加载了 582 条数据, 从 CN 加载了 580 条数据。

--- 阶段 2: 扫描所有 Media 路径下的 Scripts (L0) ---
  -> 正在处理 Scripts 路径: data/workshop_content/3639628777/mods/BurdSurvivalJournals/common/media/scripts
    -> 处理: items_burdJournals.txt
    -> 处理: recipes_burdJournals.txt
     -> 新增: 1 个 Recipe
  -> 正在处理 Scripts 路径: data/workshop_content/3639628777/mods/BurdSurvivalJournals/42/media/scripts
    -> 处理: items_burdJournals.txt
    -> 处理: recipes_burdJournals.txt
阶段 2 完成: 从 scripts 新生成了 1 条数据。

--- 阶段 3: 合并 L0 与 L1 后，纯净英文基准总计: 583 条数据。---

--- 阶段 4: 检测到 1 个与官方重复的键。---

--- 已为 Mod ID 3639628777 更新 596 条键来源映射 ---

--- 正在为 Mod 'BurdSurvivalJournals' 生成输出文件 ---
    - 最终合并 (output.txt): 596 条
    - 纯净英文 (EN_output.txt): 583 条
    - 纯净中文 (CN_output.txt): 580 条
    - 英文待办 (en_todo.txt): 45 条 (增量)
    - 中文独有 (cn_only.txt): 13 条 (增量)
    - 冲突键 (conflict_keys.txt): 1 条
    -> 正在尝试从 Git 历史记录中获取旧版本: data/output_files/BurdSurvivalJournals_3639628777/EN_todo.txt
      --> 在 Git 历史记录中未找到该文件，视为全新。
    -> 基线日志已存档到: data/logs/archive/BurdSurvivalJournals_3639628777_baseline_run_20260201_042632.json

处理成功！所有输出文件已保存在 'BurdSurvivalJournals_3639628777' 文件夹中。
    -> 警告：未能获取 Mod 3639628777 的完成文件SHA，状态未记录。
