

========================= 开始处理 Workshop ID: 3650035249 (CAExtendedCategories) =========================

--- 正在检查已完成的翻译于: data/completed_files/3650035249/en_completed.txt ---
     -> 在 'en_completed.txt' 中找到 0 个键。

--- 正在检查待排除的键于: data/completed_files/3650035249/exclusion_list.txt ---
  -> 排除列表文件 'exclusion_list.txt' 不存在，跳过。

-------------------- 处理子模组: CAExtendedCategories --------------------

--- 正在为 'CAExtendedCategories' 动态查找 'media' 文件夹 ---
  -> 找到有效 Common 路径: data/workshop_content/3650035249/mods/CAExtendedCategories/common/media
  -> 发现版本目录队列: 42
  --> 版本 42 无效或为空，尝试检查下一个低版本...

--- 阶段 1: 扫描所有 media 路径下的翻译文件 (L1) ---
  -> 正在处理 media 路径: data/workshop_content/3650035249/mods/CAExtendedCategories/common/media
  -> 扫描目录: data/workshop_content/3650035249/mods/CAExtendedCategories/common/media/lua/shared/Translate/EN
     -> 在 'IG_UI_EN.txt' 中找到 261 个键。
  -> 扫描目录: data/workshop_content/3650035249/mods/CAExtendedCategories/common/media/lua/shared/Translate/CN
     -> 在 'IG_UI_CN.txt' 中找到 266 个键。
阶段 1 完成: 从 EN 加载了 261 条数据, 从 CN 加载了 266 条数据。

--- 阶段 2: 扫描所有 Media 路径下的 Scripts (L0) ---
阶段 2 完成: 从 scripts 新生成了 0 条数据。

--- 阶段 3: 合并 L0 与 L1 后，纯净英文基准总计: 261 条数据。---

--- 阶段 4: 检测到 5 个与官方重复的键。---

--- 已为 Mod ID 3650035249 更新 266 条键来源映射 ---

--- 正在为 Mod 'CAExtendedCategories' 生成输出文件 ---
    - 最终合并 (output.txt): 266 条
    - 纯净英文 (EN_output.txt): 261 条
    - 纯净中文 (CN_output.txt): 266 条
    - 英文待办 (en_todo.txt): 0 条 (增量)
    - 中文独有 (cn_only.txt): 5 条 (增量)
    - 冲突键 (conflict_keys.txt): 5 条
    -> 正在尝试从 Git 历史记录中获取旧版本: data/output_files/CAExtendedCategories_3650035249/EN_todo.txt
      --> 成功找到旧版本。
     -> 在 'EN_todo.txt (旧版本)' 中找到 0 个键。

处理成功！所有输出文件已保存在 'CAExtendedCategories_3650035249' 文件夹中。
    -> [内存] 已为 Mod 3650035249 记录 Commit SHA: ea668e2
