

========================= 开始处理 Workshop ID: 2719850086 (Capacity_Limit_Bypass) =========================

--- 正在检查已完成的翻译于: data/completed_files/2719850086/en_completed.txt ---
     -> 在 'en_completed.txt' 中找到 1432 个键。

--- 正在检查待排除的键于: data/completed_files/2719850086/exclusion_list.txt ---
  -> 排除列表文件 'exclusion_list.txt' 不存在，跳过。

-------------------- 处理子模组: Capacity Limit Bypass --------------------

--- 正在为 'Capacity Limit Bypass' 动态查找 'media' 文件夹 ---
  -> 发现版本目录队列: 42.0
  --> 版本 42.0 无效或为空，尝试检查下一个低版本...
  --> 未能在 Common 或 版本目录队列中找到任何有效的 'media' 文件夹。

-------------------- 处理子模组: Customizable Containers --------------------

--- 正在为 'Customizable Containers' 动态查找 'media' 文件夹 ---
  -> 发现版本目录队列: 42.0
  --> 找到最高优先级有效版本: 42.0

--- 阶段 1: 扫描所有 media 路径下的翻译文件 (L1) ---
  -> 正在处理 media 路径: data/workshop_content/2719850086/mods/Customizable Containers/42.0/media
  -> 扫描目录: data/workshop_content/2719850086/mods/Customizable Containers/42.0/media/lua/shared/Translate/EN
     -> 在 'IG_UI.json' 中找到 762 个键。
     -> 在 'Sandbox.json' 中找到 389 个键。
     -> 在 'Tooltip.json' 中找到 8 个键。
阶段 1 完成: 从 EN 加载了 1159 条数据, 从 CN 加载了 0 条数据。

--- 阶段 2: 扫描所有 Media 路径下的 Scripts (L0) ---
  -> 正在处理 Scripts 路径: data/workshop_content/2719850086/mods/Customizable Containers/42.0/media/scripts
    -> 处理: CraftItems.txt
     -> 新增: 2 个 Recipe
    -> 处理: CustomizableItems.txt
     -> 新增: 637 个 Item
    -> 处理: CustomizableRecipes.txt
     -> 新增: 54 个 Recipe
阶段 2 完成: 从 scripts 新生成了 693 条数据。

--- 阶段 3: 合并 L0 与 L1 后，纯净英文基准总计: 1852 条数据。---

--- 阶段 4: 检测到 1 个与官方重复的键。---

--- 已为 Mod ID 2719850086 更新 1852 条键来源映射 ---

--- 正在为 Mod 'Capacity_Limit_Bypass' 生成输出文件 ---
    - 最终合并 (output.txt): 1852 条
    - 纯净英文 (EN_output.txt/json): 1852 条
    - 纯净中文 (CN_output.txt): 0 条
    - 中文独有 (cn_only.txt): 0 条 (增量)
    - 冲突键 (conflict_keys.txt): 1 条
    -> 正在尝试从 Git 历史记录中获取旧版本: data/output_files/Capacity_Limit_Bypass_2719850086/EN_output.txt
      --> 在 Git 历史记录中未找到该文件，视为全新。
    -> 基线日志已存档到: data/logs/archive/Capacity_Limit_Bypass_2719850086_baseline_run_20260428_050313.json

处理成功！所有输出文件已保存在 'Capacity_Limit_Bypass_2719850086' 文件夹中。
    -> [内存] 已为 Mod 2719850086 记录 Commit SHA: 2ebac34
