

========================= 开始处理 Workshop ID: 3564110652 (Chimera) =========================

--- 正在检查已完成的翻译于: data/completed_files/3564110652/en_completed.txt ---
     -> 在 'en_completed.txt' 中找到 0 个键。

--- 正在检查待排除的键于: data/completed_files/3564110652/exclusion_list.txt ---
  -> 排除列表文件 'exclusion_list.txt' 不存在，跳过。

-------------------- 处理子模组: Chimera --------------------

--- 正在为 'Chimera' 动态查找 'media' 文件夹 ---
  -> 发现版本目录队列: 42
  --> 找到最高优先级有效版本: 42

--- 阶段 1: 扫描所有 media 路径下的翻译文件 (L1) ---
  -> 正在处理 media 路径: data/workshop_content/3564110652/mods/Chimera/42/media
  -> 扫描目录: data/workshop_content/3564110652/mods/Chimera/42/media/lua/shared/Translate/EN
     -> 在 'ContextMenu_EN.txt' 中找到 33 个键。
     -> 在 'IG_UI_EN.txt' 中找到 9 个键。
     -> 在 'ItemName_EN.txt' 中找到 8 个键。
阶段 1 完成: 从 EN 加载了 50 条数据, 从 CN 加载了 0 条数据。

--- 阶段 2: 扫描所有 Media 路径下的 Scripts (L0) ---
  -> 正在处理 Scripts 路径: data/workshop_content/3564110652/mods/Chimera/42/media/scripts
    -> 处理: Attachments_Rangers3.txt
    -> 处理: FR_Operator_Attachments.txt
    -> 处理: FR_Operator_Holster_System.txt
    -> 处理: clothing/FR_ML.txt
    -> 处理: clothing/FR_Operator_Main.txt
     -> 新增: 75 个 Item
    -> 处理: clothing/FR_TacLite.txt
阶段 2 完成: 从 scripts 新生成了 75 条数据。

--- 阶段 3: 合并 L0 与 L1 后，纯净英文基准总计: 125 条数据。---

-------------------- 处理子模组: ChimeraTomb --------------------

--- 正在为 'ChimeraTomb' 动态查找 'media' 文件夹 ---
  -> 发现版本目录队列: 42
  --> 版本 42 无效或为空，尝试检查下一个低版本...
  --> 未能在 Common 或 版本目录队列中找到任何有效的 'media' 文件夹。

--- 已为 Mod ID 3564110652 更新 125 条键来源映射 ---

--- 正在为 Mod 'Chimera' 生成输出文件 ---
    - 最终合并 (output.txt): 125 条
    - 纯净英文 (EN_output.txt): 125 条
    - 纯净中文 (CN_output.txt): 0 条
    - 英文待办 (en_todo.txt): 125 条 (增量)
    - 中文独有 (cn_only.txt): 0 条 (增量)
    - 冲突键 (conflict_keys.txt): 0 条
    -> 正在尝试从 Git 历史记录中获取旧版本: data/output_files/Chimera_3564110652/EN_todo.txt
      --> 成功找到旧版本。
     -> 在 'EN_todo.txt (旧版本)' 中找到 125 个键。

处理成功！所有输出文件已保存在 'Chimera_3564110652' 文件夹中。
    -> [内存] 已为 Mod 3564110652 记录 Commit SHA: bab95b8
