

========================= 开始处理 Workshop ID: 3427091746 (CombatTraits) =========================

--- 正在检查已完成的翻译于: data/completed_files/3427091746/en_completed.txt ---
     -> 在 'en_completed.txt' 中找到 49 个键。

--- 正在检查待排除的键于: data/completed_files/3427091746/exclusion_list.txt ---
  -> 排除列表文件 'exclusion_list.txt' 不存在，跳过。

-------------------- 处理子模组: CombatTraits --------------------

--- 正在为 'CombatTraits' 动态查找 'media' 文件夹 ---
  -> 发现版本目录队列: 42.15, 42.13, 42.12
  --> 找到最高优先级有效版本: 42.15

--- 阶段 1: 扫描所有 media 路径下的翻译文件 (L1) ---
  -> 正在处理 media 路径: data/workshop_content/3427091746/mods/CombatTraits/42.15/media
  -> 扫描目录: data/workshop_content/3427091746/mods/CombatTraits/42.15/media/lua/shared/Translate/EN
     -> 在 'UI.json' 中找到 28 个键。
     -> 在 'UI_EN.txt' 中找到 28 个键。
阶段 1 完成: 从 EN 加载了 28 条数据, 从 CN 加载了 0 条数据。

--- 阶段 2: 扫描所有 Media 路径下的 Scripts (L0) ---
  -> 正在处理 Scripts 路径: data/workshop_content/3427091746/mods/CombatTraits/42.15/media/scripts
    -> 处理: SWCombatTraits_character_traits.txt
阶段 2 完成: 从 scripts 新生成了 0 条数据。

--- 阶段 3: 合并 L0 与 L1 后，纯净英文基准总计: 28 条数据。---

-------------------- 处理子模组: CombatTraitsCore --------------------

--- 正在为 'CombatTraitsCore' 动态查找 'media' 文件夹 ---
  -> 发现版本目录队列: 42.15, 42.13, 42.12
  --> 版本 42.15 无效或为空，尝试检查下一个低版本...
  --> 版本 42.13 无效或为空，尝试检查下一个低版本...
  --> 版本 42.12 无效或为空，尝试检查下一个低版本...
  --> 未能在 Common 或 版本目录队列中找到任何有效的 'media' 文件夹。

--- 已为 Mod ID 3427091746 更新 28 条键来源映射 ---

--- 正在为 Mod 'CombatTraits' 生成输出文件 ---
    - 最终合并 (output.txt): 28 条
    - 纯净英文 (EN_output.txt/json): 28 条
    - 纯净中文 (CN_output.txt): 0 条
    - 中文独有 (cn_only.txt): 0 条 (增量)
    - 冲突键 (conflict_keys.txt): 0 条
    -> 正在尝试从 Git 历史记录中获取旧版本: data/output_files/CombatTraits_3427091746/EN_output.txt
      --> 成功找到旧版本。
     -> 在 'EN_output.txt (旧版本)' 中找到 28 个键。

处理成功！所有输出文件已保存在 'CombatTraits_3427091746' 文件夹中。
    -> [内存] 已为 Mod 3427091746 记录 Commit SHA: 104640c
