

========================= 开始处理 Workshop ID: 3566330206 (CorvetteC6) =========================

--- 正在检查已完成的翻译于: data/completed_files/3566330206/en_completed.txt ---
     -> 在 'en_completed.txt' 中找到 0 个键。

--- 正在检查待排除的键于: data/completed_files/3566330206/exclusion_list.txt ---
  -> 排除列表文件 'exclusion_list.txt' 不存在，跳过。

-------------------- 处理子模组: CorvetteC6 --------------------

--- 正在为 'CorvetteC6' 动态查找 'media' 文件夹 ---
  -> 发现版本目录: 42
  -> 正在检查路径的有效性: data/workshop_content/3566330206/mods/CorvetteC6/42/media
  --> 路径有效！已将其加入待处理列表。

--- 阶段 1: 扫描所有 media 路径下的翻译文件 (L1) ---
  -> 正在处理 media 路径: data/workshop_content/3566330206/mods/CorvetteC6/42/media
  -> 扫描目录: data/workshop_content/3566330206/mods/CorvetteC6/42/media/lua/shared/Translate/EN
     -> 在 'IG_UI_EN.txt' 中找到 5 个键。
阶段 1 完成: 从 EN 加载了 5 条数据, 从 CN 加载了 0 条数据。

--- 阶段 2: 扫描所有 Media 路径下的 Scripts (L0) ---
  -> 正在处理 Scripts 路径: data/workshop_content/3566330206/mods/CorvetteC6/42/media/scripts
    -> 处理: vehicles/C6Corvette.txt
    -> 处理: vehicles/C6CorvetteConvertible.txt
    -> 处理: vehicles/C6CorvetteZR1.txt
    -> 处理: vehicles/template_C6CorvetteConvertible_accesories.txt
    -> 处理: vehicles/template_C6CorvetteConvertible_armor.txt
    -> 处理: vehicles/template_C6CorvetteConvertible_bumpers.txt
    -> 处理: vehicles/template_C6CorvetteConvertible_doors.txt
    -> 处理: vehicles/template_C6CorvetteConvertible_hood.txt
    -> 处理: vehicles/template_C6CorvetteConvertible_seats.txt
    -> 处理: vehicles/template_C6CorvetteConvertible_trunkdoor.txt
    -> 处理: vehicles/template_C6CorvetteConvertible_trunks.txt
    -> 处理: vehicles/template_C6CorvetteConvertible_windows.txt
    -> 处理: vehicles/template_C6CorvetteConvertible_windshields.txt
    -> 处理: vehicles/template_C6CorvetteZR1_accesories.txt
    -> 处理: vehicles/template_C6CorvetteZR1_armor.txt
    -> 处理: vehicles/template_C6CorvetteZR1_bumpers.txt
    -> 处理: vehicles/template_C6CorvetteZR1_doors.txt
    -> 处理: vehicles/template_C6CorvetteZR1_hood.txt
    -> 处理: vehicles/template_C6CorvetteZR1_seats.txt
    -> 处理: vehicles/template_C6CorvetteZR1_trunkdoor.txt
    -> 处理: vehicles/template_C6CorvetteZR1_trunks.txt
    -> 处理: vehicles/template_C6CorvetteZR1_windows.txt
    -> 处理: vehicles/template_C6CorvetteZR1_windshields.txt
    -> 处理: vehicles/template_C6Corvette_accesories.txt
    -> 处理: vehicles/template_C6Corvette_armor.txt
    -> 处理: vehicles/template_C6Corvette_bumpers.txt
    -> 处理: vehicles/template_C6Corvette_doors.txt
    -> 处理: vehicles/template_C6Corvette_hood.txt
    -> 处理: vehicles/template_C6Corvette_seats.txt
    -> 处理: vehicles/template_C6Corvette_trunkdoor.txt
    -> 处理: vehicles/template_C6Corvette_trunks.txt
    -> 处理: vehicles/template_C6Corvette_windows.txt
    -> 处理: vehicles/template_C6Corvette_windshields.txt
阶段 2 完成: 从 scripts 新生成了 0 条数据。

--- 阶段 3: 合并 L0 与 L1 后，纯净英文基准总计: 5 条数据。---

--- 已为 Mod ID 3566330206 更新 5 条键来源映射 ---

--- 正在为 Mod 'CorvetteC6' 生成输出文件 ---
    - 最终合并 (output.txt): 5 条
    - 纯净英文 (EN_output.txt): 5 条
    - 纯净中文 (CN_output.txt): 0 条
    - 英文待办 (en_todo.txt): 5 条 (增量)
    - 中文独有 (cn_only.txt): 0 条 (增量)
    - 冲突键 (conflict_keys.txt): 0 条
    -> 正在尝试从 Git 历史记录中获取旧版本: data/output_files/CorvetteC6_3566330206/EN_todo.txt
      --> 成功找到旧版本。
     -> 在 'EN_todo.txt (旧版本)' 中找到 5 个键。

处理成功！所有输出文件已保存在 'CorvetteC6_3566330206' 文件夹中。
    -> [内存] 已为 Mod 3566330206 记录 Commit SHA: e9dc0ed
