

========================= 开始处理 Workshop ID: 3171167894 (damnlib) =========================

--- 正在检查已完成的翻译于: data/completed_files/3171167894/en_completed.txt ---
     -> 在 'en_completed.txt' 中找到 449 个键。

--- 正在检查待排除的键于: data/completed_files/3171167894/exclusion_list.txt ---
  -> 排除列表文件 'exclusion_list.txt' 不存在，跳过。

-------------------- 处理子模组: damnlib --------------------

--- 正在为 'damnlib' 动态查找 'media' 文件夹 ---
  -> 找到有效 Common 路径: data/workshop_content/3171167894/mods/damnlib/common/media
  -> 发现版本目录队列: 42.13, 42.0
  --> 找到最高优先级有效版本: 42.13

--- 阶段 1: 扫描所有 media 路径下的翻译文件 (L1) ---
  -> 正在处理 media 路径: data/workshop_content/3171167894/mods/damnlib/common/media
  -> 扫描目录: data/workshop_content/3171167894/mods/damnlib/common/media/lua/shared/Translate/EN
     -> 在 'IG_UI.json' 中找到 1048 个键。
     -> 在 'Recipes.json' 中找到 1530 个键。
     -> 在 'Sandbox.json' 中找到 32 个键。
     -> 在 'Tooltip.json' 中找到 36 个键。
  -> 正在处理 media 路径: data/workshop_content/3171167894/mods/damnlib/42.13/media
  -> 扫描目录: data/workshop_content/3171167894/mods/damnlib/42.13/media/lua/shared/Translate/EN
     -> 在 'Fluids_EN.txt' 中找到 2 个键。
     -> 在 'IG_UI_EN.txt' 中找到 70 个键。
     -> 在 'Recipes_EN.txt' 中找到 178 个键。
     -> 在 'Sandbox_EN.txt' 中找到 4 个键。
     -> 在 'Tooltip_EN.txt' 中找到 33 个键。
阶段 1 完成: 从 EN 加载了 2827 条数据, 从 CN 加载了 0 条数据。

--- 阶段 2: 扫描所有 Media 路径下的 Scripts (L0) ---
  -> 正在处理 Scripts 路径: data/workshop_content/3171167894/mods/damnlib/42.13/media/scripts
    -> 处理: CTIsystem/template_centralTireInflation.txt
    -> 处理: USMIL/dismantle_USMIL.txt
     -> 新增: 1 个 Recipe
    -> 处理: USMIL/fixing_USMIL.txt
    -> 处理: USMIL/items_USMIL.txt
     -> 新增: 16 个 Item
    -> 处理: USMIL/models_USMIL_static.txt
    -> 处理: USMIL/models_USMIL_worldItems.txt
    -> 处理: USMIL/recipes_USMIL.txt
     -> 新增: 4 个 Recipe
    -> 处理: airBrake/template_airBrake.txt
    -> 处理: commonItems/3rdGenChevyCKseries_models.txt
    -> 处理: commonItems/3rdGenChevyCKseries_recipes.txt
    -> 处理: commonItems/3rdGenChevyCKseries_vehiclesitems.txt
     -> 新增: 12 个 Item
    -> 处理: commonItems/80chevyCK_models.txt
    -> 处理: commonItems/80chevyCK_vehiclesitems.txt
    -> 处理: commonItems/80sPickups_models.txt
    -> 处理: commonItems/80sPickups_recipes.txt
     -> 新增: 1 个 Recipe
    -> 处理: commonItems/80sPickups_vehiclesitems.txt
     -> 新增: 10 个 Item
    -> 处理: commonItems/84gmBbody_recipes.txt
    -> 处理: commonItems/84gmCbody_models.txt
    -> 处理: commonItems/84gmCbody_vehiclesitems.txt
     -> 新增: 7 个 Item
    -> 处理: commonItems/85gmBbody_models.txt
    -> 处理: commonItems/85gmBbody_recipes.txt
    -> 处理: commonItems/85gmBbody_vehiclesitems.txt
     -> 新增: 45 个 Item
    -> 处理: commonItems/8thGenFordFseries_models.txt
    -> 处理: commonItems/8thGenFordFseries_recipes.txt
    -> 处理: commonItems/8thGenFordFseries_vehicleitems.txt
     -> 新增: 5 个 Item
    -> 处理: commonItems/CUCV_models.txt
    -> 处理: commonItems/CUCV_recipes.txt
    -> 处理: commonItems/CUCV_vehiclesitems.txt
     -> 新增: 4 个 Item
    -> 处理: commonItems/DAMNglobal/template_DAMNglobal.txt
    -> 处理: commonItems/KI5trailersCommon_models.txt
    -> 处理: commonItems/KI5trailersCommon_vehiclesitems.txt
     -> 新增: 2 个 Item
    -> 处理: commonItems/damnCommonBullbars_models.txt
    -> 处理: commonItems/damnCommonBullbars_vehicleitems.txt
     -> 新增: 1 个 Item
    -> 处理: commonItems/damnCommonRoofracks_models.txt
    -> 处理: commonItems/damnCommonRoofracks_vehiclesitems.txt
     -> 新增: 4 个 Item
    -> 处理: commonItems/damnCommonTires_models.txt
    -> 处理: commonItems/damnCommonTires_vehiclesitems.txt
     -> 新增: 25 个 Item
    -> 处理: commonItems/fordCVPI_models.txt
    -> 处理: commonItems/fordCVPI_recipes.txt
    -> 处理: commonItems/fordCVPI_vehiclesitems.txt
     -> 新增: 5 个 Item
    -> 处理: commonItems/template_DAMN_gunrack.txt
    -> 处理: commonItems/template_damnLeafSuspension.txt
    -> 处理: commonItems/utilityBedBox_models.txt
    -> 处理: commonItems/utilityBedBox_recipes.txt
    -> 处理: commonItems/utilityBedBox_vehiclesitems.txt
     -> 新增: 4 个 Item
    -> 处理: damnCraft/dismantle_damnCraft.txt
     -> 新增: 1 个 Recipe
    -> 处理: damnCraft/fixing_damnCraft.txt
     -> 新增: 1 个 Recipe
    -> 处理: damnCraft/items_damnCraft.txt
     -> 新增: 46 个 Item
    -> 处理: damnCraft/models_damnCraft_static.txt
    -> 处理: damnCraft/models_damnCraft_worldItems.txt
    -> 处理: damnCraft/recipes_damnCraft.txt
     -> 新增: 2 个 Recipe
    -> 处理: fallback/damn_sounds_fallback.txt
    -> 处理: runFlat/items_runFlat.txt
     -> 新增: 8 个 Item
    -> 处理: runFlat/models_runFlat.txt
    -> 处理: runFlat/models_runFlat_worldItems.txt
    -> 处理: runFlat/recipes_runFlat.txt
    -> 处理: runFlat/template_runFlatTires.txt
    -> 处理: runFlat/template_runFlatsLarge2AxleRear.txt
    -> 处理: runFlat/template_runFlatsLargeFront.txt
    -> 处理: runFlat/template_runFlatsLargeRear.txt
    -> 处理: runFlat/template_runFlatsMedium4AxleRear.txt
    -> 处理: runFlat/template_runFlatsMediumFront.txt
    -> 处理: runFlat/template_runFlatsModernFront.txt
    -> 处理: runFlat/template_runFlatsModernRear.txt
    -> 处理: runFlat/template_runFlatsSmallFront.txt
阶段 2 完成: 从 scripts 新生成了 204 条数据。

--- 阶段 3: 合并 L0 与 L1 后，纯净英文基准总计: 3031 条数据。---

--- 阶段 4: 检测到 8 个与官方重复的键。---

--- 已为 Mod ID 3171167894 更新 3031 条键来源映射 ---

--- 正在为 Mod 'damnlib' 生成输出文件 ---
    - 最终合并 (output.txt): 3031 条
    - 纯净英文 (EN_output.txt/json): 3031 条
    - 纯净中文 (CN_output.txt): 0 条
    - 中文独有 (cn_only.txt): 0 条 (增量)
    - 冲突键 (conflict_keys.txt): 8 条
    -> 正在尝试从 Git 历史记录中获取旧版本: data/output_files/damnlib_3171167894/EN_output.txt
      --> 成功找到旧版本。
     -> 在 'EN_output.txt (旧版本)' 中找到 3164 个键。
    -> 检测到内容变更。新增: 5, 移除: 138

处理成功！所有输出文件已保存在 'damnlib_3171167894' 文件夹中。
    -> [内存] 已为 Mod 3171167894 记录 Commit SHA: 2d047aa
