

========================= 开始处理 Workshop ID: 3488113291 (Dark_Weapon_Slings) =========================

--- 正在检查已完成的翻译于: data/completed_files/3488113291/en_completed.txt ---
     -> 在 'en_completed.txt' 中找到 0 个键。

--- 正在检查待排除的键于: data/completed_files/3488113291/exclusion_list.txt ---
  -> 排除列表文件 'exclusion_list.txt' 不存在，跳过。

-------------------- 处理子模组: Dark Weapon Slings --------------------

--- 正在为 'Dark Weapon Slings' 动态查找 'media' 文件夹 ---
  -> 找到有效 Common 路径: data/workshop_content/3488113291/mods/Dark Weapon Slings/common/media
  -> 发现版本目录队列: 42
  --> 版本 42 无效或为空，尝试检查下一个低版本...

--- 阶段 1: 扫描所有 media 路径下的翻译文件 (L1) ---
  -> 正在处理 media 路径: data/workshop_content/3488113291/mods/Dark Weapon Slings/common/media
  -> 扫描目录: data/workshop_content/3488113291/mods/Dark Weapon Slings/common/media/lua/shared/Translate/EN
     -> 在 'ContextMenu.json' 中找到 4 个键。
     -> 在 'IG_UI.json' 中找到 4 个键。
     -> 在 'ItemName.json' 中找到 4 个键。
     -> 在 'Recipes.json' 中找到 1 个键。
  -> 扫描目录: data/workshop_content/3488113291/mods/Dark Weapon Slings/common/media/lua/shared/Translate/CN
     -> 在 'ContextMenu.json' 中找到 4 个键。
     -> 在 'IG_UI.json' 中找到 4 个键。
     -> 在 'ItemName.json' 中找到 4 个键。
     -> 在 'Recipes.json' 中找到 1 个键。
阶段 1 完成: 从 EN 加载了 13 条数据, 从 CN 加载了 13 条数据。

--- 阶段 2: 扫描所有 Media 路径下的 Scripts (L0) ---
  -> 正在处理 Scripts 路径: data/workshop_content/3488113291/mods/Dark Weapon Slings/common/media/scripts
    -> 处理: clothing/Sling_att.txt
    -> 处理: clothing/Sling_items.txt
     -> 新增: 1 个 Recipe
    -> 处理: clothing/Sling_model.txt
阶段 2 完成: 从 scripts 新生成了 1 条数据。

--- 阶段 3: 合并 L0 与 L1 后，纯净英文基准总计: 14 条数据。---

--- 阶段 4: 检测到 1 个与官方重复的键。---

-------------------- 处理子模组: Invisible Weapon Slings --------------------

--- 正在为 'Invisible Weapon Slings' 动态查找 'media' 文件夹 ---
  -> 找到有效 Common 路径: data/workshop_content/3488113291/mods/Invisible Weapon Slings/common/media
  -> 发现版本目录队列: 42
  --> 版本 42 无效或为空，尝试检查下一个低版本...

--- 阶段 1: 扫描所有 media 路径下的翻译文件 (L1) ---
  -> 正在处理 media 路径: data/workshop_content/3488113291/mods/Invisible Weapon Slings/common/media
  -> 扫描目录: data/workshop_content/3488113291/mods/Invisible Weapon Slings/common/media/lua/shared/Translate/EN
     -> 在 'ContextMenu.json' 中找到 4 个键。
     -> 在 'IG_UI.json' 中找到 4 个键。
     -> 在 'ItemName.json' 中找到 4 个键。
     -> 在 'Recipes.json' 中找到 1 个键。
  -> 扫描目录: data/workshop_content/3488113291/mods/Invisible Weapon Slings/common/media/lua/shared/Translate/CN
     -> 在 'ContextMenu.json' 中找到 4 个键。
     -> 在 'IG_UI.json' 中找到 4 个键。
     -> 在 'ItemName.json' 中找到 4 个键。
     -> 在 'Recipes.json' 中找到 1 个键。
阶段 1 完成: 从 EN 加载了 13 条数据, 从 CN 加载了 13 条数据。

--- 阶段 2: 扫描所有 Media 路径下的 Scripts (L0) ---
  -> 正在处理 Scripts 路径: data/workshop_content/3488113291/mods/Invisible Weapon Slings/common/media/scripts
    -> 处理: clothing/Sling_att.txt
    -> 处理: clothing/Sling_items.txt
     -> 新增: 1 个 Recipe
阶段 2 完成: 从 scripts 新生成了 1 条数据。

--- 阶段 3: 合并 L0 与 L1 后，纯净英文基准总计: 14 条数据。---

--- 阶段 4: 检测到 1 个与官方重复的键。---

--- 已为 Mod ID 3488113291 更新 15 条键来源映射 ---

--- 正在为 Mod 'Dark_Weapon_Slings' 生成输出文件 ---
    - 最终合并 (output.txt): 14 条
    - 纯净英文 (EN_output.txt/json): 14 条
    - 纯净中文 (CN_output.txt): 13 条
    - 中文独有 (cn_only.txt): 0 条 (增量)
    - 冲突键 (conflict_keys.txt): 1 条
    -> 正在尝试从 Git 历史记录中获取旧版本: data/output_files/Dark_Weapon_Slings_3488113291/EN_output.txt
      --> 成功找到旧版本。
     -> 在 'EN_output.txt (旧版本)' 中找到 2 个键。
    -> 检测到内容变更。新增: 13, 移除: 1

处理成功！所有输出文件已保存在 'Dark_Weapon_Slings_3488113291' 文件夹中。
    -> [内存] 已为 Mod 3488113291 记录 Commit SHA: a65ca7c
