

========================= 开始处理 Workshop ID: 3651494414 (DayZ_Firearms_Pack) =========================

--- 正在检查已完成的翻译于: data/completed_files/3651494414/en_completed.txt ---
  -> 文件 'en_completed.txt' 在目标位置不存在，将自动创建。

--- 正在检查待排除的键于: data/completed_files/3651494414/exclusion_list.txt ---
  -> 排除列表文件 'exclusion_list.txt' 不存在，跳过。

-------------------- 处理子模组: DayZ Firearms Pack --------------------

--- 正在为 'DayZ Firearms Pack' 动态查找 'media' 文件夹 ---
  -> 发现版本目录队列: 42
  --> 找到最高优先级有效版本: 42

--- 阶段 1: 扫描所有 media 路径下的翻译文件 (L1) ---
  -> 正在处理 media 路径: data/workshop_content/3651494414/mods/DayZ Firearms Pack/42/media
  -> 扫描目录: data/workshop_content/3651494414/mods/DayZ Firearms Pack/42/media/lua/shared/Translate/EN
     -> 在 'ContextMenu_EN.txt' 中找到 4 个键。
     -> 在 'IG_UI_EN.txt' 中找到 76 个键。
     -> 在 'ItemName_EN.txt' 中找到 692 个键。
     -> 在 'Recipes_EN.txt' 中找到 6 个键。
     -> 在 'Sandbox_EN.txt' 中找到 58 个键。
     -> 在 'Tooltip_EN.txt' 中找到 2 个键。
     -> 在 'UI_EN.txt' 中找到 5 个键。
  -> 扫描目录: data/workshop_content/3651494414/mods/DayZ Firearms Pack/42/media/lua/shared/Translate/CN
     -> 在 'ContextMenu_CN.txt' 中找到 4 个键。
     -> 在 'IG_UI_CN.txt' 中找到 77 个键。
     -> 在 'Sandbox_CN.txt' 中找到 61 个键。
     -> 在 'Tooltip_CN.txt' 中找到 1 个键。
     -> 在 'UI_CN.txt' 中找到 5 个键。
阶段 1 完成: 从 EN 加载了 843 条数据, 从 CN 加载了 148 条数据。

--- 阶段 2: 扫描所有 Media 路径下的 Scripts (L0) ---
  -> 正在处理 Scripts 路径: data/workshop_content/3651494414/mods/DayZ Firearms Pack/42/media/scripts
    -> 处理: AWCWF_Items.txt
     -> 新增: 1 个 Item
    -> 处理: Ammo/22LR.txt
     -> 新增: 2 个 Item
    -> 处理: Ammo/308Win.txt
     -> 新增: 4 个 Item
    -> 处理: Ammo/357.txt
    -> 处理: Ammo/380.txt
     -> 新增: 7 个 Item
    -> 处理: Ammo/45ACP.txt
     -> 新增: 1 个 Item
    -> 处理: Ammo/545x39.txt
     -> 新增: 2 个 Item
    -> 处理: Ammo/556x45.txt
     -> 新增: 11 个 Item
    -> 处理: Ammo/762x39.txt
     -> 新增: 2 个 Item
    -> 处理: Ammo/762x54r.txt
     -> 新增: 2 个 Item
    -> 处理: Ammo/9mm.txt
     -> 新增: 5 个 Item
    -> 处理: Ammo/9x39.txt
     -> 新增: 2 个 Item
    -> 处理: Ammo/BoxRecipes.txt
     -> 新增: 17 个 Recipe
    -> 处理: Ammo/GrenadeAmmo.txt
    -> 处理: Ammo/Shells.txt
     -> 新增: 3 个 Item
    -> 处理: Ammo/items.txt
    -> 处理: Firearms/Escopeta_automaticas.txt
     -> 新增: 1 个 Item
    -> 处理: Firearms/Escopeta_doble_canon.txt
     -> 新增: 4 个 Item
    -> 处理: Firearms/Escopeta_semi.txt
     -> 新增: 1 个 Item
    -> 处理: Firearms/Escopetas.txt
     -> 新增: 1 个 Item
    -> 处理: Firearms/Pistolas.txt
     -> 新增: 10 个 Item
    -> 处理: Firearms/Revolvers.txt
     -> 新增: 2 个 Item
    -> 处理: Firearms/Rifles.txt
     -> 新增: 9 个 Item
    -> 处理: Firearms/Rifles_automaticos.txt
     -> 新增: 12 个 Item
    -> 处理: Firearms/Rifles_bolt_nomag.txt
     -> 新增: 4 个 Item
    -> 处理: Firearms/Rifles_semi.txt
     -> 新增: 3 个 Item
    -> 处理: Firearms/Rifles_semi_nomag.txt
     -> 新增: 1 个 Item
    -> 处理: Firearms/SMG.txt
     -> 新增: 2 个 Item
    -> 处理: Firearms/SMG_twohands.txt
     -> 新增: 3 个 Item
    -> 处理: GunPartItem/Barrel_Shroud.txt
     -> 新增: 2 个 Item
    -> 处理: GunPartItem/Canon.txt
     -> 新增: 4 个 Item
    -> 处理: GunPartItem/Clip.txt
     -> 新增: 74 个 Item
    -> 处理: GunPartItem/Handguard.txt
     -> 新增: 10 个 Item
    -> 处理: GunPartItem/L_Scope.txt
     -> 新增: 6 个 Item
    -> 处理: GunPartItem/Light.txt
     -> 新增: 2 个 Item
    -> 处理: GunPartItem/RecoilPad.txt
     -> 新增: 1 个 Item
    -> 处理: GunPartItem/Scope.txt
     -> 新增: 10 个 Item
    -> 处理: GunPartItem/Stock.txt
     -> 新增: 12 个 Item
    -> 处理: GunPartItem/Stool.txt
     -> 新增: 1 个 Item
    -> 处理: Recipes/Recipes.txt
     -> 新增: 2 个 Recipe
    -> 处理: Recipes/fixing_guns.txt
    -> 处理: SoundCoreGGS.txt
    -> 处理: SoundGunPart.txt
    -> 处理: Sounds.txt
    -> 处理: generated/sounds/weapons/sounds_firearm_blaze.txt
    -> 处理: module_ATRY_boomsfx.txt
     -> 新增: 12 个 Item
    -> 处理: physics_react.txt
阶段 2 完成: 从 scripts 新生成了 248 条数据。

--- 阶段 3: 合并 L0 与 L1 后，纯净英文基准总计: 1091 条数据。---

--- 阶段 4: 检测到 28 个与官方重复的键。---

--- 已为 Mod ID 3651494414 更新 1100 条键来源映射 ---

--- 正在为 Mod 'DayZ_Firearms_Pack' 生成输出文件 ---
    - 最终合并 (output.txt): 1100 条
    - 纯净英文 (EN_output.txt): 1091 条
    - 纯净中文 (CN_output.txt): 148 条
    - 英文待办 (en_todo.txt): 954 条 (增量)
    - 中文独有 (cn_only.txt): 9 条 (增量)
    - 冲突键 (conflict_keys.txt): 28 条
    -> 正在尝试从 Git 历史记录中获取旧版本: data/output_files/DayZ_Firearms_Pack_3651494414/EN_todo.txt
      --> 在 Git 历史记录中未找到该文件，视为全新。
    -> 基线日志已存档到: data/logs/archive/DayZ_Firearms_Pack_3651494414_baseline_run_20260201_042632.json

处理成功！所有输出文件已保存在 'DayZ_Firearms_Pack_3651494414' 文件夹中。
    -> 警告：未能获取 Mod 3651494414 的完成文件SHA，状态未记录。
