

========================= 开始处理 Workshop ID: 3658756227 (DBD_NearbyAnimals) =========================

--- 正在检查已完成的翻译于: data/completed_files/3658756227/en_completed.txt ---
     -> 在 'en_completed.txt' 中找到 0 个键。

--- 正在检查待排除的键于: data/completed_files/3658756227/exclusion_list.txt ---
  -> 排除列表文件 'exclusion_list.txt' 不存在，跳过。

-------------------- 处理子模组: DBD_NearbyAnimals --------------------

--- 正在为 'DBD_NearbyAnimals' 动态查找 'media' 文件夹 ---
  -> 找到有效 Common 路径: data/workshop_content/3658756227/mods/DBD_NearbyAnimals/common/media
  -> 发现版本目录队列: 42.15, 42.14, 42.13, 42.12
  --> 找到最高优先级有效版本: 42.15

--- 阶段 1: 扫描所有 media 路径下的翻译文件 (L1) ---
  -> 正在处理 media 路径: data/workshop_content/3658756227/mods/DBD_NearbyAnimals/common/media
  -> 扫描目录: data/workshop_content/3658756227/mods/DBD_NearbyAnimals/common/media/lua/shared/translate/en
     -> 在 'ig_ui_en.txt' 中找到 14 个键。
  -> 正在处理 media 路径: data/workshop_content/3658756227/mods/DBD_NearbyAnimals/42.15/media
  -> 扫描目录: data/workshop_content/3658756227/mods/DBD_NearbyAnimals/42.15/media/lua/shared/Translate/EN
     -> 在 'IG_UI.json' 中找到 14 个键。
阶段 1 完成: 从 EN 加载了 14 条数据, 从 CN 加载了 0 条数据。

--- 阶段 2: 扫描所有 Media 路径下的 Scripts (L0) ---
阶段 2 完成: 从 scripts 新生成了 0 条数据。

--- 阶段 3: 合并 L0 与 L1 后，纯净英文基准总计: 14 条数据。---

--- 已为 Mod ID 3658756227 更新 14 条键来源映射 ---

--- 正在为 Mod 'DBD_NearbyAnimals' 生成输出文件 ---
    - 最终合并 (output.txt): 14 条
    - 纯净英文 (EN_output.txt/json): 14 条
    - 纯净中文 (CN_output.txt): 0 条
    - 中文独有 (cn_only.txt): 0 条 (增量)
    - 冲突键 (conflict_keys.txt): 0 条
    -> 正在尝试从 Git 历史记录中获取旧版本: data/output_files/DBD_NearbyAnimals_3658756227/EN_output.txt
      --> 成功找到旧版本。
     -> 在 'EN_output.txt (旧版本)' 中找到 14 个键。

处理成功！所有输出文件已保存在 'DBD_NearbyAnimals_3658756227' 文件夹中。
    -> [内存] 已为 Mod 3658756227 记录 Commit SHA: 7ae0c32
