

========================= 开始处理 Workshop ID: 3387957272 (Detailed_Descriptions_for_Occupations_and_Traits) =========================

--- 正在检查已完成的翻译于: data/completed_files/3387957272/en_completed.txt ---
     -> 在 'en_completed.txt' 中找到 3 个键。

--- 正在检查待排除的键于: data/completed_files/3387957272/exclusion_list.txt ---
  -> 排除列表文件 'exclusion_list.txt' 不存在，跳过。

-------------------- 处理子模组: Detailed Descriptions for Occupations and Traits --------------------

--- 正在为 'Detailed Descriptions for Occupations and Traits' 动态查找 'media' 文件夹 ---
  -> 发现版本目录队列: 42
  --> 找到最高优先级有效版本: 42

--- 阶段 1: 扫描所有 media 路径下的翻译文件 (L1) ---
  -> 正在处理 media 路径: data/workshop_content/3387957272/mods/Detailed Descriptions for Occupations and Traits/42/media
  -> 扫描目录: data/workshop_content/3387957272/mods/Detailed Descriptions for Occupations and Traits/42/media/lua/shared/Translate/EN
     -> 在 'UI.json' 中找到 117 个键。
  -> 扫描目录: data/workshop_content/3387957272/mods/Detailed Descriptions for Occupations and Traits/42/media/lua/shared/Translate/CN
    解析 JSON 文件 UI.json 时发生错误: Invalid control character at: line 10 column 208 (char 1827)
     -> 在 'UI.json' 中找到 0 个键。
阶段 1 完成: 从 EN 加载了 117 条数据, 从 CN 加载了 0 条数据。

--- 阶段 2: 扫描所有 Media 路径下的 Scripts (L0) ---
  -> 正在处理 Scripts 路径: data/workshop_content/3387957272/mods/Detailed Descriptions for Occupations and Traits/42/media/scripts
    -> 处理: generated/characters/character_professions.txt
阶段 2 完成: 从 scripts 新生成了 0 条数据。

--- 阶段 3: 合并 L0 与 L1 后，纯净英文基准总计: 117 条数据。---

--- 阶段 4: 检测到 101 个与官方重复的键。---

--- 已为 Mod ID 3387957272 更新 117 条键来源映射 ---

--- 正在为 Mod 'Detailed_Descriptions_for_Occupations_and_Traits' 生成输出文件 ---
    - 最终合并 (output.txt): 117 条
    - 纯净英文 (EN_output.txt/json): 117 条
    - 纯净中文 (CN_output.txt): 0 条
    - 中文独有 (cn_only.txt): 0 条 (增量)
    - 冲突键 (conflict_keys.txt): 101 条
    -> 正在尝试从 Git 历史记录中获取旧版本: data/output_files/Detailed_Descriptions_for_Occupations_and_Traits_3387957272/EN_output.txt
      --> 成功找到旧版本。
     -> 在 'EN_output.txt (旧版本)' 中找到 128 个键。
    -> 检测到内容变更。新增: 0, 移除: 11

处理成功！所有输出文件已保存在 'Detailed_Descriptions_for_Occupations_and_Traits_3387957272' 文件夹中。
    -> [内存] 已为 Mod 3387957272 记录 Commit SHA: c27285b
