

========================= 开始处理 Workshop ID: 2804531012 (DrawOnMap) =========================

--- 正在检查已完成的翻译于: data/completed_files/2804531012/en_completed.txt ---
     -> 在 'en_completed.txt' 中找到 7 个键。

--- 正在检查待排除的键于: data/completed_files/2804531012/exclusion_list.txt ---
  -> 排除列表文件 'exclusion_list.txt' 不存在，跳过。

-------------------- 处理子模组: DrawOnMap --------------------

--- 正在为 'DrawOnMap' 动态查找 'media' 文件夹 ---
  -> 找到有效 Common 路径: data/workshop_content/2804531012/mods/DrawOnMap/common/media
  -> 发现版本目录队列: 42.13, 42.0
  --> 找到最高优先级有效版本: 42.13

--- 阶段 1: 扫描所有 media 路径下的翻译文件 (L1) ---
  -> 正在处理 media 路径: data/workshop_content/2804531012/mods/DrawOnMap/common/media
  -> 扫描目录: data/workshop_content/2804531012/mods/DrawOnMap/common/media/lua/shared/Translate/EN
     -> 在 'ItemName_EN.txt' 中找到 1 个键。
     -> 在 'UI_EN.txt' 中找到 5 个键。
  -> 正在处理 media 路径: data/workshop_content/2804531012/mods/DrawOnMap/42.13/media
阶段 1 完成: 从 EN 加载了 6 条数据, 从 CN 加载了 0 条数据。

--- 阶段 2: 扫描所有 Media 路径下的 Scripts (L0) ---
  -> 正在处理 Scripts 路径: data/workshop_content/2804531012/mods/DrawOnMap/42.13/media/scripts
    -> 处理: papermap_item.txt
    -> 处理: papermap_recipe.txt
     -> 新增: 2 个 Recipe
阶段 2 完成: 从 scripts 新生成了 2 条数据。

--- 阶段 3: 合并 L0 与 L1 后，纯净英文基准总计: 8 条数据。---

--- 已为 Mod ID 2804531012 更新 8 条键来源映射 ---

--- 正在为 Mod 'DrawOnMap' 生成输出文件 ---
    - 最终合并 (output.txt): 8 条
    - 纯净英文 (EN_output.txt): 8 条
    - 纯净中文 (CN_output.txt): 0 条
    - 英文待办 (en_todo.txt): 1 条 (增量)
    - 中文独有 (cn_only.txt): 0 条 (增量)
    - 冲突键 (conflict_keys.txt): 0 条
    -> 正在尝试从 Git 历史记录中获取旧版本: data/output_files/DrawOnMap_2804531012/EN_todo.txt
      --> 在 Git 历史记录中未找到该文件，视为全新。
    -> 基线日志已存档到: data/logs/archive/DrawOnMap_2804531012_baseline_run_20251216_040514.json

处理成功！所有输出文件已保存在 'DrawOnMap_2804531012' 文件夹中。
    -> [内存] 已为 Mod 2804531012 记录 Commit SHA: 104640c
