

========================= 开始处理 Workshop ID: 3635333613 (DynamicTradingCommon) =========================

--- 正在检查已完成的翻译于: data/completed_files/3635333613/en_completed.txt ---
     -> 在 'en_completed.txt' 中找到 0 个键。

--- 正在检查待排除的键于: data/completed_files/3635333613/exclusion_list.txt ---
  -> 排除列表文件 'exclusion_list.txt' 不存在，跳过。

-------------------- 处理子模组: DynamicTradingCommon --------------------

--- 正在为 'DynamicTradingCommon' 动态查找 'media' 文件夹 ---
  -> 发现版本目录队列: 42.13
  --> 找到最高优先级有效版本: 42.13

--- 阶段 1: 扫描所有 media 路径下的翻译文件 (L1) ---
  -> 正在处理 media 路径: data/workshop_content/3635333613/mods/DynamicTradingCommon/42.13/media
  -> 扫描目录: data/workshop_content/3635333613/mods/DynamicTradingCommon/42.13/media/lua/shared/Translate/EN
     -> 在 'Sandbox_EN.txt' 中找到 40 个键。
阶段 1 完成: 从 EN 加载了 40 条数据, 从 CN 加载了 0 条数据。

--- 阶段 2: 扫描所有 Media 路径下的 Scripts (L0) ---
  -> 正在处理 Scripts 路径: data/workshop_content/3635333613/mods/DynamicTradingCommon/42.13/media/scripts
    -> 处理: DT_Gun.txt
    -> 处理: DT_QuestItems.txt
     -> 新增: 7 个 Item
    -> 处理: DT_RadioSFX.txt
    -> 处理: DT_Sounds.txt
阶段 2 完成: 从 scripts 新生成了 7 条数据。

--- 阶段 3: 合并 L0 与 L1 后，纯净英文基准总计: 47 条数据。---

-------------------- 处理子模组: DynamicTradingV1 --------------------

--- 正在为 'DynamicTradingV1' 动态查找 'media' 文件夹 ---
  -> 发现版本目录队列: 42.13
  --> 找到最高优先级有效版本: 42.13

--- 阶段 1: 扫描所有 media 路径下的翻译文件 (L1) ---
  -> 正在处理 media 路径: data/workshop_content/3635333613/mods/DynamicTradingV1/42.13/media
  -> 扫描目录: data/workshop_content/3635333613/mods/DynamicTradingV1/42.13/media/lua/shared/Translate/EN
     -> 在 'Sandbox_EN.txt' 中找到 57 个键。
阶段 1 完成: 从 EN 加载了 57 条数据, 从 CN 加载了 0 条数据。

--- 阶段 2: 扫描所有 Media 路径下的 Scripts (L0) ---
阶段 2 完成: 从 scripts 新生成了 0 条数据。

--- 阶段 3: 合并 L0 与 L1 后，纯净英文基准总计: 57 条数据。---

-------------------- 处理子模组: DynamicTradingV2 --------------------

--- 正在为 'DynamicTradingV2' 动态查找 'media' 文件夹 ---
  -> 发现版本目录队列: 42.13
  --> 找到最高优先级有效版本: 42.13

--- 阶段 1: 扫描所有 media 路径下的翻译文件 (L1) ---
  -> 正在处理 media 路径: data/workshop_content/3635333613/mods/DynamicTradingV2/42.13/media
  -> 扫描目录: data/workshop_content/3635333613/mods/DynamicTradingV2/42.13/media/lua/shared/Translate/EN
     -> 在 'Sandbox_EN.txt' 中找到 87 个键。
阶段 1 完成: 从 EN 加载了 87 条数据, 从 CN 加载了 0 条数据。

--- 阶段 2: 扫描所有 Media 路径下的 Scripts (L0) ---
阶段 2 完成: 从 scripts 新生成了 0 条数据。

--- 阶段 3: 合并 L0 与 L1 后，纯净英文基准总计: 87 条数据。---

--- 已为 Mod ID 3635333613 更新 120 条键来源映射 ---

--- 正在为 Mod 'DynamicTradingCommon' 生成输出文件 ---
    - 最终合并 (output.txt): 120 条
    - 纯净英文 (EN_output.txt/json): 120 条
    - 纯净中文 (CN_output.txt): 0 条
    - 中文独有 (cn_only.txt): 0 条 (增量)
    - 冲突键 (conflict_keys.txt): 0 条
    -> 正在尝试从 Git 历史记录中获取旧版本: data/output_files/DynamicTradingCommon_3635333613/EN_output.txt
      --> 成功找到旧版本。
     -> 在 'EN_output.txt (旧版本)' 中找到 118 个键。
    -> 检测到内容变更。新增: 2, 移除: 0

处理成功！所有输出文件已保存在 'DynamicTradingCommon_3635333613' 文件夹中。
    -> [内存] 已为 Mod 3635333613 记录 Commit SHA: ea668e2
