

========================= 开始处理 Workshop ID: 2674541310 (Energy_Drinks) =========================

--- 正在检查已完成的翻译于: data/completed_files/2674541310/en_completed.txt ---
     -> 在 'en_completed.txt' 中找到 9 个键。

--- 正在检查待排除的键于: data/completed_files/2674541310/exclusion_list.txt ---
  -> 排除列表文件 'exclusion_list.txt' 不存在，跳过。

-------------------- 处理子模组: Energy Drinks --------------------

--- 正在为 'Energy Drinks' 动态查找 'media' 文件夹 ---
  -> 发现版本目录队列: 42.16, 42.0
  --> 找到最高优先级有效版本: 42.16

--- 阶段 1: 扫描所有 media 路径下的翻译文件 (L1) ---
  -> 正在处理 media 路径: data/workshop_content/2674541310/mods/Energy Drinks/42.16/media
  -> 扫描目录: data/workshop_content/2674541310/mods/Energy Drinks/42.16/media/lua/shared/Translate/EN
     -> 在 'Fluids.json' 中找到 1 个键。
     -> 在 'Fluids_EN.txt' 中找到 1 个键。
     -> 在 'ItemName_EN.txt' 中找到 8 个键。
阶段 1 完成: 从 EN 加载了 9 条数据, 从 CN 加载了 0 条数据。

--- 阶段 2: 扫描所有 Media 路径下的 Scripts (L0) ---
  -> 正在处理 Scripts 路径: data/workshop_content/2674541310/mods/Energy Drinks/42.16/media/scripts
    -> 处理: IMWSEFluids.txt
    -> 处理: IMWSEnergyDrinks.txt
     -> 新增: 6 个 Item
    -> 处理: IMWSModels.txt
阶段 2 完成: 从 scripts 新生成了 6 条数据。

--- 阶段 3: 合并 L0 与 L1 后，纯净英文基准总计: 15 条数据。---

-------------------- 处理子模组: Energy Drinks OLD --------------------

--- 正在为 'Energy Drinks OLD' 动态查找 'media' 文件夹 ---
  -> 发现版本目录队列: 42.0
  --> 找到最高优先级有效版本: 42.0

--- 阶段 1: 扫描所有 media 路径下的翻译文件 (L1) ---
  -> 正在处理 media 路径: data/workshop_content/2674541310/mods/Energy Drinks OLD/42.0/media
  -> 扫描目录: data/workshop_content/2674541310/mods/Energy Drinks OLD/42.0/media/lua/shared/Translate/EN
     -> 在 'Tooltip_EN.txt' 中找到 1 个键。
阶段 1 完成: 从 EN 加载了 1 条数据, 从 CN 加载了 0 条数据。

--- 阶段 2: 扫描所有 Media 路径下的 Scripts (L0) ---
  -> 正在处理 Scripts 路径: data/workshop_content/2674541310/mods/Energy Drinks OLD/42.0/media/scripts
    -> 处理: IMWSEFluids.txt
    -> 处理: IMWSEnergyDrinks.txt
     -> 新增: 8 个 Item
    -> 处理: IMWSModels.txt
阶段 2 完成: 从 scripts 新生成了 8 条数据。

--- 阶段 3: 合并 L0 与 L1 后，纯净英文基准总计: 9 条数据。---

--- 已为 Mod ID 2674541310 更新 16 条键来源映射 ---

--- 正在为 Mod 'Energy_Drinks' 生成输出文件 ---
    - 最终合并 (output.txt): 16 条
    - 纯净英文 (EN_output.txt/json): 16 条
    - 纯净中文 (CN_output.txt): 0 条
    - 中文独有 (cn_only.txt): 0 条 (增量)
    - 冲突键 (conflict_keys.txt): 0 条
    -> 正在尝试从 Git 历史记录中获取旧版本: data/output_files/Energy_Drinks_2674541310/EN_output.txt
      --> 成功找到旧版本。
     -> 在 'EN_output.txt (旧版本)' 中找到 15 个键。
    -> 检测到内容变更。新增: 1, 移除: 0

处理成功！所有输出文件已保存在 'Energy_Drinks_2674541310' 文件夹中。
    -> [内存] 已为 Mod 2674541310 记录 Commit SHA: 53dbbce
