

========================= 开始处理 Workshop ID: 3665315101 (ERS_-_Energy_Routing_System) =========================

--- 正在检查已完成的翻译于: data/completed_files/3665315101/en_completed.txt ---
     -> 在 'en_completed.txt' 中找到 0 个键。

--- 正在检查待排除的键于: data/completed_files/3665315101/exclusion_list.txt ---
  -> 排除列表文件 'exclusion_list.txt' 不存在，跳过。

-------------------- 处理子模组: ERS - Energy Routing System --------------------

--- 正在为 'ERS - Energy Routing System' 动态查找 'media' 文件夹 ---
  -> 发现版本目录队列: 42
  --> 找到最高优先级有效版本: 42

--- 阶段 1: 扫描所有 media 路径下的翻译文件 (L1) ---
  -> 正在处理 media 路径: data/workshop_content/3665315101/mods/ERS - Energy Routing System/42/media
  -> 扫描目录: data/workshop_content/3665315101/mods/ERS - Energy Routing System/42/media/lua/shared/Translate/EN
     -> 在 'IG_UI.json' 中找到 12 个键。
     -> 在 'IG_UI_EN.json' 中找到 11 个键。
     -> 在 'Sandbox.json' 中找到 42 个键。
     -> 在 'Sandbox_EN.json' 中找到 42 个键。
     -> 在 'IG_UI_EN.txt' 中找到 12 个键。
     -> 在 'Recipes_EN.txt' 中找到 14 个键。
     -> 在 'Sandbox_EN.txt' 中找到 42 个键。
阶段 1 完成: 从 EN 加载了 68 条数据, 从 CN 加载了 0 条数据。

--- 阶段 2: 扫描所有 Media 路径下的 Scripts (L0) ---
  -> 正在处理 Scripts 路径: data/workshop_content/3665315101/mods/ERS - Energy Routing System/42/media/scripts
    -> 处理: energy_crafting.txt
     -> 新增: 1 个 Recipe
    -> 处理: energy_items.txt
     -> 新增: 11 个 Item
    -> 处理: energy_models_items.txt
    -> 处理: sounds.txt
阶段 2 完成: 从 scripts 新生成了 12 条数据。

--- 阶段 3: 合并 L0 与 L1 后，纯净英文基准总计: 80 条数据。---

--- 已为 Mod ID 3665315101 更新 80 条键来源映射 ---

--- 正在为 Mod 'ERS_-_Energy_Routing_System' 生成输出文件 ---
    - 最终合并 (output.txt): 80 条
    - 纯净英文 (EN_output.txt/json): 80 条
    - 纯净中文 (CN_output.txt): 0 条
    - 中文独有 (cn_only.txt): 0 条 (增量)
    - 冲突键 (conflict_keys.txt): 0 条
    -> 正在尝试从 Git 历史记录中获取旧版本: data/output_files/ERS_-_Energy_Routing_System_3665315101/EN_output.txt
      --> 成功找到旧版本。
     -> 在 'EN_output.txt (旧版本)' 中找到 80 个键。

处理成功！所有输出文件已保存在 'ERS_-_Energy_Routing_System_3665315101' 文件夹中。
    -> [内存] 已为 Mod 3665315101 记录 Commit SHA: 45ad812
