

========================= 开始处理 Workshop ID: 3633421539 (Escape_from_Kentucky4215) =========================

--- 正在检查已完成的翻译于: data/completed_files/3633421539/en_completed.txt ---
     -> 在 'en_completed.txt' 中找到 0 个键。

--- 正在检查待排除的键于: data/completed_files/3633421539/exclusion_list.txt ---
  -> 排除列表文件 'exclusion_list.txt' 不存在，跳过。

-------------------- 处理子模组: Escape from Kentucky4215 --------------------

--- 正在为 'Escape from Kentucky4215' 动态查找 'media' 文件夹 ---
  -> 发现版本目录队列: 42
  --> 找到最高优先级有效版本: 42

--- 阶段 1: 扫描所有 media 路径下的翻译文件 (L1) ---
  -> 正在处理 media 路径: data/workshop_content/3633421539/mods/Escape from Kentucky4215/42/media
  -> 扫描目录: data/workshop_content/3633421539/mods/Escape from Kentucky4215/42/media/lua/shared/Translate/EN
     -> 在 'ContextMenu.json' 中找到 6 个键。
     -> 在 'IG_UI.json' 中找到 89 个键。
     -> 在 'ItemName.json' 中找到 446 个键。
     -> 在 'Recipes.json' 中找到 67 个键。
     -> 在 'Sandbox.json' 中找到 29 个键。
     -> 在 'Tooltip.json' 中找到 172 个键。
     -> 在 'UI.json' 中找到 11 个键。
  -> 扫描目录: data/workshop_content/3633421539/mods/Escape from Kentucky4215/42/media/lua/shared/Translate/CN
     -> 在 'ContextMenu.json' 中找到 6 个键。
     -> 在 'IG_UI.json' 中找到 87 个键。
     -> 在 'ItemName.json' 中找到 341 个键。
     -> 在 'Recipes.json' 中找到 53 个键。
     -> 在 'Sandbox.json' 中找到 10 个键。
     -> 在 'Tooltip.json' 中找到 87 个键。
     -> 在 'UI.json' 中找到 5 个键。
阶段 1 完成: 从 EN 加载了 820 条数据, 从 CN 加载了 589 条数据。

--- 阶段 2: 扫描所有 Media 路径下的 Scripts (L0) ---
  -> 正在处理 Scripts 路径: data/workshop_content/3633421539/mods/Escape from Kentucky4215/42/media/scripts
    -> 处理: AWCWF_Items.txt
     -> 新增: 1 个 Item
    -> 处理: AirDropBGM.txt
    -> 处理: Ammo/145.txt
     -> 新增: 3 个 Item
    -> 处理: Ammo/223弹药.txt
     -> 新增: 2 个 Item
    -> 处理: Ammo/44.txt
     -> 新增: 4 个 Item
    -> 处理: Ammo/45.txt
     -> 新增: 5 个 Item
    -> 处理: Ammo/50.txt
     -> 新增: 3 个 Item, 1 个 Recipe
    -> 处理: Ammo/545.txt
     -> 新增: 4 个 Item
    -> 处理: Ammo/556.txt
     -> 新增: 6 个 Item
    -> 处理: Ammo/58_A(1).txt
     -> 新增: 5 个 Item
    -> 处理: Ammo/762.txt
     -> 新增: 8 个 Item
    -> 处理: Ammo/86.txt
     -> 新增: 4 个 Item
    -> 处理: Ammo/9mm.txt
     -> 新增: 6 个 Item
    -> 处理: Ammo/ShotgunShells.txt
     -> 新增: 3 个 Item
    -> 处理: Ammo/nujian.txt
     -> 新增: 3 个 Item, 3 个 Recipe
    -> 处理: Ballistic_boom.txt
    -> 处理: CatGunBox.txt
     -> 新增: 25 个 Recipe
    -> 处理: CatGunMagItem.txt
     -> 新增: 6 个 Item
    -> 处理: Part/Barrel.txt
     -> 新增: 6 个 Item
    -> 处理: Part/Canon.txt
     -> 新增: 27 个 Item
    -> 处理: Part/Clip.txt
     -> 新增: 71 个 Item
    -> 处理: Part/Grip.txt
     -> 新增: 8 个 Item
    -> 处理: Part/L_Scope.txt
     -> 新增: 4 个 Item
    -> 处理: Part/Laser.txt
     -> 新增: 3 个 Item
    -> 处理: Part/Light.txt
     -> 新增: 2 个 Item
    -> 处理: Part/R_Scope.txt
     -> 新增: 2 个 Item
    -> 处理: Part/Scope.txt
     -> 新增: 19 个 Item
    -> 处理: Part/Sling.txt
     -> 新增: 4 个 Item
    -> 处理: Part/Stock.txt
     -> 新增: 15 个 Item
    -> 处理: Part/Stool.txt
     -> 新增: 11 个 Item
    -> 处理: ShieldSound.txt
    -> 处理: SoundGunPart.txt
    -> 处理: dakaidanyao.txt
     -> 新增: 2 个 Recipe
    -> 处理: generated/items/weaponpart.txt
    -> 处理: generated/recipes/recipes_ammunition.txt
     -> 新增: 5 个 Recipe
    -> 处理: gun/223/cat_1_MSR2.txt
     -> 新增: 1 个 Item
    -> 处理: gun/44/Marlin1894.txt
     -> 新增: 1 个 Item
    -> 处理: gun/44/cat_1_M625.txt
     -> 新增: 1 个 Item
    -> 处理: gun/44/cat_1_magenan.txt
     -> 新增: 1 个 Item
    -> 处理: gun/44/cat_6_Taurus.txt
     -> 新增: 1 个 Item
    -> 处理: gun/44/cat_AWM.txt
     -> 新增: 1 个 Item
    -> 处理: gun/44/cat_Anaconda.txt
     -> 新增: 1 个 Item
    -> 处理: gun/44/cat_M1866.txt
     -> 新增: 1 个 Item
    -> 处理: gun/44/cat_M200.txt
     -> 新增: 1 个 Item
    -> 处理: gun/44/cat_M500.txt
     -> 新增: 1 个 Item
    -> 处理: gun/44/cat_ROSE.txt
     -> 新增: 1 个 Item
    -> 处理: gun/44/cat_Requiem.txt
     -> 新增: 1 个 Item
    -> 处理: gun/45/cat_1_M1911.txt
     -> 新增: 1 个 Item
    -> 处理: gun/45/cat_Christine45.txt
     -> 新增: 1 个 Item
    -> 处理: gun/45/cat_M1873.txt
     -> 新增: 1 个 Item
    -> 处理: gun/45/cat_SRM3.txt
     -> 新增: 1 个 Item
    -> 处理: gun/45/cat_UMP45.txt
     -> 新增: 1 个 Item
    -> 处理: gun/45/cat_usp45.txt
     -> 新增: 1 个 Item
    -> 处理: gun/50/cat_AX50.txt
     -> 新增: 1 个 Item
    -> 处理: gun/50/cat_Beowulf.txt
     -> 新增: 2 个 Item
    -> 处理: gun/50/cat_GM6.txt
     -> 新增: 1 个 Item
    -> 处理: gun/50/cat_M82.txt
     -> 新增: 1 个 Item
    -> 处理: gun/50/cat_SnipeX_T_Rex.txt
     -> 新增: 1 个 Item
    -> 处理: gun/50/cat_XM109.txt
     -> 新增: 1 个 Item
    -> 处理: gun/545/cat_AEK971.txt
     -> 新增: 1 个 Item
    -> 处理: gun/545/cat_AK12.txt
     -> 新增: 1 个 Item
    -> 处理: gun/545/cat_AN94.txt
     -> 新增: 1 个 Item
    -> 处理: gun/556/cat_1_M16.txt
    -> 处理: gun/556/cat_AKS74U.txt
     -> 新增: 1 个 Item
    -> 处理: gun/556/cat_HK416.txt
     -> 新增: 1 个 Item
    -> 处理: gun/556/cat_KS1_KAC.txt
     -> 新增: 1 个 Item
    -> 处理: gun/556/cat_M4A1S.txt
     -> 新增: 1 个 Item
    -> 处理: gun/556/cat_M4Mk18.txt
     -> 新增: 1 个 Item
    -> 处理: gun/556/cat_M91.txt
     -> 新增: 1 个 Item
    -> 处理: gun/556/cat_MCX.txt
     -> 新增: 1 个 Item
    -> 处理: gun/556/cat_MK12.txt
     -> 新增: 1 个 Item
    -> 处理: gun/556/cat_SAI_GRY.txt
     -> 新增: 1 个 Item
    -> 处理: gun/556/cat_SG553.txt
     -> 新增: 1 个 Item
    -> 处理: gun/58/cat_QBU191.txt
     -> 新增: 1 个 Item
    -> 处理: gun/58/cat_QBZ191.txt
     -> 新增: 1 个 Item
    -> 处理: gun/58/cat_QBZ192.txt
     -> 新增: 1 个 Item
    -> 处理: gun/58/cat_QJY201.txt
     -> 新增: 1 个 Item
    -> 处理: gun/58/cat_QSZ_92G.txt
     -> 新增: 1 个 Item
    -> 处理: gun/762/cat_1_M14.txt
    -> 处理: gun/762/cat_1_MSR.txt
     -> 新增: 1 个 Item
    -> 处理: gun/762/cat_56S.txt
     -> 新增: 1 个 Item
    -> 处理: gun/762/cat_98k.txt
     -> 新增: 1 个 Item
    -> 处理: gun/762/cat_AK103.txt
     -> 新增: 1 个 Item
    -> 处理: gun/762/cat_ARX200.txt
     -> 新增: 1 个 Item
    -> 处理: gun/762/cat_AR_10.txt
     -> 新增: 1 个 Item
    -> 处理: gun/762/cat_BAR.txt
     -> 新增: 1 个 Item
    -> 处理: gun/762/cat_Berthier.txt
     -> 新增: 1 个 Item
    -> 处理: gun/762/cat_C96.txt
     -> 新增: 1 个 Item
    -> 处理: gun/762/cat_FAL.txt
     -> 新增: 1 个 Item
    -> 处理: gun/762/cat_FN_Evolys.txt
     -> 新增: 1 个 Item
    -> 处理: gun/762/cat_Groza.txt
     -> 新增: 1 个 Item
    -> 处理: gun/762/cat_HK51.txt
     -> 新增: 1 个 Item
    -> 处理: gun/762/cat_LebelM1886.txt
     -> 新增: 1 个 Item
    -> 处理: gun/762/cat_M1918.txt
     -> 新增: 1 个 Item
    -> 处理: gun/762/cat_M1919a6.txt
     -> 新增: 1 个 Item
    -> 处理: gun/762/cat_M1Garand.txt
     -> 新增: 1 个 Item
    -> 处理: gun/762/cat_M240.txt
     -> 新增: 1 个 Item
    -> 处理: gun/762/cat_MK47.txt
     -> 新增: 1 个 Item
    -> 处理: gun/762/cat_Mosin-Nagant.txt
     -> 新增: 1 个 Item
    -> 处理: gun/762/cat_PKM.txt
     -> 新增: 1 个 Item
    -> 处理: gun/762/cat_RPK16.txt
     -> 新增: 1 个 Item
    -> 处理: gun/762/cat_RSC.txt
     -> 新增: 1 个 Item
    -> 处理: gun/762/cat_SVD.txt
     -> 新增: 1 个 Item
    -> 处理: gun/762/cat_SVT40.txt
     -> 新增: 1 个 Item
    -> 处理: gun/762/cat_ScarH.txt
     -> 新增: 1 个 Item
    -> 处理: gun/762/cat_Type81.txt
     -> 新增: 1 个 Item
    -> 处理: gun/762/cat_URG_S_cat.txt
     -> 新增: 1 个 Item
    -> 处理: gun/762/cat_lewis.txt
     -> 新增: 1 个 Item
    -> 处理: gun/762/cat_m14_Albedo.txt
     -> 新增: 1 个 Item
    -> 处理: gun/762/cat_m1903.txt
     -> 新增: 1 个 Item
    -> 处理: gun/86/cat_LWMMG.txt
     -> 新增: 1 个 Item
    -> 处理: gun/86/cat_MK18.txt
     -> 新增: 1 个 Item
    -> 处理: gun/86/cat_REAPR.txt
     -> 新增: 1 个 Item
    -> 处理: gun/86/cat_mg338.txt
     -> 新增: 1 个 Item
    -> 处理: gun/9mm/cat_1_M9.txt
    -> 处理: gun/9mm/cat_AMB17.txt
     -> 新增: 1 个 Item
    -> 处理: gun/9mm/cat_BerettaM93R.txt
     -> 新增: 1 个 Item
    -> 处理: gun/9mm/cat_EMP.txt
     -> 新增: 1 个 Item
    -> 处理: gun/9mm/cat_FN57.txt
     -> 新增: 1 个 Item
    -> 处理: gun/9mm/cat_G17.txt
     -> 新增: 1 个 Item
    -> 处理: gun/9mm/cat_G18.txt
     -> 新增: 1 个 Item
    -> 处理: gun/9mm/cat_G19.txt
     -> 新增: 1 个 Item
    -> 处理: gun/9mm/cat_G34.txt
     -> 新增: 1 个 Item
    -> 处理: gun/9mm/cat_KrissVector.txt
     -> 新增: 1 个 Item
    -> 处理: gun/9mm/cat_M9A4.txt
     -> 新增: 1 个 Item
    -> 处理: gun/9mm/cat_MP7.txt
     -> 新增: 1 个 Item
    -> 处理: gun/9mm/cat_SIGP226.txt
     -> 新增: 1 个 Item
    -> 处理: gun/9mm/cat_Taran2011.txt
     -> 新增: 1 个 Item
    -> 处理: gun/9mm/cat_Thompson.txt
     -> 新增: 1 个 Item
    -> 处理: gun/9mm/cat_VSSM.txt
     -> 新增: 1 个 Item
    -> 处理: gun/9mm/cat_lugerP08.txt
     -> 新增: 1 个 Item
    -> 处理: gun/9mm/cat_mp5.txt
     -> 新增: 1 个 Item
    -> 处理: gun/9mm/cat_uzi.txt
     -> 新增: 1 个 Item
    -> 处理: gun/Bolt/cat_interceptor.txt
     -> 新增: 1 个 Item
    -> 处理: gun/Shotgun/cat_1_JS2000.txt
    -> 处理: gun/Shotgun/cat_1_shuangpen.txt
     -> 新增: 1 个 Item
    -> 处理: gun/Shotgun/cat_1_shuangpen_juduan.txt
     -> 新增: 1 个 Item
    -> 处理: gun/Shotgun/cat_AA12.txt
     -> 新增: 1 个 Item
    -> 处理: gun/Shotgun/cat_BRAuto5.txt
     -> 新增: 1 个 Item
    -> 处理: gun/Shotgun/cat_DP12.txt
     -> 新增: 1 个 Item
    -> 处理: gun/Shotgun/cat_M1887.txt
     -> 新增: 1 个 Item
    -> 处理: gun/Shotgun/cat_M870.txt
     -> 新增: 1 个 Item
    -> 处理: gun/Shotgun/cat_Saiga12.txt
     -> 新增: 1 个 Item
    -> 处理: gun/Shotgun/cat_Striker12.txt
     -> 新增: 1 个 Item
    -> 处理: gun/Shotgun/cat_TTI_Benelli_M4.txt
     -> 新增: 1 个 Item
    -> 处理: gun/Shotgun/cat_UTS-15.txt
     -> 新增: 1 个 Item
    -> 处理: gun/Shotgun/cat_origin12.txt
     -> 新增: 1 个 Item
    -> 处理: gun/shamozhiying.txt
     -> 新增: 1 个 Item
    -> 处理: gun/xiandaihuamalin.txt
     -> 新增: 1 个 Item
    -> 处理: lingjian.txt
     -> 新增: 4 个 Item
    -> 处理: liudan.txt
     -> 新增: 2 个 Item
    -> 处理: module_ATRY_boomsfx.txt
     -> 新增: 12 个 Item
    -> 处理: qiangxiechaichu.txt
    -> 处理: tools/Bomb.txt
     -> 新增: 2 个 Item
    -> 处理: tools/wuqixiuli.txt
     -> 新增: 1 个 Item
    -> 处理: xiulibaohecheng.txt
阶段 2 完成: 从 scripts 新生成了 403 条数据。

--- 阶段 3: 合并 L0 与 L1 后，纯净英文基准总计: 1223 条数据。---

--- 阶段 4: 检测到 42 个与官方重复的键。---

--- 已为 Mod ID 3633421539 更新 1248 条键来源映射 ---

--- 正在为 Mod 'Escape_from_Kentucky4215' 生成输出文件 ---
    - 最终合并 (output.txt): 1232 条
    - 纯净英文 (EN_output.txt/json): 1223 条
    - 纯净中文 (CN_output.txt): 589 条
    - 中文独有 (cn_only.txt): 9 条 (增量)
    - 冲突键 (conflict_keys.txt): 42 条
    -> 正在尝试从 Git 历史记录中获取旧版本: data/output_files/Escape_from_Kentucky4215_3633421539/EN_output.txt
      --> 成功找到旧版本。
     -> 在 'EN_output.txt (旧版本)' 中找到 1216 个键。
    -> 检测到内容变更。新增: 9, 移除: 2

处理成功！所有输出文件已保存在 'Escape_from_Kentucky4215_3633421539' 文件夹中。
    -> [内存] 已为 Mod 3633421539 记录 Commit SHA: 928a333
