

========================= 开始处理 Workshop ID: 2914075159 (Evolving_Traits_World) =========================

--- 正在检查已完成的翻译于: data/completed_files/2914075159/en_completed.txt ---
     -> 在 'en_completed.txt' 中找到 339 个键。

--- 正在检查待排除的键于: data/completed_files/2914075159/exclusion_list.txt ---
  -> 排除列表文件 'exclusion_list.txt' 不存在，跳过。

-------------------- 处理子模组: Evolving Traits World --------------------

--- 正在为 'Evolving Traits World' 动态查找 'media' 文件夹 ---
  -> 找到有效 Common 路径: data/workshop_content/2914075159/mods/Evolving Traits World/common/media
  -> 发现版本目录队列: 42.15, 42.14, 42
  --> 找到最高优先级有效版本: 42.15

--- 阶段 1: 扫描所有 media 路径下的翻译文件 (L1) ---
  -> 正在处理 media 路径: data/workshop_content/2914075159/mods/Evolving Traits World/common/media
  -> 扫描目录: data/workshop_content/2914075159/mods/Evolving Traits World/common/media/lua/shared/Translate/EN
     -> 在 'Moodles.json' 中找到 19 个键。
     -> 在 'Sandbox.json' 中找到 267 个键。
     -> 在 'UI.json' 中找到 93 个键。
     -> 在 'Moodles_EN.txt' 中找到 19 个键。
     -> 在 'Sandbox_EN.txt' 中找到 267 个键。
     -> 在 'UI_EN.txt' 中找到 93 个键。
  -> 扫描目录: data/workshop_content/2914075159/mods/Evolving Traits World/common/media/lua/shared/Translate/CN
     -> 在 'Moodles_CN.json' 中找到 20 个键。
     -> 在 'Sandbox_CN.json' 中找到 245 个键。
     -> 在 'UI_CN.json' 中找到 71 个键。
     -> 在 'Moodles_CN.txt' 中找到 20 个键。
     -> 在 'Sandbox_CN.txt' 中找到 246 个键。
     -> 在 'UI_CN.txt' 中找到 71 个键。
  -> 正在处理 media 路径: data/workshop_content/2914075159/mods/Evolving Traits World/42.15/media
阶段 1 完成: 从 EN 加载了 378 条数据, 从 CN 加载了 334 条数据。

--- 阶段 2: 扫描所有 Media 路径下的 Scripts (L0) ---
  -> 正在处理 Scripts 路径: data/workshop_content/2914075159/mods/Evolving Traits World/common/media/scripts
    -> 处理: ETWSounds.txt
  -> 正在处理 Scripts 路径: data/workshop_content/2914075159/mods/Evolving Traits World/42.15/media/scripts
    -> 处理: ETWTraits.txt
阶段 2 完成: 从 scripts 新生成了 0 条数据。

--- 阶段 3: 合并 L0 与 L1 后，纯净英文基准总计: 378 条数据。---

-------------------- 处理子模组: Evolving Traits World - Mark Dynamic Traits --------------------

--- 正在为 'Evolving Traits World - Mark Dynamic Traits' 动态查找 'media' 文件夹 ---
  -> 发现版本目录队列: 42
  --> 版本 42 无效或为空，尝试检查下一个低版本...
  --> 未能在 Common 或 版本目录队列中找到任何有效的 'media' 文件夹。

--- 已为 Mod ID 2914075159 更新 379 条键来源映射 ---

--- 正在为 Mod 'Evolving_Traits_World' 生成输出文件 ---
    - 最终合并 (output.txt): 379 条
    - 纯净英文 (EN_output.txt/json): 378 条
    - 纯净中文 (CN_output.txt): 334 条
    - 中文独有 (cn_only.txt): 1 条 (增量)
    - 冲突键 (conflict_keys.txt): 0 条
    -> 正在尝试从 Git 历史记录中获取旧版本: data/output_files/Evolving_Traits_World_2914075159/EN_output.txt
      --> 成功找到旧版本。
     -> 在 'EN_output.txt (旧版本)' 中找到 378 个键。

处理成功！所有输出文件已保存在 'Evolving_Traits_World_2914075159' 文件夹中。
    -> [内存] 已为 Mod 2914075159 记录 Commit SHA: 4f4040a
