

========================= 开始处理 Workshop ID: 2256623447 (Firearms) =========================

--- 正在检查已完成的翻译于: data/completed_files/2256623447/en_completed.txt ---
     -> 在 'en_completed.txt' 中找到 414 个键。

--- 正在检查待排除的键于: data/completed_files/2256623447/exclusion_list.txt ---
  -> 成功从 'exclusion_list.txt' 加载 0 个待排除的键。

-------------------- 处理子模组: Firearms --------------------

--- 正在为 'Firearms' 动态查找 'media' 文件夹 ---
  -> 发现版本目录队列: 42.13, 42.12, 42.9, 42.0
  --> 找到最高优先级有效版本: 42.13

--- 阶段 1: 扫描所有 media 路径下的翻译文件 (L1) ---
  -> 正在处理 media 路径: data/workshop_content/2256623447/mods/Firearms/42.13/media
  -> 扫描目录: data/workshop_content/2256623447/mods/Firearms/42.13/media/lua/shared/Translate/EN
     -> 在 'IG_UI_EN.txt' 中找到 15 个键。
     -> 在 'ItemName_EN.txt' 中找到 148 个键。
     -> 在 'Recipes_EN.txt' 中找到 48 个键。
     -> 在 'Sandbox_EN.txt' 中找到 132 个键。
     -> 在 'Tooltip_EN.txt' 中找到 25 个键。
     -> 在 'UI_EN.txt' 中找到 4 个键。
阶段 1 完成: 从 EN 加载了 369 条数据, 从 CN 加载了 0 条数据。

--- 阶段 2: 扫描所有 Media 路径下的 Scripts (L0) ---
  -> 正在处理 Scripts 路径: data/workshop_content/2256623447/mods/Firearms/42.13/media/scripts
    -> 处理: Firearms_Models.txt
    -> 处理: Firearms_Sounds.txt
    -> 处理: Firearms_Weapon_Models.txt
    -> 处理: Items/Firearms_Items.txt
     -> 新增: 1 个 Item
    -> 处理: Items/Firearms_Items_Ammo.txt
     -> 新增: 7 个 Item
    -> 处理: Items/Firearms_Items_AssaultRifles.txt
     -> 新增: 2 个 Item
    -> 处理: Items/Firearms_Items_Attachments.txt
     -> 新增: 27 个 Item
    -> 处理: Items/Firearms_Items_Explosives.txt
     -> 新增: 1 个 Item
    -> 处理: Items/Firearms_Items_Handguns.txt
     -> 新增: 1 个 Item
    -> 处理: Items/Firearms_Items_LeverActionRifles.txt
    -> 处理: Items/Firearms_Items_Magazines.txt
    -> 处理: Items/Firearms_Items_Revolvers.txt
    -> 处理: Items/Firearms_Items_Rifles.txt
    -> 处理: Items/Firearms_Items_SMGs.txt
     -> 新增: 1 个 Item
    -> 处理: Items/Firearms_Items_Schematics.txt
     -> 新增: 1 个 Item
    -> 处理: Items/Firearms_Items_Shotguns.txt
     -> 新增: 2 个 Item
    -> 处理: Recipes/Firearms_Recipes_Ammunition.txt
     -> 新增: 1 个 Recipe
    -> 处理: Recipes/Firearms_Recipes_Attachments.txt
     -> 新增: 1 个 Recipe
    -> 处理: Recipes/Firearms_Recipes_Repair.txt
     -> 新增: 1 个 Recipe
    -> 处理: Recipes/Firearms_Recipes_Sawn.txt
阶段 2 完成: 从 scripts 新生成了 46 条数据。

--- 阶段 3: 合并 L0 与 L1 后，纯净英文基准总计: 415 条数据。---

--- 阶段 4: 检测到 65 个与官方重复的键。---

-------------------- 处理子模组: FirearmsBETA --------------------

--- 正在为 'FirearmsBETA' 动态查找 'media' 文件夹 ---
  -> 发现版本目录队列: 42.13
  --> 找到最高优先级有效版本: 42.13

--- 阶段 1: 扫描所有 media 路径下的翻译文件 (L1) ---
  -> 正在处理 media 路径: data/workshop_content/2256623447/mods/FirearmsBETA/42.13/media
  -> 扫描目录: data/workshop_content/2256623447/mods/FirearmsBETA/42.13/media/lua/shared/Translate/EN
     -> 在 'IG_UI_EN.txt' 中找到 15 个键。
     -> 在 'ItemName_EN.txt' 中找到 148 个键。
     -> 在 'Recipes_EN.txt' 中找到 48 个键。
     -> 在 'Sandbox_EN.txt' 中找到 132 个键。
     -> 在 'Tooltip_EN.txt' 中找到 25 个键。
     -> 在 'UI_EN.txt' 中找到 4 个键。
阶段 1 完成: 从 EN 加载了 369 条数据, 从 CN 加载了 0 条数据。

--- 阶段 2: 扫描所有 Media 路径下的 Scripts (L0) ---
  -> 正在处理 Scripts 路径: data/workshop_content/2256623447/mods/FirearmsBETA/42.13/media/scripts
    -> 处理: Firearms_Models.txt
    -> 处理: Firearms_Sounds.txt
    -> 处理: Firearms_Weapon_Models.txt
    -> 处理: Items/Firearms_Items.txt
     -> 新增: 1 个 Item
    -> 处理: Items/Firearms_Items_Ammo.txt
     -> 新增: 7 个 Item
    -> 处理: Items/Firearms_Items_AssaultRifles.txt
     -> 新增: 2 个 Item
    -> 处理: Items/Firearms_Items_Attachments.txt
     -> 新增: 27 个 Item
    -> 处理: Items/Firearms_Items_Explosives.txt
     -> 新增: 1 个 Item
    -> 处理: Items/Firearms_Items_Handguns.txt
     -> 新增: 1 个 Item
    -> 处理: Items/Firearms_Items_LeverActionRifles.txt
    -> 处理: Items/Firearms_Items_Magazines.txt
    -> 处理: Items/Firearms_Items_Revolvers.txt
    -> 处理: Items/Firearms_Items_Rifles.txt
    -> 处理: Items/Firearms_Items_SMGs.txt
     -> 新增: 1 个 Item
    -> 处理: Items/Firearms_Items_Schematics.txt
     -> 新增: 1 个 Item
    -> 处理: Items/Firearms_Items_Shotguns.txt
     -> 新增: 2 个 Item
    -> 处理: Recipes/Firearms_Recipes_Ammunition.txt
     -> 新增: 1 个 Recipe
    -> 处理: Recipes/Firearms_Recipes_Attachments.txt
     -> 新增: 1 个 Recipe
    -> 处理: Recipes/Firearms_Recipes_Repair.txt
     -> 新增: 1 个 Recipe
    -> 处理: Recipes/Firearms_Recipes_Sawn.txt
阶段 2 完成: 从 scripts 新生成了 46 条数据。

--- 阶段 3: 合并 L0 与 L1 后，纯净英文基准总计: 415 条数据。---

--- 阶段 4: 检测到 65 个与官方重复的键。---

-------------------- 处理子模组: FirearmsVanilla --------------------

--- 正在为 'FirearmsVanilla' 动态查找 'media' 文件夹 ---
  -> 发现版本目录队列: 42.0
  --> 找到最高优先级有效版本: 42.0

--- 阶段 1: 扫描所有 media 路径下的翻译文件 (L1) ---
  -> 正在处理 media 路径: data/workshop_content/2256623447/mods/FirearmsVanilla/42.0/media
阶段 1 完成: 从 EN 加载了 0 条数据, 从 CN 加载了 0 条数据。

--- 阶段 2: 扫描所有 Media 路径下的 Scripts (L0) ---
  -> 正在处理 Scripts 路径: data/workshop_content/2256623447/mods/FirearmsVanilla/42.0/media/scripts
    -> 处理: Firearms_Models.txt
阶段 2 完成: 从 scripts 新生成了 0 条数据。

--- 阶段 3: 合并 L0 与 L1 后，纯净英文基准总计: 0 条数据。---

--- 已为 Mod ID 2256623447 更新 416 条键来源映射 ---

--- 正在为 Mod 'Firearms' 生成输出文件 ---
    - 最终合并 (output.txt): 415 条
    - 纯净英文 (EN_output.txt): 415 条
    - 纯净中文 (CN_output.txt): 0 条
    - 英文待办 (en_todo.txt): 77 条 (增量)
    - 中文独有 (cn_only.txt): 0 条 (增量)
    - 冲突键 (conflict_keys.txt): 65 条
    -> 正在尝试从 Git 历史记录中获取旧版本: data/output_files/Firearms_2256623447/EN_todo.txt
      --> 成功找到旧版本。
     -> 在 'EN_todo.txt (旧版本)' 中找到 6 个键。
    -> 检测到内容变更。新增: 71, 移除: 0

处理成功！所有输出文件已保存在 'Firearms_2256623447' 文件夹中。
    -> [内存] 已为 Mod 2256623447 记录 Commit SHA: 8937081
