

========================= 开始处理 Workshop ID: 3303590197 (FNVG) =========================

--- 正在检查已完成的翻译于: data/completed_files/3303590197/en_completed.txt ---
     -> 在 'en_completed.txt' 中找到 0 个键。

--- 正在检查待排除的键于: data/completed_files/3303590197/exclusion_list.txt ---
  -> 排除列表文件 'exclusion_list.txt' 不存在，跳过。

-------------------- 处理子模组: FNVG --------------------

--- 正在为 'FNVG' 动态查找 'media' 文件夹 ---
  -> 发现版本目录队列: 42
  --> 找到最高优先级有效版本: 42

--- 阶段 1: 扫描所有 media 路径下的翻译文件 (L1) ---
  -> 正在处理 media 路径: data/workshop_content/3303590197/mods/FNVG/42/media
  -> 扫描目录: data/workshop_content/3303590197/mods/FNVG/42/media/lua/shared/Translate/EN
     -> 在 'IG_UI.json' 中找到 2 个键。
     -> 在 'ItemName.json' 中找到 15 个键。
     -> 在 'Recipes.json' 中找到 16 个键。
     -> 在 'Sandbox.json' 中找到 15 个键。
     -> 在 'UI.json' 中找到 3 个键。
阶段 1 完成: 从 EN 加载了 51 条数据, 从 CN 加载了 0 条数据。

--- 阶段 2: 扫描所有 Media 路径下的 Scripts (L0) ---
  -> 正在处理 Scripts 路径: data/workshop_content/3303590197/mods/FNVG/42/media/scripts
    -> 处理: AN_PVS14/FNVG_items.txt
    -> 处理: AN_PVS14/FNVG_models.txt
    -> 处理: AN_PVS14/FNVG_recipes.txt
     -> 新增: 1 个 Recipe
    -> 处理: AN_PVS15/FNVG_items.txt
    -> 处理: AN_PVS15/FNVG_models.txt
    -> 处理: AN_PVS15/FNVG_recipes.txt
    -> 处理: AN_PVS7/FNVG_items.txt
    -> 处理: AN_PVS7/FNVG_models.txt
    -> 处理: AN_PVS7/FNVG_recipes.txt
    -> 处理: FNVG_human_models.txt
    -> 处理: GPNVG18/FNVG_items.txt
    -> 处理: GPNVG18/FNVG_models.txt
    -> 处理: GPNVG18/FNVG_recipes.txt
    -> 处理: HeadMount/FNVG_items.txt
    -> 处理: HeadMount/FNVG_models.txt
    -> 处理: RhinoMount/FNVG_items.txt
    -> 处理: RhinoMount/FNVG_models.txt
阶段 2 完成: 从 scripts 新生成了 1 条数据。

--- 阶段 3: 合并 L0 与 L1 后，纯净英文基准总计: 52 条数据。---

--- 阶段 4: 检测到 1 个与官方重复的键。---

--- 已为 Mod ID 3303590197 更新 68 条键来源映射 ---

--- 正在为 Mod 'FNVG' 生成输出文件 ---
    - 最终合并 (output.txt): 52 条
    - 纯净英文 (EN_output.txt/json): 52 条
    - 纯净中文 (CN_output.txt): 0 条
    - 中文独有 (cn_only.txt): 0 条 (增量)
    - 冲突键 (conflict_keys.txt): 1 条
    -> 正在尝试从 Git 历史记录中获取旧版本: data/output_files/FNVG_3303590197/EN_output.txt
      --> 成功找到旧版本。
     -> 在 'EN_output.txt (旧版本)' 中找到 52 个键。
    -> 检测到内容变更。新增: 16, 移除: 16

处理成功！所有输出文件已保存在 'FNVG_3303590197' 文件夹中。
    -> [内存] 已为 Mod 3303590197 记录 Commit SHA: bc103ee
