

========================= 开始处理 Workshop ID: 3623297453 (GaelGunStore_Legacy) =========================

--- 正在检查已完成的翻译于: data/completed_files/3623297453/en_completed.txt ---
  -> 文件 'en_completed.txt' 在目标位置不存在，将自动创建。

--- 正在检查待排除的键于: data/completed_files/3623297453/exclusion_list.txt ---
  -> 排除列表文件 'exclusion_list.txt' 不存在，跳过。

-------------------- 处理子模组: GaelGunStore_Legacy --------------------

--- 正在为 'GaelGunStore_Legacy' 动态查找 'media' 文件夹 ---
  -> 发现版本目录队列: 42
  --> 找到最高优先级有效版本: 42

--- 阶段 1: 扫描所有 media 路径下的翻译文件 (L1) ---
  -> 正在处理 media 路径: data/workshop_content/3623297453/mods/GaelGunStore_Legacy/42/media
  -> 扫描目录: data/workshop_content/3623297453/mods/GaelGunStore_Legacy/42/media/lua/shared/Translate/EN
     -> 在 'ContextMenu_EN.txt' 中找到 4 个键。
     -> 在 'IG_UI_EN.txt' 中找到 75 个键。
     -> 在 'ItemName_EN.txt' 中找到 692 个键。
     -> 在 'Recipes_EN.txt' 中找到 6 个键。
     -> 在 'Sandbox_EN.txt' 中找到 11 个键。
     -> 在 'Tooltip_EN.txt' 中找到 2 个键。
     -> 在 'UI_EN.txt' 中找到 5 个键。
阶段 1 完成: 从 EN 加载了 795 条数据, 从 CN 加载了 0 条数据。

--- 阶段 2: 扫描所有 Media 路径下的 Scripts (L0) ---
  -> 正在处理 Scripts 路径: data/workshop_content/3623297453/mods/GaelGunStore_Legacy/42/media/scripts
    -> 处理: Ammo/22LR.txt
     -> 新增: 1 个 Item
    -> 处理: Ammo/308Win.txt
    -> 处理: Ammo/32.txt
    -> 处理: Ammo/357.txt
    -> 处理: Ammo/38.txt
    -> 处理: Ammo/44.txt
    -> 处理: Ammo/45ACP.txt
    -> 处理: Ammo/50Magnum.txt
    -> 处理: Ammo/50cal.txt
    -> 处理: Ammo/545x39.txt
     -> 新增: 1 个 Item
    -> 处理: Ammo/556x45.txt
    -> 处理: Ammo/762x39.txt
    -> 处理: Ammo/762x54r.txt
    -> 处理: Ammo/792x57.txt
     -> 新增: 1 个 Item
    -> 处理: Ammo/9mm.txt
    -> 处理: Ammo/9x39.txt
    -> 处理: Ammo/BoxRecipes.txt
     -> 新增: 21 个 Recipe
    -> 处理: Ammo/GrenadeAmmo.txt
    -> 处理: Ammo/Shells.txt
    -> 处理: Ammo/items.txt
    -> 处理: Firearms/Bows.txt
     -> 新增: 2 个 Item
    -> 处理: Firearms/Escopeta_automaticas.txt
    -> 处理: Firearms/Escopeta_doble_canon.txt
     -> 新增: 2 个 Item
    -> 处理: Firearms/Escopeta_semi.txt
    -> 处理: Firearms/Escopetas.txt
    -> 处理: Firearms/LMG.txt
    -> 处理: Firearms/Pistolas.txt
     -> 新增: 2 个 Item
    -> 处理: Firearms/Revolvers.txt
     -> 新增: 3 个 Item
    -> 处理: Firearms/Rifles.txt
     -> 新增: 1 个 Item
    -> 处理: Firearms/Rifles_automaticos.txt
    -> 处理: Firearms/Rifles_bolt_nomag.txt
     -> 新增: 1 个 Item
    -> 处理: Firearms/Rifles_semi.txt
    -> 处理: Firearms/Rifles_semi_nomag.txt
    -> 处理: Firearms/SMG.txt
    -> 处理: Firearms/SMG_twohands.txt
    -> 处理: GunPartItem/Barrel_Shroud.txt
    -> 处理: GunPartItem/Canon.txt
     -> 新增: 2 个 Item
    -> 处理: GunPartItem/Clip.txt
     -> 新增: 284 个 Item
    -> 处理: GunPartItem/Grip.txt
    -> 处理: GunPartItem/Handguard.txt
    -> 处理: GunPartItem/Hide_Beam.txt
     -> 新增: 9 个 Item
    -> 处理: GunPartItem/L_Scope.txt
    -> 处理: GunPartItem/Laser.txt
     -> 新增: 1 个 Item
    -> 处理: GunPartItem/Light.txt
     -> 新增: 1 个 Item
    -> 处理: GunPartItem/Mount.txt
    -> 处理: GunPartItem/RecoilPad.txt
    -> 处理: GunPartItem/Scope.txt
     -> 新增: 3 个 Item
    -> 处理: GunPartItem/Stock.txt
     -> 新增: 2 个 Item
    -> 处理: GunPartItem/Stool.txt
    -> 处理: Recipes/Recipes.txt
     -> 新增: 35 个 Recipe
    -> 处理: Recipes/fixing_guns.txt
阶段 2 完成: 从 scripts 新生成了 372 条数据。

--- 阶段 3: 合并 L0 与 L1 后，纯净英文基准总计: 1167 条数据。---

--- 阶段 4: 检测到 41 个与官方重复的键。---

--- 已为 Mod ID 3623297453 更新 1167 条键来源映射 ---

--- 正在为 Mod 'GaelGunStore_Legacy' 生成输出文件 ---
    - 最终合并 (output.txt): 1167 条
    - 纯净英文 (EN_output.txt): 1167 条
    - 纯净中文 (CN_output.txt): 0 条
    - 英文待办 (en_todo.txt): 1167 条 (增量)
    - 中文独有 (cn_only.txt): 0 条 (增量)
    - 冲突键 (conflict_keys.txt): 41 条
    -> 正在尝试从 Git 历史记录中获取旧版本: data/output_files/GaelGunStore_Legacy_3623297453/EN_todo.txt
      --> 在 Git 历史记录中未找到该文件，视为全新。
    -> 基线日志已存档到: data/logs/archive/GaelGunStore_Legacy_3623297453_baseline_run_20251221_040453.json

处理成功！所有输出文件已保存在 'GaelGunStore_Legacy_3623297453' 文件夹中。
    -> 警告：未能获取 Mod 3623297453 的完成文件SHA，状态未记录。
