

========================= 开始处理 Workshop ID: 3597471949 (GeneratorPlus2) =========================

--- 正在检查已完成的翻译于: data/completed_files/3597471949/en_completed.txt ---
     -> 在 'en_completed.txt' 中找到 0 个键。

--- 正在检查待排除的键于: data/completed_files/3597471949/exclusion_list.txt ---
  -> 排除列表文件 'exclusion_list.txt' 不存在，跳过。

-------------------- 处理子模组: GeneratorPlus2 --------------------

--- 正在为 'GeneratorPlus2' 动态查找 'media' 文件夹 ---
  -> 找到有效 Common 路径: data/workshop_content/3597471949/mods/GeneratorPlus2/common/media
  -> 发现版本目录队列: 42.15
  --> 版本 42.15 无效或为空，尝试检查下一个低版本...

--- 阶段 1: 扫描所有 media 路径下的翻译文件 (L1) ---
  -> 正在处理 media 路径: data/workshop_content/3597471949/mods/GeneratorPlus2/common/media
  -> 扫描目录: data/workshop_content/3597471949/mods/GeneratorPlus2/common/media/lua/shared/Translate/EN
     -> 在 'ContextMenu.json' 中找到 1 个键。
     -> 在 'IG_UI.json' 中找到 91 个键。
     -> 在 'Sandbox.json' 中找到 15 个键。
  -> 扫描目录: data/workshop_content/3597471949/mods/GeneratorPlus2/common/media/lua/shared/Translate/CN
     -> 在 'ContextMenu.json' 中找到 1 个键。
     -> 在 'IG_UI.json' 中找到 84 个键。
     -> 在 'Sandbox.json' 中找到 7 个键。
阶段 1 完成: 从 EN 加载了 107 条数据, 从 CN 加载了 85 条数据。

--- 阶段 2: 扫描所有 Media 路径下的 Scripts (L0) ---
阶段 2 完成: 从 scripts 新生成了 0 条数据。

--- 阶段 3: 合并 L0 与 L1 后，纯净英文基准总计: 107 条数据。---

--- 阶段 4: 检测到 2 个与官方重复的键。---

-------------------- 处理子模组: GeneratorPlusMultiplayer --------------------

--- 正在为 'GeneratorPlusMultiplayer' 动态查找 'media' 文件夹 ---
  -> 发现版本目录队列: 42.15, 42
  --> 找到最高优先级有效版本: 42.15

--- 阶段 1: 扫描所有 media 路径下的翻译文件 (L1) ---
  -> 正在处理 media 路径: data/workshop_content/3597471949/mods/GeneratorPlusMultiplayer/42.15/media
  -> 扫描目录: data/workshop_content/3597471949/mods/GeneratorPlusMultiplayer/42.15/media/lua/shared/Translate/EN
     -> 在 'ContextMenu.json' 中找到 1 个键。
     -> 在 'IG_UI.json' 中找到 53 个键。
     -> 在 'Sandbox.json' 中找到 9 个键。
  -> 扫描目录: data/workshop_content/3597471949/mods/GeneratorPlusMultiplayer/42.15/media/lua/shared/Translate/CN
     -> 在 'ContextMenu.json' 中找到 1 个键。
     -> 在 'IG_UI.json' 中找到 60 个键。
     -> 在 'Sandbox.json' 中找到 7 个键。
阶段 1 完成: 从 EN 加载了 63 条数据, 从 CN 加载了 61 条数据。

--- 阶段 2: 扫描所有 Media 路径下的 Scripts (L0) ---
阶段 2 完成: 从 scripts 新生成了 0 条数据。

--- 阶段 3: 合并 L0 与 L1 后，纯净英文基准总计: 63 条数据。---

--- 阶段 4: 检测到 1 个与官方重复的键。---

-------------------- 处理子模组: GeneratorPlusSingleplayer --------------------

--- 正在为 'GeneratorPlusSingleplayer' 动态查找 'media' 文件夹 ---
  -> 发现版本目录队列: 42.15, 42
  --> 找到最高优先级有效版本: 42.15

--- 阶段 1: 扫描所有 media 路径下的翻译文件 (L1) ---
  -> 正在处理 media 路径: data/workshop_content/3597471949/mods/GeneratorPlusSingleplayer/42.15/media
  -> 扫描目录: data/workshop_content/3597471949/mods/GeneratorPlusSingleplayer/42.15/media/lua/shared/Translate/EN
     -> 在 'ContextMenu.json' 中找到 1 个键。
     -> 在 'IG_UI.json' 中找到 53 个键。
     -> 在 'Sandbox.json' 中找到 9 个键。
  -> 扫描目录: data/workshop_content/3597471949/mods/GeneratorPlusSingleplayer/42.15/media/lua/shared/Translate/CN
     -> 在 'ContextMenu.json' 中找到 1 个键。
     -> 在 'IG_UI.json' 中找到 60 个键。
     -> 在 'Sandbox.json' 中找到 7 个键。
阶段 1 完成: 从 EN 加载了 63 条数据, 从 CN 加载了 61 条数据。

--- 阶段 2: 扫描所有 Media 路径下的 Scripts (L0) ---
阶段 2 完成: 从 scripts 新生成了 0 条数据。

--- 阶段 3: 合并 L0 与 L1 后，纯净英文基准总计: 63 条数据。---

--- 阶段 4: 检测到 1 个与官方重复的键。---

--- 已为 Mod ID 3597471949 更新 107 条键来源映射 ---

--- 正在为 Mod 'GeneratorPlus2' 生成输出文件 ---
    - 最终合并 (output.txt): 107 条
    - 纯净英文 (EN_output.txt/json): 107 条
    - 纯净中文 (CN_output.txt): 85 条
    - 中文独有 (cn_only.txt): 0 条 (增量)
    - 冲突键 (conflict_keys.txt): 2 条
    -> 正在尝试从 Git 历史记录中获取旧版本: data/output_files/GeneratorPlus2_3597471949/EN_output.txt
      --> 在 Git 历史记录中未找到该文件，视为全新。
    -> 基线日志已存档到: data/logs/archive/GeneratorPlus2_3597471949_baseline_run_20260315_042855.json

处理成功！所有输出文件已保存在 'GeneratorPlus2_3597471949' 文件夹中。
    -> [内存] 已为 Mod 3597471949 记录 Commit SHA: 58cc52f
