

========================= 开始处理 Workshop ID: 3465727755 (GHL_Forgiving) =========================

--- 正在检查已完成的翻译于: data/completed_files/3465727755/en_completed.txt ---
  -> 文件 'en_completed.txt' 在目标位置不存在，将自动创建。

--- 正在检查待排除的键于: data/completed_files/3465727755/exclusion_list.txt ---
  -> 排除列表文件 'exclusion_list.txt' 不存在，跳过。

-------------------- 处理子模组: GHL Forgiving --------------------

--- 正在为 'GHL Forgiving' 动态查找 'media' 文件夹 ---
  -> 发现版本目录: 42
  -> 正在检查路径的有效性: data/workshop_content/3465727755/mods/GHL Forgiving/42/media
  --> 路径有效！已将其加入待处理列表。

--- 阶段 1: 扫描所有 media 路径下的翻译文件 (L1) ---
  -> 正在处理 media 路径: data/workshop_content/3465727755/mods/GHL Forgiving/42/media
  -> 扫描目录: data/workshop_content/3465727755/mods/GHL Forgiving/42/media/lua/shared/Translate/EN
     -> 在 'Sandbox_EN.txt' 中找到 7 个键。
阶段 1 完成: 从 EN 加载了 7 条数据, 从 CN 加载了 0 条数据。

--- 阶段 2: 扫描所有 Media 路径下的 Scripts (L0) ---
  -> 正在处理 Scripts 路径: data/workshop_content/3465727755/mods/GHL Forgiving/42/media/scripts
    -> 处理: Tinnitus_item.txt
阶段 2 完成: 从 scripts 新生成了 0 条数据。

--- 阶段 3: 合并 L0 与 L1 后，纯净英文基准总计: 7 条数据。---

-------------------- 处理子模组: GHL Normal --------------------

--- 正在为 'GHL Normal' 动态查找 'media' 文件夹 ---
  -> 发现版本目录: 42
  -> 正在检查路径的有效性: data/workshop_content/3465727755/mods/GHL Normal/42/media
  --> 路径有效！已将其加入待处理列表。

--- 阶段 1: 扫描所有 media 路径下的翻译文件 (L1) ---
  -> 正在处理 media 路径: data/workshop_content/3465727755/mods/GHL Normal/42/media
  -> 扫描目录: data/workshop_content/3465727755/mods/GHL Normal/42/media/lua/shared/Translate/EN
     -> 在 'Sandbox_EN.txt' 中找到 7 个键。
阶段 1 完成: 从 EN 加载了 7 条数据, 从 CN 加载了 0 条数据。

--- 阶段 2: 扫描所有 Media 路径下的 Scripts (L0) ---
  -> 正在处理 Scripts 路径: data/workshop_content/3465727755/mods/GHL Normal/42/media/scripts
    -> 处理: Tinnitus_item.txt
阶段 2 完成: 从 scripts 新生成了 0 条数据。

--- 阶段 3: 合并 L0 与 L1 后，纯净英文基准总计: 7 条数据。---

--- 已为 Mod ID 3465727755 更新 7 条键来源映射 ---

--- 正在为 Mod 'GHL_Forgiving' 生成输出文件 ---
    - 最终合并 (output.txt): 7 条
    - 纯净英文 (EN_output.txt): 7 条
    - 纯净中文 (CN_output.txt): 0 条
    - 英文待办 (en_todo.txt): 7 条 (增量)
    - 中文独有 (cn_only.txt): 0 条 (增量)
    - 冲突键 (conflict_keys.txt): 0 条
    -> 正在尝试从 Git 历史记录中获取旧版本: data/output_files/GHL_Forgiving_3465727755/EN_todo.txt
      --> 在 Git 历史记录中未找到该文件，视为全新。
    -> 基线日志已存档到: data/logs/archive/GHL_Forgiving_3465727755_baseline_run_20251118_040451.json

处理成功！所有输出文件已保存在 'GHL_Forgiving_3465727755' 文件夹中。
    -> 警告：未能获取 Mod 3465727755 的完成文件SHA，状态未记录。
