

========================= 开始处理 Workshop ID: 3673396516 (GirlsunddieToten) =========================

--- 正在检查已完成的翻译于: data/completed_files/3673396516/en_completed.txt ---
  -> 文件 'en_completed.txt' 在目标位置不存在，将自动创建。

--- 正在检查待排除的键于: data/completed_files/3673396516/exclusion_list.txt ---
  -> 排除列表文件 'exclusion_list.txt' 不存在，跳过。

-------------------- 处理子模组: GirlsunddieToten --------------------

--- 正在为 'GirlsunddieToten' 动态查找 'media' 文件夹 ---
  -> 发现版本目录队列: 42.13, 42.12, 42
  --> 找到最高优先级有效版本: 42.13

--- 阶段 1: 扫描所有 media 路径下的翻译文件 (L1) ---
  -> 正在处理 media 路径: data/workshop_content/3673396516/mods/GirlsunddieToten/42.13/media
  -> 扫描目录: data/workshop_content/3673396516/mods/GirlsunddieToten/42.13/media/lua/shared/Translate/EN
     -> 在 'ContextMenu_EN.txt' 中找到 1 个键。
     -> 在 'IG_UI_EN.txt' 中找到 1 个键。
     -> 在 'ItemName_EN.txt' 中找到 52 个键。
     -> 在 'Recipes_EN.txt' 中找到 3 个键。
     -> 在 'UI_EN.txt' 中找到 18 个键。
阶段 1 完成: 从 EN 加载了 75 条数据, 从 CN 加载了 0 条数据。

--- 阶段 2: 扫描所有 Media 路径下的 Scripts (L0) ---
  -> 正在处理 Scripts 路径: data/workshop_content/3673396516/mods/GirlsunddieToten/42.13/media/scripts
    -> 处理: AnkouChiimu/Hana/Hana_item.txt
    -> 处理: AnkouChiimu/Mako/Mako_item.txt
    -> 处理: AnkouChiimu/Miho/Miho_item.txt
    -> 处理: AnkouChiimu/Saori/Saori_item.txt
     -> 新增: 1 个 Item
    -> 处理: AnkouChiimu/Yukari/Yukari_item.txt
     -> 新增: 1 个 Item
    -> 处理: Bajji/Badges_item.txt
    -> 处理: Bajji/SenshadoRecruitment_item.txt
     -> 新增: 15 个 Recipe
    -> 处理: GuroriaanaJogakuin/Assam/Assam_item.txt
    -> 处理: GuroriaanaJogakuin/Darjeeling/Darjeeling_item.txt
    -> 处理: GuroriaanaJogakuin/Pekoe/Pekoe_item.txt
    -> 处理: GuroriaanaJogakuin/Rosehip/Rosehip_item.txt
    -> 处理: KameSanChiimu/Anzu/Anzu_item.txt
    -> 处理: KameSanChiimu/Momo/Momo_item.txt
    -> 处理: KameSanChiimu/Yuzu/Yuzu_item.txt
    -> 处理: KuromorimineJogakuen/Erika/Erika_item.txt
    -> 处理: KuromorimineJogakuen/Koume/Koume_item.txt
    -> 处理: KuromorimineJogakuen/Maho/Maho_item.txt
阶段 2 完成: 从 scripts 新生成了 17 条数据。

--- 阶段 3: 合并 L0 与 L1 后，纯净英文基准总计: 92 条数据。---

-------------------- 处理子模组: GirlsunddieTotenMenu --------------------

--- 正在为 'GirlsunddieTotenMenu' 动态查找 'media' 文件夹 ---
  -> 发现版本目录队列: 42.13, 42.12, 42
  --> 版本 42.13 无效或为空，尝试检查下一个低版本...
  --> 版本 42.12 无效或为空，尝试检查下一个低版本...
  --> 版本 42 无效或为空，尝试检查下一个低版本...
  --> 未能在 Common 或 版本目录队列中找到任何有效的 'media' 文件夹。

--- 已为 Mod ID 3673396516 更新 92 条键来源映射 ---

--- 正在为 Mod 'GirlsunddieToten' 生成输出文件 ---
    - 最终合并 (output.txt): 92 条
    - 纯净英文 (EN_output.txt): 92 条
    - 纯净中文 (CN_output.txt): 0 条
    - 英文待办 (en_todo.txt): 92 条 (增量)
    - 中文独有 (cn_only.txt): 0 条 (增量)
    - 冲突键 (conflict_keys.txt): 0 条
    -> 正在尝试从 Git 历史记录中获取旧版本: data/output_files/GirlsunddieToten_3673396516/EN_todo.txt
      --> 在 Git 历史记录中未找到该文件，视为全新。
    -> 基线日志已存档到: data/logs/archive/GirlsunddieToten_3673396516_baseline_run_20260301_042708.json

处理成功！所有输出文件已保存在 'GirlsunddieToten_3673396516' 文件夹中。
    -> 警告：未能获取 Mod 3673396516 的完成文件SHA，状态未记录。

--- 所有模组处理循环结束，正在保存最终运行状态 ---

--- 应用正则表达式来源覆盖规则 ---
成功加载 8 条正则表达式规则。
未发现需要应用的正则表达式规则。

--- 正在合并手动分类的键来源 ---
  -> 未发现需要合并的手动分类条目。
全局键来源映射已成功保存到: translation_utils/key_source_map.json

增量更新日志已记录到: data/logs/update_log.json

--- 开始生成状态报告 ---
状态报告生成脚本输出:
--- 开始生成状态报告 ---
  -> STATUS.md 已生成。
  -> README.md 中的徽章已更新。
--- 所有报告生成完毕 ---

