

========================= 开始处理 Workshop ID: 2818757939 (GTAPACKGUNS) =========================

--- 正在检查已完成的翻译于: data/completed_files/2818757939/en_completed.txt ---
     -> 在 'en_completed.txt' 中找到 0 个键。

--- 正在检查待排除的键于: data/completed_files/2818757939/exclusion_list.txt ---
  -> 排除列表文件 'exclusion_list.txt' 不存在，跳过。

-------------------- 处理子模组: GTAPACKGUNS --------------------

--- 正在为 'GTAPACKGUNS' 动态查找 'media' 文件夹 ---
  -> 发现版本目录: 42
  -> 正在检查路径的有效性: data/workshop_content/2818757939/mods/GTAPACKGUNS/common/media
  --> 路径有效！已将其加入待处理列表。
  -> 正在检查路径的有效性: data/workshop_content/2818757939/mods/GTAPACKGUNS/42/media
  --> 路径有效！已将其加入待处理列表。

--- 阶段 1: 扫描所有 media 路径下的翻译文件 (L1) ---
  -> 正在处理 media 路径: data/workshop_content/2818757939/mods/GTAPACKGUNS/common/media
  -> 正在处理 media 路径: data/workshop_content/2818757939/mods/GTAPACKGUNS/42/media
阶段 1 完成: 从 EN 加载了 0 条数据, 从 CN 加载了 0 条数据。

--- 阶段 2: 扫描所有 Media 路径下的 Scripts (L0) ---
  -> 正在处理 Scripts 路径: data/workshop_content/2818757939/mods/GTAPACKGUNS/common/media/scripts
    -> 处理: sounds/weapons/GTAGUNSsound.txt
  -> 正在处理 Scripts 路径: data/workshop_content/2818757939/mods/GTAPACKGUNS/42/media/scripts
    -> 处理: GTAGUNSfixing.txt
    -> 处理: GTAGUNSmodels.txt
    -> 处理: items/FirearmsGTA3.txt
     -> 新增: 4 个 Item
    -> 处理: items/FirearmsGTALCS.txt
     -> 新增: 4 个 Item
    -> 处理: items/FirearmsGTASA.txt
     -> 新增: 17 个 Item
    -> 处理: items/FirearmsGTAVC.txt
     -> 新增: 14 个 Item
    -> 处理: items/FirearmsGTAVCS.txt
     -> 新增: 11 个 Item
    -> 处理: items/GTAGUNSammo.txt
     -> 新增: 1 个 Item
    -> 处理: items/GTAGUNSattachments.txt
     -> 新增: 11 个 Item
    -> 处理: recipes/GTAGUNSrecipes.txt
     -> 新增: 6 个 Recipe
阶段 2 完成: 从 scripts 新生成了 68 条数据。

--- 阶段 3: 合并 L0 与 L1 后，纯净英文基准总计: 68 条数据。---

--- 阶段 4: 检测到 1 个与官方重复的键。---

-------------------- 处理子模组: GTAPACKGUNSCUSTOM --------------------

--- 正在为 'GTAPACKGUNSCUSTOM' 动态查找 'media' 文件夹 ---
  -> 发现版本目录: 42
  -> 正在检查路径的有效性: data/workshop_content/2818757939/mods/GTAPACKGUNSCUSTOM/42/media
  --> 路径有效！已将其加入待处理列表。

--- 阶段 1: 扫描所有 media 路径下的翻译文件 (L1) ---
  -> 正在处理 media 路径: data/workshop_content/2818757939/mods/GTAPACKGUNSCUSTOM/42/media
阶段 1 完成: 从 EN 加载了 0 条数据, 从 CN 加载了 0 条数据。

--- 阶段 2: 扫描所有 Media 路径下的 Scripts (L0) ---
  -> 正在处理 Scripts 路径: data/workshop_content/2818757939/mods/GTAPACKGUNSCUSTOM/42/media/scripts
    -> 处理: items/FirearmsgtaiiiCust.txt.txt
     -> 新增: 2 个 Item
    -> 处理: items/FirearmsgtalcsCust.txt.txt
     -> 新增: 2 个 Item
    -> 处理: items/FirearmsgtasaCust.txt.txt
     -> 新增: 7 个 Item
    -> 处理: items/FirearmsgtavcCust.txt.txt
     -> 新增: 7 个 Item
    -> 处理: items/FirearmsgtavcsCust.txt.txt
     -> 新增: 5 个 Item
    -> 处理: items/GTAGUNSCUSTammo.txt
     -> 新增: 14 个 Item
阶段 2 完成: 从 scripts 新生成了 37 条数据。

--- 阶段 3: 合并 L0 与 L1 后，纯净英文基准总计: 37 条数据。---

-------------------- 处理子模组: GTAPACKGUNSICONS --------------------

--- 正在为 'GTAPACKGUNSICONS' 动态查找 'media' 文件夹 ---
  -> 发现版本目录: 42
  --> 未能在任何优先路径中找到有效的 'media' 文件夹。

-------------------- 处理子模组: GTAPACKMELEE --------------------

--- 正在为 'GTAPACKMELEE' 动态查找 'media' 文件夹 ---
  -> 发现版本目录: 42
  -> 正在检查路径的有效性: data/workshop_content/2818757939/mods/GTAPACKMELEE/common/media
  --> 路径有效！已将其加入待处理列表。
  -> 正在检查路径的有效性: data/workshop_content/2818757939/mods/GTAPACKMELEE/42/media
  --> 路径有效！已将其加入待处理列表。

--- 阶段 1: 扫描所有 media 路径下的翻译文件 (L1) ---
  -> 正在处理 media 路径: data/workshop_content/2818757939/mods/GTAPACKMELEE/common/media
  -> 正在处理 media 路径: data/workshop_content/2818757939/mods/GTAPACKMELEE/42/media
阶段 1 完成: 从 EN 加载了 0 条数据, 从 CN 加载了 0 条数据。

--- 阶段 2: 扫描所有 Media 路径下的 Scripts (L0) ---
  -> 正在处理 Scripts 路径: data/workshop_content/2818757939/mods/GTAPACKMELEE/common/media/scripts
    -> 处理: sounds/weapons/GTAMELEEsound.txt
  -> 正在处理 Scripts 路径: data/workshop_content/2818757939/mods/GTAPACKMELEE/42/media/scripts
    -> 处理: GTAMELEEmodels.txt
    -> 处理: items/GTAMELEE1handed.txt.txt
     -> 新增: 8 个 Item
    -> 处理: items/GTAMELEE1handedaxe.txt.txt
     -> 新增: 3 个 Item
    -> 处理: items/GTAMELEE2handed.txt.txt
     -> 新增: 12 个 Item
    -> 处理: items/GTAMELEElongblade.txt.txt
     -> 新增: 7 个 Item
    -> 处理: items/GTAMELEEstab.txt.txt
     -> 新增: 6 个 Item
    -> 处理: recipes/GTAMELEErecipes.txt
     -> 新增: 2 个 Recipe
阶段 2 完成: 从 scripts 新生成了 38 条数据。

--- 阶段 3: 合并 L0 与 L1 后，纯净英文基准总计: 38 条数据。---

--- 阶段 4: 检测到 1 个与官方重复的键。---

-------------------- 处理子模组: GTAPACKMELEEICONS --------------------

--- 正在为 'GTAPACKMELEEICONS' 动态查找 'media' 文件夹 ---
  -> 发现版本目录: 42
  --> 未能在任何优先路径中找到有效的 'media' 文件夹。

-------------------- 处理子模组: GTAPACKSWAP --------------------

--- 正在为 'GTAPACKSWAP' 动态查找 'media' 文件夹 ---
  -> 发现版本目录: 42
  -> 正在检查路径的有效性: data/workshop_content/2818757939/mods/GTAPACKSWAP/42/Media
  --> 路径有效！已将其加入待处理列表。

--- 阶段 1: 扫描所有 media 路径下的翻译文件 (L1) ---
  -> 正在处理 media 路径: data/workshop_content/2818757939/mods/GTAPACKSWAP/42/Media
阶段 1 完成: 从 EN 加载了 0 条数据, 从 CN 加载了 0 条数据。

--- 阶段 2: 扫描所有 Media 路径下的 Scripts (L0) ---
  -> 正在处理 Scripts 路径: data/workshop_content/2818757939/mods/GTAPACKSWAP/42/Media/scripts
    -> 处理: recipes/GTAGUNSrecipesswap.txt
     -> 新增: 13 个 Recipe
阶段 2 完成: 从 scripts 新生成了 13 条数据。

--- 阶段 3: 合并 L0 与 L1 后，纯净英文基准总计: 13 条数据。---

--- 阶段 4: 检测到 1 个与官方重复的键。---

-------------------- 处理子模组: GTAPACKTHROWABLES --------------------

--- 正在为 'GTAPACKTHROWABLES' 动态查找 'media' 文件夹 ---
  -> 发现版本目录: 42
  -> 正在检查路径的有效性: data/workshop_content/2818757939/mods/GTAPACKTHROWABLES/common/media
  --> 路径有效！已将其加入待处理列表。
  -> 正在检查路径的有效性: data/workshop_content/2818757939/mods/GTAPACKTHROWABLES/42/media
  --> 路径有效！已将其加入待处理列表。

--- 阶段 1: 扫描所有 media 路径下的翻译文件 (L1) ---
  -> 正在处理 media 路径: data/workshop_content/2818757939/mods/GTAPACKTHROWABLES/common/media
  -> 正在处理 media 路径: data/workshop_content/2818757939/mods/GTAPACKTHROWABLES/42/media
阶段 1 完成: 从 EN 加载了 0 条数据, 从 CN 加载了 0 条数据。

--- 阶段 2: 扫描所有 Media 路径下的 Scripts (L0) ---
  -> 正在处理 Scripts 路径: data/workshop_content/2818757939/mods/GTAPACKTHROWABLES/common/media/scripts
    -> 处理: sounds/weapons/GTATHROWNsound.txt
  -> 正在处理 Scripts 路径: data/workshop_content/2818757939/mods/GTAPACKTHROWABLES/42/media/scripts
    -> 处理: GTATHROWmodels.txt
    -> 处理: items/GTAequipmentiii.txt
     -> 新增: 2 个 Item
    -> 处理: items/GTAequipmentsa.txt
     -> 新增: 2 个 Item
    -> 处理: items/GTAequipmentvc.txt
     -> 新增: 1 个 Item
    -> 处理: recipes/GTATHROWrecipes.txt
     -> 新增: 23 个 Recipe
阶段 2 完成: 从 scripts 新生成了 28 条数据。

--- 阶段 3: 合并 L0 与 L1 后，纯净英文基准总计: 28 条数据。---

--- 已为 Mod ID 2818757939 更新 157 条键来源映射 ---

--- 正在为 Mod 'GTAPACKGUNS' 生成输出文件 ---
    - 最终合并 (output.txt): 157 条
    - 纯净英文 (EN_output.txt): 157 条
    - 纯净中文 (CN_output.txt): 0 条
    - 英文待办 (en_todo.txt): 157 条 (增量)
    - 中文独有 (cn_only.txt): 0 条 (增量)
    - 冲突键 (conflict_keys.txt): 2 条
    -> 正在尝试从 Git 历史记录中获取旧版本: data/output_files/GTAPACKGUNS_2818757939/EN_todo.txt
      --> 成功找到旧版本。
     -> 在 'EN_todo.txt (旧版本)' 中找到 157 个键。

处理成功！所有输出文件已保存在 'GTAPACKGUNS_2818757939' 文件夹中。
    -> [内存] 已为 Mod 2818757939 记录 Commit SHA: 32ddbaa
