

========================= 开始处理 Workshop ID: 3410972667 (GWH) =========================

--- 正在检查已完成的翻译于: data/completed_files/3410972667/en_completed.txt ---
     -> 在 'en_completed.txt' 中找到 48 个键。

--- 正在检查待排除的键于: data/completed_files/3410972667/exclusion_list.txt ---
  -> 排除列表文件 'exclusion_list.txt' 不存在，跳过。

-------------------- 处理子模组: GWH --------------------

--- 正在为 'GWH' 动态查找 'media' 文件夹 ---
  -> 找到有效 Common 路径: data/workshop_content/3410972667/mods/GWH/common/media
  -> 发现版本目录队列: 42.13, 42.12
  --> 找到最高优先级有效版本: 42.13

--- 阶段 1: 扫描所有 media 路径下的翻译文件 (L1) ---
  -> 正在处理 media 路径: data/workshop_content/3410972667/mods/GWH/common/media
  -> 正在处理 media 路径: data/workshop_content/3410972667/mods/GWH/42.13/media
  -> 扫描目录: data/workshop_content/3410972667/mods/GWH/42.13/media/lua/shared/Translate/EN
     -> 在 'ContextMenu.json' 中找到 2 个键。
     -> 在 'ItemName.json' 中找到 15 个键。
     -> 在 'Recipes.json' 中找到 1 个键。
     -> 在 'Sandbox.json' 中找到 5 个键。
  -> 扫描目录: data/workshop_content/3410972667/mods/GWH/42.13/media/lua/shared/Translate/CN
     -> 在 'ContextMenu.json' 中找到 2 个键。
     -> 在 'ItemName.json' 中找到 15 个键。
     -> 在 'Recipes.json' 中找到 1 个键。
     -> 在 'Sandbox.json' 中找到 5 个键。
阶段 1 完成: 从 EN 加载了 23 条数据, 从 CN 加载了 23 条数据。

--- 阶段 2: 扫描所有 Media 路径下的 Scripts (L0) ---
  -> 正在处理 Scripts 路径: data/workshop_content/3410972667/mods/GWH/common/media/scripts
    -> 处理: models/models_HanksiesGuitarWallHanger.txt
  -> 正在处理 Scripts 路径: data/workshop_content/3410972667/mods/GWH/42.13/media/scripts
    -> 处理: items/items_GWH_Guitars.txt
     -> 新增: 3 个 Item
    -> 处理: items/items_GWH_keytar.txt
     -> 新增: 1 个 Item
    -> 处理: items/items_HanksiesGuitarWallHanger.txt
     -> 新增: 18 个 Item
    -> 处理: models/models_HanksiesGuitarWallHanger.txt
    -> 处理: recipes/recipes_HanksiesGuitarWallHanger.txt
     -> 新增: 1 个 Recipe
阶段 2 完成: 从 scripts 新生成了 23 条数据。

--- 阶段 3: 合并 L0 与 L1 后，纯净英文基准总计: 46 条数据。---

--- 阶段 4: 检测到 5 个与官方重复的键。---

--- 已为 Mod ID 3410972667 更新 48 条键来源映射 ---

--- 正在为 Mod 'GWH' 生成输出文件 ---
    - 最终合并 (output.txt): 47 条
    - 纯净英文 (EN_output.txt/json): 46 条
    - 纯净中文 (CN_output.txt): 23 条
    - 中文独有 (cn_only.txt): 1 条 (增量)
    - 冲突键 (conflict_keys.txt): 5 条
    -> 正在尝试从 Git 历史记录中获取旧版本: data/output_files/GWH_3410972667/EN_output.txt
      --> 成功找到旧版本。
     -> 在 'EN_output.txt (旧版本)' 中找到 31 个键。
    -> 检测到内容变更。新增: 16, 移除: 1

处理成功！所有输出文件已保存在 'GWH_3410972667' 文件夹中。
    -> [内存] 已为 Mod 3410972667 记录 Commit SHA: 104640c
