

========================= 开始处理 Workshop ID: 3043243994 (Hanabi's_Snack) =========================

--- 正在检查已完成的翻译于: data/completed_files/3043243994/en_completed.txt ---
     -> 在 'en_completed.txt' 中找到 0 个键。

--- 正在检查待排除的键于: data/completed_files/3043243994/exclusion_list.txt ---
  -> 排除列表文件 'exclusion_list.txt' 不存在，跳过。

-------------------- 处理子模组: Hanabi's Snack --------------------

--- 正在为 'Hanabi's Snack' 动态查找 'media' 文件夹 ---
  -> 发现版本目录: 42.0
  -> 正在检查路径的有效性: data/workshop_content/3043243994/mods/Hanabi's Snack/42.0/media
  --> 路径有效！已将其加入待处理列表。

--- 阶段 1: 扫描所有 media 路径下的翻译文件 (L1) ---
  -> 正在处理 media 路径: data/workshop_content/3043243994/mods/Hanabi's Snack/42.0/media
阶段 1 完成: 从 EN 加载了 0 条数据, 从 CN 加载了 0 条数据。

--- 阶段 2: 扫描所有 Media 路径下的 Scripts (L0) ---
  -> 正在处理 Scripts 路径: data/workshop_content/3043243994/mods/Hanabi's Snack/42.0/media/scripts
    -> 处理: items/candy_42H.txt
     -> 新增: 16 个 Item
    -> 处理: items/cans_42H.txt
     -> 新增: 2 个 Item
    -> 处理: items/cereal_42H.txt
     -> 新增: 18 个 Item
    -> 处理: items/chips_42H.txt
     -> 新增: 20 个 Item
    -> 处理: items/snacks_42H.txt
     -> 新增: 14 个 Item
    -> 处理: model_42H.txt
    -> 处理: modelcandy_42H.txt
    -> 处理: modelcans_42H.txt
    -> 处理: modelchips_42H.txt
    -> 处理: modelsnacks_42H.txt
    -> 处理: recipes/Hanabi42Recipes_Open.txt
     -> 新增: 9 个 Recipe
阶段 2 完成: 从 scripts 新生成了 79 条数据。

--- 阶段 3: 合并 L0 与 L1 后，纯净英文基准总计: 79 条数据。---

--- 阶段 4: 检测到 1 个与官方重复的键。---

--- 已为 Mod ID 3043243994 更新 79 条键来源映射 ---

--- 正在为 Mod 'Hanabi's_Snack' 生成输出文件 ---
    - 最终合并 (output.txt): 79 条
    - 纯净英文 (EN_output.txt): 79 条
    - 纯净中文 (CN_output.txt): 0 条
    - 英文待办 (en_todo.txt): 79 条 (增量)
    - 中文独有 (cn_only.txt): 0 条 (增量)
    - 冲突键 (conflict_keys.txt): 1 条
    -> 正在尝试从 Git 历史记录中获取旧版本: data/output_files/Hanabi's_Snack_3043243994/EN_todo.txt
      --> 成功找到旧版本。
     -> 在 'EN_todo.txt (旧版本)' 中找到 79 个键。

处理成功！所有输出文件已保存在 'Hanabi's_Snack_3043243994' 文件夹中。
    -> [内存] 已为 Mod 3043243994 记录 Commit SHA: 32ddbaa
