

========================= 开始处理 Workshop ID: 3649634514 (Hanbok) =========================

--- 正在检查已完成的翻译于: data/completed_files/3649634514/en_completed.txt ---
  -> 文件 'en_completed.txt' 在目标位置不存在，将自动创建。

--- 正在检查待排除的键于: data/completed_files/3649634514/exclusion_list.txt ---
  -> 排除列表文件 'exclusion_list.txt' 不存在，跳过。

-------------------- 处理子模组: Hanbok --------------------

--- 正在为 'Hanbok' 动态查找 'media' 文件夹 ---
  -> 发现版本目录队列: 42
  --> 找到最高优先级有效版本: 42

--- 阶段 1: 扫描所有 media 路径下的翻译文件 (L1) ---
  -> 正在处理 media 路径: data/workshop_content/3649634514/mods/Hanbok/42/media
  -> 扫描目录: data/workshop_content/3649634514/mods/Hanbok/42/media/lua/shared/Translate/EN
     -> 在 'IG_UI_EN.txt' 中找到 2 个键。
     -> 在 'ItemName_EN.txt' 中找到 23 个键。
     -> 在 'Sandbox_EN.txt' 中找到 7 个键。
     -> 在 'Tooltip_EN.txt' 中找到 23 个键。
  -> 扫描目录: data/workshop_content/3649634514/mods/Hanbok/42/media/lua/shared/Translate/CN
     -> 在 'IG_UI_CN.txt' 中找到 2 个键。
     -> 在 'ItemName_CN.txt' 中找到 23 个键。
     -> 在 'Sandbox_CN.txt' 中找到 7 个键。
     -> 在 'Tooltip_CN.txt' 中找到 23 个键。
阶段 1 完成: 从 EN 加载了 55 条数据, 从 CN 加载了 55 条数据。

--- 阶段 2: 扫描所有 Media 路径下的 Scripts (L0) ---
  -> 正在处理 Scripts 路径: data/workshop_content/3649634514/mods/Hanbok/42/media/scripts
    -> 处理: Revista_Hanboks.txt
    -> 处理: SteamGuide_hanbok.txt
    -> 处理: clothing/hanbok_dress.txt
阶段 2 完成: 从 scripts 新生成了 0 条数据。

--- 阶段 3: 合并 L0 与 L1 后，纯净英文基准总计: 55 条数据。---

--- 已为 Mod ID 3649634514 更新 55 条键来源映射 ---

--- 正在为 Mod 'Hanbok' 生成输出文件 ---
    - 最终合并 (output.txt): 55 条
    - 纯净英文 (EN_output.txt): 55 条
    - 纯净中文 (CN_output.txt): 55 条
    - 英文待办 (en_todo.txt): 0 条 (增量)
    - 中文独有 (cn_only.txt): 0 条 (增量)
    - 冲突键 (conflict_keys.txt): 0 条
    -> 正在尝试从 Git 历史记录中获取旧版本: data/output_files/Hanbok_3649634514/EN_todo.txt
      --> 在 Git 历史记录中未找到该文件，视为全新。

处理成功！所有输出文件已保存在 'Hanbok_3649634514' 文件夹中。
    -> 警告：未能获取 Mod 3649634514 的完成文件SHA，状态未记录。
