

========================= 开始处理 Workshop ID: 3410974338 (HMW) =========================

--- 正在检查已完成的翻译于: data/completed_files/3410974338/en_completed.txt ---
     -> 在 'en_completed.txt' 中找到 0 个键。

--- 正在检查待排除的键于: data/completed_files/3410974338/exclusion_list.txt ---
  -> 排除列表文件 'exclusion_list.txt' 不存在，跳过。

-------------------- 处理子模组: HMW --------------------

--- 正在为 'HMW' 动态查找 'media' 文件夹 ---
  -> 发现版本目录队列: 42.13, 42.12
  --> 找到最高优先级有效版本: 42.13

--- 阶段 1: 扫描所有 media 路径下的翻译文件 (L1) ---
  -> 正在处理 media 路径: data/workshop_content/3410974338/mods/HMW/42.13/media
  -> 扫描目录: data/workshop_content/3410974338/mods/HMW/42.13/media/lua/shared/Translate/EN
     -> 在 'ItemName_EN.txt' 中找到 266 个键。
     -> 在 'Recipes_EN.txt' 中找到 140 个键。
  -> 扫描目录: data/workshop_content/3410974338/mods/HMW/42.13/media/lua/shared/Translate/CN
     -> 在 'ItemName_CN.txt' 中找到 266 个键。
     -> 在 'Recipes_CN.txt' 中找到 131 个键。
阶段 1 完成: 从 EN 加载了 406 条数据, 从 CN 加载了 397 条数据。

--- 阶段 2: 扫描所有 Media 路径下的 Scripts (L0) ---
  -> 正在处理 Scripts 路径: data/workshop_content/3410974338/mods/HMW/42.13/media/scripts
    -> 处理: items/items_H_acoustics.txt
    -> 处理: items/items_H_basses.txt
    -> 处理: items/items_H_dimebags.txt
    -> 处理: items/items_H_explorers.txt
    -> 处理: items/items_H_hofners.txt
    -> 处理: items/items_H_keytars.txt
    -> 处理: items/items_H_lesPauls.txt
    -> 处理: items/items_H_rampages.txt
    -> 处理: items/items_H_stratocasters.txt
    -> 处理: items/items_H_takemines.txt
    -> 处理: items/items_H_telecasters.txt
    -> 处理: items/items_H_warlocks.txt
    -> 处理: items/items_H_wsfm.txt
    -> 处理: models/models_H_acoustics.txt
    -> 处理: models/models_H_basses.txt
    -> 处理: models/models_H_dimebags.txt
    -> 处理: models/models_H_explorers.txt
    -> 处理: models/models_H_hofners.txt
    -> 处理: models/models_H_keytars.txt
    -> 处理: models/models_H_lesPauls.txt
    -> 处理: models/models_H_rampages.txt
    -> 处理: models/models_H_stratocaster.txt
    -> 处理: models/models_H_takemines.txt
    -> 处理: models/models_H_telecaster.txt
    -> 处理: models/models_H_warlocks.txt
    -> 处理: models/models_H_wsfm.txt
    -> 处理: recipes/recipes_H_acoustics.txt
     -> 新增: 1 个 Recipe
    -> 处理: recipes/recipes_H_basses.txt
     -> 新增: 1 个 Recipe
    -> 处理: recipes/recipes_H_dimebags.txt
    -> 处理: recipes/recipes_H_explorers.txt
    -> 处理: recipes/recipes_H_hofners.txt
    -> 处理: recipes/recipes_H_keytars.txt
    -> 处理: recipes/recipes_H_lesPauls.txt
    -> 处理: recipes/recipes_H_rampages.txt
     -> 新增: 7 个 Recipe
    -> 处理: recipes/recipes_H_stratocasters.txt
     -> 新增: 2 个 Recipe
    -> 处理: recipes/recipes_H_takemines.txt
     -> 新增: 9 个 Recipe
    -> 处理: recipes/recipes_H_telecasters.txt
    -> 处理: recipes/recipes_H_warlocks.txt
阶段 2 完成: 从 scripts 新生成了 20 条数据。

--- 阶段 3: 合并 L0 与 L1 后，纯净英文基准总计: 426 条数据。---

--- 阶段 4: 检测到 1 个与官方重复的键。---

--- 已为 Mod ID 3410974338 更新 472 条键来源映射 ---

--- 正在为 Mod 'HMW' 生成输出文件 ---
    - 最终合并 (output.txt): 472 条
    - 纯净英文 (EN_output.txt): 426 条
    - 纯净中文 (CN_output.txt): 397 条
    - 英文待办 (en_todo.txt): 75 条 (增量)
    - 中文独有 (cn_only.txt): 46 条 (增量)
    - 冲突键 (conflict_keys.txt): 1 条
    -> 正在尝试从 Git 历史记录中获取旧版本: data/output_files/HMW_3410974338/EN_todo.txt
      --> 成功找到旧版本。
     -> 在 'EN_todo.txt (旧版本)' 中找到 75 个键。

处理成功！所有输出文件已保存在 'HMW_3410974338' 文件夹中。
    -> [内存] 已为 Mod 3410974338 记录 Commit SHA: 426d197
