

========================= 开始处理 Workshop ID: 3661336777 (HorseMod) =========================

--- 正在检查已完成的翻译于: data/completed_files/3661336777/en_completed.txt ---
  -> 文件 'en_completed.txt' 在目标位置不存在，将自动创建。

--- 正在检查待排除的键于: data/completed_files/3661336777/exclusion_list.txt ---
  -> 排除列表文件 'exclusion_list.txt' 不存在，跳过。

-------------------- 处理子模组: HorseMod --------------------

--- 正在为 'HorseMod' 动态查找 'media' 文件夹 ---
  -> 找到有效 Common 路径: data/workshop_content/3661336777/mods/HorseMod/common/media
  -> 发现版本目录队列: 42
  --> 找到最高优先级有效版本: 42

--- 阶段 1: 扫描所有 media 路径下的翻译文件 (L1) ---
  -> 正在处理 media 路径: data/workshop_content/3661336777/mods/HorseMod/common/media
  -> 扫描目录: data/workshop_content/3661336777/mods/HorseMod/common/media/lua/shared/Translate/EN
     -> 在 'ContextMenu_EN.txt' 中找到 20 个键。
     -> 在 'IG_UI_EN.txt' 中找到 27 个键。
     -> 在 'ItemName_EN.txt' 中找到 153 个键。
     -> 在 'Recipes_EN.txt' 中找到 5 个键。
     -> 在 'Sandbox_EN.txt' 中找到 4 个键。
  -> 正在处理 media 路径: data/workshop_content/3661336777/mods/HorseMod/42/media
阶段 1 完成: 从 EN 加载了 209 条数据, 从 CN 加载了 0 条数据。

--- 阶段 2: 扫描所有 Media 路径下的 Scripts (L0) ---
  -> 正在处理 Scripts 路径: data/workshop_content/3661336777/mods/HorseMod/42/media/scripts
    -> 处理: HorseMod/food_models.txt
    -> 处理: HorseMod/horse_accessories/reins.txt
    -> 处理: HorseMod/horse_accessories/saddle_bags.txt
    -> 处理: HorseMod/horse_accessories/saddles.txt
    -> 处理: HorseMod/horse_body/bodyparts_horse.txt
    -> 处理: HorseMod/horse_body/heads_models.txt
    -> 处理: HorseMod/items/foal_leathers.txt
    -> 处理: HorseMod/items/food.txt
    -> 处理: HorseMod/items/horse_glue.txt
    -> 处理: HorseMod/items/horse_leathers.txt
    -> 处理: HorseMod/manes/manes_items.txt
    -> 处理: HorseMod/manes/manes_models.txt
    -> 处理: HorseMod/models.txt
    -> 处理: HorseMod/patches/leathers.txt
     -> 新增: 6 个 Recipe
    -> 处理: HorseMod/patches/slicehead.txt
     -> 新增: 1 个 Recipe
    -> 处理: HorseMod/recipes/accessories.txt
     -> 新增: 1 个 Recipe
    -> 处理: HorseMod/recipes/horse_glue.txt
     -> 新增: 1 个 Recipe
    -> 处理: HorseMod/sounds.txt
阶段 2 完成: 从 scripts 新生成了 9 条数据。

--- 阶段 3: 合并 L0 与 L1 后，纯净英文基准总计: 218 条数据。---

--- 阶段 4: 检测到 8 个与官方重复的键。---

--- 已为 Mod ID 3661336777 更新 218 条键来源映射 ---

--- 正在为 Mod 'HorseMod' 生成输出文件 ---
    - 最终合并 (output.txt): 218 条
    - 纯净英文 (EN_output.txt): 218 条
    - 纯净中文 (CN_output.txt): 0 条
    - 英文待办 (en_todo.txt): 218 条 (增量)
    - 中文独有 (cn_only.txt): 0 条 (增量)
    - 冲突键 (conflict_keys.txt): 8 条
    -> 正在尝试从 Git 历史记录中获取旧版本: data/output_files/HorseMod_3661336777/EN_todo.txt
      --> 在 Git 历史记录中未找到该文件，视为全新。
    -> 基线日志已存档到: data/logs/archive/HorseMod_3661336777_baseline_run_20260209_042920.json

处理成功！所有输出文件已保存在 'HorseMod_3661336777' 文件夹中。
    -> 警告：未能获取 Mod 3661336777 的完成文件SHA，状态未记录。

--- 所有模组处理循环结束，正在保存最终运行状态 ---

--- 应用正则表达式来源覆盖规则 ---
成功加载 8 条正则表达式规则。
  -> 规则 #6 ('(?i)^Tooltip_.*$...') 匹配并更新了 1 个键。
成功通过正则表达式规则更新了 1 个键的来源。

--- 正在合并手动分类的键来源 ---
  -> 未发现需要合并的手动分类条目。
全局键来源映射已成功保存到: translation_utils/key_source_map.json

增量更新日志已记录到: data/logs/update_log.json

--- 开始生成状态报告 ---
状态报告生成脚本输出:
--- 开始生成状态报告 ---
  -> STATUS.md 已生成。
  -> README.md 中的徽章已更新。
--- 所有报告生成完毕 ---

