

========================= 开始处理 Workshop ID: 3610677934 (Hot_Brass_Visible_Casing_Ejection_Framework) =========================

--- 正在检查已完成的翻译于: data/completed_files/3610677934/en_completed.txt ---
     -> 在 'en_completed.txt' 中找到 0 个键。

--- 正在检查待排除的键于: data/completed_files/3610677934/exclusion_list.txt ---
  -> 排除列表文件 'exclusion_list.txt' 不存在，跳过。

-------------------- 处理子模组: Hot_Brass_Visible_Casing_Ejection_Framework --------------------

--- 正在为 'Hot_Brass_Visible_Casing_Ejection_Framework' 动态查找 'media' 文件夹 ---
  -> 发现版本目录队列: 42.15
  --> 找到最高优先级有效版本: 42.15

--- 阶段 1: 扫描所有 media 路径下的翻译文件 (L1) ---
  -> 正在处理 media 路径: data/workshop_content/3610677934/mods/Hot_Brass_Visible_Casing_Ejection_Framework/42.15/media
  -> 扫描目录: data/workshop_content/3610677934/mods/Hot_Brass_Visible_Casing_Ejection_Framework/42.15/media/lua/shared/Translate/EN
     -> 在 'IG_UI.json' 中找到 1 个键。
     -> 在 'ItemName.json' 中找到 24 个键。
     -> 在 'Sandbox.json' 中找到 7 个键。
阶段 1 完成: 从 EN 加载了 32 条数据, 从 CN 加载了 0 条数据。

--- 阶段 2: 扫描所有 Media 路径下的 Scripts (L0) ---
  -> 正在处理 Scripts 路径: data/workshop_content/3610677934/mods/Hot_Brass_Visible_Casing_Ejection_Framework/42.15/media/scripts
    -> 处理: SpentCasingsPhysics/items/New_SpentCasings.txt
    -> 处理: SpentCasingsPhysics/models/New_SpentCasings.txt
    -> 处理: SpentCasingsPhysics/sounds/ShellDropsFX.txt
阶段 2 完成: 从 scripts 新生成了 0 条数据。

--- 阶段 3: 合并 L0 与 L1 后，纯净英文基准总计: 32 条数据。---

--- 已为 Mod ID 3610677934 更新 32 条键来源映射 ---

--- 正在为 Mod 'Hot_Brass_Visible_Casing_Ejection_Framework' 生成输出文件 ---
    - 最终合并 (output.txt): 32 条
    - 纯净英文 (EN_output.txt/json): 32 条
    - 纯净中文 (CN_output.txt): 0 条
    - 中文独有 (cn_only.txt): 0 条 (增量)
    - 冲突键 (conflict_keys.txt): 0 条
    -> 正在尝试从 Git 历史记录中获取旧版本: data/output_files/Hot_Brass_Visible_Casing_Ejection_Framework_3610677934/EN_output.txt
      --> 成功找到旧版本。
     -> 在 'EN_output.txt (旧版本)' 中找到 32 个键。

处理成功！所有输出文件已保存在 'Hot_Brass_Visible_Casing_Ejection_Framework_3610677934' 文件夹中。
    -> [内存] 已为 Mod 3610677934 记录 Commit SHA: 816e09e

--- 所有模组处理循环结束，正在保存最终运行状态 ---

--- 应用正则表达式来源覆盖规则 ---
成功加载 8 条正则表达式规则。
未发现需要应用的正则表达式规则。

--- 正在合并手动分类的键来源 ---
  -> 未发现需要合并的手动分类条目。
全局键来源映射已成功保存到: translation_utils/key_source_map.json

增量更新日志已记录到: data/logs/update_log.json

--- 开始生成状态报告 ---
状态报告生成脚本输出:
--- 开始生成状态报告 ---
  -> STATUS.md 已生成。
  -> README.md 中的徽章无需更新。
--- 所有报告生成完毕 ---

