

========================= 开始处理 Workshop ID: 3430224478 (HydeCoBees) =========================

--- 正在检查已完成的翻译于: data/completed_files/3430224478/en_completed.txt ---
     -> 在 'en_completed.txt' 中找到 419 个键。

--- 正在检查待排除的键于: data/completed_files/3430224478/exclusion_list.txt ---
  -> 排除列表文件 'exclusion_list.txt' 不存在，跳过。

-------------------- 处理子模组: HydeCoBees --------------------

--- 正在为 'HydeCoBees' 动态查找 'media' 文件夹 ---
  -> 发现版本目录队列: 42
  --> 找到最高优先级有效版本: 42

--- 阶段 1: 扫描所有 media 路径下的翻译文件 (L1) ---
  -> 正在处理 media 路径: data/workshop_content/3430224478/mods/HydeCoBees/42/media
  -> 扫描目录: data/workshop_content/3430224478/mods/HydeCoBees/42/media/lua/shared/Translate/EN
     -> 在 'Fluids.json' 中找到 2 个键。
     -> 在 'ItemName.json' 中找到 97 个键。
     -> 在 'Recipes.json' 中找到 238 个键。
     -> 在 'Tooltip.json' 中找到 241 个键。
     -> 在 'UI.json' 中找到 10 个键。
     -> 在 'Fluids_EN.txt' 中找到 0 个键。
     -> 在 'ItemName_EN.txt' 中找到 0 个键。
     -> 在 'Recipes_EN.txt' 中找到 238 个键。
     -> 在 'Tooltip_EN.txt' 中找到 0 个键。
阶段 1 完成: 从 EN 加载了 588 条数据, 从 CN 加载了 0 条数据。

--- 阶段 2: 扫描所有 Media 路径下的 Scripts (L0) ---
  -> 正在处理 Scripts 路径: data/workshop_content/3430224478/mods/HydeCoBees/42/media/scripts
    -> 处理: entities/outdoors/entity_hydecobees_cultivatedhive.txt
     -> 新增: 1 个 Recipe
    -> 处理: entities/outdoors/entity_hydecobees_cultivatedhive_xuiSkin.txt
    -> 处理: entities/outdoors/entity_hydecobees_meadfermentationbarrel.txt
    -> 处理: entities/outdoors/entity_hydecobees_meadfermentationbarrel_xuiSkin.txt
    -> 处理: fluids_hydecobees_override.txt
    -> 处理: hydecobees_characterbuild.txt
    -> 处理: items/hydecobees_clothing.txt
    -> 处理: items/hydecobees_items.txt
     -> 新增: 2 个 Item
    -> 处理: items/hydecobees_models.txt
    -> 处理: items/hydecobees_waxcoated_items.txt
    -> 处理: items/hydecobees_weapons.txt
    -> 处理: recipes/hydecobees_recipes.txt
     -> 新增: 5 个 Recipe
    -> 处理: recipes/hydecobees_waxcoated_recipes.txt
阶段 2 完成: 从 scripts 新生成了 8 条数据。

--- 阶段 3: 合并 L0 与 L1 后，纯净英文基准总计: 596 条数据。---

--- 阶段 4: 检测到 2 个与官方重复的键。---

--- 已为 Mod ID 3430224478 更新 596 条键来源映射 ---

--- 正在为 Mod 'HydeCoBees' 生成输出文件 ---
    - 最终合并 (output.txt): 596 条
    - 纯净英文 (EN_output.txt/json): 596 条
    - 纯净中文 (CN_output.txt): 0 条
    - 中文独有 (cn_only.txt): 0 条 (增量)
    - 冲突键 (conflict_keys.txt): 2 条
    -> 正在尝试从 Git 历史记录中获取旧版本: data/output_files/HydeCoBees_3430224478/EN_output.txt
      --> 成功找到旧版本。
     -> 在 'EN_output.txt (旧版本)' 中找到 596 个键。

处理成功！所有输出文件已保存在 'HydeCoBees_3430224478' 文件夹中。
    -> [内存] 已为 Mod 3430224478 记录 Commit SHA: 4f4040a
