

========================= 开始处理 Workshop ID: 3617732907 (ItemInspectionUI) =========================

--- 正在检查已完成的翻译于: data/completed_files/3617732907/en_completed.txt ---
     -> 在 'en_completed.txt' 中找到 0 个键。

--- 正在检查待排除的键于: data/completed_files/3617732907/exclusion_list.txt ---
  -> 排除列表文件 'exclusion_list.txt' 不存在，跳过。

-------------------- 处理子模组: ItemInspectionUI --------------------

--- 正在为 'ItemInspectionUI' 动态查找 'media' 文件夹 ---
  -> 发现版本目录: 42
  -> 正在检查路径的有效性: data/workshop_content/3617732907/mods/ItemInspectionUI/42/media
  --> 路径有效！已将其加入待处理列表。

--- 阶段 1: 扫描所有 media 路径下的翻译文件 (L1) ---
  -> 正在处理 media 路径: data/workshop_content/3617732907/mods/ItemInspectionUI/42/media
  -> 扫描目录: data/workshop_content/3617732907/mods/ItemInspectionUI/42/media/lua/shared/Translate/EN
     -> 在 'IG_UI_EN.txt' 中找到 552 个键。
阶段 1 完成: 从 EN 加载了 552 条数据, 从 CN 加载了 0 条数据。

--- 阶段 2: 扫描所有 Media 路径下的 Scripts (L0) ---
阶段 2 完成: 从 scripts 新生成了 0 条数据。

--- 阶段 3: 合并 L0 与 L1 后，纯净英文基准总计: 552 条数据。---

--- 已为 Mod ID 3617732907 更新 552 条键来源映射 ---

--- 正在为 Mod 'ItemInspectionUI' 生成输出文件 ---
    - 最终合并 (output.txt): 552 条
    - 纯净英文 (EN_output.txt): 552 条
    - 纯净中文 (CN_output.txt): 0 条
    - 英文待办 (en_todo.txt): 552 条 (增量)
    - 中文独有 (cn_only.txt): 0 条 (增量)
    - 冲突键 (conflict_keys.txt): 0 条
    -> 正在尝试从 Git 历史记录中获取旧版本: data/output_files/ItemInspectionUI_3617732907/EN_todo.txt
      --> 成功找到旧版本。
     -> 在 'EN_todo.txt (旧版本)' 中找到 550 个键。
    -> 检测到内容变更。新增: 2, 移除: 0

处理成功！所有输出文件已保存在 'ItemInspectionUI_3617732907' 文件夹中。
    -> [内存] 已为 Mod 3617732907 记录 Commit SHA: 426d197

--- 所有模组处理循环结束，正在保存最终运行状态 ---

--- 应用正则表达式来源覆盖规则 ---
成功加载 6 条正则表达式规则。
  -> 规则 #6 ('(?i)^Tooltip_.*$...') 匹配并更新了 3 个键。
成功通过正则表达式规则更新了 3 个键的来源。

--- 正在合并手动分类的键来源 ---
  -> 未发现需要合并的手动分类条目。
全局键来源映射已成功保存到: translation_utils/key_source_map.json

增量更新日志已记录到: data/logs/update_log.json

--- 开始生成状态报告 ---
执行报告生成脚本失败: Command '['python', 'scripts/generate_status.py']' returned non-zero exit status 1.
脚本输出:
--- 开始生成状态报告 ---

脚本错误输出:
Traceback (most recent call last):
  File "/home/runner/work/pz-mod-translation-helper/pz-mod-translation-helper/scripts/generate_status.py", line 259, in <module>
    main()
  File "/home/runner/work/pz-mod-translation-helper/pz-mod-translation-helper/scripts/generate_status.py", line 232, in main
    mod_todo_table_rows = [
  File "/home/runner/work/pz-mod-translation-helper/pz-mod-translation-helper/scripts/generate_status.py", line 233, in <listcomp>
    f"| {mod['name'].replace('|', '&#124;')} | {mod['id']} | {mod['todos']} | {mod['to_proofread']} | {mod['missing_en']} | {mod['total_entries']} |"
AttributeError: 'NoneType' object has no attribute 'replace'

