

========================= 开始处理 Workshop ID: 3414697768 (jiggasGreenFire42) =========================

--- 正在检查已完成的翻译于: data/completed_files/3414697768/en_completed.txt ---
     -> 在 'en_completed.txt' 中找到 0 个键。

--- 正在检查待排除的键于: data/completed_files/3414697768/exclusion_list.txt ---
  -> 排除列表文件 'exclusion_list.txt' 不存在，跳过。

-------------------- 处理子模组: jiggasGreenFire42 --------------------

--- 正在为 'jiggasGreenFire42' 动态查找 'media' 文件夹 ---
  -> 发现版本目录队列: 42
  --> 找到最高优先级有效版本: 42

--- 阶段 1: 扫描所有 media 路径下的翻译文件 (L1) ---
  -> 正在处理 media 路径: data/workshop_content/3414697768/mods/jiggasGreenFire42/42/media
  -> 扫描目录: data/workshop_content/3414697768/mods/jiggasGreenFire42/42/media/lua/shared/Translate/EN
     -> 在 'Farming_EN.txt' 中找到 48 个键。
     -> 在 'IG_UI_EN.txt' 中找到 1 个键。
     -> 在 'Recipes_EN.txt' 中找到 1 个键。
     -> 在 'Tooltip_EN.txt' 中找到 1 个键。
     -> 在 'UI_EN.txt' 中找到 26 个键。
阶段 1 完成: 从 EN 加载了 77 条数据, 从 CN 加载了 0 条数据。

--- 阶段 2: 扫描所有 Media 路径下的 Scripts (L0) ---
  -> 正在处理 Scripts 路径: data/workshop_content/3414697768/mods/jiggasGreenFire42/42/media/scripts
    -> 处理: GFRoundBongs_Models.txt
    -> 处理: GFmodels_items.txt
    -> 处理: items/GFItems_Cannabis.txt
     -> 新增: 47 个 Item
    -> 处理: items/GFItems_Edible.txt
     -> 新增: 6 个 Item
    -> 处理: items/GFItems_Items.txt
     -> 新增: 11 个 Item
    -> 处理: items/GFItems_Mixed.txt
     -> 新增: 11 个 Item
    -> 处理: items/GFItems_Tobacco.txt
     -> 新增: 18 个 Item
    -> 处理: items/GFItems_bong.txt
     -> 新增: 145 个 Item
    -> 处理: recipes/GFRecipes_Bong.txt
     -> 新增: 6 个 Recipe
    -> 处理: recipes/GFRecipes_Cannabis.txt
     -> 新增: 25 个 Recipe
    -> 处理: recipes/GFRecipes_Cooking.txt
     -> 新增: 15 个 Recipe
    -> 处理: recipes/GFRecipes_Farming.txt
     -> 新增: 28 个 Recipe
    -> 处理: recipes/GFRecipes_Tobacco.txt
     -> 新增: 15 个 Recipe
    -> 处理: sounds/GreenfireSounds.txt
阶段 2 完成: 从 scripts 新生成了 327 条数据。

--- 阶段 3: 合并 L0 与 L1 后，纯净英文基准总计: 404 条数据。---

--- 阶段 4: 检测到 55 个与官方重复的键。---

--- 已为 Mod ID 3414697768 更新 404 条键来源映射 ---

--- 正在为 Mod 'jiggasGreenFire42' 生成输出文件 ---
    - 最终合并 (output.txt): 404 条
    - 纯净英文 (EN_output.txt): 404 条
    - 纯净中文 (CN_output.txt): 0 条
    - 英文待办 (en_todo.txt): 404 条 (增量)
    - 中文独有 (cn_only.txt): 0 条 (增量)
    - 冲突键 (conflict_keys.txt): 55 条
    -> 正在尝试从 Git 历史记录中获取旧版本: data/output_files/jiggasGreenFire42_3414697768/EN_todo.txt
      --> 成功找到旧版本。
     -> 在 'EN_todo.txt (旧版本)' 中找到 404 个键。

处理成功！所有输出文件已保存在 'jiggasGreenFire42_3414697768' 文件夹中。
    -> [内存] 已为 Mod 3414697768 记录 Commit SHA: b5f6f7e
