

========================= 开始处理 Workshop ID: 3646824783 (KatanaZ) =========================

--- 正在检查已完成的翻译于: data/completed_files/3646824783/en_completed.txt ---
     -> 在 'en_completed.txt' 中找到 0 个键。

--- 正在检查待排除的键于: data/completed_files/3646824783/exclusion_list.txt ---
  -> 排除列表文件 'exclusion_list.txt' 不存在，跳过。

-------------------- 处理子模组: KatanaZ --------------------

--- 正在为 'KatanaZ' 动态查找 'media' 文件夹 ---
  -> 发现版本目录队列: 42
  --> 找到最高优先级有效版本: 42

--- 阶段 1: 扫描所有 media 路径下的翻译文件 (L1) ---
  -> 正在处理 media 路径: data/workshop_content/3646824783/mods/KatanaZ/42/media
阶段 1 完成: 从 EN 加载了 0 条数据, 从 CN 加载了 0 条数据。

--- 阶段 2: 扫描所有 Media 路径下的 Scripts (L0) ---
  -> 正在处理 Scripts 路径: data/workshop_content/3646824783/mods/KatanaZ/42/media/scripts
    -> 处理: generated/KatanaZ_evolvedrecipes.txt
     -> 新增: 3 个 Recipe
    -> 处理: generated/entities/pottery/entity_hand_press.txt
     -> 新增: 2 个 Recipe
    -> 处理: generated/entities/pottery/entity_kiln_large.txt
     -> 新增: 1 个 Recipe
    -> 处理: generated/items/KatanaZ_food.txt
     -> 新增: 23 个 Item
    -> 处理: generated/items/KatanaZ_items.txt
     -> 新增: 62 个 Item
    -> 处理: generated/recipes/KatanaZ_recipes.txt
     -> 新增: 58 个 Recipe
    -> 处理: generated/recipes/KatanaZ_recipes_Katana.txt
     -> 新增: 16 个 Recipe
    -> 处理: generated/recipes/KatanaZ_recipes_clay.txt
     -> 新增: 28 个 Recipe
    -> 处理: generated/recipes/KatanaZ_recipes_coldforge.txt
     -> 新增: 24 个 Recipe
    -> 处理: generated/recipes/KatanaZ_recipes_cooking.txt
     -> 新增: 21 个 Recipe
    -> 处理: generated/recipes/KatanaZ_recipes_fishing.txt
     -> 新增: 12 个 Recipe
    -> 处理: generated/recipes/KatanaZ_recipes_ingots.txt
     -> 新增: 24 个 Recipe
    -> 处理: generated/recipes/KatanaZ_recipes_metal.txt
     -> 新增: 9 个 Recipe
    -> 处理: generated/recipes/KatanaZ_recipes_stone.txt
     -> 新增: 14 个 Recipe
    -> 处理: generated/recipes/KatanaZ_recipes_water.txt
     -> 新增: 8 个 Recipe
阶段 2 完成: 从 scripts 新生成了 305 条数据。

--- 阶段 3: 合并 L0 与 L1 后，纯净英文基准总计: 305 条数据。---

--- 阶段 4: 检测到 10 个与官方重复的键。---

--- 已为 Mod ID 3646824783 更新 305 条键来源映射 ---

--- 正在为 Mod 'KatanaZ' 生成输出文件 ---
    - 最终合并 (output.txt): 305 条
    - 纯净英文 (EN_output.txt): 305 条
    - 纯净中文 (CN_output.txt): 0 条
    - 英文待办 (en_todo.txt): 305 条 (增量)
    - 中文独有 (cn_only.txt): 0 条 (增量)
    - 冲突键 (conflict_keys.txt): 10 条
    -> 正在尝试从 Git 历史记录中获取旧版本: data/output_files/KatanaZ_3646824783/EN_todo.txt
      --> 成功找到旧版本。
     -> 在 'EN_todo.txt (旧版本)' 中找到 38 个键。
    -> 检测到内容变更。新增: 272, 移除: 5

处理成功！所有输出文件已保存在 'KatanaZ_3646824783' 文件夹中。
    -> [内存] 已为 Mod 3646824783 记录 Commit SHA: b2ae355
