

========================= 开始处理 Workshop ID: 3397396843 (KnoxEventExpanded) =========================

--- 正在检查已完成的翻译于: data/completed_files/3397396843/en_completed.txt ---
     -> 在 'en_completed.txt' 中找到 584 个键。

--- 正在检查待排除的键于: data/completed_files/3397396843/exclusion_list.txt ---
  -> 排除列表文件 'exclusion_list.txt' 不存在，跳过。

-------------------- 处理子模组: KnoxEventExpanded --------------------

--- 正在为 'KnoxEventExpanded' 动态查找 'media' 文件夹 ---
  -> 发现版本目录队列: 42
  --> 找到最高优先级有效版本: 42

--- 阶段 1: 扫描所有 media 路径下的翻译文件 (L1) ---
  -> 正在处理 media 路径: data/workshop_content/3397396843/mods/KnoxEventExpanded/42/media
  -> 扫描目录: data/workshop_content/3397396843/mods/KnoxEventExpanded/42/media/lua/shared/Translate/EN
     -> 在 'ContextMenu_EN.txt' 中找到 30 个键。
     -> 在 'IG_UI_EN.txt' 中找到 566 个键。
     -> 在 'Sandbox_EN.txt' 中找到 12 个键。
     -> 在 'SurvivalGuide_EN.txt' 中找到 9 个键。
     -> 在 'UI_EN.txt' 中找到 20 个键。
阶段 1 完成: 从 EN 加载了 637 条数据, 从 CN 加载了 0 条数据。

--- 阶段 2: 扫描所有 Media 路径下的 Scripts (L0) ---
  -> 正在处理 Scripts 路径: data/workshop_content/3397396843/mods/KnoxEventExpanded/42/media/scripts
    -> 处理: kee/traits.txt
阶段 2 完成: 从 scripts 新生成了 0 条数据。

--- 阶段 3: 合并 L0 与 L1 后，纯净英文基准总计: 637 条数据。---

-------------------- 处理子模组: KnoxEventExpandedLegacy --------------------

--- 正在为 'KnoxEventExpandedLegacy' 动态查找 'media' 文件夹 ---
  -> 发现版本目录队列: 42
  --> 找到最高优先级有效版本: 42

--- 阶段 1: 扫描所有 media 路径下的翻译文件 (L1) ---
  -> 正在处理 media 路径: data/workshop_content/3397396843/mods/KnoxEventExpandedLegacy/42/media
  -> 扫描目录: data/workshop_content/3397396843/mods/KnoxEventExpandedLegacy/42/media/lua/shared/Translate/EN
     -> 在 'ContextMenu_EN.txt' 中找到 30 个键。
     -> 在 'IG_UI_EN.txt' 中找到 507 个键。
     -> 在 'Sandbox_EN.txt' 中找到 12 个键。
     -> 在 'SurvivalGuide_EN.txt' 中找到 9 个键。
     -> 在 'UI_EN.txt' 中找到 18 个键。
阶段 1 完成: 从 EN 加载了 576 条数据, 从 CN 加载了 0 条数据。

--- 阶段 2: 扫描所有 Media 路径下的 Scripts (L0) ---
阶段 2 完成: 从 scripts 新生成了 0 条数据。

--- 阶段 3: 合并 L0 与 L1 后，纯净英文基准总计: 576 条数据。---

--- 已为 Mod ID 3397396843 更新 641 条键来源映射 ---

--- 正在为 Mod 'KnoxEventExpanded' 生成输出文件 ---
    - 最终合并 (output.txt): 641 条
    - 纯净英文 (EN_output.txt): 641 条
    - 纯净中文 (CN_output.txt): 0 条
    - 英文待办 (en_todo.txt): 99 条 (增量)
    - 中文独有 (cn_only.txt): 0 条 (增量)
    - 冲突键 (conflict_keys.txt): 0 条
    -> 正在尝试从 Git 历史记录中获取旧版本: data/output_files/KnoxEventExpanded_3397396843/EN_todo.txt
      --> 成功找到旧版本。
     -> 在 'EN_todo.txt (旧版本)' 中找到 97 个键。
    -> 检测到内容变更。新增: 2, 移除: 0

处理成功！所有输出文件已保存在 'KnoxEventExpanded_3397396843' 文件夹中。
    -> [内存] 已为 Mod 3397396843 记录 Commit SHA: ea37093
