

========================= 开始处理 Workshop ID: 3674663295 (KnoxDrugs) =========================

--- 正在检查已完成的翻译于: data/completed_files/3674663295/en_completed.txt ---
     -> 在 'en_completed.txt' 中找到 0 个键。

--- 正在检查待排除的键于: data/completed_files/3674663295/exclusion_list.txt ---
  -> 排除列表文件 'exclusion_list.txt' 不存在，跳过。

-------------------- 处理子模组: KnoxDrugs --------------------

--- 正在为 'KnoxDrugs' 动态查找 'media' 文件夹 ---
  -> 发现版本目录队列: 42
  --> 找到最高优先级有效版本: 42

--- 阶段 1: 扫描所有 media 路径下的翻译文件 (L1) ---
  -> 正在处理 media 路径: data/workshop_content/3674663295/mods/KnoxDrugs/42/media
  -> 扫描目录: data/workshop_content/3674663295/mods/KnoxDrugs/42/media/lua/shared/Translate/EN
     -> 在 'ContextMenu_EN.txt' 中找到 0 个键。
     -> 在 'IG_UI_EN.txt' 中找到 3 个键。
     -> 在 'ItemName_EN.txt' 中找到 33 个键。
     -> 在 'Moodles_EN.txt' 中找到 48 个键。
     -> 在 'Recipes_EN.txt' 中找到 1 个键。
     -> 在 'Tooltip_EN.txt' 中找到 9 个键。
     -> 在 'UI_EN.txt' 中找到 8 个键。
阶段 1 完成: 从 EN 加载了 102 条数据, 从 CN 加载了 0 条数据。

--- 阶段 2: 扫描所有 Media 路径下的 Scripts (L0) ---
  -> 正在处理 Scripts 路径: data/workshop_content/3674663295/mods/KnoxDrugs/42/media/scripts
    -> 处理: KD_Traits.txt
    -> 处理: items/KD_Alcohols.txt
    -> 处理: items/KD_Benzos.txt
    -> 处理: items/KD_Cannabis.txt
    -> 处理: items/KD_Cigarettes.txt
    -> 处理: items/KD_FireSystem.txt
    -> 处理: items/KD_Generic.txt
    -> 处理: items/KD_Hallucinogenes.txt
    -> 处理: items/KD_Inhalants.txt
    -> 处理: items/KD_LightStims.txt
    -> 处理: items/KD_Litterature.txt
    -> 处理: items/KD_Opioids.txt
    -> 处理: items/KD_Stimulants.txt
    -> 处理: recipes/KD_InhalantsRecipes.txt
     -> 新增: 1 个 Recipe
    -> 处理: recipes/KD_StimulantsRecipes.txt
     -> 新增: 8 个 Recipe
阶段 2 完成: 从 scripts 新生成了 9 条数据。

--- 阶段 3: 合并 L0 与 L1 后，纯净英文基准总计: 111 条数据。---

--- 阶段 4: 检测到 8 个与官方重复的键。---

--- 已为 Mod ID 3674663295 更新 111 条键来源映射 ---

--- 正在为 Mod 'KnoxDrugs' 生成输出文件 ---
    - 最终合并 (output.txt): 111 条
    - 纯净英文 (EN_output.txt): 111 条
    - 纯净中文 (CN_output.txt): 0 条
    - 英文待办 (en_todo.txt): 111 条 (增量)
    - 中文独有 (cn_only.txt): 0 条 (增量)
    - 冲突键 (conflict_keys.txt): 8 条
    -> 正在尝试从 Git 历史记录中获取旧版本: data/output_files/KnoxDrugs_3674663295/EN_todo.txt
      --> 成功找到旧版本。
     -> 在 'EN_todo.txt (旧版本)' 中找到 111 个键。

处理成功！所有输出文件已保存在 'KnoxDrugs_3674663295' 文件夹中。
    -> [内存] 已为 Mod 3674663295 记录 Commit SHA: 39fe965
