

========================= 开始处理 Workshop ID: 3381815115 (lawlytpms) =========================

--- 正在检查已完成的翻译于: data/completed_files/3381815115/en_completed.txt ---
     -> 在 'en_completed.txt' 中找到 0 个键。

--- 正在检查待排除的键于: data/completed_files/3381815115/exclusion_list.txt ---
  -> 排除列表文件 'exclusion_list.txt' 不存在，跳过。

-------------------- 处理子模组: lawlytpms --------------------

--- 正在为 'lawlytpms' 动态查找 'media' 文件夹 ---
  -> 找到有效 Common 路径: data/workshop_content/3381815115/mods/lawlytpms/common/media
  -> 发现版本目录队列: 42
  --> 版本 42 无效或为空，尝试检查下一个低版本...

--- 阶段 1: 扫描所有 media 路径下的翻译文件 (L1) ---
  -> 正在处理 media 路径: data/workshop_content/3381815115/mods/lawlytpms/common/media
  -> 扫描目录: data/workshop_content/3381815115/mods/lawlytpms/common/media/lua/shared/Translate/EN
     -> 在 'Sandbox_EN.txt' 中找到 12 个键。
阶段 1 完成: 从 EN 加载了 12 条数据, 从 CN 加载了 0 条数据。

--- 阶段 2: 扫描所有 Media 路径下的 Scripts (L0) ---
阶段 2 完成: 从 scripts 新生成了 0 条数据。

--- 阶段 3: 合并 L0 与 L1 后，纯净英文基准总计: 12 条数据。---

--- 已为 Mod ID 3381815115 更新 12 条键来源映射 ---

--- 正在为 Mod 'lawlytpms' 生成输出文件 ---
    - 最终合并 (output.txt): 12 条
    - 纯净英文 (EN_output.txt/json): 12 条
    - 纯净中文 (CN_output.txt): 0 条
    - 中文独有 (cn_only.txt): 0 条 (增量)
    - 冲突键 (conflict_keys.txt): 0 条
    -> 正在尝试从 Git 历史记录中获取旧版本: data/output_files/lawlytpms_3381815115/EN_output.txt
      --> 在 Git 历史记录中未找到该文件，视为全新。
    -> 基线日志已存档到: data/logs/archive/lawlytpms_3381815115_baseline_run_20260525_045625.json

处理成功！所有输出文件已保存在 'lawlytpms_3381815115' 文件夹中。
    -> [内存] 已为 Mod 3381815115 记录 Commit SHA: f02ac90
