

========================= 开始处理 Workshop ID: 3665548194 (Legion) =========================

--- 正在检查已完成的翻译于: data/completed_files/3665548194/en_completed.txt ---
     -> 在 'en_completed.txt' 中找到 0 个键。

--- 正在检查待排除的键于: data/completed_files/3665548194/exclusion_list.txt ---
  -> 排除列表文件 'exclusion_list.txt' 不存在，跳过。

-------------------- 处理子模组: Legion --------------------

--- 正在为 'Legion' 动态查找 'media' 文件夹 ---
  -> 发现版本目录队列: 42.15, 42
  --> 找到最高优先级有效版本: 42.15

--- 阶段 1: 扫描所有 media 路径下的翻译文件 (L1) ---
  -> 正在处理 media 路径: data/workshop_content/3665548194/mods/Legion/42.15/media
  -> 扫描目录: data/workshop_content/3665548194/mods/Legion/42.15/media/lua/shared/Translate/EN
     -> 在 'Sandbox.json' 中找到 11 个键。
阶段 1 完成: 从 EN 加载了 11 条数据, 从 CN 加载了 0 条数据。

--- 阶段 2: 扫描所有 Media 路径下的 Scripts (L0) ---
  -> 正在处理 Scripts 路径: data/workshop_content/3665548194/mods/Legion/42.15/media/scripts
    -> 处理: generated/LG_Fixing.txt
    -> 处理: generated/LG_Items.txt
     -> 新增: 14 个 Item
    -> 处理: generated/LG_models.txt
    -> 处理: generated/LGsounds_item.txt
    -> 处理: generated/recipes/LG_Recipes.txt
     -> 新增: 13 个 Recipe
阶段 2 完成: 从 scripts 新生成了 27 条数据。

--- 阶段 3: 合并 L0 与 L1 后，纯净英文基准总计: 38 条数据。---

--- 阶段 4: 检测到 2 个与官方重复的键。---

--- 已为 Mod ID 3665548194 更新 38 条键来源映射 ---

--- 正在为 Mod 'Legion' 生成输出文件 ---
    - 最终合并 (output.txt): 38 条
    - 纯净英文 (EN_output.txt/json): 38 条
    - 纯净中文 (CN_output.txt): 0 条
    - 中文独有 (cn_only.txt): 0 条 (增量)
    - 冲突键 (conflict_keys.txt): 2 条
    -> 正在尝试从 Git 历史记录中获取旧版本: data/output_files/Legion_3665548194/EN_output.txt
      --> 成功找到旧版本。
     -> 在 'EN_output.txt (旧版本)' 中找到 38 个键。

处理成功！所有输出文件已保存在 'Legion_3665548194' 文件夹中。
    -> [内存] 已为 Mod 3665548194 记录 Commit SHA: c8f1586
