

========================= 开始处理 Workshop ID: 2790211934 (Liel's_Drinks) =========================

--- 正在检查已完成的翻译于: data/completed_files/2790211934/en_completed.txt ---
     -> 在 'en_completed.txt' 中找到 0 个键。

--- 正在检查待排除的键于: data/completed_files/2790211934/exclusion_list.txt ---
  -> 排除列表文件 'exclusion_list.txt' 不存在，跳过。

-------------------- 处理子模组: Liel's Drinks --------------------

--- 正在为 'Liel's Drinks' 动态查找 'media' 文件夹 ---
  -> 发现版本目录队列: 42.16, 42.15.2
  --> 找到最高优先级有效版本: 42.16

--- 阶段 1: 扫描所有 media 路径下的翻译文件 (L1) ---
  -> 正在处理 media 路径: data/workshop_content/2790211934/mods/Liel's Drinks/42.16/media
  -> 扫描目录: data/workshop_content/2790211934/mods/Liel's Drinks/42.16/media/lua/shared/Translate/EN
     -> 在 'Fluids.json' 中找到 136 个键。
     -> 在 'ItemName.json' 中找到 199 个键。
     -> 在 'Recipes.json' 中找到 6 个键。
     -> 在 'Sandbox.json' 中找到 37 个键。
阶段 1 完成: 从 EN 加载了 378 条数据, 从 CN 加载了 0 条数据。

--- 阶段 2: 扫描所有 Media 路径下的 Scripts (L0) ---
  -> 正在处理 Scripts 路径: data/workshop_content/2790211934/mods/Liel's Drinks/42.16/media/scripts
    -> 处理: LDK_SparklingWaterFluid.txt
    -> 处理: LDK_alcoholicFluids.txt
    -> 处理: LDK_beerBottles.txt
    -> 处理: LDK_beerCans.txt
    -> 处理: LDK_canPacks.txt
    -> 处理: LDK_corotesBottles.txt
    -> 处理: LDK_distilledBottles.txt
    -> 处理: LDK_energyCans.txt
    -> 处理: LDK_energyFluids.txt
    -> 处理: LDK_juiceCans.txt
    -> 处理: LDK_juiceFluids.txt
    -> 处理: LDK_modelPacks.txt
    -> 处理: LDK_modelsBeerBottles.txt
    -> 处理: LDK_modelsCans.txt
    -> 处理: LDK_modelsCorote.txt
    -> 处理: LDK_modelsDistilled.txt
    -> 处理: LDK_modelsSodaBottles.txt
    -> 处理: LDK_recipeOpen.txt
     -> 新增: 1 个 Recipe
    -> 处理: LDK_recipePacks.txt
     -> 新增: 1 个 Recipe
    -> 处理: LDK_sodaBottles.txt
    -> 处理: LDK_sodaCans.txt
    -> 处理: LDK_sodaFluids.txt
    -> 处理: LDK_timedactions.txt
    -> 处理: LDK_waterCans.txt
阶段 2 完成: 从 scripts 新生成了 2 条数据。

--- 阶段 3: 合并 L0 与 L1 后，纯净英文基准总计: 380 条数据。---

--- 阶段 4: 检测到 2 个与官方重复的键。---

--- 已为 Mod ID 2790211934 更新 386 条键来源映射 ---

--- 正在为 Mod 'Liel's_Drinks' 生成输出文件 ---
    - 最终合并 (output.txt): 380 条
    - 纯净英文 (EN_output.txt/json): 380 条
    - 纯净中文 (CN_output.txt): 0 条
    - 中文独有 (cn_only.txt): 0 条 (增量)
    - 冲突键 (conflict_keys.txt): 2 条
    -> 正在尝试从 Git 历史记录中获取旧版本: data/output_files/Liel's_Drinks_2790211934/EN_output.txt
      --> 成功找到旧版本。
     -> 在 'EN_output.txt (旧版本)' 中找到 424 个键。
    -> 检测到内容变更。新增: 205, 移除: 249

处理成功！所有输出文件已保存在 'Liel's_Drinks_2790211934' 文件夹中。
    -> [内存] 已为 Mod 2790211934 记录 Commit SHA: 32ddbaa
