

========================= 开始处理 Workshop ID: 3396622780 (lilliesbettermilitaryclothes) =========================

--- 正在检查已完成的翻译于: data/completed_files/3396622780/en_completed.txt ---
  -> 文件 'en_completed.txt' 在目标位置不存在，将自动创建。

--- 正在检查待排除的键于: data/completed_files/3396622780/exclusion_list.txt ---
  -> 排除列表文件 'exclusion_list.txt' 不存在，跳过。

-------------------- 处理子模组: lilliesbettermilitaryclothes --------------------

--- 正在为 'lilliesbettermilitaryclothes' 动态查找 'media' 文件夹 ---
  -> 发现版本目录: 42
  -> 正在检查路径的有效性: data/workshop_content/3396622780/mods/lilliesbettermilitaryclothes/common/media
  --> 路径有效！已将其加入待处理列表。

--- 阶段 1: 扫描所有 media 路径下的翻译文件 (L1) ---
  -> 正在处理 media 路径: data/workshop_content/3396622780/mods/lilliesbettermilitaryclothes/common/media
  -> 扫描目录: data/workshop_content/3396622780/mods/lilliesbettermilitaryclothes/common/media/lua/shared/Translate/EN
     -> 在 'ContextMenu_EN.txt' 中找到 5 个键。
     -> 在 'MakeUp_EN.txt' 中找到 6 个键。
阶段 1 完成: 从 EN 加载了 11 条数据, 从 CN 加载了 0 条数据。

--- 阶段 2: 扫描所有 Media 路径下的 Scripts (L0) ---
  -> 正在处理 Scripts 路径: data/workshop_content/3396622780/mods/lilliesbettermilitaryclothes/common/media/scripts
    -> 处理: generated/clothing/lillies_clothing_bags.txt
     -> 新增: 4 个 Item
    -> 处理: generated/clothing/lillies_clothing_gloves.txt
     -> 新增: 4 个 Item
    -> 处理: generated/clothing/lillies_clothing_hats.txt
     -> 新增: 11 个 Item
    -> 处理: generated/clothing/lillies_clothing_helmets.txt
     -> 新增: 8 个 Item
    -> 处理: generated/clothing/lillies_clothing_jacket.txt
     -> 新增: 19 个 Item
    -> 处理: generated/clothing/lillies_clothing_masks.txt
     -> 新增: 6 个 Item
    -> 处理: generated/clothing/lillies_clothing_others.txt
     -> 新增: 3 个 Item
    -> 处理: generated/clothing/lillies_clothing_pants.txt
     -> 新增: 32 个 Item
    -> 处理: generated/clothing/lillies_clothing_shoes.txt
     -> 新增: 5 个 Item
    -> 处理: generated/clothing/lillies_clothing_underwear.txt
     -> 新增: 1 个 Item
    -> 处理: generated/clothing/lillies_clothing_vests.txt
     -> 新增: 5 个 Item
    -> 处理: generated/items/lillies_items_aesthetic.txt
     -> 新增: 1 个 Item
    -> 处理: generated/items/lillies_items_cooking.txt
     -> 新增: 2 个 Item
    -> 处理: generated/items/lillies_items_fluidcontainers.txt
     -> 新增: 4 个 Item
    -> 处理: generated/items/lillies_items_food.txt
     -> 新增: 1 个 Item
    -> 处理: generated/items/lillies_items_medical.txt
     -> 新增: 1 个 Item
    -> 处理: generated/items/lillies_items_misc.txt
     -> 新增: 12 个 Item
    -> 处理: generated/items/lillies_items_tailoring.txt
     -> 新增: 2 个 Item
    -> 处理: generated/items/lillies_items_weapons_stab.txt
     -> 新增: 3 个 Item
    -> 处理: generated/lillies_evolvedrecipes.txt
     -> 新增: 3 个 Recipe
    -> 处理: generated/lillies_models_clothes.txt
    -> 处理: generated/lillies_models_items.txt
    -> 处理: generated/lillies_models_weapons.txt
    -> 处理: generated/recipes/lillies_recipes.txt
     -> 新增: 12 个 Recipe
    -> 处理: generated/recipes/lillies_recipes_cooking.txt
     -> 新增: 2 个 Recipe
    -> 处理: generated/recipes/lillies_recipes_gasmasks.txt
     -> 新增: 3 个 Recipe
阶段 2 完成: 从 scripts 新生成了 144 条数据。

--- 阶段 3: 合并 L0 与 L1 后，纯净英文基准总计: 155 条数据。---

--- 阶段 4: 检测到 18 个与官方重复的键。---

-------------------- 处理子模组: lilliesbettermilitaryclothestextures --------------------

--- 正在为 'lilliesbettermilitaryclothestextures' 动态查找 'media' 文件夹 ---
  -> 发现版本目录: 42
  --> 未能在任何优先路径中找到有效的 'media' 文件夹。

--- 已为 Mod ID 3396622780 更新 155 条键来源映射 ---

--- 正在为 Mod 'lilliesbettermilitaryclothes' 生成输出文件 ---
    - 最终合并 (output.txt): 155 条
    - 纯净英文 (EN_output.txt): 155 条
    - 纯净中文 (CN_output.txt): 0 条
    - 英文待办 (en_todo.txt): 155 条 (增量)
    - 中文独有 (cn_only.txt): 0 条 (增量)
    - 冲突键 (conflict_keys.txt): 18 条
    -> 正在尝试从 Git 历史记录中获取旧版本: data/output_files/lilliesbettermilitaryclothes_3396622780/EN_todo.txt
      --> 在 Git 历史记录中未找到该文件，视为全新。
    -> 基线日志已存档到: data/logs/archive/lilliesbettermilitaryclothes_3396622780_baseline_run_20251128_040419.json

处理成功！所有输出文件已保存在 'lilliesbettermilitaryclothes_3396622780' 文件夹中。
    -> 警告：未能获取 Mod 3396622780 的完成文件SHA，状态未记录。
