

========================= 开始处理 Workshop ID: 3410686841 (Littlebird) =========================

--- 正在检查已完成的翻译于: data/completed_files/3410686841/en_completed.txt ---
     -> 在 'en_completed.txt' 中找到 0 个键。

--- 正在检查待排除的键于: data/completed_files/3410686841/exclusion_list.txt ---
  -> 排除列表文件 'exclusion_list.txt' 不存在，跳过。

-------------------- 处理子模组: Littlebird --------------------

--- 正在为 'Littlebird' 动态查找 'media' 文件夹 ---
  -> 找到有效 Common 路径: data/workshop_content/3410686841/mods/Littlebird/common/media

--- 阶段 1: 扫描所有 media 路径下的翻译文件 (L1) ---
  -> 正在处理 media 路径: data/workshop_content/3410686841/mods/Littlebird/common/media
  -> 扫描目录: data/workshop_content/3410686841/mods/Littlebird/common/media/lua/shared/Translate/EN
     -> 在 'IG_UI_EN.txt' 中找到 3 个键。
     -> 在 'Sandbox_EN.txt' 中找到 2 个键。
阶段 1 完成: 从 EN 加载了 5 条数据, 从 CN 加载了 0 条数据。

--- 阶段 2: 扫描所有 Media 路径下的 Scripts (L0) ---
  -> 正在处理 Scripts 路径: data/workshop_content/3410686841/mods/Littlebird/common/media/scripts
    -> 处理: Littlebird Models.txt
    -> 处理: items/LittleBirdParts.txt
     -> 新增: 4 个 Item
    -> 处理: vehicles/LittleBird/LittleBird.txt
    -> 处理: vehicles/LittleBird/LittleBirdVreck.txt
    -> 处理: vehicles/LittleBird/sound_Littlebird.txt
    -> 处理: vehicles/LittleBird/template_Littlebird_blade.txt
    -> 处理: vehicles/LittleBird/template_Littlebird_bladeSmall.txt
    -> 处理: vehicles/template_LittleBirdTrunk.txt
    -> 处理: vehicles/template_MH6battery.txt
    -> 处理: vehicles/template_SmallHelicopterGasTank.txt
    -> 处理: vehicles/template_engine_doorMH6.txt
阶段 2 完成: 从 scripts 新生成了 4 条数据。

--- 阶段 3: 合并 L0 与 L1 后，纯净英文基准总计: 9 条数据。---

--- 已为 Mod ID 3410686841 更新 9 条键来源映射 ---

--- 正在为 Mod 'Littlebird' 生成输出文件 ---
    - 最终合并 (output.txt): 9 条
    - 纯净英文 (EN_output.txt): 9 条
    - 纯净中文 (CN_output.txt): 0 条
    - 英文待办 (en_todo.txt): 9 条 (增量)
    - 中文独有 (cn_only.txt): 0 条 (增量)
    - 冲突键 (conflict_keys.txt): 0 条
    -> 正在尝试从 Git 历史记录中获取旧版本: data/output_files/Littlebird_3410686841/EN_todo.txt
      --> 成功找到旧版本。
     -> 在 'EN_todo.txt (旧版本)' 中找到 9 个键。

处理成功！所有输出文件已保存在 'Littlebird_3410686841' 文件夹中。
    -> [内存] 已为 Mod 3410686841 记录 Commit SHA: 0a9113f
