

========================= 开始处理 Workshop ID: 3652371248 (lockMartM577) =========================

--- 正在检查已完成的翻译于: data/completed_files/3652371248/en_completed.txt ---
  -> 文件 'en_completed.txt' 在目标位置不存在，将自动创建。

--- 正在检查待排除的键于: data/completed_files/3652371248/exclusion_list.txt ---
  -> 排除列表文件 'exclusion_list.txt' 不存在，跳过。

-------------------- 处理子模组: lockMartM577 --------------------

--- 正在为 'lockMartM577' 动态查找 'media' 文件夹 ---
  -> 发现版本目录队列: 42.13, 42.0
  --> 找到最高优先级有效版本: 42.13

--- 阶段 1: 扫描所有 media 路径下的翻译文件 (L1) ---
  -> 正在处理 media 路径: data/workshop_content/3652371248/mods/lockMartM577/42.13/media
  -> 扫描目录: data/workshop_content/3652371248/mods/lockMartM577/42.13/media/lua/shared/Translate/EN
     -> 在 'IG_UI_EN.txt' 中找到 19 个键。
     -> 在 'Recipes_EN.txt' 中找到 7 个键。
阶段 1 完成: 从 EN 加载了 26 条数据, 从 CN 加载了 0 条数据。

--- 阶段 2: 扫描所有 Media 路径下的 Scripts (L0) ---
  -> 正在处理 Scripts 路径: data/workshop_content/3652371248/mods/lockMartM577/42.13/media/scripts
    -> 处理: vehicles/lockMartM577.txt
    -> 处理: vehicles/lockMartM577_models.txt
    -> 处理: vehicles/lockMartM577_recipes.txt
     -> 新增: 1 个 Recipe
    -> 处理: vehicles/lockMartM577_vehiclesitems.txt
     -> 新增: 8 个 Item
    -> 处理: vehicles/template_M577_door.txt
    -> 处理: vehicles/template_M577_gun.txt
    -> 处理: vehicles/template_M577_guncab.txt
    -> 处理: vehicles/template_M577_hood.txt
    -> 处理: vehicles/template_M577_passengers.txt
    -> 处理: vehicles/template_M577_seat.txt
    -> 处理: vehicles/template_M577_tires.txt
    -> 处理: vehicles/template_M577_trunk.txt
    -> 处理: vehicles/template_M577_window.txt
阶段 2 完成: 从 scripts 新生成了 9 条数据。

--- 阶段 3: 合并 L0 与 L1 后，纯净英文基准总计: 35 条数据。---

--- 已为 Mod ID 3652371248 更新 35 条键来源映射 ---

--- 正在为 Mod 'lockMartM577' 生成输出文件 ---
    - 最终合并 (output.txt): 35 条
    - 纯净英文 (EN_output.txt): 35 条
    - 纯净中文 (CN_output.txt): 0 条
    - 英文待办 (en_todo.txt): 35 条 (增量)
    - 中文独有 (cn_only.txt): 0 条 (增量)
    - 冲突键 (conflict_keys.txt): 0 条
    -> 正在尝试从 Git 历史记录中获取旧版本: data/output_files/lockMartM577_3652371248/EN_todo.txt
      --> 在 Git 历史记录中未找到该文件，视为全新。
    -> 基线日志已存档到: data/logs/archive/lockMartM577_3652371248_baseline_run_20260201_042632.json

处理成功！所有输出文件已保存在 'lockMartM577_3652371248' 文件夹中。
    -> 警告：未能获取 Mod 3652371248 的完成文件SHA，状态未记录。
