

========================= 开始处理 Workshop ID: 3597673472 (LongTermPreservationExtended) =========================

--- 正在检查已完成的翻译于: data/completed_files/3597673472/en_completed.txt ---
     -> 在 'en_completed.txt' 中找到 0 个键。

--- 正在检查待排除的键于: data/completed_files/3597673472/exclusion_list.txt ---
  -> 排除列表文件 'exclusion_list.txt' 不存在，跳过。

-------------------- 处理子模组: LongTermPreservationExtended --------------------

--- 正在为 'LongTermPreservationExtended' 动态查找 'media' 文件夹 ---
  -> 找到有效 Common 路径: data/workshop_content/3597673472/mods/LongTermPreservationExtended/common/media
  -> 发现版本目录队列: 42.13, 42.12
  --> 找到最高优先级有效版本: 42.13

--- 阶段 1: 扫描所有 media 路径下的翻译文件 (L1) ---
  -> 正在处理 media 路径: data/workshop_content/3597673472/mods/LongTermPreservationExtended/common/media
  -> 扫描目录: data/workshop_content/3597673472/mods/LongTermPreservationExtended/common/media/lua/shared/Translate/EN
     -> 在 'Fluids_EN.txt' 中找到 1 个键。
     -> 在 'Itemname_EN.txt' 中找到 24 个键。
     -> 在 'Recipes_EN.txt' 中找到 16 个键。
     -> 在 'Tooltip_EN.txt' 中找到 4 个键。
  -> 扫描目录: data/workshop_content/3597673472/mods/LongTermPreservationExtended/common/media/lua/shared/Translate/CN
     -> 在 'Itemname_CN.txt' 中找到 14 个键。
  -> 正在处理 media 路径: data/workshop_content/3597673472/mods/LongTermPreservationExtended/42.13/media
阶段 1 完成: 从 EN 加载了 45 条数据, 从 CN 加载了 14 条数据。

--- 阶段 2: 扫描所有 Media 路径下的 Scripts (L0) ---
  -> 正在处理 Scripts 路径: data/workshop_content/3597673472/mods/LongTermPreservationExtended/42.13/media/scripts
    -> 处理: items/items_animalfats.txt
     -> 新增: 1 个 Item
    -> 处理: items/items_corned.txt
     -> 新增: 22 个 Item
    -> 处理: items/items_dried extended.txt
     -> 新增: 1 个 Item
    -> 处理: items/items_dried.txt
     -> 新增: 15 个 Item
    -> 处理: items/items_jarred.txt
     -> 新增: 7 个 Item
    -> 处理: items/items_mashes.txt
     -> 新增: 2 个 Item
    -> 处理: items/items_spreads.txt
     -> 新增: 7 个 Item
    -> 处理: recipes/recipe_cured.txt
     -> 新增: 9 个 Recipe
    -> 处理: recipes/recipe_curedextended.txt
     -> 新增: 2 个 Recipe
    -> 处理: recipes/recipe_fluids.txt
     -> 新增: 1 个 Recipe
    -> 处理: recipes/recipe_jarred.txt
     -> 新增: 4 个 Recipe
    -> 处理: recipes/recipe_mashes.txt
     -> 新增: 3 个 Recipe
    -> 处理: recipes/recipe_spreads.txt
     -> 新增: 4 个 Recipe
阶段 2 完成: 从 scripts 新生成了 78 条数据。

--- 阶段 3: 合并 L0 与 L1 后，纯净英文基准总计: 123 条数据。---

--- 阶段 4: 检测到 1 个与官方重复的键。---

-------------------- 处理子模组: LongTermPreservationExtendedUI --------------------

--- 正在为 'LongTermPreservationExtendedUI' 动态查找 'media' 文件夹 ---
  -> 找到有效 Common 路径: data/workshop_content/3597673472/mods/LongTermPreservationExtendedUI/common/media
  -> 发现版本目录队列: 42.13, 42.12
  --> 找到最高优先级有效版本: 42.13

--- 阶段 1: 扫描所有 media 路径下的翻译文件 (L1) ---
  -> 正在处理 media 路径: data/workshop_content/3597673472/mods/LongTermPreservationExtendedUI/common/media
  -> 扫描目录: data/workshop_content/3597673472/mods/LongTermPreservationExtendedUI/common/media/lua/shared/Translate/EN
     -> 在 'Fluids_EN.txt' 中找到 1 个键。
     -> 在 'Itemname_EN.txt' 中找到 24 个键。
     -> 在 'Recipes_EN.txt' 中找到 16 个键。
     -> 在 'Tooltip_EN.txt' 中找到 4 个键。
  -> 扫描目录: data/workshop_content/3597673472/mods/LongTermPreservationExtendedUI/common/media/lua/shared/Translate/CN
     -> 在 'Itemname_CN.txt' 中找到 14 个键。
  -> 正在处理 media 路径: data/workshop_content/3597673472/mods/LongTermPreservationExtendedUI/42.13/media
阶段 1 完成: 从 EN 加载了 45 条数据, 从 CN 加载了 14 条数据。

--- 阶段 2: 扫描所有 Media 路径下的 Scripts (L0) ---
  -> 正在处理 Scripts 路径: data/workshop_content/3597673472/mods/LongTermPreservationExtendedUI/42.13/media/scripts
    -> 处理: recipes/recipe_cured.txt
     -> 新增: 9 个 Recipe
    -> 处理: recipes/recipe_curedextended.txt
     -> 新增: 2 个 Recipe
    -> 处理: recipes/recipe_fluids.txt
     -> 新增: 1 个 Recipe
    -> 处理: recipes/recipe_jarred.txt
     -> 新增: 4 个 Recipe
    -> 处理: recipes/recipe_mashes.txt
     -> 新增: 3 个 Recipe
    -> 处理: recipes/recipe_spreads.txt
     -> 新增: 4 个 Recipe
阶段 2 完成: 从 scripts 新生成了 23 条数据。

--- 阶段 3: 合并 L0 与 L1 后，纯净英文基准总计: 68 条数据。---

--- 已为 Mod ID 3597673472 更新 124 条键来源映射 ---

--- 正在为 Mod 'LongTermPreservationExtended' 生成输出文件 ---
    - 最终合并 (output.txt): 124 条
    - 纯净英文 (EN_output.txt): 124 条
    - 纯净中文 (CN_output.txt): 14 条
    - 英文待办 (en_todo.txt): 110 条 (增量)
    - 中文独有 (cn_only.txt): 0 条 (增量)
    - 冲突键 (conflict_keys.txt): 1 条
    -> 正在尝试从 Git 历史记录中获取旧版本: data/output_files/LongTermPreservationExtended_3597673472/EN_todo.txt
      --> 成功找到旧版本。
     -> 在 'EN_todo.txt (旧版本)' 中找到 110 个键。

处理成功！所有输出文件已保存在 'LongTermPreservationExtended_3597673472' 文件夹中。
    -> [内存] 已为 Mod 3597673472 记录 Commit SHA: fd45132
