

========================= 开始处理 Workshop ID: 3385343596 (LootboxChallenge) =========================

--- 正在检查已完成的翻译于: data/completed_files/3385343596/en_completed.txt ---
  -> 文件 'en_completed.txt' 在目标位置不存在，将自动创建。

--- 正在检查待排除的键于: data/completed_files/3385343596/exclusion_list.txt ---
  -> 排除列表文件 'exclusion_list.txt' 不存在，跳过。

-------------------- 处理子模组: LootboxChallenge --------------------

--- 正在为 'LootboxChallenge' 动态查找 'media' 文件夹 ---
  -> 找到有效 Common 路径: data/workshop_content/3385343596/mods/LootboxChallenge/common/media
  -> 发现版本目录队列: 42.13, 42
  --> 找到最高优先级有效版本: 42.13

--- 阶段 1: 扫描所有 media 路径下的翻译文件 (L1) ---
  -> 正在处理 media 路径: data/workshop_content/3385343596/mods/LootboxChallenge/common/media
  -> 扫描目录: data/workshop_content/3385343596/mods/LootboxChallenge/common/media/lua/shared/Translate/EN
     -> 在 'Challenge_EN.txt' 中找到 2 个键。
     -> 在 'ContextMenu_EN.txt' 中找到 8 个键。
     -> 在 'IG_UI_EN.txt' 中找到 3 个键。
     -> 在 'ItemName_EN.txt' 中找到 0 个键。
     -> 在 'Sandbox_EN.txt' 中找到 21 个键。
     -> 在 'Tooltip_EN.txt' 中找到 1 个键。
  -> 正在处理 media 路径: data/workshop_content/3385343596/mods/LootboxChallenge/42.13/media
阶段 1 完成: 从 EN 加载了 35 条数据, 从 CN 加载了 0 条数据。

--- 阶段 2: 扫描所有 Media 路径下的 Scripts (L0) ---
  -> 正在处理 Scripts 路径: data/workshop_content/3385343596/mods/LootboxChallenge/42.13/media/scripts
    -> 处理: LootboxChallenge_items.txt
     -> 新增: 1 个 Item
阶段 2 完成: 从 scripts 新生成了 1 条数据。

--- 阶段 3: 合并 L0 与 L1 后，纯净英文基准总计: 36 条数据。---

--- 已为 Mod ID 3385343596 更新 36 条键来源映射 ---

--- 正在为 Mod 'LootboxChallenge' 生成输出文件 ---
    - 最终合并 (output.txt): 36 条
    - 纯净英文 (EN_output.txt): 36 条
    - 纯净中文 (CN_output.txt): 0 条
    - 英文待办 (en_todo.txt): 36 条 (增量)
    - 中文独有 (cn_only.txt): 0 条 (增量)
    - 冲突键 (conflict_keys.txt): 0 条
    -> 正在尝试从 Git 历史记录中获取旧版本: data/output_files/LootboxChallenge_3385343596/EN_todo.txt
      --> 在 Git 历史记录中未找到该文件，视为全新。
    -> 基线日志已存档到: data/logs/archive/LootboxChallenge_3385343596_baseline_run_20251217_040508.json

处理成功！所有输出文件已保存在 'LootboxChallenge_3385343596' 文件夹中。
    -> 警告：未能获取 Mod 3385343596 的完成文件SHA，状态未记录。
