

========================= 开始处理 Workshop ID: 3624277567 (LouisvilleSpawn) =========================

--- 正在检查已完成的翻译于: data/completed_files/3624277567/en_completed.txt ---
  -> 文件 'en_completed.txt' 在目标位置不存在，将自动创建。

--- 正在检查待排除的键于: data/completed_files/3624277567/exclusion_list.txt ---
  -> 排除列表文件 'exclusion_list.txt' 不存在，跳过。

-------------------- 处理子模组: LouisvilleSpawn --------------------

--- 正在为 'LouisvilleSpawn' 动态查找 'media' 文件夹 ---
  -> 找到有效 Common 路径: data/workshop_content/3624277567/mods/LouisvilleSpawn/common/media
  -> 发现版本目录队列: 42
  --> 找到最高优先级有效版本: 42

--- 阶段 1: 扫描所有 media 路径下的翻译文件 (L1) ---
  -> 正在处理 media 路径: data/workshop_content/3624277567/mods/LouisvilleSpawn/common/media
  -> 扫描目录: data/workshop_content/3624277567/mods/LouisvilleSpawn/common/media/lua/shared/Translate/EN
  -> 扫描目录: data/workshop_content/3624277567/mods/LouisvilleSpawn/common/media/lua/shared/Translate/CN
  -> 正在处理 media 路径: data/workshop_content/3624277567/mods/LouisvilleSpawn/42/media
  -> 扫描目录: data/workshop_content/3624277567/mods/LouisvilleSpawn/42/media/lua/shared/Translate/EN
阶段 1 完成: 从 EN 加载了 0 条数据, 从 CN 加载了 0 条数据。

--- 阶段 2: 扫描所有 Media 路径下的 Scripts (L0) ---
阶段 2 完成: 从 scripts 新生成了 0 条数据。

--- 阶段 3: 合并 L0 与 L1 后，纯净英文基准总计: 0 条数据。---

--- 已为 Mod ID 3624277567 更新 0 条键来源映射 ---

--- 正在为 Mod 'LouisvilleSpawn' 生成输出文件 ---
    - 最终合并 (output.txt): 0 条
    - 纯净英文 (EN_output.txt): 0 条
    - 纯净中文 (CN_output.txt): 0 条
    - 英文待办 (en_todo.txt): 0 条 (增量)
    - 中文独有 (cn_only.txt): 0 条 (增量)
    - 冲突键 (conflict_keys.txt): 0 条
    -> 正在尝试从 Git 历史记录中获取旧版本: data/output_files/LouisvilleSpawn_3624277567/EN_todo.txt
      --> 在 Git 历史记录中未找到该文件，视为全新。

处理成功！所有输出文件已保存在 'LouisvilleSpawn_3624277567' 文件夹中。
    -> 警告：未能获取 Mod 3624277567 的完成文件SHA，状态未记录。

--- 所有模组处理循环结束，正在保存最终运行状态 ---

--- 应用正则表达式来源覆盖规则 ---
成功加载 6 条正则表达式规则。
未发现需要应用的正则表达式规则。

--- 正在合并手动分类的键来源 ---
  -> 未发现需要合并的手动分类条目。
全局键来源映射已成功保存到: translation_utils/key_source_map.json

增量更新日志已记录到: data/logs/update_log.json

--- 开始生成状态报告 ---
执行报告生成脚本失败: Command '['python', 'scripts/generate_status.py']' returned non-zero exit status 1.
脚本输出:
--- 开始生成状态报告 ---

脚本错误输出:
Traceback (most recent call last):
  File "/home/runner/work/pz-mod-translation-helper/pz-mod-translation-helper/scripts/generate_status.py", line 259, in <module>
    main()
  File "/home/runner/work/pz-mod-translation-helper/pz-mod-translation-helper/scripts/generate_status.py", line 232, in main
    mod_todo_table_rows = [
  File "/home/runner/work/pz-mod-translation-helper/pz-mod-translation-helper/scripts/generate_status.py", line 233, in <listcomp>
    f"| {mod['name'].replace('|', '&#124;')} | {mod['id']} | {mod['todos']} | {mod['to_proofread']} | {mod['missing_en']} | {mod['total_entries']} |"
AttributeError: 'NoneType' object has no attribute 'replace'

