

========================= 开始处理 Workshop ID: 2930717154 (M13BoStaves) =========================

--- 正在检查已完成的翻译于: data/completed_files/2930717154/en_completed.txt ---
     -> 在 'en_completed.txt' 中找到 0 个键。

--- 正在检查待排除的键于: data/completed_files/2930717154/exclusion_list.txt ---
  -> 排除列表文件 'exclusion_list.txt' 不存在，跳过。

-------------------- 处理子模组: M13BoStaves --------------------

--- 正在为 'M13BoStaves' 动态查找 'media' 文件夹 ---
  -> 发现版本目录队列: 42.13, 42
  --> 找到最高优先级有效版本: 42.13

--- 阶段 1: 扫描所有 media 路径下的翻译文件 (L1) ---
  -> 正在处理 media 路径: data/workshop_content/2930717154/mods/M13BoStaves/42.13/media
  -> 扫描目录: data/workshop_content/2930717154/mods/M13BoStaves/42.13/media/lua/shared/Translate/EN
     -> 在 'ItemName_EN.txt' 中找到 6 个键。
     -> 在 'Recipes_EN.txt' 中找到 8 个键。
阶段 1 完成: 从 EN 加载了 14 条数据, 从 CN 加载了 0 条数据。

--- 阶段 2: 扫描所有 Media 路径下的 Scripts (L0) ---
  -> 正在处理 Scripts 路径: data/workshop_content/2930717154/mods/M13BoStaves/42.13/media/scripts
    -> 处理: models_M13BoStaves.txt
    -> 处理: recipes_M13BoStaves.txt
     -> 新增: 1 个 Recipe
    -> 处理: timedactions_M13BoStaves.txt
    -> 处理: weapons_M13BoStaves.txt
阶段 2 完成: 从 scripts 新生成了 1 条数据。

--- 阶段 3: 合并 L0 与 L1 后，纯净英文基准总计: 15 条数据。---

--- 已为 Mod ID 2930717154 更新 15 条键来源映射 ---

--- 正在为 Mod 'M13BoStaves' 生成输出文件 ---
    - 最终合并 (output.txt): 15 条
    - 纯净英文 (EN_output.txt): 15 条
    - 纯净中文 (CN_output.txt): 0 条
    - 英文待办 (en_todo.txt): 15 条 (增量)
    - 中文独有 (cn_only.txt): 0 条 (增量)
    - 冲突键 (conflict_keys.txt): 0 条
    -> 正在尝试从 Git 历史记录中获取旧版本: data/output_files/M13BoStaves_2930717154/EN_todo.txt
      --> 成功找到旧版本。
     -> 在 'EN_todo.txt (旧版本)' 中找到 14 个键。
    -> 检测到内容变更。新增: 1, 移除: 0

处理成功！所有输出文件已保存在 'M13BoStaves_2930717154' 文件夹中。
    -> [内存] 已为 Mod 2930717154 记录 Commit SHA: 1397f1d
