

========================= 开始处理 Workshop ID: 3661252602 (Makeshift_Crossbow) =========================

--- 正在检查已完成的翻译于: data/completed_files/3661252602/en_completed.txt ---
     -> 在 'en_completed.txt' 中找到 0 个键。

--- 正在检查待排除的键于: data/completed_files/3661252602/exclusion_list.txt ---
  -> 排除列表文件 'exclusion_list.txt' 不存在，跳过。

-------------------- 处理子模组: Makeshift Crossbow --------------------

--- 正在为 'Makeshift Crossbow' 动态查找 'media' 文件夹 ---
  -> 发现版本目录队列: 42.16, 42.15, 42.14
  --> 找到最高优先级有效版本: 42.16

--- 阶段 1: 扫描所有 media 路径下的翻译文件 (L1) ---
  -> 正在处理 media 路径: data/workshop_content/3661252602/mods/Makeshift Crossbow/42.16/media
  -> 扫描目录: data/workshop_content/3661252602/mods/Makeshift Crossbow/42.16/media/lua/shared/Translate/EN
    解析 JSON 文件 ItemName.json 时发生错误: Expecting property name enclosed in double quotes: line 7 column 1 (char 242)
     -> 在 'ItemName.json' 中找到 0 个键。
    解析 JSON 文件 Recipes.json 时发生错误: Expecting property name enclosed in double quotes: line 8 column 1 (char 275)
     -> 在 'Recipes.json' 中找到 0 个键。
    解析 JSON 文件 Sandbox.json 时发生错误: Expecting property name enclosed in double quotes: line 12 column 1 (char 504)
     -> 在 'Sandbox.json' 中找到 0 个键。
    解析 JSON 文件 Tooltip.json 时发生错误: Expecting property name enclosed in double quotes: line 9 column 1 (char 1242)
     -> 在 'Tooltip.json' 中找到 0 个键。
阶段 1 完成: 从 EN 加载了 0 条数据, 从 CN 加载了 0 条数据。

--- 阶段 2: 扫描所有 Media 路径下的 Scripts (L0) ---
  -> 正在处理 Scripts 路径: data/workshop_content/3661252602/mods/Makeshift Crossbow/42.16/media/scripts
    -> 处理: MSXBow_Items.txt
     -> 新增: 3 个 Item
    -> 处理: MSXBow_Models.txt
    -> 处理: MSXBow_Sounds.txt
    -> 处理: recipe_MSXBowCrafting.txt
     -> 新增: 8 个 Recipe
阶段 2 完成: 从 scripts 新生成了 11 条数据。

--- 阶段 3: 合并 L0 与 L1 后，纯净英文基准总计: 11 条数据。---

--- 阶段 4: 检测到 2 个与官方重复的键。---

--- 已为 Mod ID 3661252602 更新 11 条键来源映射 ---

--- 正在为 Mod 'Makeshift_Crossbow' 生成输出文件 ---
    - 最终合并 (output.txt): 11 条
    - 纯净英文 (EN_output.txt/json): 11 条
    - 纯净中文 (CN_output.txt): 0 条
    - 中文独有 (cn_only.txt): 0 条 (增量)
    - 冲突键 (conflict_keys.txt): 2 条
    -> 正在尝试从 Git 历史记录中获取旧版本: data/output_files/Makeshift_Crossbow_3661252602/EN_output.txt
      --> 成功找到旧版本。
     -> 在 'EN_output.txt (旧版本)' 中找到 11 个键。

处理成功！所有输出文件已保存在 'Makeshift_Crossbow_3661252602' 文件夹中。
    -> [内存] 已为 Mod 3661252602 记录 Commit SHA: 45ad812
