

========================= 开始处理 Workshop ID: 3661164291 (MedievalZ) =========================

--- 正在检查已完成的翻译于: data/completed_files/3661164291/en_completed.txt ---
     -> 在 'en_completed.txt' 中找到 0 个键。

--- 正在检查待排除的键于: data/completed_files/3661164291/exclusion_list.txt ---
  -> 排除列表文件 'exclusion_list.txt' 不存在，跳过。

-------------------- 处理子模组: MedievalZ --------------------

--- 正在为 'MedievalZ' 动态查找 'media' 文件夹 ---
  -> 发现版本目录队列: 42.13
  --> 找到最高优先级有效版本: 42.13

--- 阶段 1: 扫描所有 media 路径下的翻译文件 (L1) ---
  -> 正在处理 media 路径: data/workshop_content/3661164291/mods/MedievalZ/42.13/media
  -> 扫描目录: data/workshop_content/3661164291/mods/MedievalZ/42.13/media/lua/shared/Translate/EN
     -> 在 'ContextMenu_EN.txt' 中找到 11 个键。
     -> 在 'ItemName_EN.txt' 中找到 130 个键。
     -> 在 'Recipes_EN.txt' 中找到 64 个键。
阶段 1 完成: 从 EN 加载了 205 条数据, 从 CN 加载了 0 条数据。

--- 阶段 2: 扫描所有 Media 路径下的 Scripts (L0) ---
  -> 正在处理 Scripts 路径: data/workshop_content/3661164291/mods/MedievalZ/42.13/media/scripts
    -> 处理: MedievalZRecipeBooks.txt
    -> 处理: MedievalZ_Armor.txt
    -> 处理: MedievalZ_Models.txt
    -> 处理: MedievalZ_Weapon Arming Sword.txt
    -> 处理: MedievalZ_Weapon Bastard Sword.txt
    -> 处理: MedievalZ_Weapon Dagger.txt
    -> 处理: MedievalZ_Weapon HeavySpear.txt
    -> 处理: MedievalZ_Weapon LongSword.txt
    -> 处理: MedievalZ_Weapon WarHammer.txt
    -> 处理: MedievalZ_recipes_OtherClothes.txt
     -> 新增: 3 个 Recipe
    -> 处理: MedievalZ_recipes_Weapons.txt
     -> 新增: 3 个 Recipe
    -> 处理: MedievalZ_recipes_blacksmith_armor.txt
     -> 新增: 1 个 Recipe
    -> 处理: SwordBeltAttachmentPoints.txt
阶段 2 完成: 从 scripts 新生成了 7 条数据。

--- 阶段 3: 合并 L0 与 L1 后，纯净英文基准总计: 212 条数据。---

--- 阶段 4: 检测到 7 个与官方重复的键。---

--- 已为 Mod ID 3661164291 更新 276 条键来源映射 ---

--- 正在为 Mod 'MedievalZ' 生成输出文件 ---
    - 最终合并 (output.txt): 212 条
    - 纯净英文 (EN_output.txt): 212 条
    - 纯净中文 (CN_output.txt): 0 条
    - 英文待办 (en_todo.txt): 212 条 (增量)
    - 中文独有 (cn_only.txt): 0 条 (增量)
    - 冲突键 (conflict_keys.txt): 7 条
    -> 正在尝试从 Git 历史记录中获取旧版本: data/output_files/MedievalZ_3661164291/EN_todo.txt
      --> 成功找到旧版本。
     -> 在 'EN_todo.txt (旧版本)' 中找到 212 个键。

处理成功！所有输出文件已保存在 'MedievalZ_3661164291' 文件夹中。
    -> [内存] 已为 Mod 3661164291 记录 Commit SHA: b5f6f7e
