

========================= 开始处理 Workshop ID: 3649292581 (MeleeWeaponUpgradeVeryEasy) =========================

--- 正在检查已完成的翻译于: data/completed_files/3649292581/en_completed.txt ---
     -> 在 'en_completed.txt' 中找到 0 个键。

--- 正在检查待排除的键于: data/completed_files/3649292581/exclusion_list.txt ---
  -> 排除列表文件 'exclusion_list.txt' 不存在，跳过。

-------------------- 处理子模组: MeleeWeaponUpgradeVeryEasy --------------------

--- 正在为 'MeleeWeaponUpgradeVeryEasy' 动态查找 'media' 文件夹 ---
  -> 发现版本目录队列: 42
  --> 找到最高优先级有效版本: 42

--- 阶段 1: 扫描所有 media 路径下的翻译文件 (L1) ---
  -> 正在处理 media 路径: data/workshop_content/3649292581/mods/MeleeWeaponUpgradeVeryEasy/42/media
阶段 1 完成: 从 EN 加载了 0 条数据, 从 CN 加载了 0 条数据。

--- 阶段 2: 扫描所有 Media 路径下的 Scripts (L0) ---
  -> 正在处理 Scripts 路径: data/workshop_content/3649292581/mods/MeleeWeaponUpgradeVeryEasy/42/media/scripts
    -> 处理: CMUAxe.txt
     -> 新增: 226 个 Item
    -> 处理: CMUAxe_recipes.txt
     -> 新增: 11 个 Recipe
    -> 处理: CMUBlunt.txt
     -> 新增: 476 个 Item
    -> 处理: CMUBlunt_recipes.txt
     -> 新增: 10 个 Recipe
    -> 处理: CMULongblade.txt
     -> 新增: 71 个 Item
    -> 处理: CMULongblade_recipes.txt
     -> 新增: 10 个 Recipe
    -> 处理: CMUSmallblade.txt
     -> 新增: 296 个 Item
    -> 处理: CMUSmallblade_recipes.txt
     -> 新增: 10 个 Recipe
    -> 处理: CMUSmallblunt.txt
     -> 新增: 476 个 Item
    -> 处理: CMUSmallblunt_recipes.txt
     -> 新增: 10 个 Recipe
    -> 处理: CMUSpear.txt
     -> 新增: 146 个 Item
    -> 处理: CMUSpear_recipes.txt
     -> 新增: 12 个 Recipe
    -> 处理: CMUUmbrella.txt
     -> 新增: 25 个 Item
阶段 2 完成: 从 scripts 新生成了 1779 条数据。

--- 阶段 3: 合并 L0 与 L1 后，纯净英文基准总计: 1779 条数据。---

--- 阶段 4: 检测到 1 个与官方重复的键。---

-------------------- 处理子模组: MeleeWeaponUpgradesEasy --------------------

--- 正在为 'MeleeWeaponUpgradesEasy' 动态查找 'media' 文件夹 ---
  -> 发现版本目录队列: 42
  --> 找到最高优先级有效版本: 42

--- 阶段 1: 扫描所有 media 路径下的翻译文件 (L1) ---
  -> 正在处理 media 路径: data/workshop_content/3649292581/mods/MeleeWeaponUpgradesEasy/42/media
阶段 1 完成: 从 EN 加载了 0 条数据, 从 CN 加载了 0 条数据。

--- 阶段 2: 扫描所有 Media 路径下的 Scripts (L0) ---
  -> 正在处理 Scripts 路径: data/workshop_content/3649292581/mods/MeleeWeaponUpgradesEasy/42/media/scripts
    -> 处理: CMUAxe.txt
     -> 新增: 226 个 Item
    -> 处理: CMUAxe_recipes.txt
     -> 新增: 11 个 Recipe
    -> 处理: CMUBlunt.txt
     -> 新增: 476 个 Item
    -> 处理: CMUBlunt_recipes.txt
     -> 新增: 10 个 Recipe
    -> 处理: CMULongblade.txt
     -> 新增: 71 个 Item
    -> 处理: CMULongblade_recipes.txt
     -> 新增: 10 个 Recipe
    -> 处理: CMUSmallblade.txt
     -> 新增: 296 个 Item
    -> 处理: CMUSmallblade_recipes.txt
     -> 新增: 10 个 Recipe
    -> 处理: CMUSmallblunt.txt
     -> 新增: 476 个 Item
    -> 处理: CMUSmallblunt_recipes.txt
     -> 新增: 10 个 Recipe
    -> 处理: CMUSpear.txt
     -> 新增: 146 个 Item
    -> 处理: CMUSpear_recipes.txt
     -> 新增: 12 个 Recipe
    -> 处理: CMUUmbrella.txt
     -> 新增: 25 个 Item
阶段 2 完成: 从 scripts 新生成了 1779 条数据。

--- 阶段 3: 合并 L0 与 L1 后，纯净英文基准总计: 1779 条数据。---

--- 阶段 4: 检测到 1 个与官方重复的键。---

-------------------- 处理子模组: MeleeWeaponUpgradesHard --------------------

--- 正在为 'MeleeWeaponUpgradesHard' 动态查找 'media' 文件夹 ---
  -> 发现版本目录队列: 42
  --> 找到最高优先级有效版本: 42

--- 阶段 1: 扫描所有 media 路径下的翻译文件 (L1) ---
  -> 正在处理 media 路径: data/workshop_content/3649292581/mods/MeleeWeaponUpgradesHard/42/media
阶段 1 完成: 从 EN 加载了 0 条数据, 从 CN 加载了 0 条数据。

--- 阶段 2: 扫描所有 Media 路径下的 Scripts (L0) ---
  -> 正在处理 Scripts 路径: data/workshop_content/3649292581/mods/MeleeWeaponUpgradesHard/42/media/scripts
    -> 处理: CMUAxe.txt
     -> 新增: 225 个 Item
    -> 处理: CMUAxe_recipes.txt
     -> 新增: 6 个 Recipe
    -> 处理: CMUBlunt.txt
     -> 新增: 475 个 Item
    -> 处理: CMUBlunt_recipes.txt
     -> 新增: 5 个 Recipe
    -> 处理: CMULongblade.txt
     -> 新增: 70 个 Item
    -> 处理: CMULongblade_recipes.txt
     -> 新增: 5 个 Recipe
    -> 处理: CMUSmallblade.txt
     -> 新增: 295 个 Item
    -> 处理: CMUSmallblade_recipes.txt
     -> 新增: 5 个 Recipe
    -> 处理: CMUSmallblunt.txt
     -> 新增: 475 个 Item
    -> 处理: CMUSmallblunt_recipes.txt
     -> 新增: 5 个 Recipe
    -> 处理: CMUSpear.txt
     -> 新增: 145 个 Item
    -> 处理: CMUSpear_recipes.txt
     -> 新增: 7 个 Recipe
    -> 处理: CMUUmbrella.txt
     -> 新增: 25 个 Item
阶段 2 完成: 从 scripts 新生成了 1743 条数据。

--- 阶段 3: 合并 L0 与 L1 后，纯净英文基准总计: 1743 条数据。---

--- 阶段 4: 检测到 1 个与官方重复的键。---

-------------------- 处理子模组: MeleeWeaponUpgradesNormal --------------------

--- 正在为 'MeleeWeaponUpgradesNormal' 动态查找 'media' 文件夹 ---
  -> 发现版本目录队列: 42
  --> 找到最高优先级有效版本: 42

--- 阶段 1: 扫描所有 media 路径下的翻译文件 (L1) ---
  -> 正在处理 media 路径: data/workshop_content/3649292581/mods/MeleeWeaponUpgradesNormal/42/media
阶段 1 完成: 从 EN 加载了 0 条数据, 从 CN 加载了 0 条数据。

--- 阶段 2: 扫描所有 Media 路径下的 Scripts (L0) ---
  -> 正在处理 Scripts 路径: data/workshop_content/3649292581/mods/MeleeWeaponUpgradesNormal/42/media/scripts
    -> 处理: CMUAxe.txt
     -> 新增: 226 个 Item
    -> 处理: CMUAxe_recipes.txt
     -> 新增: 11 个 Recipe
    -> 处理: CMUBlunt.txt
     -> 新增: 476 个 Item
    -> 处理: CMUBlunt_recipes.txt
     -> 新增: 10 个 Recipe
    -> 处理: CMULongblade.txt
     -> 新增: 71 个 Item
    -> 处理: CMULongblade_recipes.txt
     -> 新增: 10 个 Recipe
    -> 处理: CMUSmallblade.txt
     -> 新增: 296 个 Item
    -> 处理: CMUSmallblade_recipes.txt
     -> 新增: 10 个 Recipe
    -> 处理: CMUSmallblunt.txt
     -> 新增: 476 个 Item
    -> 处理: CMUSmallblunt_recipes.txt
     -> 新增: 10 个 Recipe
    -> 处理: CMUSpear.txt
     -> 新增: 146 个 Item
    -> 处理: CMUSpear_recipes.txt
     -> 新增: 12 个 Recipe
    -> 处理: CMUUmbrella.txt
     -> 新增: 25 个 Item
阶段 2 完成: 从 scripts 新生成了 1779 条数据。

--- 阶段 3: 合并 L0 与 L1 后，纯净英文基准总计: 1779 条数据。---

--- 阶段 4: 检测到 1 个与官方重复的键。---

--- 已为 Mod ID 3649292581 更新 1779 条键来源映射 ---

--- 正在为 Mod 'MeleeWeaponUpgradeVeryEasy' 生成输出文件 ---
    - 最终合并 (output.txt): 1779 条
    - 纯净英文 (EN_output.txt): 1779 条
    - 纯净中文 (CN_output.txt): 0 条
    - 英文待办 (en_todo.txt): 1779 条 (增量)
    - 中文独有 (cn_only.txt): 0 条 (增量)
    - 冲突键 (conflict_keys.txt): 1 条
    -> 正在尝试从 Git 历史记录中获取旧版本: data/output_files/MeleeWeaponUpgradeVeryEasy_3649292581/EN_todo.txt
      --> 成功找到旧版本。
     -> 在 'EN_todo.txt (旧版本)' 中找到 1752 个键。
    -> 检测到内容变更。新增: 27, 移除: 0

处理成功！所有输出文件已保存在 'MeleeWeaponUpgradeVeryEasy_3649292581' 文件夹中。
    -> [内存] 已为 Mod 3649292581 记录 Commit SHA: ea668e2
