

========================= 开始处理 Workshop ID: 2927454765 (Mexiox's_-_Light_Sabers) =========================

--- 正在检查已完成的翻译于: data/completed_files/2927454765/en_completed.txt ---
     -> 在 'en_completed.txt' 中找到 0 个键。

--- 正在检查待排除的键于: data/completed_files/2927454765/exclusion_list.txt ---
  -> 排除列表文件 'exclusion_list.txt' 不存在，跳过。

-------------------- 处理子模组: Mexiox's - Light Sabers --------------------

--- 正在为 'Mexiox's - Light Sabers' 动态查找 'media' 文件夹 ---
  -> 发现版本目录队列: 42
  --> 找到最高优先级有效版本: 42

--- 阶段 1: 扫描所有 media 路径下的翻译文件 (L1) ---
  -> 正在处理 media 路径: data/workshop_content/2927454765/mods/Mexiox's - Light Sabers/42/media
  -> 扫描目录: data/workshop_content/2927454765/mods/Mexiox's - Light Sabers/42/media/lua/shared/Translate/EN
     -> 在 'ItemName_EN.txt' 中找到 49 个键。
     -> 在 'Sandbox_EN.txt' 中找到 15 个键。
     -> 在 'UI_EN.txt' 中找到 2 个键。
阶段 1 完成: 从 EN 加载了 66 条数据, 从 CN 加载了 0 条数据。

--- 阶段 2: 扫描所有 Media 路径下的 Scripts (L0) ---
  -> 正在处理 Scripts 路径: data/workshop_content/2927454765/mods/Mexiox's - Light Sabers/42/media/scripts
    -> 处理: Mexiox_ls_armas.txt
    -> 处理: Mexiox_ls_items.txt
    -> 处理: Mexiox_ls_literature.txt
    -> 处理: Mexiox_ls_modelos.txt
    -> 处理: Mexiox_ls_recetas.txt
     -> 新增: 8 个 Recipe
    -> 处理: Mexiox_ls_sounds.txt
    -> 处理: clothing/Mexiox_ls_clothing_jacket.txt
    -> 处理: clothing/Mexiox_ls_clothing_others.txt
    -> 处理: clothing/Mexiox_ls_clothing_pants.txt
    -> 处理: clothing/Mexiox_ls_clothing_shoes.txt
    -> 处理: clothing/Mexiox_ls_clothing_suits.txt
阶段 2 完成: 从 scripts 新生成了 8 条数据。

--- 阶段 3: 合并 L0 与 L1 后，纯净英文基准总计: 74 条数据。---

--- 阶段 4: 检测到 1 个与官方重复的键。---

-------------------- 处理子模组: Mexiox's - Light Sabers Only Machetes --------------------

--- 正在为 'Mexiox's - Light Sabers Only Machetes' 动态查找 'media' 文件夹 ---
  -> 发现版本目录队列: 42
  --> 找到最高优先级有效版本: 42

--- 阶段 1: 扫描所有 media 路径下的翻译文件 (L1) ---
  -> 正在处理 media 路径: data/workshop_content/2927454765/mods/Mexiox's - Light Sabers Only Machetes/42/media
  -> 扫描目录: data/workshop_content/2927454765/mods/Mexiox's - Light Sabers Only Machetes/42/media/lua/shared/Translate/EN
     -> 在 'ItemName_EN.txt' 中找到 22 个键。
     -> 在 'UI_EN.txt' 中找到 2 个键。
阶段 1 完成: 从 EN 加载了 24 条数据, 从 CN 加载了 0 条数据。

--- 阶段 2: 扫描所有 Media 路径下的 Scripts (L0) ---
  -> 正在处理 Scripts 路径: data/workshop_content/2927454765/mods/Mexiox's - Light Sabers Only Machetes/42/media/scripts
    -> 处理: Mexiox_machetes_armas.txt
    -> 处理: Mexiox_machetes_items.txt
    -> 处理: Mexiox_machetes_literature.txt
    -> 处理: Mexiox_machetes_modelos.txt
    -> 处理: Mexiox_machetes_recetas.txt
     -> 新增: 8 个 Recipe
    -> 处理: Mexiox_machetes_sounds.txt
阶段 2 完成: 从 scripts 新生成了 8 条数据。

--- 阶段 3: 合并 L0 与 L1 后，纯净英文基准总计: 32 条数据。---

--- 阶段 4: 检测到 1 个与官方重复的键。---

-------------------- 处理子模组: Mexiox's - Light Sabers Without Machetes --------------------

--- 正在为 'Mexiox's - Light Sabers Without Machetes' 动态查找 'media' 文件夹 ---
  -> 发现版本目录队列: 42
  --> 找到最高优先级有效版本: 42

--- 阶段 1: 扫描所有 media 路径下的翻译文件 (L1) ---
  -> 正在处理 media 路径: data/workshop_content/2927454765/mods/Mexiox's - Light Sabers Without Machetes/42/media
  -> 扫描目录: data/workshop_content/2927454765/mods/Mexiox's - Light Sabers Without Machetes/42/media/lua/shared/Translate/EN
     -> 在 'ItemName_EN.txt' 中找到 27 个键。
     -> 在 'Sandbox_EN.txt' 中找到 15 个键。
     -> 在 'UI_EN.txt' 中找到 2 个键。
阶段 1 完成: 从 EN 加载了 44 条数据, 从 CN 加载了 0 条数据。

--- 阶段 2: 扫描所有 Media 路径下的 Scripts (L0) ---
  -> 正在处理 Scripts 路径: data/workshop_content/2927454765/mods/Mexiox's - Light Sabers Without Machetes/42/media/scripts
    -> 处理: Mexiox_sw_armas.txt
    -> 处理: Mexiox_sw_modelos.txt
    -> 处理: Mexiox_sw_sounds.txt
    -> 处理: clothing/Mexiox_sw_clothing_jacket.txt
    -> 处理: clothing/Mexiox_sw_clothing_others.txt
    -> 处理: clothing/Mexiox_sw_clothing_pants.txt
    -> 处理: clothing/Mexiox_sw_clothing_shoes.txt
    -> 处理: clothing/Mexiox_sw_clothing_suits.txt
阶段 2 完成: 从 scripts 新生成了 0 条数据。

--- 阶段 3: 合并 L0 与 L1 后，纯净英文基准总计: 44 条数据。---

--- 已为 Mod ID 2927454765 更新 140 条键来源映射 ---

--- 正在为 Mod 'Mexiox's_-_Light_Sabers' 生成输出文件 ---
    - 最终合并 (output.txt): 140 条
    - 纯净英文 (EN_output.txt): 140 条
    - 纯净中文 (CN_output.txt): 0 条
    - 英文待办 (en_todo.txt): 140 条 (增量)
    - 中文独有 (cn_only.txt): 0 条 (增量)
    - 冲突键 (conflict_keys.txt): 1 条
    -> 正在尝试从 Git 历史记录中获取旧版本: data/output_files/Mexiox's_-_Light_Sabers_2927454765/EN_todo.txt
      --> 成功找到旧版本。
     -> 在 'EN_todo.txt (旧版本)' 中找到 140 个键。

处理成功！所有输出文件已保存在 'Mexiox's_-_Light_Sabers_2927454765' 文件夹中。
    -> [内存] 已为 Mod 2927454765 记录 Commit SHA: 9919787
