

========================= 开始处理 Workshop ID: 1299328280 (More_Traits) =========================

--- 正在检查已完成的翻译于: data/completed_files/1299328280/en_completed.txt ---
     -> 在 'en_completed.txt' 中找到 168 个键。

--- 正在检查待排除的键于: data/completed_files/1299328280/exclusion_list.txt ---
  -> 排除列表文件 'exclusion_list.txt' 不存在，跳过。

-------------------- 处理子模组: More Traits --------------------

--- 正在为 'More Traits' 动态查找 'media' 文件夹 ---
  -> 发现版本目录队列: 42.17, 42.15, 42.13, 42
  --> 找到最高优先级有效版本: 42.17

--- 阶段 1: 扫描所有 media 路径下的翻译文件 (L1) ---
  -> 正在处理 media 路径: data/workshop_content/1299328280/mods/More Traits/42.17/media
  -> 扫描目录: data/workshop_content/1299328280/mods/More Traits/42.17/media/lua/shared/Translate/EN
     -> 在 'ItemName.json' 中找到 22 个键。
     -> 在 'Moodles.json' 中找到 16 个键。
     -> 在 'Sandbox.json' 中找到 130 个键。
     -> 在 'Tooltip.json' 中找到 13 个键。
     -> 在 'UI.json' 中找到 243 个键。
     -> 在 'ItemName_EN.txt' 中找到 22 个键。
     -> 在 'Moodles_EN.txt' 中找到 16 个键。
     -> 在 'Sandbox_EN.txt' 中找到 130 个键。
     -> 在 'Tooltip_EN.txt' 中找到 13 个键。
     -> 在 'UI_EN.txt' 中找到 243 个键。
  -> 扫描目录: data/workshop_content/1299328280/mods/More Traits/42.17/media/lua/shared/Translate/CN
     -> 在 'ItemName.json' 中找到 25 个键。
     -> 在 'Moodles.json' 中找到 16 个键。
     -> 在 'Sandbox.json' 中找到 141 个键。
     -> 在 'Tooltip.json' 中找到 14 个键。
     -> 在 'UI.json' 中找到 235 个键。
     -> 在 'ItemName_CN.txt' 中找到 25 个键。
     -> 在 'Moodles_CN.txt' 中找到 16 个键。
     -> 在 'Sandbox_CN.txt' 中找到 141 个键。
     -> 在 'Tooltip_CN.txt' 中找到 14 个键。
     -> 在 'UI_CN.txt' 中找到 235 个键。
阶段 1 完成: 从 EN 加载了 424 条数据, 从 CN 加载了 431 条数据。

--- 阶段 2: 扫描所有 Media 路径下的 Scripts (L0) ---
  -> 正在处理 Scripts 路径: data/workshop_content/1299328280/mods/More Traits/42.17/media/scripts
    -> 处理: ToadRecipes.txt
     -> 新增: 19 个 Recipe
    -> 处理: ToadTems.txt
    -> 处理: ToadTraits.txt
阶段 2 完成: 从 scripts 新生成了 19 条数据。

--- 阶段 3: 合并 L0 与 L1 后，纯净英文基准总计: 443 条数据。---

--- 阶段 4: 检测到 6 个与官方重复的键。---

-------------------- 处理子模组: More Traits - Disable Prepared Traits --------------------

--- 正在为 'More Traits - Disable Prepared Traits' 动态查找 'media' 文件夹 ---
  -> 发现版本目录队列: 42.13, 42
  --> 版本 42.13 无效或为空，尝试检查下一个低版本...
  --> 版本 42 无效或为空，尝试检查下一个低版本...
  --> 未能在 Common 或 版本目录队列中找到任何有效的 'media' 文件夹。

-------------------- 处理子模组: More Traits - Disable Specialization Traits --------------------

--- 正在为 'More Traits - Disable Specialization Traits' 动态查找 'media' 文件夹 ---
  -> 发现版本目录队列: 42.13, 42
  --> 版本 42.13 无效或为空，尝试检查下一个低版本...
  --> 版本 42 无效或为空，尝试检查下一个低版本...
  --> 未能在 Common 或 版本目录队列中找到任何有效的 'media' 文件夹。

-------------------- 处理子模组: More Traits - Dynamic --------------------

--- 正在为 'More Traits - Dynamic' 动态查找 'media' 文件夹 ---
  -> 发现版本目录队列: 42.13, 42
  --> 找到最高优先级有效版本: 42.13

--- 阶段 1: 扫描所有 media 路径下的翻译文件 (L1) ---
  -> 正在处理 media 路径: data/workshop_content/1299328280/mods/More Traits - Dynamic/42.13/media
  -> 扫描目录: data/workshop_content/1299328280/mods/More Traits - Dynamic/42.13/media/lua/shared/Translate/EN
     -> 在 'Sandbox_EN.txt' 中找到 166 个键。
阶段 1 完成: 从 EN 加载了 166 条数据, 从 CN 加载了 0 条数据。

--- 阶段 2: 扫描所有 Media 路径下的 Scripts (L0) ---
阶段 2 完成: 从 scripts 新生成了 0 条数据。

--- 阶段 3: 合并 L0 与 L1 后，纯净英文基准总计: 166 条数据。---

--- 已为 Mod ID 1299328280 更新 622 条键来源映射 ---

--- 正在为 Mod 'More_Traits' 生成输出文件 ---
    - 最终合并 (output.txt): 622 条
    - 纯净英文 (EN_output.txt/json): 609 条
    - 纯净中文 (CN_output.txt): 431 条
    - 中文独有 (cn_only.txt): 13 条 (增量)
    - 冲突键 (conflict_keys.txt): 6 条
    -> 正在尝试从 Git 历史记录中获取旧版本: data/output_files/More_Traits_1299328280/EN_output.txt
      --> 成功找到旧版本。
     -> 在 'EN_output.txt (旧版本)' 中找到 609 个键。

处理成功！所有输出文件已保存在 'More_Traits_1299328280' 文件夹中。
    -> [内存] 已为 Mod 1299328280 记录 Commit SHA: 23b48b6
