

========================= 开始处理 Workshop ID: 3422112160 (MutiesContextMenuIconsStorage) =========================

--- 正在检查已完成的翻译于: data/completed_files/3422112160/en_completed.txt ---
     -> 在 'en_completed.txt' 中找到 0 个键。

--- 正在检查待排除的键于: data/completed_files/3422112160/exclusion_list.txt ---
  -> 排除列表文件 'exclusion_list.txt' 不存在，跳过。

-------------------- 处理子模组: MutiesContextMenuIconsStorage --------------------

--- 正在为 'MutiesContextMenuIconsStorage' 动态查找 'media' 文件夹 ---
  -> 发现版本目录队列: 42
  --> 版本 42 无效或为空，尝试检查下一个低版本...
  --> 未能在 Common 或 版本目录队列中找到任何有效的 'media' 文件夹。

-------------------- 处理子模组: MutiesExpandedContextMenuIcons --------------------

--- 正在为 'MutiesExpandedContextMenuIcons' 动态查找 'media' 文件夹 ---
  -> 发现版本目录队列: 42
  --> 版本 42 无效或为空，尝试检查下一个低版本...
  --> 未能在 Common 或 版本目录队列中找到任何有效的 'media' 文件夹。

-------------------- 处理子模组: MutiesRedrawnContextMenuIcons --------------------

--- 正在为 'MutiesRedrawnContextMenuIcons' 动态查找 'media' 文件夹 ---
  -> 发现版本目录队列: 42
  --> 版本 42 无效或为空，尝试检查下一个低版本...
  --> 未能在 Common 或 版本目录队列中找到任何有效的 'media' 文件夹。

--- 已为 Mod ID 3422112160 更新 0 条键来源映射 ---

--- 正在为 Mod 'MutiesContextMenuIconsStorage' 生成输出文件 ---
    - 最终合并 (output.txt): 0 条
    - 纯净英文 (EN_output.txt): 0 条
    - 纯净中文 (CN_output.txt): 0 条
    - 英文待办 (en_todo.txt): 0 条 (增量)
    - 中文独有 (cn_only.txt): 0 条 (增量)
    - 冲突键 (conflict_keys.txt): 0 条
    -> 正在尝试从 Git 历史记录中获取旧版本: data/output_files/MutiesContextMenuIconsStorage_3422112160/EN_todo.txt
      --> 在 Git 历史记录中未找到该文件，视为全新。

处理成功！所有输出文件已保存在 'MutiesContextMenuIconsStorage_3422112160' 文件夹中。
    -> [内存] 已为 Mod 3422112160 记录 Commit SHA: 579e8e9
