

========================= 开始处理 Workshop ID: 3630943593 (N&C's_Narcotics_DLC_Cowffee_B42.13+_(Standalone_Addon)) =========================

--- 正在检查已完成的翻译于: data/completed_files/3630943593/en_completed.txt ---
     -> 在 'en_completed.txt' 中找到 0 个键。

--- 正在检查待排除的键于: data/completed_files/3630943593/exclusion_list.txt ---
  -> 排除列表文件 'exclusion_list.txt' 不存在，跳过。

-------------------- 处理子模组: N&C's Narcotics DLC Cowffee B42.13+ (Standalone Addon) --------------------

--- 正在为 'N&C's Narcotics DLC Cowffee B42.13+ (Standalone Addon)' 动态查找 'media' 文件夹 ---
  -> 发现版本目录队列: 42
  --> 找到最高优先级有效版本: 42

--- 阶段 1: 扫描所有 media 路径下的翻译文件 (L1) ---
  -> 正在处理 media 路径: data/workshop_content/3630943593/mods/N&C's Narcotics DLC Cowffee B42.13+ (Standalone Addon)/42/media
  -> 扫描目录: data/workshop_content/3630943593/mods/N&C's Narcotics DLC Cowffee B42.13+ (Standalone Addon)/42/media/lua/shared/Translate/EN
     -> 在 'ItemName_EN.txt' 中找到 5 个键。
     -> 在 'Sandbox_EN.txt' 中找到 5 个键。
阶段 1 完成: 从 EN 加载了 10 条数据, 从 CN 加载了 0 条数据。

--- 阶段 2: 扫描所有 Media 路径下的 Scripts (L0) ---
  -> 正在处理 Scripts 路径: data/workshop_content/3630943593/mods/N&C's Narcotics DLC Cowffee B42.13+ (Standalone Addon)/42/media/scripts
    -> 处理: CC_Farming.txt
    -> 处理: CC_GlassmakingRecipes.txt
     -> 新增: 2 个 Recipe
    -> 处理: CC_MainRecipes.txt
     -> 新增: 4 个 Recipe
    -> 处理: CC_Models.txt
    -> 处理: CC_items.txt
阶段 2 完成: 从 scripts 新生成了 6 条数据。

--- 阶段 3: 合并 L0 与 L1 后，纯净英文基准总计: 16 条数据。---

--- 已为 Mod ID 3630943593 更新 16 条键来源映射 ---

--- 正在为 Mod 'N&C's_Narcotics_DLC_Cowffee_B42.13+_(Standalone_Addon)' 生成输出文件 ---
    - 最终合并 (output.txt): 16 条
    - 纯净英文 (EN_output.txt): 16 条
    - 纯净中文 (CN_output.txt): 0 条
    - 英文待办 (en_todo.txt): 16 条 (增量)
    - 中文独有 (cn_only.txt): 0 条 (增量)
    - 冲突键 (conflict_keys.txt): 0 条
    -> 正在尝试从 Git 历史记录中获取旧版本: data/output_files/N&C's_Narcotics_DLC_Cowffee_B42.13+_(Standalone_Addon)_3630943593/EN_todo.txt
      --> 成功找到旧版本。
     -> 在 'EN_todo.txt (旧版本)' 中找到 16 个键。

处理成功！所有输出文件已保存在 'N&C's_Narcotics_DLC_Cowffee_B42.13+_(Standalone_Addon)_3630943593' 文件夹中。
    -> [内存] 已为 Mod 3630943593 记录 Commit SHA: 928a333
