

========================= 开始处理 Workshop ID: 3540503606 (NeatBuilding_AddonXPDisplay) =========================

--- 正在检查已完成的翻译于: data/completed_files/3540503606/en_completed.txt ---
     -> 在 'en_completed.txt' 中找到 18 个键。

--- 正在检查待排除的键于: data/completed_files/3540503606/exclusion_list.txt ---
  -> 排除列表文件 'exclusion_list.txt' 不存在，跳过。

-------------------- 处理子模组: NeatBuilding_AddonXPDisplay --------------------

--- 正在为 'NeatBuilding_AddonXPDisplay' 动态查找 'media' 文件夹 ---
  -> 找到有效 Common 路径: data/workshop_content/3540503606/mods/NeatBuilding_AddonXPDisplay/common/media
  -> 发现版本目录队列: 42.13, 42.12
  --> 找到最高优先级有效版本: 42.13

--- 阶段 1: 扫描所有 media 路径下的翻译文件 (L1) ---
  -> 正在处理 media 路径: data/workshop_content/3540503606/mods/NeatBuilding_AddonXPDisplay/common/media
  -> 扫描目录: data/workshop_content/3540503606/mods/NeatBuilding_AddonXPDisplay/common/media/lua/shared/Translate/EN
     -> 在 'UI_EN.txt' 中找到 25 个键。
  -> 扫描目录: data/workshop_content/3540503606/mods/NeatBuilding_AddonXPDisplay/common/media/lua/shared/Translate/CN
     -> 在 'UI_CN.txt' 中找到 25 个键。
  -> 正在处理 media 路径: data/workshop_content/3540503606/mods/NeatBuilding_AddonXPDisplay/42.13/media
阶段 1 完成: 从 EN 加载了 25 条数据, 从 CN 加载了 25 条数据。

--- 阶段 2: 扫描所有 Media 路径下的 Scripts (L0) ---
  -> 正在处理 Scripts 路径: data/workshop_content/3540503606/mods/NeatBuilding_AddonXPDisplay/common/media/scripts
    -> 处理: entities/admin/entity_piano_xuiSkin.txt
    -> 处理: generated/entities/furniture/entity_welding_crate_lvl2.txt
     -> 新增: 2 个 Recipe
    -> 处理: generated/entities/furniture/entity_welding_shelves_lvl2.txt
     -> 新增: 1 个 Recipe
    -> 处理: generated/entities/neat_expand/doors/DoorFrame/entity_wood_darkgaragewindowframe.txt
     -> 新增: 2 个 Recipe
    -> 处理: generated/entities/neat_expand/doors/DoorFrame/entity_wood_lightgaragewindowframe.txt
     -> 新增: 1 个 Recipe
    -> 处理: generated/entities/neat_expand/doors/DoorFrame/entity_wood_linegaragewindowframe.txt
     -> 新增: 1 个 Recipe
    -> 处理: generated/entities/neat_expand/fences/entity_welding_gardenblackfence.txt
     -> 新增: 2 个 Recipe
  -> 正在处理 Scripts 路径: data/workshop_content/3540503606/mods/NeatBuilding_AddonXPDisplay/42.13/media/scripts
    -> 处理: generated/entities/admin/entity_piano.txt
     -> 新增: 2 个 Recipe
    -> 处理: generated/entities/agricultural/workstations/entity_cooking_pit.txt
     -> 新增: 2 个 Recipe
    -> 处理: generated/entities/agricultural/workstations/entity_simple_cooking_pit.txt
     -> 新增: 1 个 Recipe
    -> 处理: generated/entities/furniture/entity_carpentry_barelement_lvl1.txt
     -> 新增: 1 个 Recipe
    -> 处理: generated/entities/furniture/entity_carpentry_barelement_lvl2.txt
     -> 新增: 1 个 Recipe
    -> 处理: generated/entities/furniture/entity_carpentry_barelement_lvl3.txt
     -> 新增: 1 个 Recipe
    -> 处理: generated/entities/furniture/entity_carpentry_barelementcorner_lvl1.txt
     -> 新增: 1 个 Recipe
    -> 处理: generated/entities/furniture/entity_carpentry_barelementcorner_lvl2.txt
     -> 新增: 1 个 Recipe
    -> 处理: generated/entities/furniture/entity_carpentry_barelementcorner_lvl3.txt
     -> 新增: 1 个 Recipe
    -> 处理: generated/entities/furniture/entity_carpentry_bed.txt
     -> 新增: 1 个 Recipe
    -> 处理: generated/entities/furniture/entity_carpentry_bookcase_lvl1.txt
     -> 新增: 1 个 Recipe
    -> 处理: generated/entities/furniture/entity_carpentry_bookcase_lvl2.txt
     -> 新增: 1 个 Recipe
    -> 处理: generated/entities/furniture/entity_carpentry_bookcasesmall_lvl1.txt
     -> 新增: 1 个 Recipe
    -> 处理: generated/entities/furniture/entity_carpentry_bookcasesmall_lvl2.txt
     -> 新增: 1 个 Recipe
    -> 处理: generated/entities/furniture/entity_carpentry_chair_lvl1.txt
     -> 新增: 1 个 Recipe
    -> 处理: generated/entities/furniture/entity_carpentry_chair_lvl2.txt
     -> 新增: 1 个 Recipe
    -> 处理: generated/entities/furniture/entity_carpentry_chair_lvl3.txt
     -> 新增: 1 个 Recipe
    -> 处理: generated/entities/furniture/entity_carpentry_coffin.txt
    -> 处理: generated/entities/furniture/entity_carpentry_crate_lvl1.txt
     -> 新增: 1 个 Recipe
    -> 处理: generated/entities/furniture/entity_carpentry_crate_lvl2.txt
     -> 新增: 1 个 Recipe
    -> 处理: generated/entities/furniture/entity_carpentry_shelves_lvl1.txt
     -> 新增: 1 个 Recipe
    -> 处理: generated/entities/furniture/entity_carpentry_shelves_lvl2.txt
     -> 新增: 1 个 Recipe
    -> 处理: generated/entities/furniture/entity_carpentry_shelvesdouble_lvl1.txt
     -> 新增: 1 个 Recipe
    -> 处理: generated/entities/furniture/entity_carpentry_table_lvl1.txt
     -> 新增: 1 个 Recipe
    -> 处理: generated/entities/furniture/entity_carpentry_table_lvl2.txt
     -> 新增: 1 个 Recipe
    -> 处理: generated/entities/furniture/entity_carpentry_table_lvl3.txt
     -> 新增: 1 个 Recipe
    -> 处理: generated/entities/furniture/entity_carpentry_tabledrawer_lvl1.txt
     -> 新增: 1 个 Recipe
    -> 处理: generated/entities/furniture/entity_carpentry_tabledrawer_lvl2.txt
     -> 新增: 1 个 Recipe
    -> 处理: generated/entities/furniture/entity_carpentry_tabledrawer_lvl3.txt
     -> 新增: 1 个 Recipe
    -> 处理: generated/entities/furniture/entity_carpentry_tablesmall_lvl1.txt
     -> 新增: 1 个 Recipe
    -> 处理: generated/entities/furniture/entity_carpentry_tablesmall_lvl2.txt
     -> 新增: 1 个 Recipe
    -> 处理: generated/entities/furniture/entity_carpentry_tablesmall_lvl3.txt
     -> 新增: 1 个 Recipe
    -> 处理: generated/entities/furniture/entity_log_bench.txt
     -> 新增: 1 个 Recipe
    -> 处理: generated/entities/furniture/entity_log_stool.txt
     -> 新增: 1 个 Recipe
    -> 处理: generated/entities/furniture/entity_log_table.txt
     -> 新增: 1 个 Recipe
    -> 处理: generated/entities/furniture/entity_other_log_stool.txt
     -> 新增: 1 个 Recipe
    -> 处理: generated/entities/furniture/entity_stone_cabinet.txt
     -> 新增: 1 个 Recipe
    -> 处理: generated/entities/furniture/entity_wood_windowglass.txt
     -> 新增: 1 个 Recipe
    -> 处理: generated/entities/outdoors/entity_amphora.txt
     -> 新增: 2 个 Recipe
    -> 处理: generated/entities/outdoors/entity_chopping_block.txt
     -> 新增: 1 个 Recipe
    -> 处理: generated/entities/outdoors/entity_composter.txt
     -> 新增: 2 个 Recipe
    -> 处理: generated/entities/outdoors/entity_leather_shelter.txt
     -> 新增: 1 个 Recipe
    -> 处理: generated/entities/outdoors/entity_raincollector.txt
     -> 新增: 1 个 Recipe
    -> 处理: generated/entities/outdoors/entity_raincollector_tarp.txt
     -> 新增: 1 个 Recipe
    -> 处理: generated/entities/outdoors/entity_wood_cross.txt
     -> 新增: 2 个 Recipe
    -> 处理: generated/entities/outdoors/entity_wood_lamppillar.txt
    -> 处理: generated/entities/outdoors/entity_wood_sign.txt
     -> 新增: 1 个 Recipe
    -> 处理: generated/entities/stairs/entity_carpentry_stairs.txt
     -> 新增: 2 个 Recipe
    -> 处理: generated/entities/stairs/entity_log_stairs.txt
     -> 新增: 1 个 Recipe
    -> 处理: generated/entities/walls/entity_brick_doorframelvl1.txt
     -> 新增: 2 个 Recipe
    -> 处理: generated/entities/walls/entity_brick_doorframelvl2.txt
     -> 新增: 1 个 Recipe
    -> 处理: generated/entities/walls/entity_brick_fencelvl2.txt
     -> 新增: 1 个 Recipe
    -> 处理: generated/entities/walls/entity_brick_floor.txt
     -> 新增: 2 个 Recipe
    -> 处理: generated/entities/walls/entity_brick_walllvl1.txt
     -> 新增: 2 个 Recipe
    -> 处理: generated/entities/walls/entity_brick_walllvl2.txt
     -> 新增: 1 个 Recipe
    -> 处理: generated/entities/walls/entity_brick_windowframelvl1.txt
     -> 新增: 1 个 Recipe
    -> 处理: generated/entities/walls/entity_brick_windowframelvl2.txt
     -> 新增: 1 个 Recipe
    -> 处理: generated/entities/walls/entity_stone_doorframe.txt
     -> 新增: 1 个 Recipe
    -> 处理: generated/entities/walls/entity_stone_wall.txt
     -> 新增: 1 个 Recipe
    -> 处理: generated/entities/walls/entity_stone_windowframe.txt
     -> 新增: 1 个 Recipe
    -> 处理: generated/entities/walls/entity_wood_doorframelvl1.txt
     -> 新增: 1 个 Recipe
    -> 处理: generated/entities/walls/entity_wood_doorframelvl2.txt
     -> 新增: 1 个 Recipe
    -> 处理: generated/entities/walls/entity_wood_doorframelvl3.txt
     -> 新增: 1 个 Recipe
    -> 处理: generated/entities/walls/entity_wood_doubledoor.txt
     -> 新增: 1 个 Recipe
    -> 处理: generated/entities/walls/entity_wood_fencebarbedwirelvl1.txt
     -> 新增: 1 个 Recipe
    -> 处理: generated/entities/walls/entity_wood_fencegate.txt
     -> 新增: 1 个 Recipe
    -> 处理: generated/entities/walls/entity_wood_fencelvl1.txt
     -> 新增: 1 个 Recipe
    -> 处理: generated/entities/walls/entity_wood_fencelvl2.txt
     -> 新增: 1 个 Recipe
    -> 处理: generated/entities/walls/entity_wood_fencelvl3.txt
     -> 新增: 1 个 Recipe
    -> 处理: generated/entities/walls/entity_wood_floorlvl1.txt
     -> 新增: 1 个 Recipe
    -> 处理: generated/entities/walls/entity_wood_floorlvl2.txt
     -> 新增: 1 个 Recipe
    -> 处理: generated/entities/walls/entity_wood_floorlvl3.txt
     -> 新增: 1 个 Recipe
    -> 处理: generated/entities/walls/entity_wood_walllvl1.txt
     -> 新增: 1 个 Recipe
    -> 处理: generated/entities/walls/entity_wood_walllvl2.txt
     -> 新增: 1 个 Recipe
    -> 处理: generated/entities/walls/entity_wood_walllvl3.txt
     -> 新增: 1 个 Recipe
    -> 处理: generated/entities/walls/entity_wood_windowframelvl1.txt
     -> 新增: 1 个 Recipe
    -> 处理: generated/entities/walls/entity_wood_windowframelvl2.txt
     -> 新增: 1 个 Recipe
    -> 处理: generated/entities/walls/entity_wood_windowframelvl3.txt
     -> 新增: 1 个 Recipe
    -> 处理: generated/entities/walls/entity_woodendoorlvl1.txt
     -> 新增: 1 个 Recipe
    -> 处理: generated/entities/walls/entity_woodendoorlvl2.txt
     -> 新增: 1 个 Recipe
    -> 处理: generated/entities/walls/entity_woodendoorlvl3.txt
     -> 新增: 1 个 Recipe
    -> 处理: generated/entities/walls/entity_woodenpole.txt
     -> 新增: 1 个 Recipe
    -> 处理: generated/entities/walls/entity_woodenwallframe.txt
     -> 新增: 1 个 Recipe
阶段 2 完成: 从 scripts 新生成了 99 条数据。

--- 阶段 3: 合并 L0 与 L1 后，纯净英文基准总计: 124 条数据。---

--- 阶段 4: 检测到 6 个与官方重复的键。---

-------------------- 处理子模组: NeatCrafting_AddonXPDisplay --------------------

--- 正在为 'NeatCrafting_AddonXPDisplay' 动态查找 'media' 文件夹 ---
  -> 找到有效 Common 路径: data/workshop_content/3540503606/mods/NeatCrafting_AddonXPDisplay/common/media
  -> 发现版本目录队列: 42.13, 42
  --> 版本 42.13 无效或为空，尝试检查下一个低版本...
  --> 版本 42 无效或为空，尝试检查下一个低版本...

--- 阶段 1: 扫描所有 media 路径下的翻译文件 (L1) ---
  -> 正在处理 media 路径: data/workshop_content/3540503606/mods/NeatCrafting_AddonXPDisplay/common/media
  -> 扫描目录: data/workshop_content/3540503606/mods/NeatCrafting_AddonXPDisplay/common/media/lua/shared/Translate/EN
     -> 在 'IG_UI_EN.txt' 中找到 16 个键。
     -> 在 'UI_EN.txt' 中找到 13 个键。
  -> 扫描目录: data/workshop_content/3540503606/mods/NeatCrafting_AddonXPDisplay/common/media/lua/shared/Translate/CN
     -> 在 'IG_UI_CN.txt' 中找到 16 个键。
     -> 在 'UI_CN.txt' 中找到 13 个键。
阶段 1 完成: 从 EN 加载了 29 条数据, 从 CN 加载了 29 条数据。

--- 阶段 2: 扫描所有 Media 路径下的 Scripts (L0) ---
阶段 2 完成: 从 scripts 新生成了 0 条数据。

--- 阶段 3: 合并 L0 与 L1 后，纯净英文基准总计: 29 条数据。---

--- 已为 Mod ID 3540503606 更新 153 条键来源映射 ---

--- 正在为 Mod 'NeatBuilding_AddonXPDisplay' 生成输出文件 ---
    - 最终合并 (output.txt): 153 条
    - 纯净英文 (EN_output.txt): 153 条
    - 纯净中文 (CN_output.txt): 54 条
    - 英文待办 (en_todo.txt): 102 条 (增量)
    - 中文独有 (cn_only.txt): 0 条 (增量)
    - 冲突键 (conflict_keys.txt): 6 条
    -> 正在尝试从 Git 历史记录中获取旧版本: data/output_files/NeatBuilding_AddonXPDisplay_3540503606/EN_todo.txt
      --> 成功找到旧版本。
     -> 在 'EN_todo.txt (旧版本)' 中找到 3 个键。
    -> 检测到内容变更。新增: 99, 移除: 0

处理成功！所有输出文件已保存在 'NeatBuilding_AddonXPDisplay_3540503606' 文件夹中。
    -> [内存] 已为 Mod 3540503606 记录 Commit SHA: e2990b2
