

========================= 开始处理 Workshop ID: 3540503606 (NeatBuilding_XP) =========================

--- 正在检查已完成的翻译于: data/completed_files/3540503606/en_completed.txt ---
     -> 在 'en_completed.txt' 中找到 18 个键。

--- 正在检查待排除的键于: data/completed_files/3540503606/exclusion_list.txt ---
  -> 排除列表文件 'exclusion_list.txt' 不存在，跳过。

-------------------- 处理子模组: NeatBuilding_XP --------------------

--- 正在为 'NeatBuilding_XP' 动态查找 'media' 文件夹 ---
  -> 找到有效 Common 路径: data/workshop_content/3540503606/mods/NeatBuilding_XP/common/media
  -> 发现版本目录队列: 42.15, 42.13, 42.12
  --> 版本 42.15 无效或为空，尝试检查下一个低版本...
  --> 版本 42.13 无效或为空，尝试检查下一个低版本...
  --> 版本 42.12 无效或为空，尝试检查下一个低版本...

--- 阶段 1: 扫描所有 media 路径下的翻译文件 (L1) ---
  -> 正在处理 media 路径: data/workshop_content/3540503606/mods/NeatBuilding_XP/common/media
  -> 扫描目录: data/workshop_content/3540503606/mods/NeatBuilding_XP/common/media/lua/shared/Translate/EN
     -> 在 'UI.json' 中找到 15 个键。
     -> 在 'UI_EN.txt' 中找到 15 个键。
  -> 扫描目录: data/workshop_content/3540503606/mods/NeatBuilding_XP/common/media/lua/shared/Translate/CN
     -> 在 'UI.json' 中找到 15 个键。
     -> 在 'UI_CN.txt' 中找到 15 个键。
阶段 1 完成: 从 EN 加载了 15 条数据, 从 CN 加载了 15 条数据。

--- 阶段 2: 扫描所有 Media 路径下的 Scripts (L0) ---
阶段 2 完成: 从 scripts 新生成了 0 条数据。

--- 阶段 3: 合并 L0 与 L1 后，纯净英文基准总计: 15 条数据。---

-------------------- 处理子模组: NeatCrafting_XP --------------------

--- 正在为 'NeatCrafting_XP' 动态查找 'media' 文件夹 ---
  -> 找到有效 Common 路径: data/workshop_content/3540503606/mods/NeatCrafting_XP/common/media
  -> 发现版本目录队列: 42.15, 42.13, 42
  --> 版本 42.15 无效或为空，尝试检查下一个低版本...
  --> 版本 42.13 无效或为空，尝试检查下一个低版本...
  --> 版本 42 无效或为空，尝试检查下一个低版本...

--- 阶段 1: 扫描所有 media 路径下的翻译文件 (L1) ---
  -> 正在处理 media 路径: data/workshop_content/3540503606/mods/NeatCrafting_XP/common/media
  -> 扫描目录: data/workshop_content/3540503606/mods/NeatCrafting_XP/common/media/lua/shared/Translate/EN
     -> 在 'IG_UI.json' 中找到 3 个键。
     -> 在 'UI.json' 中找到 13 个键。
     -> 在 'IG_UI_EN.txt' 中找到 3 个键。
     -> 在 'UI_EN.txt' 中找到 13 个键。
  -> 扫描目录: data/workshop_content/3540503606/mods/NeatCrafting_XP/common/media/lua/shared/Translate/CN
     -> 在 'IG_UI.json' 中找到 16 个键。
     -> 在 'UI.json' 中找到 13 个键。
     -> 在 'IG_UI_CN.txt' 中找到 16 个键。
     -> 在 'UI_CN.txt' 中找到 13 个键。
阶段 1 完成: 从 EN 加载了 16 条数据, 从 CN 加载了 29 条数据。

--- 阶段 2: 扫描所有 Media 路径下的 Scripts (L0) ---
阶段 2 完成: 从 scripts 新生成了 0 条数据。

--- 阶段 3: 合并 L0 与 L1 后，纯净英文基准总计: 16 条数据。---

--- 已为 Mod ID 3540503606 更新 44 条键来源映射 ---

--- 正在为 Mod 'NeatBuilding_XP' 生成输出文件 ---
    - 最终合并 (output.txt): 44 条
    - 纯净英文 (EN_output.txt/json): 31 条
    - 纯净中文 (CN_output.txt): 44 条
    - 中文独有 (cn_only.txt): 13 条 (增量)
    - 冲突键 (conflict_keys.txt): 0 条
    -> 正在尝试从 Git 历史记录中获取旧版本: data/output_files/NeatBuilding_XP_3540503606/EN_output.txt
      --> 成功找到旧版本。
     -> 在 'EN_output.txt (旧版本)' 中找到 31 个键。

处理成功！所有输出文件已保存在 'NeatBuilding_XP_3540503606' 文件夹中。
    -> [内存] 已为 Mod 3540503606 记录 Commit SHA: e2990b2
