

========================= 开始处理 Workshop ID: 3626823538 (OCsPacking) =========================

--- 正在检查已完成的翻译于: data/completed_files/3626823538/en_completed.txt ---
     -> 在 'en_completed.txt' 中找到 0 个键。

--- 正在检查待排除的键于: data/completed_files/3626823538/exclusion_list.txt ---
  -> 排除列表文件 'exclusion_list.txt' 不存在，跳过。

-------------------- 处理子模组: OCsPacking --------------------

--- 正在为 'OCsPacking' 动态查找 'media' 文件夹 ---
  -> 发现版本目录队列: 42.15, 42.12
  --> 找到最高优先级有效版本: 42.15

--- 阶段 1: 扫描所有 media 路径下的翻译文件 (L1) ---
  -> 正在处理 media 路径: data/workshop_content/3626823538/mods/OCsPacking/42.15/media
  -> 扫描目录: data/workshop_content/3626823538/mods/OCsPacking/42.15/media/lua/shared/Translate/EN
     -> 在 'ItemName.json' 中找到 306 个键。
     -> 在 'Mod.json' 中找到 2 个键。
     -> 在 'Recipes.json' 中找到 15 个键。
  -> 扫描目录: data/workshop_content/3626823538/mods/OCsPacking/42.15/media/lua/shared/Translate/CN
     -> 在 'ItemName.json' 中找到 201 个键。
     -> 在 'Mod.json' 中找到 2 个键。
     -> 在 'Recipes.json' 中找到 15 个键。
阶段 1 完成: 从 EN 加载了 323 条数据, 从 CN 加载了 218 条数据。

--- 阶段 2: 扫描所有 Media 路径下的 Scripts (L0) ---
  -> 正在处理 Scripts 路径: data/workshop_content/3626823538/mods/OCsPacking/42.15/media/scripts
    -> 处理: OCP_Cartons.txt
    -> 处理: OCP_Food.txt
    -> 处理: OCP_Medical.txt
    -> 处理: OCP_Misc.txt
    -> 处理: OCP_Recipes.txt
     -> 新增: 4 个 Recipe
    -> 处理: OCP_RecipesFood.txt
     -> 新增: 1 个 Recipe
阶段 2 完成: 从 scripts 新生成了 5 条数据。

--- 阶段 3: 合并 L0 与 L1 后，纯净英文基准总计: 328 条数据。---

--- 阶段 4: 检测到 5 个与官方重复的键。---

--- 已为 Mod ID 3626823538 更新 343 条键来源映射 ---

--- 正在为 Mod 'OCsPacking' 生成输出文件 ---
    - 最终合并 (output.txt): 328 条
    - 纯净英文 (EN_output.txt/json): 328 条
    - 纯净中文 (CN_output.txt): 218 条
    - 中文独有 (cn_only.txt): 0 条 (增量)
    - 冲突键 (conflict_keys.txt): 5 条
    -> 正在尝试从 Git 历史记录中获取旧版本: data/output_files/OCsPacking_3626823538/EN_output.txt
      --> 成功找到旧版本。
     -> 在 'EN_output.txt (旧版本)' 中找到 20 个键。
    -> 检测到内容变更。新增: 323, 移除: 15

处理成功！所有输出文件已保存在 'OCsPacking_3626823538' 文件夹中。
    -> [内存] 已为 Mod 3626823538 记录 Commit SHA: 9948aba
