

========================= 开始处理 Workshop ID: 3677276787 (PackPantry) =========================

--- 正在检查已完成的翻译于: data/completed_files/3677276787/en_completed.txt ---
     -> 在 'en_completed.txt' 中找到 0 个键。

--- 正在检查待排除的键于: data/completed_files/3677276787/exclusion_list.txt ---
  -> 排除列表文件 'exclusion_list.txt' 不存在，跳过。

-------------------- 处理子模组: PackPantry --------------------

--- 正在为 'PackPantry' 动态查找 'media' 文件夹 ---
  -> 发现版本目录队列: 42.0
  --> 找到最高优先级有效版本: 42.0

--- 阶段 1: 扫描所有 media 路径下的翻译文件 (L1) ---
  -> 正在处理 media 路径: data/workshop_content/3677276787/mods/PackPantry/42.0/media
  -> 扫描目录: data/workshop_content/3677276787/mods/PackPantry/42.0/media/lua/shared/Translate/EN
阶段 1 完成: 从 EN 加载了 0 条数据, 从 CN 加载了 0 条数据。

--- 阶段 2: 扫描所有 Media 路径下的 Scripts (L0) ---
  -> 正在处理 Scripts 路径: data/workshop_content/3677276787/mods/PackPantry/42.0/media/scripts
    -> 处理: PP_CanSealer_models.txt
    -> 处理: items/PP_Can_items.txt
     -> 新增: 28 个 Item
    -> 处理: items/PP_EC_items.txt
    -> 处理: items/PP_items.txt
    -> 处理: recipes/PP_recipes.txt
     -> 新增: 21 个 Recipe
阶段 2 完成: 从 scripts 新生成了 49 条数据。

--- 阶段 3: 合并 L0 与 L1 后，纯净英文基准总计: 49 条数据。---

--- 阶段 4: 检测到 3 个与官方重复的键。---

--- 已为 Mod ID 3677276787 更新 49 条键来源映射 ---

--- 正在为 Mod 'PackPantry' 生成输出文件 ---
    - 最终合并 (output.txt): 49 条
    - 纯净英文 (EN_output.txt): 49 条
    - 纯净中文 (CN_output.txt): 0 条
    - 英文待办 (en_todo.txt): 49 条 (增量)
    - 中文独有 (cn_only.txt): 0 条 (增量)
    - 冲突键 (conflict_keys.txt): 3 条
    -> 正在尝试从 Git 历史记录中获取旧版本: data/output_files/PackPantry_3677276787/EN_todo.txt
      --> 成功找到旧版本。
     -> 在 'EN_todo.txt (旧版本)' 中找到 65 个键。
    -> 检测到内容变更。新增: 0, 移除: 16

处理成功！所有输出文件已保存在 'PackPantry_3677276787' 文件夹中。
    -> [内存] 已为 Mod 3677276787 记录 Commit SHA: 7296145
