

========================= 开始处理 Workshop ID: 3429902681 (PawLowRelooted) =========================

--- 正在检查已完成的翻译于: data/completed_files/3429902681/en_completed.txt ---
  -> 文件 'en_completed.txt' 在目标位置不存在，将自动创建。

--- 正在检查待排除的键于: data/completed_files/3429902681/exclusion_list.txt ---
  -> 排除列表文件 'exclusion_list.txt' 不存在，跳过。

-------------------- 处理子模组: PawLowRelooted --------------------

--- 正在为 'PawLowRelooted' 动态查找 'media' 文件夹 ---
  -> 发现版本目录: 42
  -> 正在检查路径的有效性: data/workshop_content/3429902681/mods/PawLowRelooted/42/media
  --> 路径有效！已将其加入待处理列表。

--- 阶段 1: 扫描所有 media 路径下的翻译文件 (L1) ---
  -> 正在处理 media 路径: data/workshop_content/3429902681/mods/PawLowRelooted/42/media
  -> 扫描目录: data/workshop_content/3429902681/mods/PawLowRelooted/42/media/lua/shared/Translate/EN
     -> 在 'ContextMenu_EN.txt' 中找到 16 个键。
     -> 在 'ItemName_EN.txt' 中找到 11 个键。
     -> 在 'UI_EN.txt' 中找到 4 个键。
阶段 1 完成: 从 EN 加载了 31 条数据, 从 CN 加载了 0 条数据。

--- 阶段 2: 扫描所有 Media 路径下的 Scripts (L0) ---
  -> 正在处理 Scripts 路径: data/workshop_content/3429902681/mods/PawLowRelooted/42/media/scripts
    -> 处理: PLLFrecipes.txt
     -> 新增: 1 个 Recipe
    -> 处理: PLLFtems.txt
     -> 新增: 3 个 Item
    -> 处理: PLL_Dislaik_Models.txt
    -> 处理: PLL_HolsterAttachments.txt
    -> 处理: PLL_modelsItems.txt
    -> 处理: PLLrecipes.txt
     -> 新增: 18 个 Recipe
    -> 处理: PLLtems.txt
     -> 新增: 6 个 Item
    -> 处理: clothing/PLL_Dislaik.txt
     -> 新增: 8 个 Item
    -> 处理: clothing/Swatpack_clothing.txt
     -> 新增: 23 个 Item
    -> 处理: clothing/Swatpack_clothing_bags.txt
     -> 新增: 3 个 Item
    -> 处理: clothing/clothing_PLLoot.txt
     -> 新增: 65 个 Item
    -> 处理: clothing/clothing_PLLootBags.txt
     -> 新增: 12 个 Item
    -> 处理: clothing/clothing_PLLootF.txt
     -> 新增: 20 个 Item
    -> 处理: swatpack_items.txt
     -> 新增: 2 个 Item
    -> 处理: swatpack_models_items.txt
阶段 2 完成: 从 scripts 新生成了 161 条数据。

--- 阶段 3: 合并 L0 与 L1 后，纯净英文基准总计: 192 条数据。---

--- 阶段 4: 检测到 4 个与官方重复的键。---

--- 已为 Mod ID 3429902681 更新 192 条键来源映射 ---

--- 正在为 Mod 'PawLowRelooted' 生成输出文件 ---
    - 最终合并 (output.txt): 192 条
    - 纯净英文 (EN_output.txt): 192 条
    - 纯净中文 (CN_output.txt): 0 条
    - 英文待办 (en_todo.txt): 192 条 (增量)
    - 中文独有 (cn_only.txt): 0 条 (增量)
    - 冲突键 (conflict_keys.txt): 4 条
    -> 正在尝试从 Git 历史记录中获取旧版本: data/output_files/PawLowRelooted_3429902681/EN_todo.txt
      --> 在 Git 历史记录中未找到该文件，视为全新。
    -> 基线日志已存档到: data/logs/archive/PawLowRelooted_3429902681_baseline_run_20251117_040413.json

处理成功！所有输出文件已保存在 'PawLowRelooted_3429902681' 文件夹中。
    -> 警告：未能获取 Mod 3429902681 的完成文件SHA，状态未记录。
