

========================= 开始处理 Workshop ID: 2752664795 (PompsItems) =========================

--- 正在检查已完成的翻译于: data/completed_files/2752664795/en_completed.txt ---
     -> 在 'en_completed.txt' 中找到 0 个键。

--- 正在检查待排除的键于: data/completed_files/2752664795/exclusion_list.txt ---
  -> 排除列表文件 'exclusion_list.txt' 不存在，跳过。

-------------------- 处理子模组: PompsItems --------------------

--- 正在为 'PompsItems' 动态查找 'media' 文件夹 ---
  -> 找到有效 Common 路径: data/workshop_content/2752664795/mods/PompsItems/common/media
  -> 发现版本目录队列: 42.0
  --> 找到最高优先级有效版本: 42.0

--- 阶段 1: 扫描所有 media 路径下的翻译文件 (L1) ---
  -> 正在处理 media 路径: data/workshop_content/2752664795/mods/PompsItems/common/media
  -> 扫描目录: data/workshop_content/2752664795/mods/PompsItems/common/media/lua/shared/Translate/EN
     -> 在 'ContextMenu_EN.txt' 中找到 3 个键。
     -> 在 'Fluids_EN.txt' 中找到 83 个键。
     -> 在 'IG_UI_EN.txt' 中找到 5 个键。
     -> 在 'ItemName_EN.txt' 中找到 1058 个键。
     -> 在 'Recipes_EN.txt' 中找到 346 个键。
     -> 在 'Sandbox_EN.txt' 中找到 72 个键。
     -> 在 'Tooltip_EN.txt' 中找到 113 个键。
  -> 正在处理 media 路径: data/workshop_content/2752664795/mods/PompsItems/42.0/media
阶段 1 完成: 从 EN 加载了 1680 条数据, 从 CN 加载了 0 条数据。

--- 阶段 2: 扫描所有 Media 路径下的 Scripts (L0) ---
  -> 正在处理 Scripts 路径: data/workshop_content/2752664795/mods/PompsItems/42.0/media/scripts
    -> 处理: PompsItems-timedactions.txt
    -> 处理: PompsItems-world_items.txt
    -> 处理: PompsItemsFood-fluids.txt
    -> 处理: items/PompsItems-bathroom_items.txt
    -> 处理: items/PompsItems-fnaf.txt
    -> 处理: items/PompsItems-toys.txt
    -> 处理: items/PompsItemsFood-candy.txt
    -> 处理: items/PompsItemsFood-canned.txt
    -> 处理: items/PompsItemsFood-drinks.txt
    -> 处理: items/PompsItemsFood-frozen.txt
    -> 处理: items/PompsItemsFood-meals.txt
    -> 处理: items/PompsItemsFood-seasonal.txt
    -> 处理: items/PompsItemsFood-snacks.txt
    -> 处理: items/PompsItemsFood-spices.txt
    -> 处理: items/PompsItemsFood-wrappers.txt
    -> 处理: items/PompsPonyItems-literature.txt
    -> 处理: items/PompsPonyItems-ponies.txt
    -> 处理: recipes/PompsItems-evolved_recipes.txt
     -> 新增: 1 个 Recipe
    -> 处理: recipes/PompsItems-recipes.txt
     -> 新增: 51 个 Recipe
阶段 2 完成: 从 scripts 新生成了 52 条数据。

--- 阶段 3: 合并 L0 与 L1 后，纯净英文基准总计: 1732 条数据。---

--- 阶段 4: 检测到 3 个与官方重复的键。---

--- 已为 Mod ID 2752664795 更新 1732 条键来源映射 ---

--- 正在为 Mod 'PompsItems' 生成输出文件 ---
    - 最终合并 (output.txt): 1732 条
    - 纯净英文 (EN_output.txt): 1732 条
    - 纯净中文 (CN_output.txt): 0 条
    - 英文待办 (en_todo.txt): 1732 条 (增量)
    - 中文独有 (cn_only.txt): 0 条 (增量)
    - 冲突键 (conflict_keys.txt): 3 条
    -> 正在尝试从 Git 历史记录中获取旧版本: data/output_files/PompsItems_2752664795/EN_todo.txt
      --> 成功找到旧版本。
     -> 在 'EN_todo.txt (旧版本)' 中找到 1732 个键。

处理成功！所有输出文件已保存在 'PompsItems_2752664795' 文件夹中。
    -> [内存] 已为 Mod 2752664795 记录 Commit SHA: e308a42
