

========================= 开始处理 Workshop ID: 3645980077 (ProjectArcade) =========================

--- 正在检查已完成的翻译于: data/completed_files/3645980077/en_completed.txt ---
     -> 在 'en_completed.txt' 中找到 0 个键。

--- 正在检查待排除的键于: data/completed_files/3645980077/exclusion_list.txt ---
  -> 排除列表文件 'exclusion_list.txt' 不存在，跳过。

-------------------- 处理子模组: ProjectArcade --------------------

--- 正在为 'ProjectArcade' 动态查找 'media' 文件夹 ---
  -> 找到有效 Common 路径: data/workshop_content/3645980077/mods/ProjectArcade/common/media
  -> 发现版本目录队列: 42.15, 42.13
  --> 找到最高优先级有效版本: 42.15

--- 阶段 1: 扫描所有 media 路径下的翻译文件 (L1) ---
  -> 正在处理 media 路径: data/workshop_content/3645980077/mods/ProjectArcade/common/media
  -> 正在处理 media 路径: data/workshop_content/3645980077/mods/ProjectArcade/42.15/media
  -> 扫描目录: data/workshop_content/3645980077/mods/ProjectArcade/42.15/media/lua/shared/Translate/EN
    解析 JSON 文件 ContextMenu.json 时发生错误: Expecting property name enclosed in double quotes: line 36 column 1 (char 1890)
     -> 在 'ContextMenu.json' 中找到 0 个键。
     -> 在 'IG_UI.json' 中找到 1 个键。
    解析 JSON 文件 ItemName.json 时发生错误: Expecting property name enclosed in double quotes: line 38 column 1 (char 1935)
     -> 在 'ItemName.json' 中找到 0 个键。
     -> 在 'Mod.json' 中找到 2 个键。
    解析 JSON 文件 Recipes.json 时发生错误: Expecting property name enclosed in double quotes: line 22 column 1 (char 1016)
     -> 在 'Recipes.json' 中找到 0 个键。
     -> 在 'Sandbox.json' 中找到 22 个键。
    解析 JSON 文件 Tooltip.json 时发生错误: Expecting property name enclosed in double quotes: line 31 column 1 (char 2019)
     -> 在 'Tooltip.json' 中找到 0 个键。
阶段 1 完成: 从 EN 加载了 25 条数据, 从 CN 加载了 0 条数据。

--- 阶段 2: 扫描所有 Media 路径下的 Scripts (L0) ---
  -> 正在处理 Scripts 路径: data/workshop_content/3645980077/mods/ProjectArcade/common/media/scripts
    -> 处理: ProjectArcade_Craft.txt
     -> 新增: 3 个 Recipe
    -> 处理: ProjectArcade_Sounds.txt
    -> 处理: entities/entity_OBSOLETE.txt
     -> 新增: 2 个 Recipe
    -> 处理: entities/entity_arcade_cen.txt
     -> 新增: 2 个 Recipe
    -> 处理: entities/entity_arcade_dd.txt
     -> 新增: 1 个 Recipe
    -> 处理: entities/entity_arcade_dig.txt
     -> 新增: 1 个 Recipe
    -> 处理: entities/entity_arcade_dk.txt
     -> 新增: 1 个 Recipe
    -> 处理: entities/entity_arcade_pacman.txt
     -> 新增: 1 个 Recipe
    -> 处理: entities/entity_arcade_sf2.txt
     -> 新增: 1 个 Recipe
    -> 处理: entities/entity_arcade_si.txt
     -> 新增: 1 个 Recipe
    -> 处理: entities/entity_clawpocalypse.txt
     -> 新增: 1 个 Recipe
    -> 处理: entities/entity_coinpusher.txt
     -> 新增: 1 个 Recipe
    -> 处理: entities/entity_complex_t2.txt
     -> 新增: 1 个 Recipe
    -> 处理: entities/entity_decor_golddecal.txt
     -> 新增: 2 个 Recipe
    -> 处理: entities/entity_decor_purpledecal.txt
     -> 新增: 1 个 Recipe
    -> 处理: entities/entity_floor_arcadian.txt
     -> 新增: 2 个 Recipe
    -> 处理: entities/entity_pinball_af.txt
     -> 新增: 1 个 Recipe
    -> 处理: entities/entity_pinball_bk2000.txt
     -> 新增: 1 个 Recipe
    -> 处理: entities/entity_pinball_fh.txt
     -> 新增: 1 个 Recipe
    -> 处理: entities/entity_pinball_ij.txt
     -> 新增: 1 个 Recipe
    -> 处理: entities/entity_pinball_tz.txt
     -> 新增: 1 个 Recipe
    -> 处理: entities/entity_punchingmachine.txt
     -> 新增: 1 个 Recipe
    -> 处理: items/ProjectArcade_Decor.txt
    -> 处理: items/ProjectArcade_Machines.txt
    -> 处理: items/ProjectArcade_Stuff.txt
阶段 2 完成: 从 scripts 新生成了 27 条数据。

--- 阶段 3: 合并 L0 与 L1 后，纯净英文基准总计: 52 条数据。---

--- 阶段 4: 检测到 2 个与官方重复的键。---

--- 已为 Mod ID 3645980077 更新 52 条键来源映射 ---

--- 正在为 Mod 'ProjectArcade' 生成输出文件 ---
    - 最终合并 (output.txt): 52 条
    - 纯净英文 (EN_output.txt/json): 52 条
    - 纯净中文 (CN_output.txt): 0 条
    - 中文独有 (cn_only.txt): 0 条 (增量)
    - 冲突键 (conflict_keys.txt): 2 条
    -> 正在尝试从 Git 历史记录中获取旧版本: data/output_files/ProjectArcade_3645980077/EN_output.txt
      --> 成功找到旧版本。
     -> 在 'EN_output.txt (旧版本)' 中找到 122 个键。
    -> 检测到内容变更。新增: 7, 移除: 77

处理成功！所有输出文件已保存在 'ProjectArcade_3645980077' 文件夹中。
    -> [内存] 已为 Mod 3645980077 记录 Commit SHA: 7ae0c32
