

========================= 开始处理 Workshop ID: 3396456841 (PZ_BodilyFunctions) =========================

--- 正在检查已完成的翻译于: data/completed_files/3396456841/en_completed.txt ---
     -> 在 'en_completed.txt' 中找到 335 个键。

--- 正在检查待排除的键于: data/completed_files/3396456841/exclusion_list.txt ---
  -> 排除列表文件 'exclusion_list.txt' 不存在，跳过。

-------------------- 处理子模组: PZ_BodilyFunctions --------------------

--- 正在为 'PZ_BodilyFunctions' 动态查找 'media' 文件夹 ---
  -> 发现版本目录队列: 42
  --> 找到最高优先级有效版本: 42

--- 阶段 1: 扫描所有 media 路径下的翻译文件 (L1) ---
  -> 正在处理 media 路径: data/workshop_content/3396456841/mods/PZ_BodilyFunctions/42/media
  -> 扫描目录: data/workshop_content/3396456841/mods/PZ_BodilyFunctions/42/media/lua/shared/Translate/EN
     -> 在 'ContextMenu_EN.txt' 中找到 80 个键。
     -> 在 'Fluids_EN.txt' 中找到 8 个键。
     -> 在 'IG_UI_EN.txt' 中找到 9 个键。
     -> 在 'ItemName_EN.txt' 中找到 22 个键。
     -> 在 'Moodles_EN.txt' 中找到 40 个键。
     -> 在 'Recipes_EN.txt' 中找到 5 个键。
     -> 在 'Sandbox_EN.txt' 中找到 92 个键。
     -> 在 'Tooltip_EN.txt' 中找到 4 个键。
     -> 在 'Traits_EN.txt' 中找到 4 个键。
     -> 在 'UI_EN.txt' 中找到 46 个键。
阶段 1 完成: 从 EN 加载了 310 条数据, 从 CN 加载了 0 条数据。

--- 阶段 2: 扫描所有 Media 路径下的 Scripts (L0) ---
  -> 正在处理 Scripts 路径: data/workshop_content/3396456841/mods/PZ_BodilyFunctions/42/media/scripts
    -> 处理: BF_Models.txt
    -> 处理: Medicine/BF_Medicine.txt
     -> 新增: 1 个 Item
    -> 处理: SoiledClothing/BF_PulledDown.txt
    -> 处理: SoiledClothing/Overlays/Peed/BF_BoxingShorts_Peed.txt
    -> 处理: SoiledClothing/Overlays/Peed/BF_Female_Underpants_Peed.txt
    -> 处理: SoiledClothing/Overlays/Peed/BF_LongShorts_Peed.txt
    -> 处理: SoiledClothing/Overlays/Peed/BF_Male_Boxers_Peed.txt
    -> 处理: SoiledClothing/Overlays/Peed/BF_ShortShorts_Peed.txt
    -> 处理: SoiledClothing/Overlays/Peed/BF_SuitTrousersMesh_Peed.txt
    -> 处理: SoiledClothing/Overlays/Peed/BF_Trousers_Peed.txt
    -> 处理: SoiledClothing/Overlays/Pooped/BF_BoxingShorts_Pooped.txt
    -> 处理: SoiledClothing/Overlays/Pooped/BF_Female_Underpants_Pooped.txt
    -> 处理: SoiledClothing/Overlays/Pooped/BF_LongShorts_Pooped.txt
    -> 处理: SoiledClothing/Overlays/Pooped/BF_Male_Boxers_Pooped.txt
    -> 处理: SoiledClothing/Overlays/Pooped/BF_ShortShorts_Pooped.txt
    -> 处理: SoiledClothing/Overlays/Pooped/BF_SuitTrousersMesh_Pooped.txt
    -> 处理: SoiledClothing/Overlays/Pooped/BF_Trousers_Pooped.txt
    -> 处理: Sounds/BF_Sounds.txt
    -> 处理: Sounds/BF_Sounds_Accident.txt
    -> 处理: Sounds/BF_Sounds_Relief.txt
    -> 处理: Traits/BF_Traits.txt
    -> 处理: WasteProducts/BF_Fluids.txt
    -> 处理: WasteProducts/BF_ThrowableWaste.txt
    -> 处理: WasteProducts/BF_WasteProducts.txt
     -> 新增: 1 个 Item
    -> 处理: Wiping/BF_SoiledWipes.txt
    -> 处理: recipes/BF_Medicine_Recipes.txt
     -> 新增: 1 个 Recipe
    -> 处理: recipes/BF_ThrowableWaste_Recipes.txt
     -> 新增: 1 个 Recipe
阶段 2 完成: 从 scripts 新生成了 4 条数据。

--- 阶段 3: 合并 L0 与 L1 后，纯净英文基准总计: 314 条数据。---

--- 阶段 4: 检测到 2 个与官方重复的键。---

--- 已为 Mod ID 3396456841 更新 314 条键来源映射 ---

--- 正在为 Mod 'PZ_BodilyFunctions' 生成输出文件 ---
    - 最终合并 (output.txt): 314 条
    - 纯净英文 (EN_output.txt): 314 条
    - 纯净中文 (CN_output.txt): 0 条
    - 英文待办 (en_todo.txt): 93 条 (增量)
    - 中文独有 (cn_only.txt): 0 条 (增量)
    - 冲突键 (conflict_keys.txt): 2 条
    -> 正在尝试从 Git 历史记录中获取旧版本: data/output_files/PZ_BodilyFunctions_3396456841/EN_todo.txt
      --> 成功找到旧版本。
     -> 在 'EN_todo.txt (旧版本)' 中找到 2 个键。
    -> 检测到内容变更。新增: 91, 移除: 0

处理成功！所有输出文件已保存在 'PZ_BodilyFunctions_3396456841' 文件夹中。
    -> [内存] 已为 Mod 3396456841 记录 Commit SHA: 6f38eba
