

========================= 开始处理 Workshop ID: 3355210994 (RamshackleRecipes) =========================

--- 正在检查已完成的翻译于: data/completed_files/3355210994/en_completed.txt ---
     -> 在 'en_completed.txt' 中找到 0 个键。

--- 正在检查待排除的键于: data/completed_files/3355210994/exclusion_list.txt ---
  -> 排除列表文件 'exclusion_list.txt' 不存在，跳过。

-------------------- 处理子模组: RamshackleRecipes --------------------

--- 正在为 'RamshackleRecipes' 动态查找 'media' 文件夹 ---
  -> 发现版本目录队列: 42.0
  --> 找到最高优先级有效版本: 42.0

--- 阶段 1: 扫描所有 media 路径下的翻译文件 (L1) ---
  -> 正在处理 media 路径: data/workshop_content/3355210994/mods/RamshackleRecipes/42.0/media
  -> 扫描目录: data/workshop_content/3355210994/mods/RamshackleRecipes/42.0/media/lua/shared/Translate/EN
     -> 在 'ItemName_EN.txt' 中找到 8 个键。
     -> 在 'Recipes_EN.txt' 中找到 8 个键。
阶段 1 完成: 从 EN 加载了 16 条数据, 从 CN 加载了 0 条数据。

--- 阶段 2: 扫描所有 Media 路径下的 Scripts (L0) ---
  -> 正在处理 Scripts 路径: data/workshop_content/3355210994/mods/RamshackleRecipes/42.0/media/scripts
    -> 处理: items/RamshacklePipeWeapons.txt
    -> 处理: items/Salty/improvised_revolver_rifle.txt
    -> 处理: models/Ramshackle_GunModels.txt
    -> 处理: models/Salty/ImpRevolverRifle.txt
    -> 处理: recipes/Ramshackle_Recipes.txt
     -> 新增: 1 个 Recipe
    -> 处理: recipes/Ramshackle_Smithing_Recipes.txt
     -> 新增: 4 个 Recipe
阶段 2 完成: 从 scripts 新生成了 5 条数据。

--- 阶段 3: 合并 L0 与 L1 后，纯净英文基准总计: 21 条数据。---

--- 阶段 4: 检测到 1 个与官方重复的键。---

-------------------- 处理子模组: RamshackleRecipes-Metalworking --------------------

--- 正在为 'RamshackleRecipes-Metalworking' 动态查找 'media' 文件夹 ---
  -> 发现版本目录队列: 42.0
  --> 版本 42.0 无效或为空，尝试检查下一个低版本...
  --> 未能在 Common 或 版本目录队列中找到任何有效的 'media' 文件夹。

--- 已为 Mod ID 3355210994 更新 29 条键来源映射 ---

--- 正在为 Mod 'RamshackleRecipes' 生成输出文件 ---
    - 最终合并 (output.txt): 21 条
    - 纯净英文 (EN_output.txt): 21 条
    - 纯净中文 (CN_output.txt): 0 条
    - 英文待办 (en_todo.txt): 21 条 (增量)
    - 中文独有 (cn_only.txt): 0 条 (增量)
    - 冲突键 (conflict_keys.txt): 1 条
    -> 正在尝试从 Git 历史记录中获取旧版本: data/output_files/RamshackleRecipes_3355210994/EN_todo.txt
      --> 成功找到旧版本。
     -> 在 'EN_todo.txt (旧版本)' 中找到 21 个键。

处理成功！所有输出文件已保存在 'RamshackleRecipes_3355210994' 文件夹中。
    -> [内存] 已为 Mod 3355210994 记录 Commit SHA: b804a57
