

========================= 开始处理 Workshop ID: 3655233584 (Random_Airdrops) =========================

--- 正在检查已完成的翻译于: data/completed_files/3655233584/en_completed.txt ---
  -> 文件 'en_completed.txt' 在目标位置不存在，将自动创建。

--- 正在检查待排除的键于: data/completed_files/3655233584/exclusion_list.txt ---
  -> 排除列表文件 'exclusion_list.txt' 不存在，跳过。

-------------------- 处理子模组: Random Airdrops --------------------

--- 正在为 'Random Airdrops' 动态查找 'media' 文件夹 ---
  -> 发现版本目录队列: 42
  --> 找到最高优先级有效版本: 42

--- 阶段 1: 扫描所有 media 路径下的翻译文件 (L1) ---
  -> 正在处理 media 路径: data/workshop_content/3655233584/mods/Random Airdrops/42/media
  -> 扫描目录: data/workshop_content/3655233584/mods/Random Airdrops/42/media/lua/shared/Translate/EN
     -> 在 'ContextMenu_EN.txt' 中找到 1 个键。
     -> 在 'IG_UI_EN.txt' 中找到 53 个键。
     -> 在 'ItemName_EN.txt' 中找到 1 个键。
     -> 在 'Sandbox_EN.txt' 中找到 45 个键。
阶段 1 完成: 从 EN 加载了 100 条数据, 从 CN 加载了 0 条数据。

--- 阶段 2: 扫描所有 Media 路径下的 Scripts (L0) ---
  -> 正在处理 Scripts 路径: data/workshop_content/3655233584/mods/Random Airdrops/42/media/scripts
    -> 处理: RandomAirdrops_Items.txt
    -> 处理: RandomAirdrops_Models.txt
    -> 处理: RandomAirdrops_Sounds.txt
    -> 处理: RandomAirdrops_Vehicles.txt
阶段 2 完成: 从 scripts 新生成了 0 条数据。

--- 阶段 3: 合并 L0 与 L1 后，纯净英文基准总计: 100 条数据。---

--- 已为 Mod ID 3655233584 更新 100 条键来源映射 ---

--- 正在为 Mod 'Random_Airdrops' 生成输出文件 ---
    - 最终合并 (output.txt): 100 条
    - 纯净英文 (EN_output.txt): 100 条
    - 纯净中文 (CN_output.txt): 0 条
    - 英文待办 (en_todo.txt): 100 条 (增量)
    - 中文独有 (cn_only.txt): 0 条 (增量)
    - 冲突键 (conflict_keys.txt): 0 条
    -> 正在尝试从 Git 历史记录中获取旧版本: data/output_files/Random_Airdrops_3655233584/EN_todo.txt
      --> 在 Git 历史记录中未找到该文件，视为全新。
    -> 基线日志已存档到: data/logs/archive/Random_Airdrops_3655233584_baseline_run_20260202_042801.json

处理成功！所有输出文件已保存在 'Random_Airdrops_3655233584' 文件夹中。
    -> 警告：未能获取 Mod 3655233584 的完成文件SHA，状态未记录。

--- 所有模组处理循环结束，正在保存最终运行状态 ---

--- 应用正则表达式来源覆盖规则 ---
成功加载 8 条正则表达式规则。
  -> 规则 #6 ('(?i)^Tooltip_.*$...') 匹配并更新了 1 个键。
  -> 规则 #7 ('^IG_UI_PTBR$...') 匹配并更新了 12 个键。
  -> 规则 #8 ('^ItemName_PTBR$...') 匹配并更新了 43 个键。
成功通过正则表达式规则更新了 56 个键的来源。

--- 正在合并手动分类的键来源 ---
  -> 未发现需要合并的手动分类条目。
全局键来源映射已成功保存到: translation_utils/key_source_map.json

增量更新日志已记录到: data/logs/update_log.json

--- 开始生成状态报告 ---
状态报告生成脚本输出:
--- 开始生成状态报告 ---
  -> STATUS.md 已生成。
  -> README.md 中的徽章已更新。
--- 所有报告生成完毕 ---

