

========================= 开始处理 Workshop ID: 3238830225 (RealFirearms) =========================

--- 正在检查已完成的翻译于: data/completed_files/3238830225/en_completed.txt ---
     -> 在 'en_completed.txt' 中找到 0 个键。

--- 正在检查待排除的键于: data/completed_files/3238830225/exclusion_list.txt ---
  -> 排除列表文件 'exclusion_list.txt' 不存在，跳过。

-------------------- 处理子模组: RealFirearms --------------------

--- 正在为 'RealFirearms' 动态查找 'media' 文件夹 ---
  -> 发现版本目录队列: 42
  --> 找到最高优先级有效版本: 42

--- 阶段 1: 扫描所有 media 路径下的翻译文件 (L1) ---
  -> 正在处理 media 路径: data/workshop_content/3238830225/mods/RealFirearms/42/media
  -> 扫描目录: data/workshop_content/3238830225/mods/RealFirearms/42/media/lua/shared/Translate/EN
     -> 在 'ContextMenu.json' 中找到 1 个键。
     -> 在 'IG_UI.json' 中找到 12 个键。
     -> 在 'ItemName.json' 中找到 228 个键。
     -> 在 'Recipes.json' 中找到 35 个键。
     -> 在 'Sandbox.json' 中找到 105 个键。
     -> 在 'Tooltip.json' 中找到 19 个键。
     -> 在 'language.txt' 中找到 2 个键。
  -> 扫描目录: data/workshop_content/3238830225/mods/RealFirearms/42/media/lua/shared/Translate/CN
     -> 在 'ContextMenu.json' 中找到 1 个键。
     -> 在 'IG_UI.json' 中找到 12 个键。
     -> 在 'ItemName.json' 中找到 228 个键。
     -> 在 'Recipes.json' 中找到 35 个键。
     -> 在 'Sandbox.json' 中找到 105 个键。
     -> 在 'Tooltip.json' 中找到 19 个键。
     -> 在 'language.txt' 中找到 2 个键。
阶段 1 完成: 从 EN 加载了 400 条数据, 从 CN 加载了 400 条数据。

--- 阶段 2: 扫描所有 Media 路径下的 Scripts (L0) ---
  -> 正在处理 Scripts 路径: data/workshop_content/3238830225/mods/RealFirearms/42/media/scripts
    -> 处理: ammo/RF_127x55.txt
    -> 处理: ammo/RF_3006.txt
    -> 处理: ammo/RF_357.txt
    -> 处理: ammo/RF_500.txt
    -> 处理: ammo/RF_762x25.txt
    -> 处理: ammo/RF_762x39.txt
    -> 处理: ammo/RF_762x51.txt
    -> 处理: ammo/RF_762x54.txt
    -> 处理: ammo/RF_792x33.txt
    -> 处理: ammo/RF_792x57.txt
    -> 处理: ammo/RF_9x18.txt
    -> 处理: ammo/Recipes/RF_10.txt
     -> 新增: 1 个 Recipe
    -> 处理: ammo/Recipes/RF_24.txt
    -> 处理: ammo/Recipes/RF_30.txt
    -> 处理: ammo/Recipes/RF_50.txt
    -> 处理: ammo/Recipes/RF_Carton.txt
    -> 处理: ammo/Vanilla/RF_12Gauge.txt
    -> 处理: ammo/Vanilla/RF_45.txt
    -> 处理: ammo/Vanilla/RF_556x45.txt
    -> 处理: ammo/Vanilla/RF_9x19.txt
    -> 处理: weapons/firearm/.30-06/RF_BAR.txt
    -> 处理: weapons/firearm/.30-06/RF_M1903.txt
    -> 处理: weapons/firearm/.30-06/RF_M1Garand.txt
    -> 处理: weapons/firearm/.357/RF_COP357.txt
    -> 处理: weapons/firearm/.357/RF_ColtPython.txt
    -> 处理: weapons/firearm/.45/RF_DeLisle.txt
    -> 处理: weapons/firearm/.45/RF_M3A1.txt
    -> 处理: weapons/firearm/.45/RF_MAC10.txt
    -> 处理: weapons/firearm/.45/RF_MK23.txt
    -> 处理: weapons/firearm/.45/RF_UMP45.txt
    -> 处理: weapons/firearm/.45/RF_USP.txt
    -> 处理: weapons/firearm/.500/RF_Smith&WessonM500.txt
    -> 处理: weapons/firearm/12.7x55/RF_ASh-12.txt
    -> 处理: weapons/firearm/12.7x55/RF_RSh-12.txt
    -> 处理: weapons/firearm/12Gauge/RF_DP12.txt
    -> 处理: weapons/firearm/12Gauge/RF_Mossberg590.txt
    -> 处理: weapons/firearm/12Gauge/RF_SPAS12.txt
    -> 处理: weapons/firearm/12Gauge/RF_Saiga12K.txt
    -> 处理: weapons/firearm/12Gauge/RF_SingleBarrelShotgun.txt
    -> 处理: weapons/firearm/12Gauge/RF_USAS12.txt
    -> 处理: weapons/firearm/5.56x45/RF_ADAR2-15.txt
    -> 处理: weapons/firearm/5.56x45/RF_AR15_SAI_GRY.txt
    -> 处理: weapons/firearm/5.56x45/RF_Colt723.txt
    -> 处理: weapons/firearm/5.56x45/RF_Colt727.txt
    -> 处理: weapons/firearm/5.56x45/RF_G36K.txt
    -> 处理: weapons/firearm/5.56x45/RF_HK416A5.txt
    -> 处理: weapons/firearm/5.56x45/RF_HoneyBadger.txt
    -> 处理: weapons/firearm/5.56x45/RF_M16A1.txt
    -> 处理: weapons/firearm/5.56x45/RF_M249.txt
    -> 处理: weapons/firearm/5.56x45/RF_M4A1.txt
    -> 处理: weapons/firearm/5.56x45/RF_M4SOPMODII.txt
    -> 处理: weapons/firearm/5.56x45/RF_Mini14.txt
    -> 处理: weapons/firearm/5.56x45/RF_SG552.txt
    -> 处理: weapons/firearm/5.56x45/mag/RF_STANAG_30Mag.txt
    -> 处理: weapons/firearm/7.62x25/RF_PPSh41.txt
    -> 处理: weapons/firearm/7.62x25/RF_TT-33.txt
    -> 处理: weapons/firearm/7.62x25/RF_Type64.txt
    -> 处理: weapons/firearm/7.62x39/RF_81-1.txt
    -> 处理: weapons/firearm/7.62x39/RF_AK15.txt
    -> 处理: weapons/firearm/7.62x39/RF_AK47.txt
    -> 处理: weapons/firearm/7.62x39/RF_AKMS.txt
    -> 处理: weapons/firearm/7.62x39/RF_RPD.txt
    -> 处理: weapons/firearm/7.62x39/RF_SKS.txt
    -> 处理: weapons/firearm/7.62x39/mag/RF_6L2_30Mag.txt
    -> 处理: weapons/firearm/7.62x51/RF_DVL-10M1.txt
    -> 处理: weapons/firearm/7.62x51/RF_FAL.txt
    -> 处理: weapons/firearm/7.62x51/RF_M110.txt
    -> 处理: weapons/firearm/7.62x51/RF_M24.txt
    -> 处理: weapons/firearm/7.62x51/RF_M60.txt
    -> 处理: weapons/firearm/7.62x51/RF_MCXSpear.txt
    -> 处理: weapons/firearm/7.62x51/RF_MK17.txt
    -> 处理: weapons/firearm/7.62x51/RF_MK20.txt
    -> 处理: weapons/firearm/7.62x51/mag/RF_SCAR-H_20Mag.txt
    -> 处理: weapons/firearm/7.62x54/RF_AVT40.txt
    -> 处理: weapons/firearm/7.62x54/RF_Mosin-Nagant.txt
    -> 处理: weapons/firearm/7.62x54/RF_PKM.txt
    -> 处理: weapons/firearm/7.62x54/RF_SVD.txt
    -> 处理: weapons/firearm/7.92x33/RF_StG44.txt
    -> 处理: weapons/firearm/7.92x33/RF_VG1-5.txt
    -> 处理: weapons/firearm/7.92x33/mag/RF_StG44_30Mag.txt
    -> 处理: weapons/firearm/7.92x57/RF_FG42.txt
    -> 处理: weapons/firearm/7.92x57/RF_G43.txt
    -> 处理: weapons/firearm/7.92x57/RF_Kar98K.txt
    -> 处理: weapons/firearm/7.92x57/RF_MG42.txt
    -> 处理: weapons/firearm/9x18/RF_APS.txt
    -> 处理: weapons/firearm/9x18/RF_PB.txt
    -> 处理: weapons/firearm/9x18/RF_PM.txt
    -> 处理: weapons/firearm/9x18/RF_PPBizon.txt
    -> 处理: weapons/firearm/9x18/mag/RF_PM_8Mag.txt
    -> 处理: weapons/firearm/9x19/RF_BHP.txt
    -> 处理: weapons/firearm/9x19/RF_Glock18.txt
    -> 处理: weapons/firearm/9x19/RF_MP40.txt
    -> 处理: weapons/firearm/9x19/RF_MP443.txt
    -> 处理: weapons/firearm/9x19/RF_MP5SD.txt
    -> 处理: weapons/firearm/9x19/RF_MP9.txt
    -> 处理: weapons/firearm/9x19/RF_P08.txt
    -> 处理: weapons/firearm/9x19/RF_P226.txt
    -> 处理: weapons/firearm/9x19/RF_RO635.txt
    -> 处理: weapons/firearm/9x19/RF_UMP9.txt
    -> 处理: weapons/firearm/9x19/RF_Vector.txt
    -> 处理: weapons/parts/muzzle_brake/RF_AK15_Muzzle_Brake.txt
    -> 处理: weapons/parts/muzzle_brake/RF_JailBreak_Muzzle_Brake.txt
    -> 处理: weapons/parts/scope/dovetail/RF_1P29_x4Scope.txt
    -> 处理: weapons/parts/scope/dovetail/RF_1P69_x10Scope.txt
    -> 处理: weapons/parts/scope/dovetail/RF_1P78-1_x3Scope.txt
    -> 处理: weapons/parts/scope/dovetail/RF_OKP-7_x1Scope.txt
    -> 处理: weapons/parts/scope/dovetail/RF_PK-AS_x1Scope.txt
    -> 处理: weapons/parts/scope/dovetail/RF_PSO1_x4Scope.txt
    -> 处理: weapons/parts/scope/picatinny/RF_EOTech_EXPS3-0_x1Scope.txt
    -> 处理: weapons/parts/scope/picatinny/RF_EOTech_Vudu_x6Scope.txt
    -> 处理: weapons/parts/scope/picatinny/RF_EOTech_XPS3-2_x1Scope.txt
    -> 处理: weapons/parts/scope/picatinny/RF_SIG_Sauer_TANGO6T_x6Scope.txt
    -> 处理: weapons/parts/scope/picatinny/RF_Trijicon_ACOG_Black_x4Scope.txt
    -> 处理: weapons/parts/scope/picatinny/RF_Trijicon_ACOG_FDE_x4Scope.txt
    -> 处理: weapons/parts/scope/picatinny/RF_Vortex_Razor_HD_Gen3_x6Scope.txt
    -> 处理: weapons/parts/scope/picatinny/RF_Vortex_Strike_Eagle_x8Scope_x8Scope.txt
    -> 处理: weapons/parts/scope/vintage/RF_Aimpoint2000_x1Scope.txt
    -> 处理: weapons/parts/scope/vintage/RF_PU-Tokarev_x3Scope.txt
    -> 处理: weapons/parts/scope/vintage/RF_PU_x3Scope.txt
    -> 处理: weapons/parts/scope/vintage/RF_UnertlM84_x2Scope.txt
    -> 处理: weapons/parts/scope/vintage/RF_Unertl_USMC_x8Scope.txt
    -> 处理: weapons/parts/scope/vintage/RF_ZF39_x4Scope.txt
    -> 处理: weapons/parts/scope/vintage/RF_ZF4_x4Scope.txt
    -> 处理: weapons/parts/scope/vintage/RF_ZFG42_x4Scope.txt
    -> 处理: weapons/parts/suppressor/RF_556x45_Suppressor.txt
    -> 处理: weapons/parts/suppressor/RF_762x51_2_Suppressor.txt
    -> 处理: weapons/parts/suppressor/RF_762x51_Suppressor.txt
    -> 处理: weapons/parts/suppressor/RF_AK47_Suppressor.txt
    -> 处理: weapons/parts/suppressor/RF_ASh-12_Suppressor.txt
    -> 处理: weapons/parts/suppressor/RF_Glock18_Suppressor.txt
    -> 处理: weapons/parts/suppressor/RF_L26_Suppressor.txt
    -> 处理: weapons/parts/suppressor/RF_MAC10_Suppressor.txt
    -> 处理: weapons/parts/suppressor/RF_MP9_Suppressor.txt
    -> 处理: weapons/parts/suppressor/RF_OilFilter_Suppressor.txt
    -> 处理: worlditems/Tool/RF_WD40.txt
阶段 2 完成: 从 scripts 新生成了 1 条数据。

--- 阶段 3: 合并 L0 与 L1 后，纯净英文基准总计: 401 条数据。---

--- 阶段 4: 检测到 3 个与官方重复的键。---

--- 已为 Mod ID 3238830225 更新 436 条键来源映射 ---

--- 正在为 Mod 'RealFirearms' 生成输出文件 ---
    - 最终合并 (output.txt): 401 条
    - 纯净英文 (EN_output.txt/json): 401 条
    - 纯净中文 (CN_output.txt): 400 条
    - 中文独有 (cn_only.txt): 0 条 (增量)
    - 冲突键 (conflict_keys.txt): 3 条
    -> 正在尝试从 Git 历史记录中获取旧版本: data/output_files/RealFirearms_3238830225/EN_output.txt
      --> 成功找到旧版本。
     -> 在 'EN_output.txt (旧版本)' 中找到 372 个键。
    -> 检测到内容变更。新增: 29, 移除: 0

处理成功！所有输出文件已保存在 'RealFirearms_3238830225' 文件夹中。
    -> [内存] 已为 Mod 3238830225 记录 Commit SHA: a95856e
