

========================= 开始处理 Workshop ID: 3524273533 (Real_Tent) =========================

--- 正在检查已完成的翻译于: data/completed_files/3524273533/en_completed.txt ---
     -> 在 'en_completed.txt' 中找到 0 个键。

--- 正在检查待排除的键于: data/completed_files/3524273533/exclusion_list.txt ---
  -> 排除列表文件 'exclusion_list.txt' 不存在，跳过。

-------------------- 处理子模组: Real Tent --------------------

--- 正在为 'Real Tent' 动态查找 'media' 文件夹 ---
  -> 发现版本目录队列: 42
  --> 找到最高优先级有效版本: 42

--- 阶段 1: 扫描所有 media 路径下的翻译文件 (L1) ---
  -> 正在处理 media 路径: data/workshop_content/3524273533/mods/Real Tent/42/media
  -> 扫描目录: data/workshop_content/3524273533/mods/Real Tent/42/media/lua/shared/Translate/EN
    解析 JSON 文件 ContextMenu.json 时发生错误: Expecting property name enclosed in double quotes: line 5 column 1 (char 130)
     -> 在 'ContextMenu.json' 中找到 0 个键。
    解析 JSON 文件 ItemName.json 时发生错误: Expecting property name enclosed in double quotes: line 4 column 1 (char 79)
     -> 在 'ItemName.json' 中找到 0 个键。
    解析 JSON 文件 Moveables.json 时发生错误: Expecting property name enclosed in double quotes: line 27 column 1 (char 994)
     -> 在 'Moveables.json' 中找到 0 个键。
    解析 JSON 文件 Recipes.json 时发生错误: Expecting property name enclosed in double quotes: line 3 column 1 (char 57)
     -> 在 'Recipes.json' 中找到 0 个键。
    解析 JSON 文件 Sandbox.json 时发生错误: Expecting property name enclosed in double quotes: line 62 column 1 (char 4929)
     -> 在 'Sandbox.json' 中找到 0 个键。
    解析 JSON 文件 Tooltip.json 时发生错误: Expecting property name enclosed in double quotes: line 3 column 1 (char 135)
     -> 在 'Tooltip.json' 中找到 0 个键。
阶段 1 完成: 从 EN 加载了 0 条数据, 从 CN 加载了 0 条数据。

--- 阶段 2: 扫描所有 Media 路径下的 Scripts (L0) ---
  -> 正在处理 Scripts 路径: data/workshop_content/3524273533/mods/Real Tent/42/media/scripts
    -> 处理: DuplicateTentKey.txt
     -> 新增: 1 个 Recipe
    -> 处理: TentKey.txt
阶段 2 完成: 从 scripts 新生成了 1 条数据。

--- 阶段 3: 合并 L0 与 L1 后，纯净英文基准总计: 1 条数据。---

--- 已为 Mod ID 3524273533 更新 1 条键来源映射 ---

--- 正在为 Mod 'Real_Tent' 生成输出文件 ---
    - 最终合并 (output.txt): 1 条
    - 纯净英文 (EN_output.txt/json): 1 条
    - 纯净中文 (CN_output.txt): 0 条
    - 中文独有 (cn_only.txt): 0 条 (增量)
    - 冲突键 (conflict_keys.txt): 0 条
    -> 正在尝试从 Git 历史记录中获取旧版本: data/output_files/Real_Tent_3524273533/EN_output.txt
      --> 成功找到旧版本。
     -> 在 'EN_output.txt (旧版本)' 中找到 5 个键。
    -> 检测到内容变更。新增: 1, 移除: 5

处理成功！所有输出文件已保存在 'Real_Tent_3524273533' 文件夹中。
    -> [内存] 已为 Mod 3524273533 记录 Commit SHA: 4189987
