

========================= 开始处理 Workshop ID: 3615135168 (ResearchLabInternProfession) =========================

--- 正在检查已完成的翻译于: data/completed_files/3615135168/en_completed.txt ---
     -> 在 'en_completed.txt' 中找到 0 个键。

--- 正在检查待排除的键于: data/completed_files/3615135168/exclusion_list.txt ---
  -> 排除列表文件 'exclusion_list.txt' 不存在，跳过。

-------------------- 处理子模组: ResearchLabInternProfession --------------------

--- 正在为 'ResearchLabInternProfession' 动态查找 'media' 文件夹 ---
  -> 发现版本目录队列: 42
  --> 找到最高优先级有效版本: 42

--- 阶段 1: 扫描所有 media 路径下的翻译文件 (L1) ---
  -> 正在处理 media 路径: data/workshop_content/3615135168/mods/ResearchLabInternProfession/42/media
  -> 扫描目录: data/workshop_content/3615135168/mods/ResearchLabInternProfession/42/media/lua/shared/Translate/EN
     -> 在 'ItemName_EN.txt' 中找到 6 个键。
     -> 在 'Print_Media_EN.txt' 中找到 12 个键。
     -> 在 'Print_Text_EN.txt' 中找到 12 个键。
     -> 在 'Tooltip_EN.txt' 中找到 6 个键。
     -> 在 'UI_EN.txt' 中找到 4 个键。
阶段 1 完成: 从 EN 加载了 40 条数据, 从 CN 加载了 0 条数据。

--- 阶段 2: 扫描所有 Media 路径下的 Scripts (L0) ---
  -> 正在处理 Scripts 路径: data/workshop_content/3615135168/mods/ResearchLabInternProfession/42/media/scripts
    -> 处理: generated/characters/lab_character_professions.txt
    -> 处理: generated/characters/lab_character_traits.txt
    -> 处理: generated/items/ProfessionItems.txt
阶段 2 完成: 从 scripts 新生成了 0 条数据。

--- 阶段 3: 合并 L0 与 L1 后，纯净英文基准总计: 40 条数据。---

-------------------- 处理子模组: ZVirusVaccine42 --------------------

--- 正在为 'ZVirusVaccine42' 动态查找 'media' 文件夹 ---
  -> 发现版本目录队列: 42
  --> 找到最高优先级有效版本: 42

--- 阶段 1: 扫描所有 media 路径下的翻译文件 (L1) ---
  -> 正在处理 media 路径: data/workshop_content/3615135168/mods/ZVirusVaccine42/42/media
  -> 扫描目录: data/workshop_content/3615135168/mods/ZVirusVaccine42/42/media/lua/shared/Translate/EN
     -> 在 'ContextMenu_EN.txt' 中找到 27 个键。
     -> 在 'IG_UI_EN.txt' 中找到 42 个键。
     -> 在 'ItemName_EN.txt' 中找到 80 个键。
     -> 在 'Recipes_EN.txt' 中找到 72 个键。
     -> 在 'Tooltip_EN.txt' 中找到 67 个键。
阶段 1 完成: 从 EN 加载了 288 条数据, 从 CN 加载了 0 条数据。

--- 阶段 2: 扫描所有 Media 路径下的 Scripts (L0) ---
  -> 正在处理 Scripts 路径: data/workshop_content/3615135168/mods/ZVirusVaccine42/42/media/scripts
    -> 处理: generated/LabBooks.txt
    -> 处理: generated/LabItems.txt
     -> 新增: 4 个 Item
    -> 处理: generated/LabModels.txt
    -> 处理: generated/recipes/LabRecipes.txt
     -> 新增: 8 个 Recipe
阶段 2 完成: 从 scripts 新生成了 12 条数据。

--- 阶段 3: 合并 L0 与 L1 后，纯净英文基准总计: 300 条数据。---

--- 阶段 4: 检测到 1 个与官方重复的键。---

-------------------- 处理子模组: ZVirusVaccine42BETA --------------------

--- 正在为 'ZVirusVaccine42BETA' 动态查找 'media' 文件夹 ---
  -> 发现版本目录队列: 42.13
  --> 找到最高优先级有效版本: 42.13

--- 阶段 1: 扫描所有 media 路径下的翻译文件 (L1) ---
  -> 正在处理 media 路径: data/workshop_content/3615135168/mods/ZVirusVaccine42BETA/42.13/media
  -> 扫描目录: data/workshop_content/3615135168/mods/ZVirusVaccine42BETA/42.13/media/lua/shared/Translate/EN
     -> 在 'ContextMenu_EN.txt' 中找到 39 个键。
     -> 在 'Fluids_EN.txt' 中找到 17 个键。
     -> 在 'IG_UI_EN.txt' 中找到 74 个键。
     -> 在 'ItemName_EN.txt' 中找到 103 个键。
     -> 在 'Recipes_EN.txt' 中找到 91 个键。
     -> 在 'Sandbox_EN.txt' 中找到 67 个键。
     -> 在 'Tooltip_EN.txt' 中找到 98 个键。
阶段 1 完成: 从 EN 加载了 489 条数据, 从 CN 加载了 0 条数据。

--- 阶段 2: 扫描所有 Media 路径下的 Scripts (L0) ---
  -> 正在处理 Scripts 路径: data/workshop_content/3615135168/mods/ZVirusVaccine42BETA/42.13/media/scripts
    -> 处理: entities/lab/workstations/entity_LabCentrifuge_xuiSkin.txt
    -> 处理: entities/lab/workstations/entity_LabChemistrySet_xuiSkin.txt
    -> 处理: entities/lab/workstations/entity_LabChromatograph_xuiSkin.txt
    -> 处理: entities/lab/workstations/entity_LabEasel_xuiSkin.txt
    -> 处理: entities/lab/workstations/entity_LabMicroscope_xuiSkin.txt
    -> 处理: entities/lab/workstations/entity_LabMuffleFurnace_xuiSkin.txt
    -> 处理: entities/lab/workstations/entity_LabSpectrometer_xuiSkin.txt
    -> 处理: entities/lab/workstations/entity_LabWorkbench_xuiSkin.txt
    -> 处理: generated/LabActions.txt
    -> 处理: generated/LabFluids.txt
    -> 处理: generated/entities/lab/craftRecipes/recipes_LabCentrifuge.txt
     -> 新增: 1 个 Recipe
    -> 处理: generated/entities/lab/craftRecipes/recipes_LabChemistrySet.txt
     -> 新增: 2 个 Recipe
    -> 处理: generated/entities/lab/craftRecipes/recipes_LabChromatograph.txt
    -> 处理: generated/entities/lab/craftRecipes/recipes_LabEasel.txt
     -> 新增: 1 个 Recipe
    -> 处理: generated/entities/lab/craftRecipes/recipes_LabMicroscope.txt
    -> 处理: generated/entities/lab/craftRecipes/recipes_LabMuffleFurnace.txt
     -> 新增: 1 个 Recipe
    -> 处理: generated/entities/lab/craftRecipes/recipes_LabSpectrometer.txt
    -> 处理: generated/entities/lab/craftRecipes/recipes_LabWorkbench.txt
     -> 新增: 2 个 Recipe
    -> 处理: generated/entities/lab/workstations/entity_LabCentrifuge.txt
    -> 处理: generated/entities/lab/workstations/entity_LabChemistrySet.txt
    -> 处理: generated/entities/lab/workstations/entity_LabChromatograph.txt
    -> 处理: generated/entities/lab/workstations/entity_LabEasel.txt
    -> 处理: generated/entities/lab/workstations/entity_LabMicroscope.txt
    -> 处理: generated/entities/lab/workstations/entity_LabMuffleFurnace.txt
    -> 处理: generated/entities/lab/workstations/entity_LabSpectrometer.txt
    -> 处理: generated/entities/lab/workstations/entity_LabWorkbench.txt
     -> 新增: 1 个 Recipe
    -> 处理: generated/items/LabBooks.txt
    -> 处理: generated/items/LabItems.txt
    -> 处理: generated/items/LabModels.txt
    -> 处理: generated/recipes/LabRecipes.txt
     -> 新增: 4 个 Recipe
    -> 处理: generated/recipes/LabRecipesTemp.txt
     -> 新增: 4 个 Recipe
    -> 处理: generated/temp/LabItemsOld.txt
    -> 处理: generated/temp/LabTestZone.txt
    -> 处理: sounds/LabSounds.txt
阶段 2 完成: 从 scripts 新生成了 16 条数据。

--- 阶段 3: 合并 L0 与 L1 后，纯净英文基准总计: 505 条数据。---

--- 阶段 4: 检测到 2 个与官方重复的键。---

--- 已为 Mod ID 3615135168 更新 569 条键来源映射 ---

--- 正在为 Mod 'ResearchLabInternProfession' 生成输出文件 ---
    - 最终合并 (output.txt): 569 条
    - 纯净英文 (EN_output.txt): 569 条
    - 纯净中文 (CN_output.txt): 0 条
    - 英文待办 (en_todo.txt): 569 条 (增量)
    - 中文独有 (cn_only.txt): 0 条 (增量)
    - 冲突键 (conflict_keys.txt): 2 条
    -> 正在尝试从 Git 历史记录中获取旧版本: data/output_files/ResearchLabInternProfession_3615135168/EN_todo.txt
      --> 成功找到旧版本。
     -> 在 'EN_todo.txt (旧版本)' 中找到 530 个键。
    -> 检测到内容变更。新增: 40, 移除: 1

处理成功！所有输出文件已保存在 'ResearchLabInternProfession_3615135168' 文件夹中。
    -> [内存] 已为 Mod 3615135168 记录 Commit SHA: 04c86cf
