

========================= 开始处理 Workshop ID: 3409472393 (RotatorsLib) =========================

--- 正在检查已完成的翻译于: data/completed_files/3409472393/en_completed.txt ---
     -> 在 'en_completed.txt' 中找到 0 个键。

--- 正在检查待排除的键于: data/completed_files/3409472393/exclusion_list.txt ---
  -> 排除列表文件 'exclusion_list.txt' 不存在，跳过。

-------------------- 处理子模组: RotatorsLib --------------------

--- 正在为 'RotatorsLib' 动态查找 'media' 文件夹 ---
  -> 发现版本目录队列: 42.15, 42
  --> 找到最高优先级有效版本: 42.15

--- 阶段 1: 扫描所有 media 路径下的翻译文件 (L1) ---
  -> 正在处理 media 路径: data/workshop_content/3409472393/mods/RotatorsLib/42.15/media
  -> 扫描目录: data/workshop_content/3409472393/mods/RotatorsLib/42.15/media/lua/shared/Translate/EN
     -> 在 'UI.json' 中找到 14 个键。
阶段 1 完成: 从 EN 加载了 14 条数据, 从 CN 加载了 0 条数据。

--- 阶段 2: 扫描所有 Media 路径下的 Scripts (L0) ---
阶段 2 完成: 从 scripts 新生成了 0 条数据。

--- 阶段 3: 合并 L0 与 L1 后，纯净英文基准总计: 14 条数据。---

-------------------- 处理子模组: rSemiTruck --------------------

--- 正在为 'rSemiTruck' 动态查找 'media' 文件夹 ---
  -> 找到有效 Common 路径: data/workshop_content/3409472393/mods/rSemiTruck/common/media
  -> 发现版本目录队列: 42.17
  --> 找到最高优先级有效版本: 42.17

--- 阶段 1: 扫描所有 media 路径下的翻译文件 (L1) ---
  -> 正在处理 media 路径: data/workshop_content/3409472393/mods/rSemiTruck/common/media
  -> 扫描目录: data/workshop_content/3409472393/mods/rSemiTruck/common/media/lua/shared/Translate/EN
     -> 在 'ContextMenu.json' 中找到 20 个键。
     -> 在 'Fluids.json' 中找到 2 个键。
     -> 在 'IG_UI.json' 中找到 53 个键。
     -> 在 'ItemName.json' 中找到 17 个键。
     -> 在 'Recipes.json' 中找到 23 个键。
     -> 在 'Sandbox.json' 中找到 5 个键。
     -> 在 'Tooltip.json' 中找到 4 个键。
     -> 在 'ContextMenu_EN.txt' 中找到 12 个键。
     -> 在 'IG_UI_EN.txt' 中找到 36 个键。
     -> 在 'ItemName_EN.txt' 中找到 12 个键。
     -> 在 'Tooltip_EN.txt' 中找到 1 个键。
  -> 正在处理 media 路径: data/workshop_content/3409472393/mods/rSemiTruck/42.17/media
  -> 扫描目录: data/workshop_content/3409472393/mods/rSemiTruck/42.17/media/lua/shared/Translate/EN
     -> 在 'UI.json' 中找到 14 个键。
阶段 1 完成: 从 EN 加载了 152 条数据, 从 CN 加载了 0 条数据。

--- 阶段 2: 扫描所有 Media 路径下的 Scripts (L0) ---
  -> 正在处理 Scripts 路径: data/workshop_content/3409472393/mods/rSemiTruck/common/media/scripts
    -> 处理: clothes/RotatorsHats.txt
    -> 处理: recipes/SemiTruck_recipes.txt
     -> 新增: 3 个 Recipe
    -> 处理: sound/W900CarSounds.txt
    -> 处理: vehicles/SemiTruckEngine.txt
    -> 处理: vehicles/template_vehicle_freezer.txt
    -> 处理: vehicles/templates/SemiTruckTrailerCollision.txt
    -> 处理: vehicles/templates/template_rSemiTrailerParts.txt
    -> 处理: vehicles/templates/template_rSemiTrailerSpare.txt
    -> 处理: vehicles/templates/template_rSemiTrailerTank.txt
    -> 处理: vehicles/templates/template_rSemiTruck.txt
    -> 处理: vehicles/templates/template_rSemiTruckArmor.txt
    -> 处理: vehicles/templates/template_rSemiTruckBox.txt
    -> 处理: vehicles/templates/template_rSemiTruckTrunk.txt
    -> 处理: vehicles/templates/template_rSemiTruck_4tire_axle.txt
    -> 处理: vehicles/templates/template_rSemiTruck_DoubleTire.txt
    -> 处理: vehicles/templates/template_rSemiTruck_Sound.txt
    -> 处理: vehicles/trailer_cartrailer.txt
    -> 处理: vehicles/trailer_lowbed.txt
    -> 处理: vehicles/trailer_rCistern.txt
    -> 处理: vehicles/trailer_rVan.txt
    -> 处理: vehicles/trailer_rVan_Cattle.txt
    -> 处理: vehicles/trailer_rVan_mil.txt
    -> 处理: vehicles/vehicles_rSemiTruck.txt
    -> 处理: vehicles/vehicles_rSemiTruckBox.txt
    -> 处理: vehicles/vehicles_rSemiTruckBox_mil.txt
    -> 处理: vehicles/vehicles_rSemiTruckLite.txt
    -> 处理: vehicles/vehicles_rSemiTruck_mil.txt
    -> 处理: vehicles/vehicles_rSemiTruck_models.txt
    -> 处理: vehicles/vehicles_rSemiTruck_vehiclesfixing.txt
    -> 处理: vehicles/vehicles_rSemiTruck_vehiclesitems.txt
阶段 2 完成: 从 scripts 新生成了 3 条数据。

--- 阶段 3: 合并 L0 与 L1 后，纯净英文基准总计: 155 条数据。---

--- 阶段 4: 检测到 1 个与官方重复的键。---

--- 已为 Mod ID 3409472393 更新 170 条键来源映射 ---

--- 正在为 Mod 'RotatorsLib' 生成输出文件 ---
    - 最终合并 (output.txt): 155 条
    - 纯净英文 (EN_output.txt/json): 155 条
    - 纯净中文 (CN_output.txt): 0 条
    - 中文独有 (cn_only.txt): 0 条 (增量)
    - 冲突键 (conflict_keys.txt): 1 条
    -> 正在尝试从 Git 历史记录中获取旧版本: data/output_files/RotatorsLib_3409472393/EN_output.txt
      --> 成功找到旧版本。
     -> 在 'EN_output.txt (旧版本)' 中找到 155 个键。

处理成功！所有输出文件已保存在 'RotatorsLib_3409472393' 文件夹中。
    -> [内存] 已为 Mod 3409472393 记录 Commit SHA: 0b9dc6b
