

========================= 开始处理 Workshop ID: 3580511016 (SCP_Pack) =========================

--- 正在检查已完成的翻译于: data/completed_files/3580511016/en_completed.txt ---
     -> 在 'en_completed.txt' 中找到 0 个键。

--- 正在检查待排除的键于: data/completed_files/3580511016/exclusion_list.txt ---
  -> 排除列表文件 'exclusion_list.txt' 不存在，跳过。

-------------------- 处理子模组: SCP Pack --------------------

--- 正在为 'SCP Pack' 动态查找 'media' 文件夹 ---
  -> 找到有效 Common 路径: data/workshop_content/3580511016/mods/SCP Pack/common/media
  -> 发现版本目录队列: 42
  --> 找到最高优先级有效版本: 42

--- 阶段 1: 扫描所有 media 路径下的翻译文件 (L1) ---
  -> 正在处理 media 路径: data/workshop_content/3580511016/mods/SCP Pack/common/media
  -> 扫描目录: data/workshop_content/3580511016/mods/SCP Pack/common/media/lua/shared/Translate/EN
     -> 在 'ContextMenu.json' 中找到 3 个键。
     -> 在 'Recipes.json' 中找到 1 个键。
     -> 在 'Sandbox.json' 中找到 21 个键。
     -> 在 'Tooltip.json' 中找到 30 个键。
     -> 在 'UI.json' 中找到 20 个键。
  -> 正在处理 media 路径: data/workshop_content/3580511016/mods/SCP Pack/42/media
阶段 1 完成: 从 EN 加载了 75 条数据, 从 CN 加载了 0 条数据。

--- 阶段 2: 扫描所有 Media 路径下的 Scripts (L0) ---
  -> 正在处理 Scripts 路径: data/workshop_content/3580511016/mods/SCP Pack/42/media/scripts
    -> 处理: clothing/scp_accessories.txt
     -> 新增: 2 个 Item
    -> 处理: clothing/scp_bags.txt
     -> 新增: 1 个 Item
    -> 处理: clothing/scp_gasmasks.txt
     -> 新增: 2 个 Item
    -> 处理: clothing/scp_gloves.txt
     -> 新增: 1 个 Item
    -> 处理: clothing/scp_hazmat.txt
     -> 新增: 1 个 Item
    -> 处理: clothing/scp_helmets.txt
     -> 新增: 4 个 Item
    -> 处理: clothing/scp_jumpsuits.txt
     -> 新增: 3 个 Item
    -> 处理: clothing/scp_protectionpads.txt
     -> 新增: 4 个 Item
    -> 处理: clothing/scp_shirts.txt
     -> 新增: 2 个 Item
    -> 处理: clothing/scp_vest.txt
     -> 新增: 3 个 Item
    -> 处理: clothing/scp_webbing.txt
     -> 新增: 2 个 Item
    -> 处理: items/scp_items.txt
     -> 新增: 6 个 Item
    -> 处理: models/models.txt
    -> 处理: recipes/scp_fixing.txt
    -> 处理: sounds/scp_sounds.txt
阶段 2 完成: 从 scripts 新生成了 31 条数据。

--- 阶段 3: 合并 L0 与 L1 后，纯净英文基准总计: 106 条数据。---

--- 已为 Mod ID 3580511016 更新 106 条键来源映射 ---

--- 正在为 Mod 'SCP_Pack' 生成输出文件 ---
    - 最终合并 (output.txt): 106 条
    - 纯净英文 (EN_output.txt/json): 106 条
    - 纯净中文 (CN_output.txt): 0 条
    - 中文独有 (cn_only.txt): 0 条 (增量)
    - 冲突键 (conflict_keys.txt): 0 条
    -> 正在尝试从 Git 历史记录中获取旧版本: data/output_files/SCP_Pack_3580511016/EN_output.txt
      --> 成功找到旧版本。
     -> 在 'EN_output.txt (旧版本)' 中找到 73 个键。
    -> 检测到内容变更。新增: 33, 移除: 0

处理成功！所有输出文件已保存在 'SCP_Pack_3580511016' 文件夹中。
    -> [内存] 已为 Mod 3580511016 记录 Commit SHA: e6bb7ca
