

========================= 开始处理 Workshop ID: 3494374578 (SecretZ_Operations_B42) =========================

--- 正在检查已完成的翻译于: data/completed_files/3494374578/en_completed.txt ---
  -> 文件 'en_completed.txt' 在目标位置不存在，将自动创建。

--- 正在检查待排除的键于: data/completed_files/3494374578/exclusion_list.txt ---
  -> 排除列表文件 'exclusion_list.txt' 不存在，跳过。

-------------------- 处理子模组: SecretZ_Operations_B42 --------------------

--- 正在为 'SecretZ_Operations_B42' 动态查找 'media' 文件夹 ---
  -> 找到有效 Common 路径: data/workshop_content/3494374578/mods/SecretZ_Operations_B42/common/media
  -> 发现版本目录队列: 42.13, 42.0
  --> 找到最高优先级有效版本: 42.13

--- 阶段 1: 扫描所有 media 路径下的翻译文件 (L1) ---
  -> 正在处理 media 路径: data/workshop_content/3494374578/mods/SecretZ_Operations_B42/common/media
  -> 扫描目录: data/workshop_content/3494374578/mods/SecretZ_Operations_B42/common/media/lua/shared/Translate/EN
     -> 在 'Challenge_EN.txt' 中找到 2 个键。
     -> 在 'Items_EN.txt' 中找到 0 个键。
     -> 在 'Tooltip_EN.txt' 中找到 6 个键。
     -> 在 'UI_EN.txt' 中找到 22 个键。
  -> 正在处理 media 路径: data/workshop_content/3494374578/mods/SecretZ_Operations_B42/42.13/media
  -> 扫描目录: data/workshop_content/3494374578/mods/SecretZ_Operations_B42/42.13/media/lua/shared/Translate/EN
     -> 在 'Challenge_EN.txt' 中找到 2 个键。
     -> 在 'Items_EN.txt' 中找到 0 个键。
     -> 在 'Tooltip_EN.txt' 中找到 6 个键。
     -> 在 'UI_EN.txt' 中找到 22 个键。
阶段 1 完成: 从 EN 加载了 30 条数据, 从 CN 加载了 0 条数据。

--- 阶段 2: 扫描所有 Media 路径下的 Scripts (L0) ---
  -> 正在处理 Scripts 路径: data/workshop_content/3494374578/mods/SecretZ_Operations_B42/common/media/scripts
    -> 处理: SZ_Operations_Moveables.txt
     -> 新增: 1 个 Item
    -> 处理: SZ_Operations_Recipes.txt
     -> 新增: 3 个 Recipe
    -> 处理: SZ_Operations_items.txt
     -> 新增: 1 个 Item
    -> 处理: SecretZ_Labs_Operations.txt
     -> 新增: 12 个 Item
    -> 处理: clothing/SZ_operations_bags.txt
     -> 新增: 2 个 Item
  -> 正在处理 Scripts 路径: data/workshop_content/3494374578/mods/SecretZ_Operations_B42/42.13/media/scripts
    -> 处理: SZ_Operations_Moveables.txt
    -> 处理: SZ_Operations_Recipes.txt
    -> 处理: SZ_Operations_items.txt
    -> 处理: SecretZ_Labs_Operations.txt
    -> 处理: clothing/SZ_operations_bags.txt
    -> 处理: generated/characters/sz_character_professions.txt
    -> 处理: generated/characters/sz_character_traits.txt
阶段 2 完成: 从 scripts 新生成了 19 条数据。

--- 阶段 3: 合并 L0 与 L1 后，纯净英文基准总计: 49 条数据。---

-------------------- 处理子模组: Secretz42 --------------------

--- 正在为 'Secretz42' 动态查找 'media' 文件夹 ---
  -> 发现版本目录队列: 42.13, 42.0
  --> 找到最高优先级有效版本: 42.13

--- 阶段 1: 扫描所有 media 路径下的翻译文件 (L1) ---
  -> 正在处理 media 路径: data/workshop_content/3494374578/mods/Secretz42/42.13/media
  -> 扫描目录: data/workshop_content/3494374578/mods/Secretz42/42.13/media/lua/shared/Translate/EN
     -> 在 '!TranslationNotes_EN.txt' 中找到 0 个键。
     -> 在 'ContextMenu_EN.txt' 中找到 10 个键。
     -> 在 'Fluids_EN.txt' 中找到 1 个键。
     -> 在 'IG_UI_EN.txt' 中找到 19 个键。
     -> 在 'Items_EN.txt' 中找到 0 个键。
     -> 在 'Tooltip_EN.txt' 中找到 22 个键。
     -> 在 'UI_EN.txt' 中找到 2 个键。
阶段 1 完成: 从 EN 加载了 54 条数据, 从 CN 加载了 0 条数据。

--- 阶段 2: 扫描所有 Media 路径下的 Scripts (L0) ---
  -> 正在处理 Scripts 路径: data/workshop_content/3494374578/mods/Secretz42/42.13/media/scripts
    -> 处理: entities/appliances/workstations/entity_milwaterdispenser.txt
    -> 处理: generated/BAS_Sound.txt
    -> 处理: generated/SZ_Briefcase_recipes.txt
     -> 新增: 8 个 Recipe
    -> 处理: generated/SZ_Missions_items.txt
     -> 新增: 51 个 Item, 6 个 Recipe
    -> 处理: generated/SZ_Special_Recipes.txt
     -> 新增: 10 个 Recipe
    -> 处理: generated/SecretZMov.txt
     -> 新增: 2 个 Item
    -> 处理: generated/SecretZ_Labs.txt
     -> 新增: 39 个 Item
    -> 处理: generated/SecretZ_items.txt
     -> 新增: 19 个 Item
    -> 处理: generated/SecretZ_sounds_world.txt
    -> 处理: generated/SecretZkeys.txt
     -> 新增: 15 个 Item
    -> 处理: generated/SecretZmaps.txt
     -> 新增: 32 个 Item
    -> 处理: generated/clothing/SZ_clothing_bags.txt
     -> 新增: 13 个 Item
    -> 处理: generated/clothing/SZ_clothing_hats.txt
     -> 新增: 3 个 Item
    -> 处理: generated/clothing/SZ_clothing_suits.txt
     -> 新增: 9 个 Item
    -> 处理: generated/vehicles/vehicle_stepvan_pgbcs.txt
    -> 处理: generated/vehicles/vehicle_stepvan_pharmagen.txt
阶段 2 完成: 从 scripts 新生成了 207 条数据。

--- 阶段 3: 合并 L0 与 L1 后，纯净英文基准总计: 261 条数据。---

--- 阶段 4: 检测到 2 个与官方重复的键。---

--- 已为 Mod ID 3494374578 更新 309 条键来源映射 ---

--- 正在为 Mod 'SecretZ_Operations_B42' 生成输出文件 ---
    - 最终合并 (output.txt): 309 条
    - 纯净英文 (EN_output.txt/json): 309 条
    - 纯净中文 (CN_output.txt): 0 条
    - 中文独有 (cn_only.txt): 0 条 (增量)
    - 冲突键 (conflict_keys.txt): 2 条
    -> 正在尝试从 Git 历史记录中获取旧版本: data/output_files/SecretZ_Operations_B42_3494374578/EN_output.txt
      --> 在 Git 历史记录中未找到该文件，视为全新。
    -> 基线日志已存档到: data/logs/archive/SecretZ_Operations_B42_3494374578_baseline_run_20260310_144016.json

处理成功！所有输出文件已保存在 'SecretZ_Operations_B42_3494374578' 文件夹中。
    -> 警告：未能获取 Mod 3494374578 的完成文件SHA，状态未记录。
