

========================= 开始处理 Workshop ID: 3513107552 (Sector-7_Breach) =========================

--- 正在检查已完成的翻译于: data/completed_files/3513107552/en_completed.txt ---
     -> 在 'en_completed.txt' 中找到 5 个键。

--- 正在检查待排除的键于: data/completed_files/3513107552/exclusion_list.txt ---
  -> 排除列表文件 'exclusion_list.txt' 不存在，跳过。

-------------------- 处理子模组: Sector-7 Breach --------------------

--- 正在为 'Sector-7 Breach' 动态查找 'media' 文件夹 ---
  -> 找到有效 Common 路径: data/workshop_content/3513107552/mods/Sector-7 Breach/common/media
  -> 发现版本目录队列: 42
  --> 版本 42 无效或为空，尝试检查下一个低版本...

--- 阶段 1: 扫描所有 media 路径下的翻译文件 (L1) ---
  -> 正在处理 media 路径: data/workshop_content/3513107552/mods/Sector-7 Breach/common/media
  -> 扫描目录: data/workshop_content/3513107552/mods/Sector-7 Breach/common/media/lua/shared/Translate/EN
     -> 在 'Fluids.json' 中找到 8 个键。
     -> 在 'IG_UI.json' 中找到 1 个键。
     -> 在 'ItemName.json' 中找到 11 个键。
     -> 在 'Recipes.json' 中找到 6 个键。
     -> 在 'Sandbox.json' 中找到 3 个键。
     -> 在 'Tooltip.json' 中找到 2 个键。
  -> 扫描目录: data/workshop_content/3513107552/mods/Sector-7 Breach/common/media/lua/shared/Translate/CN
     -> 在 'ContextMenu.json' 中找到 1 个键。
     -> 在 'Fluids.json' 中找到 8 个键。
     -> 在 'IG_UI.json' 中找到 62 个键。
     -> 在 'ItemName.json' 中找到 12 个键。
     -> 在 'Recipes.json' 中找到 6 个键。
     -> 在 'Sandbox.json' 中找到 3 个键。
     -> 在 'Tooltip.json' 中找到 5 个键。
阶段 1 完成: 从 EN 加载了 31 条数据, 从 CN 加载了 97 条数据。

--- 阶段 2: 扫描所有 Media 路径下的 Scripts (L0) ---
  -> 正在处理 Scripts 路径: data/workshop_content/3513107552/mods/Sector-7 Breach/common/media/scripts
    -> 处理: Hit_Sound.txt
    -> 处理: Meiya'sCityItems.txt
     -> 新增: 12 个 Item
    -> 处理: Meiya'sCityRecipes.txt
     -> 新增: 2 个 Recipe
    -> 处理: Meiya'sCityRepair.txt
    -> 处理: Meiya_models.txt
    -> 处理: attachments.txt
    -> 处理: recipes_Meiya'sBagUpgrade.txt
阶段 2 完成: 从 scripts 新生成了 14 条数据。

--- 阶段 3: 合并 L0 与 L1 后，纯净英文基准总计: 45 条数据。---

-------------------- 处理子模组: Sector-7 Breach Highway --------------------

--- 正在为 'Sector-7 Breach Highway' 动态查找 'media' 文件夹 ---
  -> 发现版本目录队列: 42
  --> 版本 42 无效或为空，尝试检查下一个低版本...
  --> 未能在 Common 或 版本目录队列中找到任何有效的 'media' 文件夹。

--- 已为 Mod ID 3513107552 更新 111 条键来源映射 ---

--- 正在为 Mod 'Sector-7_Breach' 生成输出文件 ---
    - 最终合并 (output.txt): 111 条
    - 纯净英文 (EN_output.txt/json): 45 条
    - 纯净中文 (CN_output.txt): 97 条
    - 中文独有 (cn_only.txt): 66 条 (增量)
    - 冲突键 (conflict_keys.txt): 0 条
    -> 正在尝试从 Git 历史记录中获取旧版本: data/output_files/Sector-7_Breach_3513107552/EN_output.txt
      --> 成功找到旧版本。
     -> 在 'EN_output.txt (旧版本)' 中找到 25 个键。
    -> 检测到内容变更。新增: 20, 移除: 0

处理成功！所有输出文件已保存在 'Sector-7_Breach_3513107552' 文件夹中。
    -> [内存] 已为 Mod 3513107552 记录 Commit SHA: 104640c
