

========================= 开始处理 Workshop ID: 3623275770 (SimAntibodies) =========================

--- 正在检查已完成的翻译于: data/completed_files/3623275770/en_completed.txt ---
     -> 在 'en_completed.txt' 中找到 0 个键。

--- 正在检查待排除的键于: data/completed_files/3623275770/exclusion_list.txt ---
  -> 排除列表文件 'exclusion_list.txt' 不存在，跳过。

-------------------- 处理子模组: SimAntibodies --------------------

--- 正在为 'SimAntibodies' 动态查找 'media' 文件夹 ---
  -> 发现版本目录队列: 42
  --> 找到最高优先级有效版本: 42

--- 阶段 1: 扫描所有 media 路径下的翻译文件 (L1) ---
  -> 正在处理 media 路径: data/workshop_content/3623275770/mods/SimAntibodies/42/media
  -> 扫描目录: data/workshop_content/3623275770/mods/SimAntibodies/42/media/lua/shared/Translate/EN
     -> 在 'IG_UI_EN.txt' 中找到 42 个键。
     -> 在 'Sandbox_EN.txt' 中找到 81 个键。
  -> 扫描目录: data/workshop_content/3623275770/mods/SimAntibodies/42/media/lua/shared/Translate/CN
    处理文件 IG_UI_CN.txt 时发生错误: 'utf-8' codec can't decode byte 0xfe in position 0: invalid start byte
     -> 在 'IG_UI_CN.txt' 中找到 0 个键。
    处理文件 Sandbox_CN.txt 时发生错误: 'utf-8' codec can't decode byte 0xfe in position 0: invalid start byte
     -> 在 'Sandbox_CN.txt' 中找到 0 个键。
阶段 1 完成: 从 EN 加载了 123 条数据, 从 CN 加载了 0 条数据。

--- 阶段 2: 扫描所有 Media 路径下的 Scripts (L0) ---
阶段 2 完成: 从 scripts 新生成了 0 条数据。

--- 阶段 3: 合并 L0 与 L1 后，纯净英文基准总计: 123 条数据。---

--- 已为 Mod ID 3623275770 更新 123 条键来源映射 ---

--- 正在为 Mod 'SimAntibodies' 生成输出文件 ---
    - 最终合并 (output.txt): 123 条
    - 纯净英文 (EN_output.txt): 123 条
    - 纯净中文 (CN_output.txt): 0 条
    - 英文待办 (en_todo.txt): 123 条 (增量)
    - 中文独有 (cn_only.txt): 0 条 (增量)
    - 冲突键 (conflict_keys.txt): 0 条
    -> 正在尝试从 Git 历史记录中获取旧版本: data/output_files/SimAntibodies_3623275770/EN_todo.txt
      --> 成功找到旧版本。
     -> 在 'EN_todo.txt (旧版本)' 中找到 0 个键。
    -> 检测到内容变更。新增: 123, 移除: 0

处理成功！所有输出文件已保存在 'SimAntibodies_3623275770' 文件夹中。
    -> [内存] 已为 Mod 3623275770 记录 Commit SHA: b6828b1
