

========================= 开始处理 Workshop ID: 2991923398 (simplelockpicking) =========================

--- 正在检查已完成的翻译于: data/completed_files/2991923398/en_completed.txt ---
  -> 文件 'en_completed.txt' 在目标位置不存在，将自动创建。

--- 正在检查待排除的键于: data/completed_files/2991923398/exclusion_list.txt ---
  -> 排除列表文件 'exclusion_list.txt' 不存在，跳过。

-------------------- 处理子模组: simplelockpicking --------------------

--- 正在为 'simplelockpicking' 动态查找 'media' 文件夹 ---
  -> 找到有效 Common 路径: data/workshop_content/2991923398/mods/simplelockpicking/common/media
  -> 发现版本目录队列: 42.13, 42.12
  --> 版本 42.13 无效或为空，尝试检查下一个低版本...
  --> 版本 42.12 无效或为空，尝试检查下一个低版本...

--- 阶段 1: 扫描所有 media 路径下的翻译文件 (L1) ---
  -> 正在处理 media 路径: data/workshop_content/2991923398/mods/simplelockpicking/common/media
  -> 扫描目录: data/workshop_content/2991923398/mods/simplelockpicking/common/media/lua/shared/Translate/EN
     -> 在 'ContextMenu_EN.txt' 中找到 1 个键。
     -> 在 'IG_UI_EN.txt' 中找到 5 个键。
     -> 在 'Sandbox_EN.txt' 中找到 13 个键。
  -> 扫描目录: data/workshop_content/2991923398/mods/simplelockpicking/common/media/lua/shared/Translate/CN
     -> 在 'ContextMenu_CN.txt' 中找到 1 个键。
     -> 在 'IG_UI_CN.txt' 中找到 5 个键。
     -> 在 'Sandbox_CN.txt' 中找到 13 个键。
阶段 1 完成: 从 EN 加载了 19 条数据, 从 CN 加载了 19 条数据。

--- 阶段 2: 扫描所有 Media 路径下的 Scripts (L0) ---
  -> 正在处理 Scripts 路径: data/workshop_content/2991923398/mods/simplelockpicking/common/media/scripts
    -> 处理: lockpicking.txt
阶段 2 完成: 从 scripts 新生成了 0 条数据。

--- 阶段 3: 合并 L0 与 L1 后，纯净英文基准总计: 19 条数据。---

--- 已为 Mod ID 2991923398 更新 19 条键来源映射 ---

--- 正在为 Mod 'simplelockpicking' 生成输出文件 ---
    - 最终合并 (output.txt): 19 条
    - 纯净英文 (EN_output.txt): 19 条
    - 纯净中文 (CN_output.txt): 19 条
    - 英文待办 (en_todo.txt): 0 条 (增量)
    - 中文独有 (cn_only.txt): 0 条 (增量)
    - 冲突键 (conflict_keys.txt): 0 条
    -> 正在尝试从 Git 历史记录中获取旧版本: data/output_files/simplelockpicking_2991923398/EN_todo.txt
      --> 在 Git 历史记录中未找到该文件，视为全新。

处理成功！所有输出文件已保存在 'simplelockpicking_2991923398' 文件夹中。
    -> 警告：未能获取 Mod 2991923398 的完成文件SHA，状态未记录。
