

========================= 开始处理 Workshop ID: 2503622437 (Skill_Recovery_Journal) =========================

--- 正在检查已完成的翻译于: data/completed_files/2503622437/en_completed.txt ---
     -> 在 'en_completed.txt' 中找到 65 个键。

--- 正在检查待排除的键于: data/completed_files/2503622437/exclusion_list.txt ---
  -> 排除列表文件 'exclusion_list.txt' 不存在，跳过。

-------------------- 处理子模组: Skill Recovery Journal --------------------

--- 正在为 'Skill Recovery Journal' 动态查找 'media' 文件夹 ---
  -> 找到有效 Common 路径: data/workshop_content/2503622437/mods/Skill Recovery Journal/common/media
  -> 发现版本目录队列: 42.13, 42.0
  --> 找到最高优先级有效版本: 42.13

--- 阶段 1: 扫描所有 media 路径下的翻译文件 (L1) ---
  -> 正在处理 media 路径: data/workshop_content/2503622437/mods/Skill Recovery Journal/common/media
  -> 扫描目录: data/workshop_content/2503622437/mods/Skill Recovery Journal/common/media/lua/shared/Translate/EN
     -> 在 'IG_UI.json' 中找到 33 个键。
     -> 在 'ItemName.json' 中找到 1 个键。
     -> 在 'Recipes.json' 中找到 1 个键。
     -> 在 'Sandbox.json' 中找到 40 个键。
     -> 在 'Tooltip.json' 中找到 1 个键。
     -> 在 'IG_UI_EN.txt' 中找到 33 个键。
     -> 在 'ItemName_EN.txt' 中找到 1 个键。
     -> 在 'Recipes_EN.txt' 中找到 1 个键。
     -> 在 'Sandbox_EN.txt' 中找到 40 个键。
     -> 在 'Tooltip_EN.txt' 中找到 1 个键。
  -> 扫描目录: data/workshop_content/2503622437/mods/Skill Recovery Journal/common/media/lua/shared/Translate/CN
     -> 在 'IG_UI.json' 中找到 33 个键。
     -> 在 'ItemName.json' 中找到 1 个键。
     -> 在 'Recipes.json' 中找到 1 个键。
     -> 在 'Sandbox.json' 中找到 40 个键。
     -> 在 'Tooltip.json' 中找到 1 个键。
     -> 在 'IG_UI_CN.txt' 中找到 30 个键。
     -> 在 'ItemName_CN.txt' 中找到 2 个键。
     -> 在 'Recipes_CN.txt' 中找到 1 个键。
     -> 在 'Sandbox_CN.txt' 中找到 32 个键。
     -> 在 'Tooltip_CN.txt' 中找到 2 个键。
  -> 正在处理 media 路径: data/workshop_content/2503622437/mods/Skill Recovery Journal/42.13/media
阶段 1 完成: 从 EN 加载了 78 条数据, 从 CN 加载了 80 条数据。

--- 阶段 2: 扫描所有 Media 路径下的 Scripts (L0) ---
  -> 正在处理 Scripts 路径: data/workshop_content/2503622437/mods/Skill Recovery Journal/common/media/scripts
    -> 处理: model_SkillRecoveryJournal.txt
    -> 处理: sounds_SkillRecoveryJournal.txt
  -> 正在处理 Scripts 路径: data/workshop_content/2503622437/mods/Skill Recovery Journal/42.13/media/scripts
    -> 处理: items/item_SkillRecoveryJournal.txt
    -> 处理: recipes/recipe_SRJ.txt
     -> 新增: 1 个 Recipe
阶段 2 完成: 从 scripts 新生成了 1 条数据。

--- 阶段 3: 合并 L0 与 L1 后，纯净英文基准总计: 79 条数据。---

--- 已为 Mod ID 2503622437 更新 81 条键来源映射 ---

--- 正在为 Mod 'Skill_Recovery_Journal' 生成输出文件 ---
    - 最终合并 (output.txt): 81 条
    - 纯净英文 (EN_output.txt/json): 79 条
    - 纯净中文 (CN_output.txt): 80 条
    - 中文独有 (cn_only.txt): 2 条 (增量)
    - 冲突键 (conflict_keys.txt): 0 条
    -> 正在尝试从 Git 历史记录中获取旧版本: data/output_files/Skill_Recovery_Journal_2503622437/EN_output.txt
      --> 成功找到旧版本。
     -> 在 'EN_output.txt (旧版本)' 中找到 77 个键。
    -> 检测到内容变更。新增: 2, 移除: 0

处理成功！所有输出文件已保存在 'Skill_Recovery_Journal_2503622437' 文件夹中。
    -> [内存] 已为 Mod 2503622437 记录 Commit SHA: 53dbbce
