

========================= 开始处理 Workshop ID: 3459638181 (SmallTownFirstRespondersMain) =========================

--- 正在检查已完成的翻译于: data/completed_files/3459638181/en_completed.txt ---
     -> 在 'en_completed.txt' 中找到 0 个键。

--- 正在检查待排除的键于: data/completed_files/3459638181/exclusion_list.txt ---
  -> 排除列表文件 'exclusion_list.txt' 不存在，跳过。

-------------------- 处理子模组: SmallTownFirstRespondersMain --------------------

--- 正在为 'SmallTownFirstRespondersMain' 动态查找 'media' 文件夹 ---
  -> 找到有效 Common 路径: data/workshop_content/3459638181/mods/SmallTownFirstRespondersMain/common/media
  -> 发现版本目录队列: 42.15, 42
  --> 找到最高优先级有效版本: 42.15

--- 阶段 1: 扫描所有 media 路径下的翻译文件 (L1) ---
  -> 正在处理 media 路径: data/workshop_content/3459638181/mods/SmallTownFirstRespondersMain/common/media
  -> 扫描目录: data/workshop_content/3459638181/mods/SmallTownFirstRespondersMain/common/media/lua/shared/Translate/EN
     -> 在 'IG_UI.json' 中找到 21 个键。
     -> 在 'ItemName.json' 中找到 879 个键。
     -> 在 'IG_UI_EN.txt' 中找到 21 个键。
     -> 在 'ItemName_EN.txt' 中找到 879 个键。
  -> 正在处理 media 路径: data/workshop_content/3459638181/mods/SmallTownFirstRespondersMain/42.15/media
阶段 1 完成: 从 EN 加载了 1779 条数据, 从 CN 加载了 0 条数据。

--- 阶段 2: 扫描所有 Media 路径下的 Scripts (L0) ---
  -> 正在处理 Scripts 路径: data/workshop_content/3459638181/mods/SmallTownFirstRespondersMain/42.15/media/scripts
    -> 处理: STFRMain/Clothing/bag.txt
    -> 处理: STFRMain/Clothing/boilersuit.txt
    -> 处理: STFRMain/Clothing/hat.txt
    -> 处理: STFRMain/Clothing/jacket.txt
    -> 处理: STFRMain/Clothing/shirt_tshirt.txt
    -> 处理: STFRMain/Clothing/tie.txt
    -> 处理: STFRMain/Clothing/trousers.txt
    -> 处理: STFRMain/Clothing/vest.txt
    -> 处理: STFRMain/badges.txt
    -> 处理: STFRMain/world_items.txt
阶段 2 完成: 从 scripts 新生成了 0 条数据。

--- 阶段 3: 合并 L0 与 L1 后，纯净英文基准总计: 1779 条数据。---

--- 阶段 4: 检测到 3 个与官方重复的键。---

-------------------- 处理子模组: SmallTownFirstRespondersMainSJ --------------------

--- 正在为 'SmallTownFirstRespondersMainSJ' 动态查找 'media' 文件夹 ---
  -> 找到有效 Common 路径: data/workshop_content/3459638181/mods/SmallTownFirstRespondersMainSJ/common/media
  -> 发现版本目录队列: 42.15, 42
  --> 找到最高优先级有效版本: 42.15

--- 阶段 1: 扫描所有 media 路径下的翻译文件 (L1) ---
  -> 正在处理 media 路径: data/workshop_content/3459638181/mods/SmallTownFirstRespondersMainSJ/common/media
  -> 扫描目录: data/workshop_content/3459638181/mods/SmallTownFirstRespondersMainSJ/common/media/lua/shared/Translate/EN
     -> 在 'ItemName.json' 中找到 778 个键。
     -> 在 'ItemName_EN.txt' 中找到 778 个键。
  -> 正在处理 media 路径: data/workshop_content/3459638181/mods/SmallTownFirstRespondersMainSJ/42.15/media
阶段 1 完成: 从 EN 加载了 1556 条数据, 从 CN 加载了 0 条数据。

--- 阶段 2: 扫描所有 Media 路径下的 Scripts (L0) ---
  -> 正在处理 Scripts 路径: data/workshop_content/3459638181/mods/SmallTownFirstRespondersMainSJ/42.15/media/scripts
    -> 处理: STFRMainSJ/Clothing/boilersuit.txt
    -> 处理: STFRMainSJ/Clothing/jacket.txt
    -> 处理: STFRMainSJ/Clothing/shirt_open.txt
    -> 处理: STFRMainSJ/Clothing/shirt_open_roll.txt
    -> 处理: STFRMainSJ/Clothing/shirt_roll.txt
    -> 处理: STFRMainSJ/Clothing/trousers.txt
    -> 处理: STFRMainSJ/Clothing/tshirt_open.txt
     -> 新增: 1 个 Item
    -> 处理: STFRMainSJ/Clothing/vest.txt
阶段 2 完成: 从 scripts 新生成了 1 条数据。

--- 阶段 3: 合并 L0 与 L1 后，纯净英文基准总计: 1557 条数据。---

--- 已为 Mod ID 3459638181 更新 3336 条键来源映射 ---

--- 正在为 Mod 'SmallTownFirstRespondersMain' 生成输出文件 ---
    - 最终合并 (output.txt): 3336 条
    - 纯净英文 (EN_output.txt/json): 3336 条
    - 纯净中文 (CN_output.txt): 0 条
    - 中文独有 (cn_only.txt): 0 条 (增量)
    - 冲突键 (conflict_keys.txt): 3 条
    -> 正在尝试从 Git 历史记录中获取旧版本: data/output_files/SmallTownFirstRespondersMain_3459638181/EN_output.txt
      --> 成功找到旧版本。
     -> 在 'EN_output.txt (旧版本)' 中找到 1678 个键。
    -> 检测到内容变更。新增: 1658, 移除: 0

处理成功！所有输出文件已保存在 'SmallTownFirstRespondersMain_3459638181' 文件夹中。
    -> [内存] 已为 Mod 3459638181 记录 Commit SHA: 4160f4f
