

========================= 开始处理 Workshop ID: 3522453285 (Spiffomon42) =========================

--- 正在检查已完成的翻译于: data/completed_files/3522453285/en_completed.txt ---
     -> 在 'en_completed.txt' 中找到 36 个键。

--- 正在检查待排除的键于: data/completed_files/3522453285/exclusion_list.txt ---
  -> 排除列表文件 'exclusion_list.txt' 不存在，跳过。

-------------------- 处理子模组: Spiffomon42 --------------------

--- 正在为 'Spiffomon42' 动态查找 'media' 文件夹 ---
  -> 发现版本目录队列: 42.15.2, 42.0.0
  --> 找到最高优先级有效版本: 42.15.2

--- 阶段 1: 扫描所有 media 路径下的翻译文件 (L1) ---
  -> 正在处理 media 路径: data/workshop_content/3522453285/mods/Spiffomon42/42.15.2/media
  -> 扫描目录: data/workshop_content/3522453285/mods/Spiffomon42/42.15.2/media/lua/shared/Translate/EN
     -> 在 'ItemName_EN.txt' 中找到 36 个键。
     -> 在 'Recipes_EN.txt' 中找到 2 个键。
阶段 1 完成: 从 EN 加载了 38 条数据, 从 CN 加载了 0 条数据。

--- 阶段 2: 扫描所有 Media 路径下的 Scripts (L0) ---
  -> 正在处理 Scripts 路径: data/workshop_content/3522453285/mods/Spiffomon42/42.15.2/media/scripts
    -> 处理: NewSpiffoItems.txt
    -> 处理: NewSpiffoModels.txt
    -> 处理: SPF_attachments.txt
    -> 处理: SPF_recipes.txt
     -> 新增: 2 个 Recipe
    -> 处理: SpiffoBaseChange.txt
阶段 2 完成: 从 scripts 新生成了 2 条数据。

--- 阶段 3: 合并 L0 与 L1 后，纯净英文基准总计: 40 条数据。---

--- 阶段 4: 检测到 2 个与官方重复的键。---

--- 已为 Mod ID 3522453285 更新 40 条键来源映射 ---

--- 正在为 Mod 'Spiffomon42' 生成输出文件 ---
    - 最终合并 (output.txt): 40 条
    - 纯净英文 (EN_output.txt/json): 40 条
    - 纯净中文 (CN_output.txt): 0 条
    - 中文独有 (cn_only.txt): 0 条 (增量)
    - 冲突键 (conflict_keys.txt): 2 条
    -> 正在尝试从 Git 历史记录中获取旧版本: data/output_files/Spiffomon42_3522453285/EN_output.txt
      --> 成功找到旧版本。
     -> 在 'EN_output.txt (旧版本)' 中找到 40 个键。

处理成功！所有输出文件已保存在 'Spiffomon42_3522453285' 文件夹中。
    -> [内存] 已为 Mod 3522453285 记录 Commit SHA: 6a960fa
