

========================= 开始处理 Workshop ID: 3402496217 (super_girl_zombie) =========================

--- 正在检查已完成的翻译于: data/completed_files/3402496217/en_completed.txt ---
     -> 在 'en_completed.txt' 中找到 0 个键。

--- 正在检查待排除的键于: data/completed_files/3402496217/exclusion_list.txt ---
  -> 排除列表文件 'exclusion_list.txt' 不存在，跳过。

-------------------- 处理子模组: super girl zombie --------------------

--- 正在为 'super girl zombie' 动态查找 'media' 文件夹 ---
  -> 发现版本目录队列: 42
  --> 找到最高优先级有效版本: 42

--- 阶段 1: 扫描所有 media 路径下的翻译文件 (L1) ---
  -> 正在处理 media 路径: data/workshop_content/3402496217/mods/super girl zombie/42/media
  -> 扫描目录: data/workshop_content/3402496217/mods/super girl zombie/42/media/lua/shared/Translate/EN
     -> 在 'Sandbox_EN.txt' 中找到 15 个键。
  -> 扫描目录: data/workshop_content/3402496217/mods/super girl zombie/42/media/lua/shared/Translate/CN
     -> 在 'Sandbox_CN.txt' 中找到 15 个键。
阶段 1 完成: 从 EN 加载了 15 条数据, 从 CN 加载了 15 条数据。

--- 阶段 2: 扫描所有 Media 路径下的 Scripts (L0) ---
  -> 正在处理 Scripts 路径: data/workshop_content/3402496217/mods/super girl zombie/42/media/scripts
    -> 处理: clothing/super_girl_zombie_hat.txt
     -> 新增: 9 个 Item
    -> 处理: clothing/super_girl_zombie_hat_ground.txt
    -> 处理: clothing/super_girl_zombie_jacket_clothes.txt
     -> 新增: 22 个 Item
    -> 处理: clothing/super_girl_zombie_nude.txt
     -> 新增: 23 个 Item
    -> 处理: clothing/super_girl_zombie_shoe.txt
     -> 新增: 19 个 Item
    -> 处理: clothing/super_girl_zombie_skirt.txt
     -> 新增: 22 个 Item
阶段 2 完成: 从 scripts 新生成了 95 条数据。

--- 阶段 3: 合并 L0 与 L1 后，纯净英文基准总计: 110 条数据。---

-------------------- 处理子模组: super girl zombie_Bandits and Week One NPC --------------------

--- 正在为 'super girl zombie_Bandits and Week One NPC' 动态查找 'media' 文件夹 ---
  -> 发现版本目录队列: 42
  --> 版本 42 无效或为空，尝试检查下一个低版本...
  --> 未能在 Common 或 版本目录队列中找到任何有效的 'media' 文件夹。

-------------------- 处理子模组: super girl zombie_No Spiked --------------------

--- 正在为 'super girl zombie_No Spiked' 动态查找 'media' 文件夹 ---
  -> 发现版本目录队列: 42
  --> 找到最高优先级有效版本: 42

--- 阶段 1: 扫描所有 media 路径下的翻译文件 (L1) ---
  -> 正在处理 media 路径: data/workshop_content/3402496217/mods/super girl zombie_No Spiked/42/media
阶段 1 完成: 从 EN 加载了 0 条数据, 从 CN 加载了 0 条数据。

--- 阶段 2: 扫描所有 Media 路径下的 Scripts (L0) ---
  -> 正在处理 Scripts 路径: data/workshop_content/3402496217/mods/super girl zombie_No Spiked/42/media/scripts
    -> 处理: clothing/super_girl_zombie_jacket_clothes.txt
     -> 新增: 22 个 Item
阶段 2 完成: 从 scripts 新生成了 22 条数据。

--- 阶段 3: 合并 L0 与 L1 后，纯净英文基准总计: 22 条数据。---

--- 已为 Mod ID 3402496217 更新 110 条键来源映射 ---

--- 正在为 Mod 'super_girl_zombie' 生成输出文件 ---
    - 最终合并 (output.txt): 110 条
    - 纯净英文 (EN_output.txt): 110 条
    - 纯净中文 (CN_output.txt): 15 条
    - 英文待办 (en_todo.txt): 95 条 (增量)
    - 中文独有 (cn_only.txt): 0 条 (增量)
    - 冲突键 (conflict_keys.txt): 0 条
    -> 正在尝试从 Git 历史记录中获取旧版本: data/output_files/super_girl_zombie_3402496217/EN_todo.txt
      --> 成功找到旧版本。
     -> 在 'EN_todo.txt (旧版本)' 中找到 95 个键。

处理成功！所有输出文件已保存在 'super_girl_zombie_3402496217' 文件夹中。
    -> [内存] 已为 Mod 3402496217 记录 Commit SHA: b2ae355
