

========================= 开始处理 Workshop ID: 3592172476 (Take_A_Bath_And_Shower) =========================

--- 正在检查已完成的翻译于: data/completed_files/3592172476/en_completed.txt ---
     -> 在 'en_completed.txt' 中找到 0 个键。

--- 正在检查待排除的键于: data/completed_files/3592172476/exclusion_list.txt ---
  -> 排除列表文件 'exclusion_list.txt' 不存在，跳过。

-------------------- 处理子模组: Take A Bath And Shower --------------------

--- 正在为 'Take A Bath And Shower' 动态查找 'media' 文件夹 ---
  -> 找到有效 Common 路径: data/workshop_content/3592172476/mods/Take A Bath And Shower/common/media
  -> 发现版本目录队列: 42.13, 42
  --> 找到最高优先级有效版本: 42.13

--- 阶段 1: 扫描所有 media 路径下的翻译文件 (L1) ---
  -> 正在处理 media 路径: data/workshop_content/3592172476/mods/Take A Bath And Shower/common/media
  -> 扫描目录: data/workshop_content/3592172476/mods/Take A Bath And Shower/common/media/lua/shared/Translate/EN
     -> 在 'ContextMenu_EN.txt' 中找到 48 个键。
     -> 在 'Fluids_EN.txt' 中找到 3 个键。
     -> 在 'IG_UI_EN.txt' 中找到 57 个键。
     -> 在 'ItemName_EN.txt' 中找到 14 个键。
     -> 在 'Moodles_EN.txt' 中找到 64 个键。
     -> 在 'Sandbox_EN.txt' 中找到 79 个键。
     -> 在 'Tooltip_EN.txt' 中找到 1 个键。
     -> 在 'UI_EN.txt' 中找到 46 个键。
  -> 正在处理 media 路径: data/workshop_content/3592172476/mods/Take A Bath And Shower/42.13/media
阶段 1 完成: 从 EN 加载了 312 条数据, 从 CN 加载了 0 条数据。

--- 阶段 2: 扫描所有 Media 路径下的 Scripts (L0) ---
  -> 正在处理 Scripts 路径: data/workshop_content/3592172476/mods/Take A Bath And Shower/42.13/media/scripts
    -> 处理: sounds/tabas_sounds.txt
    -> 处理: sounds/tabas_voices male.txt
    -> 处理: sounds/tabas_voices_female.txt
    -> 处理: tabas_body.txt
    -> 处理: tabas_fluids.txt
    -> 处理: tabas_items.txt
    -> 处理: tabas_models.txt
    -> 处理: tabas_moveables.txt
阶段 2 完成: 从 scripts 新生成了 0 条数据。

--- 阶段 3: 合并 L0 与 L1 后，纯净英文基准总计: 312 条数据。---

-------------------- 处理子模组: Take A Bath And Shower New --------------------

--- 正在为 'Take A Bath And Shower New' 动态查找 'media' 文件夹 ---
  -> 发现版本目录队列: 42.15
  --> 找到最高优先级有效版本: 42.15

--- 阶段 1: 扫描所有 media 路径下的翻译文件 (L1) ---
  -> 正在处理 media 路径: data/workshop_content/3592172476/mods/Take A Bath And Shower New/42.15/media
  -> 扫描目录: data/workshop_content/3592172476/mods/Take A Bath And Shower New/42.15/media/lua/shared/Translate/EN
     -> 在 'ContextMenu.json' 中找到 95 个键。
     -> 在 'Fluids.json' 中找到 3 个键。
     -> 在 'IG_UI.json' 中找到 83 个键。
     -> 在 'ItemName.json' 中找到 15 个键。
     -> 在 'Mod.json' 中找到 1 个键。
     -> 在 'Moodles.json' 中找到 80 个键。
     -> 在 'Recipes.json' 中找到 2 个键。
     -> 在 'Sandbox.json' 中找到 69 个键。
     -> 在 'Tooltip.json' 中找到 2 个键。
     -> 在 'UI.json' 中找到 56 个键。
阶段 1 完成: 从 EN 加载了 406 条数据, 从 CN 加载了 0 条数据。

--- 阶段 2: 扫描所有 Media 路径下的 Scripts (L0) ---
  -> 正在处理 Scripts 路径: data/workshop_content/3592172476/mods/Take A Bath And Shower New/42.15/media/scripts
    -> 处理: generated/items/tabas_body.txt
    -> 处理: generated/items/tabas_items.txt
    -> 处理: generated/items/tabas_moveables.txt
    -> 处理: generated/items/tabas_vanilla_mov.txt
    -> 处理: generated/recipes/tabas_recipes.txt
     -> 新增: 1 个 Recipe
    -> 处理: generated/sounds/tabas_sounds.txt
    -> 处理: generated/sounds/tabas_voices male.txt
    -> 处理: generated/sounds/tabas_voices_female.txt
    -> 处理: tabas_fluids.txt
    -> 处理: tabas_models.txt
阶段 2 完成: 从 scripts 新生成了 1 条数据。

--- 阶段 3: 合并 L0 与 L1 后，纯净英文基准总计: 407 条数据。---

--- 阶段 4: 检测到 1 个与官方重复的键。---

--- 已为 Mod ID 3592172476 更新 443 条键来源映射 ---

--- 正在为 Mod 'Take_A_Bath_And_Shower' 生成输出文件 ---
    - 最终合并 (output.txt): 441 条
    - 纯净英文 (EN_output.txt/json): 441 条
    - 纯净中文 (CN_output.txt): 0 条
    - 中文独有 (cn_only.txt): 0 条 (增量)
    - 冲突键 (conflict_keys.txt): 1 条
    -> 正在尝试从 Git 历史记录中获取旧版本: data/output_files/Take_A_Bath_And_Shower_3592172476/EN_output.txt
      --> 成功找到旧版本。
     -> 在 'EN_output.txt (旧版本)' 中找到 441 个键。

处理成功！所有输出文件已保存在 'Take_A_Bath_And_Shower_3592172476' 文件夹中。
    -> [内存] 已为 Mod 3592172476 记录 Commit SHA: 58cc52f
