

========================= 开始处理 Workshop ID: 3652517636 (Tank_Water) =========================

--- 正在检查已完成的翻译于: data/completed_files/3652517636/en_completed.txt ---
     -> 在 'en_completed.txt' 中找到 0 个键。

--- 正在检查待排除的键于: data/completed_files/3652517636/exclusion_list.txt ---
  -> 排除列表文件 'exclusion_list.txt' 不存在，跳过。

-------------------- 处理子模组: Tank Water --------------------

--- 正在为 'Tank Water' 动态查找 'media' 文件夹 ---
  -> 发现版本目录队列: 42
  --> 找到最高优先级有效版本: 42

--- 阶段 1: 扫描所有 media 路径下的翻译文件 (L1) ---
  -> 正在处理 media 路径: data/workshop_content/3652517636/mods/Tank Water/42/media
  -> 扫描目录: data/workshop_content/3652517636/mods/Tank Water/42/media/lua/shared/Translate/EN
     -> 在 'ContextMenu.json' 中找到 72 个键。
     -> 在 'ContextMenu_EN.json' 中找到 72 个键。
     -> 在 'Fluids.json' 中找到 2 个键。
     -> 在 'Fluids_EN.json' 中找到 2 个键。
     -> 在 'IG_UI.json' 中找到 5 个键。
     -> 在 'IG_UI_EN.json' 中找到 5 个键。
     -> 在 'ItemName.json' 中找到 5 个键。
     -> 在 'ItemName_EN.json' 中找到 5 个键。
     -> 在 'Sandbox.json' 中找到 10 个键。
     -> 在 'Sandbox_EN.json' 中找到 10 个键。
     -> 在 'Tooltip.json' 中找到 16 个键。
     -> 在 'Tooltip_EN.json' 中找到 16 个键。
     -> 在 'ContextMenu_EN.txt' 中找到 72 个键。
     -> 在 'Fluids_EN.txt' 中找到 2 个键。
     -> 在 'IG_UI_EN.txt' 中找到 5 个键。
     -> 在 'ItemName_EN.txt' 中找到 5 个键。
     -> 在 'Sandbox_EN.txt' 中找到 10 个键。
     -> 在 'Tooltip_EN.txt' 中找到 16 个键。
阶段 1 完成: 从 EN 加载了 95 条数据, 从 CN 加载了 0 条数据。

--- 阶段 2: 扫描所有 Media 路径下的 Scripts (L0) ---
  -> 正在处理 Scripts 路径: data/workshop_content/3652517636/mods/Tank Water/42/media/scripts
    -> 处理: TankWater_Items.txt
     -> 新增: 4 个 Item
    -> 处理: TankWater_models_items.txt
    -> 处理: sounds.txt
阶段 2 完成: 从 scripts 新生成了 4 条数据。

--- 阶段 3: 合并 L0 与 L1 后，纯净英文基准总计: 99 条数据。---

--- 已为 Mod ID 3652517636 更新 99 条键来源映射 ---

--- 正在为 Mod 'Tank_Water' 生成输出文件 ---
    - 最终合并 (output.txt): 99 条
    - 纯净英文 (EN_output.txt/json): 99 条
    - 纯净中文 (CN_output.txt): 0 条
    - 中文独有 (cn_only.txt): 0 条 (增量)
    - 冲突键 (conflict_keys.txt): 0 条
    -> 正在尝试从 Git 历史记录中获取旧版本: data/output_files/Tank_Water_3652517636/EN_output.txt
      --> 成功找到旧版本。
     -> 在 'EN_output.txt (旧版本)' 中找到 99 个键。

处理成功！所有输出文件已保存在 'Tank_Water_3652517636' 文件夹中。
    -> [内存] 已为 Mod 3652517636 记录 Commit SHA: b6828b1
