

========================= 开始处理 Workshop ID: 3409434765 (The_Last_of_Us_Infected) =========================

--- 正在检查已完成的翻译于: data/completed_files/3409434765/en_completed.txt ---
     -> 在 'en_completed.txt' 中找到 0 个键。

--- 正在检查待排除的键于: data/completed_files/3409434765/exclusion_list.txt ---
  -> 排除列表文件 'exclusion_list.txt' 不存在，跳过。

-------------------- 处理子模组: The Last of Us Infected --------------------

--- 正在为 'The Last of Us Infected' 动态查找 'media' 文件夹 ---
  -> 发现版本目录: 42.1.0
  -> 正在检查路径的有效性: data/workshop_content/3409434765/mods/The Last of Us Infected/42.1.0/media
  --> 路径有效！已将其加入待处理列表。

--- 阶段 1: 扫描所有 media 路径下的翻译文件 (L1) ---
  -> 正在处理 media 路径: data/workshop_content/3409434765/mods/The Last of Us Infected/42.1.0/media
  -> 扫描目录: data/workshop_content/3409434765/mods/The Last of Us Infected/42.1.0/media/lua/shared/Translate/EN
     -> 在 'IG_UI_EN.txt' 中找到 6 个键。
     -> 在 'Sandbox_EN.txt' 中找到 146 个键。
  -> 扫描目录: data/workshop_content/3409434765/mods/The Last of Us Infected/42.1.0/media/lua/shared/Translate/CN
     -> 在 'IG_UI_CN.txt' 中找到 6 个键。
     -> 在 'ItemName_CN.txt' 中找到 1 个键。
     -> 在 'Sandbox_CN.txt' 中找到 96 个键。
阶段 1 完成: 从 EN 加载了 152 条数据, 从 CN 加载了 103 条数据。

--- 阶段 2: 扫描所有 Media 路径下的 Scripts (L0) ---
  -> 正在处理 Scripts 路径: data/workshop_content/3409434765/mods/The Last of Us Infected/42.1.0/media/scripts
    -> 处理: clothing/TLOU_Infected_clothing.txt
     -> 新增: 1 个 Item
    -> 处理: infected_sounds/Bloater.txt
    -> 处理: infected_sounds/Clicker.txt
    -> 处理: infected_sounds/Runner_female.txt
    -> 处理: infected_sounds/Runner_male.txt
    -> 处理: infected_sounds/Stalker_female.txt
    -> 处理: infected_sounds/Stalker_male.txt
    -> 处理: infected_sounds/Unknown.txt
阶段 2 完成: 从 scripts 新生成了 1 条数据。

--- 阶段 3: 合并 L0 与 L1 后，纯净英文基准总计: 153 条数据。---

-------------------- 处理子模组: The Last of Us Infected - Background --------------------

--- 正在为 'The Last of Us Infected - Background' 动态查找 'media' 文件夹 ---
  -> 发现版本目录: 42
  --> 未能在任何优先路径中找到有效的 'media' 文件夹。

-------------------- 处理子模组: The Last of Us Infected - Fliers --------------------

--- 正在为 'The Last of Us Infected - Fliers' 动态查找 'media' 文件夹 ---
  -> 发现版本目录: 42
  -> 正在检查路径的有效性: data/workshop_content/3409434765/mods/The Last of Us Infected - Fliers/42/media
  --> 路径有效！已将其加入待处理列表。

--- 阶段 1: 扫描所有 media 路径下的翻译文件 (L1) ---
  -> 正在处理 media 路径: data/workshop_content/3409434765/mods/The Last of Us Infected - Fliers/42/media
  -> 扫描目录: data/workshop_content/3409434765/mods/The Last of Us Infected - Fliers/42/media/lua/shared/Translate/EN
     -> 在 'Print_Media_EN.txt' 中找到 2 个键。
     -> 在 'Print_Text_EN.txt' 中找到 2 个键。
阶段 1 完成: 从 EN 加载了 4 条数据, 从 CN 加载了 0 条数据。

--- 阶段 2: 扫描所有 Media 路径下的 Scripts (L0) ---
阶段 2 完成: 从 scripts 新生成了 0 条数据。

--- 阶段 3: 合并 L0 与 L1 后，纯净英文基准总计: 4 条数据。---

--- 已为 Mod ID 3409434765 更新 165 条键来源映射 ---

--- 正在为 Mod 'The_Last_of_Us_Infected' 生成输出文件 ---
    - 最终合并 (output.txt): 165 条
    - 纯净英文 (EN_output.txt): 157 条
    - 纯净中文 (CN_output.txt): 103 条
    - 英文待办 (en_todo.txt): 62 条 (增量)
    - 中文独有 (cn_only.txt): 8 条 (增量)
    - 冲突键 (conflict_keys.txt): 0 条
    -> 正在尝试从 Git 历史记录中获取旧版本: data/output_files/The_Last_of_Us_Infected_3409434765/EN_todo.txt
      --> 成功找到旧版本。
     -> 在 'EN_todo.txt (旧版本)' 中找到 62 个键。

处理成功！所有输出文件已保存在 'The_Last_of_Us_Infected_3409434765' 文件夹中。
    -> [内存] 已为 Mod 3409434765 记录 Commit SHA: 5105d20
