

========================= 开始处理 Workshop ID: 3440867775 (TheBestLockpicking) =========================

--- 正在检查已完成的翻译于: data/completed_files/3440867775/en_completed.txt ---
     -> 在 'en_completed.txt' 中找到 78 个键。

--- 正在检查待排除的键于: data/completed_files/3440867775/exclusion_list.txt ---
  -> 排除列表文件 'exclusion_list.txt' 不存在，跳过。

-------------------- 处理子模组: TheBestLockpicking --------------------

--- 正在为 'TheBestLockpicking' 动态查找 'media' 文件夹 ---
  -> 发现版本目录队列: 42
  --> 找到最高优先级有效版本: 42

--- 阶段 1: 扫描所有 media 路径下的翻译文件 (L1) ---
  -> 正在处理 media 路径: data/workshop_content/3440867775/mods/TheBestLockpicking/42/media
  -> 扫描目录: data/workshop_content/3440867775/mods/TheBestLockpicking/42/media/lua/shared/Translate/EN
    解析 JSON 文件 ContextMenu.json 时发生错误: Expecting property name enclosed in double quotes: line 4 column 1 (char 172)
     -> 在 'ContextMenu.json' 中找到 0 个键。
    解析 JSON 文件 IG_UI.json 时发生错误: Expecting property name enclosed in double quotes: line 6 column 1 (char 168)
     -> 在 'IG_UI.json' 中找到 0 个键。
     -> 在 'ItemName.json' 中找到 9 个键。
    解析 JSON 文件 Recipes.json 时发生错误: Expecting property name enclosed in double quotes: line 4 column 1 (char 93)
     -> 在 'Recipes.json' 中找到 0 个键。
    解析 JSON 文件 Sandbox.json 时发生错误: Expecting property name enclosed in double quotes: line 10 column 1 (char 616)
     -> 在 'Sandbox.json' 中找到 0 个键。
     -> 在 'Tooltip.json' 中找到 3 个键。
    解析 JSON 文件 UI.json 时发生错误: Expecting property name enclosed in double quotes: line 67 column 1 (char 6844)
     -> 在 'UI.json' 中找到 0 个键。
阶段 1 完成: 从 EN 加载了 12 条数据, 从 CN 加载了 0 条数据。

--- 阶段 2: 扫描所有 Media 路径下的 Scripts (L0) ---
  -> 正在处理 Scripts 路径: data/workshop_content/3440867775/mods/TheBestLockpicking/42/media/scripts
    -> 处理: BetLock_anim.txt
    -> 处理: BetLock_items.txt
    -> 处理: characters/character_professions.txt
    -> 处理: characters/character_traits.txt
    -> 处理: recipes/BetLock_recipes.txt
     -> 新增: 2 个 Recipe
    -> 处理: zReBL_crowbarSound.txt
阶段 2 完成: 从 scripts 新生成了 2 条数据。

--- 阶段 3: 合并 L0 与 L1 后，纯净英文基准总计: 14 条数据。---

--- 已为 Mod ID 3440867775 更新 14 条键来源映射 ---

--- 正在为 Mod 'TheBestLockpicking' 生成输出文件 ---
    - 最终合并 (output.txt): 14 条
    - 纯净英文 (EN_output.txt/json): 14 条
    - 纯净中文 (CN_output.txt): 0 条
    - 中文独有 (cn_only.txt): 0 条 (增量)
    - 冲突键 (conflict_keys.txt): 0 条
    -> 正在尝试从 Git 历史记录中获取旧版本: data/output_files/TheBestLockpicking_3440867775/EN_output.txt
      --> 成功找到旧版本。
     -> 在 'EN_output.txt (旧版本)' 中找到 14 个键。

处理成功！所有输出文件已保存在 'TheBestLockpicking_3440867775' 文件夹中。
    -> [内存] 已为 Mod 3440867775 记录 Commit SHA: e2990b2
