

========================= 开始处理 Workshop ID: 3037854728 (Tikitown) =========================

--- 正在检查已完成的翻译于: data/completed_files/3037854728/en_completed.txt ---
     -> 在 'en_completed.txt' 中找到 171 个键。

--- 正在检查待排除的键于: data/completed_files/3037854728/exclusion_list.txt ---
  -> 排除列表文件 'exclusion_list.txt' 不存在，跳过。

-------------------- 处理子模组: Tikitown --------------------

--- 正在为 'Tikitown' 动态查找 'media' 文件夹 ---
  -> 找到有效 Common 路径: data/workshop_content/3037854728/mods/Tikitown/common/media
  -> 发现版本目录队列: 42
  --> 找到最高优先级有效版本: 42

--- 阶段 1: 扫描所有 media 路径下的翻译文件 (L1) ---
  -> 正在处理 media 路径: data/workshop_content/3037854728/mods/Tikitown/common/media
  -> 正在处理 media 路径: data/workshop_content/3037854728/mods/Tikitown/42/media
  -> 扫描目录: data/workshop_content/3037854728/mods/Tikitown/42/media/lua/shared/Translate/EN
     -> 在 'ContextMenu_EN.txt' 中找到 2 个键。
     -> 在 'IG_UI_EN.txt' 中找到 3 个键。
     -> 在 'ItemName_EN.txt' 中找到 50 个键。
     -> 在 'MapLabel_EN.txt' 中找到 6 个键。
     -> 在 'Recipes_EN.txt' 中找到 15 个键。
     -> 在 'Sandbox_EN.txt' 中找到 25 个键。
     -> 在 'Tooltip_EN.txt' 中找到 3 个键。
阶段 1 完成: 从 EN 加载了 104 条数据, 从 CN 加载了 0 条数据。

--- 阶段 2: 扫描所有 Media 路径下的 Scripts (L0) ---
  -> 正在处理 Scripts 路径: data/workshop_content/3037854728/mods/Tikitown/common/media/scripts
    -> 处理: Tikitown_timedactions.txt
  -> 正在处理 Scripts 路径: data/workshop_content/3037854728/mods/Tikitown/42/media/scripts
    -> 处理: Tikitown_CollectorCards.txt
    -> 处理: Tikitown_Distillery.txt
    -> 处理: Tikitown_LaserTagGun.txt
    -> 处理: Tikitown_Map.txt
     -> 新增: 1 个 Item
    -> 处理: Tikitown_Plush.txt
     -> 新增: 1 个 Item
    -> 处理: Tikitown_PostOffice.txt
     -> 新增: 3 个 Item
    -> 处理: Tikitown_Proxima.txt
     -> 新增: 3 个 Item
    -> 处理: Tikitown_Recipes.txt
     -> 新增: 9 个 Recipe
    -> 处理: Tikitown_VCR.txt
     -> 新增: 1 个 Item
    -> 处理: Tikitown_food.txt
     -> 新增: 1 个 Item
    -> 处理: Tikitown_plushies.txt
     -> 新增: 25 个 Item
    -> 处理: WorldItems_Tikitown.txt
    -> 处理: clothing/Tikitown_ClothingItems.txt
     -> 新增: 56 个 Item
    -> 处理: vehicles/GoKart.txt
     -> 新增: 1 个 Item
    -> 处理: vehicles/sounds_Shared.txt
    -> 处理: weapons/sounds_LaserTagGun.txt
阶段 2 完成: 从 scripts 新生成了 101 条数据。

--- 阶段 3: 合并 L0 与 L1 后，纯净英文基准总计: 205 条数据。---

--- 阶段 4: 检测到 6 个与官方重复的键。---

-------------------- 处理子模组: TikitownPowerPlant --------------------

--- 正在为 'TikitownPowerPlant' 动态查找 'media' 文件夹 ---
  -> 找到有效 Common 路径: data/workshop_content/3037854728/mods/TikitownPowerPlant/common/media
  -> 发现版本目录队列: 42.13, 42.12
  --> 找到最高优先级有效版本: 42.13

--- 阶段 1: 扫描所有 media 路径下的翻译文件 (L1) ---
  -> 正在处理 media 路径: data/workshop_content/3037854728/mods/TikitownPowerPlant/common/media
  -> 正在处理 media 路径: data/workshop_content/3037854728/mods/TikitownPowerPlant/42.13/media
  -> 扫描目录: data/workshop_content/3037854728/mods/TikitownPowerPlant/42.13/media/lua/shared/Translate/EN
     -> 在 'IG_UI_EN.txt' 中找到 1 个键。
     -> 在 'ItemName_EN.txt' 中找到 42 个键。
     -> 在 'Recipes_EN.txt' 中找到 32 个键。
     -> 在 'Sandbox_EN.txt' 中找到 7 个键。
阶段 1 完成: 从 EN 加载了 82 条数据, 从 CN 加载了 0 条数据。

--- 阶段 2: 扫描所有 Media 路径下的 Scripts (L0) ---
  -> 正在处理 Scripts 路径: data/workshop_content/3037854728/mods/TikitownPowerPlant/common/media/scripts
    -> 处理: TikitownPower_Recipes.txt
     -> 新增: 3 个 Recipe
  -> 正在处理 Scripts 路径: data/workshop_content/3037854728/mods/TikitownPowerPlant/42.13/media/scripts
    -> 处理: TikitownPower_Items.txt
阶段 2 完成: 从 scripts 新生成了 3 条数据。

--- 阶段 3: 合并 L0 与 L1 后，纯净英文基准总计: 85 条数据。---

--- 阶段 4: 检测到 1 个与官方重复的键。---

--- 已为 Mod ID 3037854728 更新 336 条键来源映射 ---

--- 正在为 Mod 'Tikitown' 生成输出文件 ---
    - 最终合并 (output.txt): 290 条
    - 纯净英文 (EN_output.txt/json): 290 条
    - 纯净中文 (CN_output.txt): 0 条
    - 中文独有 (cn_only.txt): 0 条 (增量)
    - 冲突键 (conflict_keys.txt): 7 条
    -> 正在尝试从 Git 历史记录中获取旧版本: data/output_files/Tikitown_3037854728/EN_output.txt
      --> 成功找到旧版本。
     -> 在 'EN_output.txt (旧版本)' 中找到 290 个键。

处理成功！所有输出文件已保存在 'Tikitown_3037854728' 文件夹中。
    -> [内存] 已为 Mod 3037854728 记录 Commit SHA: d914dee
