

========================= 开始处理 Workshop ID: 3243805556 (TNFP__-_Naming_For_VFE_Compat) =========================

--- 正在检查已完成的翻译于: data/completed_files/3243805556/en_completed.txt ---
     -> 在 'en_completed.txt' 中找到 0 个键。

--- 正在检查待排除的键于: data/completed_files/3243805556/exclusion_list.txt ---
  -> 排除列表文件 'exclusion_list.txt' 不存在，跳过。

-------------------- 处理子模组: TNFP  - Naming For VFE Compat --------------------

--- 正在为 'TNFP  - Naming For VFE Compat' 动态查找 'media' 文件夹 ---
  -> 发现版本目录: 42.0
  --> 未能在任何优先路径中找到有效的 'media' 文件夹。

-------------------- 处理子模组: TNFP - Naming For B41 Firearms Revamped --------------------

--- 正在为 'TNFP - Naming For B41 Firearms Revamped' 动态查找 'media' 文件夹 ---
  -> 发现版本目录: 42.0
  --> 未能在任何优先路径中找到有效的 'media' 文件夹。

-------------------- 处理子模组: TNFP - Nato Reponse --------------------

--- 正在为 'TNFP - Nato Reponse' 动态查找 'media' 文件夹 ---
  -> 发现版本目录: 42.0
  --> 未能在任何优先路径中找到有效的 'media' 文件夹。

-------------------- 处理子模组: TNFP - Nato Reponse - Bandit NPCs --------------------

--- 正在为 'TNFP - Nato Reponse - Bandit NPCs' 动态查找 'media' 文件夹 ---
  -> 发现版本目录: 42.0
  --> 未能在任何优先路径中找到有效的 'media' 文件夹。

-------------------- 处理子模组: TNFP - Patch for B41 Firearms Compat --------------------

--- 正在为 'TNFP - Patch for B41 Firearms Compat' 动态查找 'media' 文件夹 ---
  -> 发现版本目录: 42.0
  --> 未能在任何优先路径中找到有效的 'media' 文件夹。

-------------------- 处理子模组: TNFP - Patch for B41 Firearms Compat - Firerate --------------------

--- 正在为 'TNFP - Patch for B41 Firearms Compat - Firerate' 动态查找 'media' 文件夹 ---
  -> 发现版本目录: 42.0
  --> 未能在任何优先路径中找到有效的 'media' 文件夹。

-------------------- 处理子模组: TNFP Durability Patch --------------------

--- 正在为 'TNFP Durability Patch' 动态查找 'media' 文件夹 ---
  -> 发现版本目录: 42.0
  --> 未能在任何优先路径中找到有效的 'media' 文件夹。

-------------------- 处理子模组: Totally's NATO Firearms Pack --------------------

--- 正在为 'Totally's NATO Firearms Pack' 动态查找 'media' 文件夹 ---
  -> 发现版本目录: 42.0
  --> 未能在任何优先路径中找到有效的 'media' 文件夹。

-------------------- 处理子模组: Totally's NATO Firearms Pack B42 --------------------

--- 正在为 'Totally's NATO Firearms Pack B42' 动态查找 'media' 文件夹 ---
  -> 发现版本目录: 42.0
  -> 正在检查路径的有效性: data/workshop_content/3243805556/mods/Totally's NATO Firearms Pack B42/42.0/media
  --> 路径有效！已将其加入待处理列表。

--- 阶段 1: 扫描所有 media 路径下的翻译文件 (L1) ---
  -> 正在处理 media 路径: data/workshop_content/3243805556/mods/Totally's NATO Firearms Pack B42/42.0/media
  -> 扫描目录: data/workshop_content/3243805556/mods/Totally's NATO Firearms Pack B42/42.0/media/lua/shared/Translate/EN
     -> 在 'ContextMenu_EN.txt' 中找到 2 个键。
     -> 在 'ItemName_EN.txt' 中找到 9 个键。
     -> 在 'Recipes_EN.txt' 中找到 8 个键。
     -> 在 'Sandbox_EN.txt' 中找到 23 个键。
     -> 在 'Tooltip_EN.txt' 中找到 3 个键。
阶段 1 完成: 从 EN 加载了 45 条数据, 从 CN 加载了 0 条数据。

--- 阶段 2: 扫描所有 Media 路径下的 Scripts (L0) ---
  -> 正在处理 Scripts 路径: data/workshop_content/3243805556/mods/Totally's NATO Firearms Pack B42/42.0/media/scripts
    -> 处理: TNFP_2nd_Amendment.txt
     -> 新增: 7 个 Item
    -> 处理: TNFP_Items.txt
     -> 新增: 22 个 Item, 1 个 Recipe
    -> 处理: TNFP_MachineGuns.txt
     -> 新增: 7 个 Item
    -> 处理: TNFP_Pistols&SMGs.txt
     -> 新增: 8 个 Item
    -> 处理: TNFP_SniperRifles.txt
     -> 新增: 5 个 Item
    -> 处理: TNFP_assaultrifles.txt
     -> 新增: 18 个 Item
    -> 处理: TNFP_attachments.txt
    处理文件 TNFP_attachments.txt 时发生错误: 'utf-8' codec can't decode byte 0xd7 in position 8182: invalid continuation byte
    -> 处理: TNFP_models.txt
    -> 处理: TNFP_recipes.txt
     -> 新增: 1 个 Recipe
    -> 处理: TNFP_sounds.txt
阶段 2 完成: 从 scripts 新生成了 69 条数据。

--- 阶段 3: 合并 L0 与 L1 后，纯净英文基准总计: 114 条数据。---

--- 阶段 4: 检测到 13 个与官方重复的键。---

--- 已为 Mod ID 3243805556 更新 114 条键来源映射 ---

--- 正在为 Mod 'TNFP__-_Naming_For_VFE_Compat' 生成输出文件 ---
    - 最终合并 (output.txt): 114 条
    - 纯净英文 (EN_output.txt): 114 条
    - 纯净中文 (CN_output.txt): 0 条
    - 英文待办 (en_todo.txt): 114 条 (增量)
    - 中文独有 (cn_only.txt): 0 条 (增量)
    - 冲突键 (conflict_keys.txt): 13 条
    -> 正在尝试从 Git 历史记录中获取旧版本: data/output_files/TNFP__-_Naming_For_VFE_Compat_3243805556/EN_todo.txt
      --> 成功找到旧版本。
     -> 在 'EN_todo.txt (旧版本)' 中找到 114 个键。

处理成功！所有输出文件已保存在 'TNFP__-_Naming_For_VFE_Compat_3243805556' 文件夹中。
    -> [内存] 已为 Mod 3243805556 记录 Commit SHA: 32ddbaa
