

========================= 开始处理 Workshop ID: 3616536783 (Tomb's_Wardrobe_-_Alternative) =========================

--- 正在检查已完成的翻译于: data/completed_files/3616536783/en_completed.txt ---
     -> 在 'en_completed.txt' 中找到 0 个键。

--- 正在检查待排除的键于: data/completed_files/3616536783/exclusion_list.txt ---
  -> 排除列表文件 'exclusion_list.txt' 不存在，跳过。

-------------------- 处理子模组: Tomb's Wardrobe - Alternative --------------------

--- 正在为 'Tomb's Wardrobe - Alternative' 动态查找 'media' 文件夹 ---
  -> 发现版本目录队列: 42.13, 42.12
  --> 找到最高优先级有效版本: 42.13

--- 阶段 1: 扫描所有 media 路径下的翻译文件 (L1) ---
  -> 正在处理 media 路径: data/workshop_content/3616536783/mods/Tomb's Wardrobe - Alternative/42.13/media
  -> 扫描目录: data/workshop_content/3616536783/mods/Tomb's Wardrobe - Alternative/42.13/media/lua/shared/Translate/EN
     -> 在 'ContextMenu_EN.txt' 中找到 23 个键。
     -> 在 'ItemName_EN.txt' 中找到 180 个键。
     -> 在 'Tooltip_EN.txt' 中找到 10 个键。
阶段 1 完成: 从 EN 加载了 213 条数据, 从 CN 加载了 0 条数据。

--- 阶段 2: 扫描所有 Media 路径下的 Scripts (L0) ---
  -> 正在处理 Scripts 路径: data/workshop_content/3616536783/mods/Tomb's Wardrobe - Alternative/42.13/media/scripts
    -> 处理: clothing/tomb_clothingitems.txt
    -> 处理: clothing/tomb_worldmodels.txt
阶段 2 完成: 从 scripts 新生成了 0 条数据。

--- 阶段 3: 合并 L0 与 L1 后，纯净英文基准总计: 213 条数据。---

-------------------- 处理子模组: Tomb's Wardrobe - Alternative - Vanilla --------------------

--- 正在为 'Tomb's Wardrobe - Alternative - Vanilla' 动态查找 'media' 文件夹 ---
  -> 发现版本目录队列: 42.13, 42.12
  --> 找到最高优先级有效版本: 42.13

--- 阶段 1: 扫描所有 media 路径下的翻译文件 (L1) ---
  -> 正在处理 media 路径: data/workshop_content/3616536783/mods/Tomb's Wardrobe - Alternative - Vanilla/42.13/media
  -> 扫描目录: data/workshop_content/3616536783/mods/Tomb's Wardrobe - Alternative - Vanilla/42.13/media/lua/shared/Translate/EN
     -> 在 'ContextMenu_EN.txt' 中找到 23 个键。
     -> 在 'ItemName_EN.txt' 中找到 162 个键。
     -> 在 'Tooltip_EN.txt' 中找到 10 个键。
阶段 1 完成: 从 EN 加载了 195 条数据, 从 CN 加载了 0 条数据。

--- 阶段 2: 扫描所有 Media 路径下的 Scripts (L0) ---
  -> 正在处理 Scripts 路径: data/workshop_content/3616536783/mods/Tomb's Wardrobe - Alternative - Vanilla/42.13/media/scripts
    -> 处理: clothing/tomb_clothingitems.txt
    -> 处理: clothing/tomb_worldmodels.txt
阶段 2 完成: 从 scripts 新生成了 0 条数据。

--- 阶段 3: 合并 L0 与 L1 后，纯净英文基准总计: 195 条数据。---

--- 已为 Mod ID 3616536783 更新 214 条键来源映射 ---

--- 正在为 Mod 'Tomb's_Wardrobe_-_Alternative' 生成输出文件 ---
    - 最终合并 (output.txt): 214 条
    - 纯净英文 (EN_output.txt): 214 条
    - 纯净中文 (CN_output.txt): 0 条
    - 英文待办 (en_todo.txt): 214 条 (增量)
    - 中文独有 (cn_only.txt): 0 条 (增量)
    - 冲突键 (conflict_keys.txt): 0 条
    -> 正在尝试从 Git 历史记录中获取旧版本: data/output_files/Tomb's_Wardrobe_-_Alternative_3616536783/EN_todo.txt
      --> 成功找到旧版本。
     -> 在 'EN_todo.txt (旧版本)' 中找到 210 个键。
    -> 检测到内容变更。新增: 4, 移除: 0

处理成功！所有输出文件已保存在 'Tomb's_Wardrobe_-_Alternative_3616536783' 文件夹中。
    -> [内存] 已为 Mod 3616536783 记录 Commit SHA: 074e9c9
