

========================= 开始处理 Workshop ID: 3446203945 (TowTruckMod) =========================

--- 正在检查已完成的翻译于: data/completed_files/3446203945/en_completed.txt ---
     -> 在 'en_completed.txt' 中找到 35 个键。

--- 正在检查待排除的键于: data/completed_files/3446203945/exclusion_list.txt ---
  -> 排除列表文件 'exclusion_list.txt' 不存在，跳过。

-------------------- 处理子模组: TowTruckMod --------------------

--- 正在为 'TowTruckMod' 动态查找 'media' 文件夹 ---
  -> 发现版本目录队列: 42
  --> 找到最高优先级有效版本: 42

--- 阶段 1: 扫描所有 media 路径下的翻译文件 (L1) ---
  -> 正在处理 media 路径: data/workshop_content/3446203945/mods/TowTruckMod/42/media
  -> 扫描目录: data/workshop_content/3446203945/mods/TowTruckMod/42/media/lua/shared/Translate/EN
    解析 JSON 文件 IG_UI.json 时发生错误: Expecting property name enclosed in double quotes: line 4 column 1 (char 116)
     -> 在 'IG_UI.json' 中找到 0 个键。
    解析 JSON 文件 ItemName.json 时发生错误: Expecting property name enclosed in double quotes: line 3 column 1 (char 52)
     -> 在 'ItemName.json' 中找到 0 个键。
    解析 JSON 文件 Recipes.json 时发生错误: Expecting property name enclosed in double quotes: line 3 column 1 (char 62)
     -> 在 'Recipes.json' 中找到 0 个键。
    解析 JSON 文件 Tooltip.json 时发生错误: Expecting property name enclosed in double quotes: line 3 column 1 (char 111)
     -> 在 'Tooltip.json' 中找到 0 个键。
    解析 JSON 文件 UI.json 时发生错误: Expecting property name enclosed in double quotes: line 15 column 1 (char 638)
     -> 在 'UI.json' 中找到 0 个键。
  -> 扫描目录: data/workshop_content/3446203945/mods/TowTruckMod/42/media/lua/shared/Translate/CN
    解析 JSON 文件 IG_UI.json 时发生错误: Expecting property name enclosed in double quotes: line 4 column 1 (char 100)
     -> 在 'IG_UI.json' 中找到 0 个键。
    解析 JSON 文件 UI.json 时发生错误: Expecting property name enclosed in double quotes: line 13 column 1 (char 432)
     -> 在 'UI.json' 中找到 0 个键。
阶段 1 完成: 从 EN 加载了 0 条数据, 从 CN 加载了 0 条数据。

--- 阶段 2: 扫描所有 Media 路径下的 Scripts (L0) ---
  -> 正在处理 Scripts 路径: data/workshop_content/3446203945/mods/TowTruckMod/42/media/scripts
    -> 处理: Chevalier_Rhino_SVU_Models.txt
    -> 处理: Chevalier_Rhino_models.txt
    -> 处理: RhinoSounds.txt
    -> 处理: items/Chevalier_Rhino_vehiclesitems.txt
    -> 处理: recipes/Chevalier_Rhino_recipes.txt
     -> 新增: 2 个 Recipe
    -> 处理: vehicles/Chevalier_Rhino.txt
    -> 处理: vehicles/Chevalier_Rhino_Burnt.txt
    -> 处理: vehicles/Chevalier_Rhino_RPMData.txt
    -> 处理: vehicles/Chevalier_Rhino_vehiclesfixing.txt
    -> 处理: vehicles/template_RhinoArmor.txt
    -> 处理: vehicles/template_RhinoCollision.txt
    -> 处理: vehicles/template_RhinoDoors.txt
    -> 处理: vehicles/template_RhinoHood.txt
    -> 处理: vehicles/template_RhinoWindows.txt
    -> 处理: vehicles/template_RhinoWindshields.txt
阶段 2 完成: 从 scripts 新生成了 2 条数据。

--- 阶段 3: 合并 L0 与 L1 后，纯净英文基准总计: 2 条数据。---

--- 阶段 4: 检测到 1 个与官方重复的键。---

-------------------- 处理子模组: TowTruckMod_SVUPatch --------------------

--- 正在为 'TowTruckMod_SVUPatch' 动态查找 'media' 文件夹 ---
  -> 发现版本目录队列: 42
  --> 找到最高优先级有效版本: 42

--- 阶段 1: 扫描所有 media 路径下的翻译文件 (L1) ---
  -> 正在处理 media 路径: data/workshop_content/3446203945/mods/TowTruckMod_SVUPatch/42/media
阶段 1 完成: 从 EN 加载了 0 条数据, 从 CN 加载了 0 条数据。

--- 阶段 2: 扫描所有 Media 路径下的 Scripts (L0) ---
  -> 正在处理 Scripts 路径: data/workshop_content/3446203945/mods/TowTruckMod_SVUPatch/42/media/scripts
    -> 处理: vehicles/templates/a_template_upgrades_chevalier_rhino.txt
阶段 2 完成: 从 scripts 新生成了 0 条数据。

--- 阶段 3: 合并 L0 与 L1 后，纯净英文基准总计: 0 条数据。---

--- 已为 Mod ID 3446203945 更新 2 条键来源映射 ---

--- 正在为 Mod 'TowTruckMod' 生成输出文件 ---
    - 最终合并 (output.txt): 2 条
    - 纯净英文 (EN_output.txt/json): 2 条
    - 纯净中文 (CN_output.txt): 0 条
    - 中文独有 (cn_only.txt): 0 条 (增量)
    - 冲突键 (conflict_keys.txt): 1 条
    -> 正在尝试从 Git 历史记录中获取旧版本: data/output_files/TowTruckMod_3446203945/EN_output.txt
      --> 成功找到旧版本。
     -> 在 'EN_output.txt (旧版本)' 中找到 2 个键。

处理成功！所有输出文件已保存在 'TowTruckMod_3446203945' 文件夹中。
    -> [内存] 已为 Mod 3446203945 记录 Commit SHA: 104640c
