

========================= 开始处理 Workshop ID: 3398874593 (TrueMusicJukebox) =========================

--- 正在检查已完成的翻译于: data/completed_files/3398874593/en_completed.txt ---
     -> 在 'en_completed.txt' 中找到 8 个键。

--- 正在检查待排除的键于: data/completed_files/3398874593/exclusion_list.txt ---
  -> 排除列表文件 'exclusion_list.txt' 不存在，跳过。

-------------------- 处理子模组: TrueMusicJukebox --------------------

--- 正在为 'TrueMusicJukebox' 动态查找 'media' 文件夹 ---
  -> 发现版本目录队列: 42.15, 42.13, 42
  --> 找到最高优先级有效版本: 42.15

--- 阶段 1: 扫描所有 media 路径下的翻译文件 (L1) ---
  -> 正在处理 media 路径: data/workshop_content/3398874593/mods/TrueMusicJukebox/42.15/media
  -> 扫描目录: data/workshop_content/3398874593/mods/TrueMusicJukebox/42.15/media/lua/shared/Translate/EN
    解析 JSON 文件 IG_UI_.json 时发生错误: Expecting property name enclosed in double quotes: line 3 column 1 (char 45)
     -> 在 'IG_UI_.json' 中找到 0 个键。
    解析 JSON 文件 ItemName.json 时发生错误: Expecting property name enclosed in double quotes: line 4 column 1 (char 144)
     -> 在 'ItemName.json' 中找到 0 个键。
    解析 JSON 文件 Recipes.json 时发生错误: Expecting property name enclosed in double quotes: line 7 column 1 (char 262)
     -> 在 'Recipes.json' 中找到 0 个键。
    解析 JSON 文件 Sandbox.json 时发生错误: Expecting property name enclosed in double quotes: line 73 column 1 (char 10968)
     -> 在 'Sandbox.json' 中找到 0 个键。
    解析 JSON 文件 Tooltip.json 时发生错误: Expecting property name enclosed in double quotes: line 4 column 1 (char 459)
     -> 在 'Tooltip.json' 中找到 0 个键。
    解析 JSON 文件 UI.json 时发生错误: Expecting property name enclosed in double quotes: line 99 column 1 (char 13949)
     -> 在 'UI.json' 中找到 0 个键。
  -> 扫描目录: data/workshop_content/3398874593/mods/TrueMusicJukebox/42.15/media/lua/shared/Translate/CN
    解析 JSON 文件 IG_UI.json 时发生错误: Expecting property name enclosed in double quotes: line 3 column 1 (char 43)
     -> 在 'IG_UI.json' 中找到 0 个键。
    解析 JSON 文件 ItemName.json 时发生错误: Expecting property name enclosed in double quotes: line 4 column 1 (char 118)
     -> 在 'ItemName.json' 中找到 0 个键。
    解析 JSON 文件 Recipes.json 时发生错误: Expecting property name enclosed in double quotes: line 7 column 1 (char 198)
     -> 在 'Recipes.json' 中找到 0 个键。
    解析 JSON 文件 Sandbox.json 时发生错误: Expecting property name enclosed in double quotes: line 73 column 1 (char 6166)
     -> 在 'Sandbox.json' 中找到 0 个键。
    解析 JSON 文件 Tooltip.json 时发生错误: Expecting property name enclosed in double quotes: line 4 column 1 (char 201)
     -> 在 'Tooltip.json' 中找到 0 个键。
    解析 JSON 文件 UI.json 时发生错误: Expecting property name enclosed in double quotes: line 97 column 1 (char 8305)
     -> 在 'UI.json' 中找到 0 个键。
阶段 1 完成: 从 EN 加载了 0 条数据, 从 CN 加载了 0 条数据。

--- 阶段 2: 扫描所有 Media 路径下的 Scripts (L0) ---
  -> 正在处理 Scripts 路径: data/workshop_content/3398874593/mods/TrueMusicJukebox/42.15/media/scripts
    -> 处理: TMJ_WorkAround_Models.txt
    -> 处理: TrueMusicJukebox-Items.txt
     -> 新增: 1 个 Item
    -> 处理: TrueMusicJukebox-Recipes.txt
     -> 新增: 5 个 Recipe
    -> 处理: TrueMusicJukebox-RemoveJukeboxAmbient.txt
    -> 处理: TrueMusicJukebox-Traits.txt
    -> 处理: sounds.txt
阶段 2 完成: 从 scripts 新生成了 6 条数据。

--- 阶段 3: 合并 L0 与 L1 后，纯净英文基准总计: 6 条数据。---

--- 阶段 4: 检测到 1 个与官方重复的键。---

--- 已为 Mod ID 3398874593 更新 6 条键来源映射 ---

--- 正在为 Mod 'TrueMusicJukebox' 生成输出文件 ---
    - 最终合并 (output.txt): 6 条
    - 纯净英文 (EN_output.txt/json): 6 条
    - 纯净中文 (CN_output.txt): 0 条
    - 中文独有 (cn_only.txt): 0 条 (增量)
    - 冲突键 (conflict_keys.txt): 1 条
    -> 正在尝试从 Git 历史记录中获取旧版本: data/output_files/TrueMusicJukebox_3398874593/EN_output.txt
      --> 成功找到旧版本。
     -> 在 'EN_output.txt (旧版本)' 中找到 179 个键。
    -> 检测到内容变更。新增: 0, 移除: 173

处理成功！所有输出文件已保存在 'TrueMusicJukebox_3398874593' 文件夹中。
    -> [内存] 已为 Mod 3398874593 记录 Commit SHA: 53dbbce
