

========================= 开始处理 Workshop ID: 3068955583 (truemusic_addon) =========================

--- 正在检查已完成的翻译于: data/completed_files/3068955583/en_completed.txt ---
     -> 在 'en_completed.txt' 中找到 0 个键。

--- 正在检查待排除的键于: data/completed_files/3068955583/exclusion_list.txt ---
  -> 排除列表文件 'exclusion_list.txt' 不存在，跳过。

-------------------- 处理子模组: truemusic_addon --------------------

--- 正在为 'truemusic_addon' 动态查找 'media' 文件夹 ---
  -> 找到有效 Common 路径: data/workshop_content/3068955583/mods/truemusic_addon/common/media
  -> 发现版本目录队列: 42
  --> 版本 42 无效或为空，尝试检查下一个低版本...

--- 阶段 1: 扫描所有 media 路径下的翻译文件 (L1) ---
  -> 正在处理 media 路径: data/workshop_content/3068955583/mods/truemusic_addon/common/media
阶段 1 完成: 从 EN 加载了 0 条数据, 从 CN 加载了 0 条数据。

--- 阶段 2: 扫描所有 Media 路径下的 Scripts (L0) ---
  -> 正在处理 Scripts 路径: data/workshop_content/3068955583/mods/truemusic_addon/common/media/scripts
    -> 处理: TCGMusicScriptTCBoombox3068955583.txt
     -> 新增: 91 个 Item
    -> 处理: TCGSoundsTCBoombox3068955583.txt
阶段 2 完成: 从 scripts 新生成了 91 条数据。

--- 阶段 3: 合并 L0 与 L1 后，纯净英文基准总计: 91 条数据。---

--- 已为 Mod ID 3068955583 更新 91 条键来源映射 ---

--- 正在为 Mod 'truemusic_addon' 生成输出文件 ---
    - 最终合并 (output.txt): 91 条
    - 纯净英文 (EN_output.txt): 91 条
    - 纯净中文 (CN_output.txt): 0 条
    - 英文待办 (en_todo.txt): 91 条 (增量)
    - 中文独有 (cn_only.txt): 0 条 (增量)
    - 冲突键 (conflict_keys.txt): 0 条
    -> 正在尝试从 Git 历史记录中获取旧版本: data/output_files/truemusic_addon_3068955583/EN_todo.txt
      --> 成功找到旧版本。
     -> 在 'EN_todo.txt (旧版本)' 中找到 91 个键。

处理成功！所有输出文件已保存在 'truemusic_addon_3068955583' 文件夹中。
    -> [内存] 已为 Mod 3068955583 记录 Commit SHA: 9919787
