

========================= 开始处理 Workshop ID: 2917021415 (VAC_TotallyHistoricalFirearmsPack_patch) =========================

--- 正在检查已完成的翻译于: data/completed_files/2917021415/en_completed.txt ---
     -> 在 'en_completed.txt' 中找到 0 个键。

--- 正在检查待排除的键于: data/completed_files/2917021415/exclusion_list.txt ---
  -> 排除列表文件 'exclusion_list.txt' 不存在，跳过。

-------------------- 处理子模组: VAC_TotallyHistoricalFirearmsPack_patch --------------------

--- 正在为 'VAC_TotallyHistoricalFirearmsPack_patch' 动态查找 'media' 文件夹 ---
  --> 未能在 Common 或 版本目录队列中找到任何有效的 'media' 文件夹。

-------------------- 处理子模组: VAC_VFE_patch --------------------

--- 正在为 'VAC_VFE_patch' 动态查找 'media' 文件夹 ---
  --> 未能在 Common 或 版本目录队列中找到任何有效的 'media' 文件夹。

-------------------- 处理子模组: VAC_firearmsB41_patch --------------------

--- 正在为 'VAC_firearmsB41_patch' 动态查找 'media' 文件夹 ---
  --> 未能在 Common 或 版本目录队列中找到任何有效的 'media' 文件夹。

-------------------- 处理子模组: VanillaAmmoCrafting --------------------

--- 正在为 'VanillaAmmoCrafting' 动态查找 'media' 文件夹 ---
  -> 发现版本目录队列: 42
  --> 找到最高优先级有效版本: 42

--- 阶段 1: 扫描所有 media 路径下的翻译文件 (L1) ---
  -> 正在处理 media 路径: data/workshop_content/2917021415/mods/VanillaAmmoCrafting/42/media
  -> 扫描目录: data/workshop_content/2917021415/mods/VanillaAmmoCrafting/42/media/lua/shared/Translate/EN
     -> 在 'ItemName.json' 中找到 11 个键。
     -> 在 'Recipes.json' 中找到 24 个键。
     -> 在 'language.txt' 中找到 2 个键。
阶段 1 完成: 从 EN 加载了 37 条数据, 从 CN 加载了 0 条数据。

--- 阶段 2: 扫描所有 Media 路径下的 Scripts (L0) ---
  -> 正在处理 Scripts 路径: data/workshop_content/2917021415/mods/VanillaAmmoCrafting/42/media/scripts
    -> 处理: vac_item.txt
     -> 新增: 11 个 Item
    -> 处理: vac_models.txt
    -> 处理: vac_recipe.txt
     -> 新增: 24 个 Recipe
阶段 2 完成: 从 scripts 新生成了 35 条数据。

--- 阶段 3: 合并 L0 与 L1 后，纯净英文基准总计: 72 条数据。---

--- 阶段 4: 检测到 6 个与官方重复的键。---

--- 已为 Mod ID 2917021415 更新 72 条键来源映射 ---

--- 正在为 Mod 'VAC_TotallyHistoricalFirearmsPack_patch' 生成输出文件 ---
    - 最终合并 (output.txt): 72 条
    - 纯净英文 (EN_output.txt/json): 72 条
    - 纯净中文 (CN_output.txt): 0 条
    - 中文独有 (cn_only.txt): 0 条 (增量)
    - 冲突键 (conflict_keys.txt): 6 条
    -> 正在尝试从 Git 历史记录中获取旧版本: data/output_files/VAC_TotallyHistoricalFirearmsPack_patch_2917021415/EN_output.txt
      --> 成功找到旧版本。
     -> 在 'EN_output.txt (旧版本)' 中找到 34 个键。
    -> 检测到内容变更。新增: 48, 移除: 10

处理成功！所有输出文件已保存在 'VAC_TotallyHistoricalFirearmsPack_patch_2917021415' 文件夹中。
    -> [内存] 已为 Mod 2917021415 记录 Commit SHA: ea668e2
