

========================= 开始处理 Workshop ID: 3611718925 (VFE) =========================

--- 正在检查已完成的翻译于: data/completed_files/3611718925/en_completed.txt ---
     -> 在 'en_completed.txt' 中找到 0 个键。

--- 正在检查待排除的键于: data/completed_files/3611718925/exclusion_list.txt ---
  -> 排除列表文件 'exclusion_list.txt' 不存在，跳过。

-------------------- 处理子模组: VFE --------------------

--- 正在为 'VFE' 动态查找 'media' 文件夹 ---
  -> 发现版本目录队列: 42.0
  --> 找到最高优先级有效版本: 42.0

--- 阶段 1: 扫描所有 media 路径下的翻译文件 (L1) ---
  -> 正在处理 media 路径: data/workshop_content/3611718925/mods/VFE/42.0/media
  -> 扫描目录: data/workshop_content/3611718925/mods/VFE/42.0/media/lua/shared/Translate/EN
     -> 在 'IG_UI_EN.txt' 中找到 47 个键。
     -> 在 'ItemName_EN.txt' 中找到 209 个键。
     -> 在 'Recipes_EN.txt' 中找到 81 个键。
     -> 在 'Sandbox_EN.txt' 中找到 17 个键。
     -> 在 'Tooltip_EN.txt' 中找到 3 个键。
阶段 1 完成: 从 EN 加载了 357 条数据, 从 CN 加载了 0 条数据。

--- 阶段 2: 扫描所有 Media 路径下的 Scripts (L0) ---
  -> 正在处理 Scripts 路径: data/workshop_content/3611718925/mods/VFE/42.0/media/scripts
    -> 处理: items/VFERedux_items_ammo.txt
    -> 处理: items/VFERedux_items_attachments.txt
    -> 处理: items/VFERedux_items_carbines.txt
    -> 处理: items/VFERedux_items_casings.txt
    -> 处理: items/VFERedux_items_combination.txt
    -> 处理: items/VFERedux_items_containers.txt
    -> 处理: items/VFERedux_items_melee.txt
    -> 处理: items/VFERedux_items_others.txt
    -> 处理: items/VFERedux_items_pistols.txt
    -> 处理: items/VFERedux_items_rifles.txt
    -> 处理: items/VFERedux_items_shotguns.txt
    -> 处理: items/VFERedux_items_smgs.txt
    -> 处理: models/VFERedux_models_attachments_others.txt
    -> 处理: models/VFERedux_models_carbines.txt
    -> 处理: models/VFERedux_models_combination.txt
    -> 处理: models/VFERedux_models_pistols.txt
    -> 处理: models/VFERedux_models_rifles.txt
    -> 处理: models/VFERedux_models_shotguns.txt
    -> 处理: models/VFERedux_models_smgs.txt
    -> 处理: recipes/VFERedux_ammo_recipes.txt
     -> 新增: 8 个 Recipe
    -> 处理: recipes/VFERedux_fixing_recipes.txt
    -> 处理: recipes/VFERedux_weapons_recipes.txt
     -> 新增: 12 个 Recipe
    -> 处理: sounds/VFERedux_sounds.txt
阶段 2 完成: 从 scripts 新生成了 20 条数据。

--- 阶段 3: 合并 L0 与 L1 后，纯净英文基准总计: 377 条数据。---

--- 阶段 4: 检测到 24 个与官方重复的键。---

-------------------- 处理子模组: VFEP93 --------------------

--- 正在为 'VFEP93' 动态查找 'media' 文件夹 ---
  -> 发现版本目录队列: 42.0
  --> 找到最高优先级有效版本: 42.0

--- 阶段 1: 扫描所有 media 路径下的翻译文件 (L1) ---
  -> 正在处理 media 路径: data/workshop_content/3611718925/mods/VFEP93/42.0/media
  -> 扫描目录: data/workshop_content/3611718925/mods/VFEP93/42.0/media/lua/shared/Translate/EN
     -> 在 'ItemName_EN.txt' 中找到 41 个键。
     -> 在 'Recipes_EN.txt' 中找到 0 个键。
     -> 在 'Tooltip_EN.txt' 中找到 0 个键。
阶段 1 完成: 从 EN 加载了 41 条数据, 从 CN 加载了 0 条数据。

--- 阶段 2: 扫描所有 Media 路径下的 Scripts (L0) ---
  -> 正在处理 Scripts 路径: data/workshop_content/3611718925/mods/VFEP93/42.0/media/scripts
    -> 处理: items/VFE93Redux_items_ammo.txt
    -> 处理: items/VFE93Redux_items_casings.txt
    -> 处理: items/VFE93Redux_items_others.txt
    -> 处理: items/VFE93Redux_items_pistols.txt
    -> 处理: items/VFE93Redux_items_rifles.txt
    -> 处理: items/VFE93Redux_items_shotguns.txt
    -> 处理: items/VFE93Redux_items_smgs.txt
    -> 处理: models/VFE93Redux_models_attachments.txt
    -> 处理: models/VFE93Redux_models_items.txt
    -> 处理: models/VFE93Redux_models_pistols.txt
    -> 处理: models/VFE93Redux_models_rifles.txt
    -> 处理: models/VFE93Redux_models_shotguns.txt
    -> 处理: models/VFE93Redux_models_smgs.txt
    -> 处理: recipes/VFE93Redux_fixing_recipes.txt
阶段 2 完成: 从 scripts 新生成了 0 条数据。

--- 阶段 3: 合并 L0 与 L1 后，纯净英文基准总计: 41 条数据。---

-------------------- 处理子模组: VFES --------------------

--- 正在为 'VFES' 动态查找 'media' 文件夹 ---
  -> 发现版本目录队列: 42.0
  --> 找到最高优先级有效版本: 42.0

--- 阶段 1: 扫描所有 media 路径下的翻译文件 (L1) ---
  -> 正在处理 media 路径: data/workshop_content/3611718925/mods/VFES/42.0/media
  -> 扫描目录: data/workshop_content/3611718925/mods/VFES/42.0/media/lua/shared/Translate/EN
     -> 在 'ItemName_EN.txt' 中找到 56 个键。
阶段 1 完成: 从 EN 加载了 56 条数据, 从 CN 加载了 0 条数据。

--- 阶段 2: 扫描所有 Media 路径下的 Scripts (L0) ---
  -> 正在处理 Scripts 路径: data/workshop_content/3611718925/mods/VFES/42.0/media/scripts
    -> 处理: items/VFESRedux_items_ammo.txt
    -> 处理: items/VFESRedux_items_casings.txt
    -> 处理: items/VFESRedux_items_others.txt
    -> 处理: items/VFESRedux_items_pistols.txt
    -> 处理: items/VFESRedux_items_rifles.txt
    -> 处理: items/VFESRedux_items_shotguns.txt
    -> 处理: items/VFESRedux_items_smgs.txt
    -> 处理: models/VFESRedux_models_attachments.txt
    -> 处理: models/VFESRedux_models_items.txt
    -> 处理: models/VFESRedux_models_rifles.txt
    -> 处理: models/VFESRedux_models_shotguns.txt
    -> 处理: models/VFESRedux_models_smgs.txt
    -> 处理: models/VFESRudex_models_pistols.txt
    -> 处理: recipes/VFESRedux_fixing_recipes.txt
    -> 处理: sounds/VFESRedux_sounds.txt
阶段 2 完成: 从 scripts 新生成了 0 条数据。

--- 阶段 3: 合并 L0 与 L1 后，纯净英文基准总计: 56 条数据。---

--- 已为 Mod ID 3611718925 更新 474 条键来源映射 ---

--- 正在为 Mod 'VFE' 生成输出文件 ---
    - 最终合并 (output.txt): 474 条
    - 纯净英文 (EN_output.txt): 474 条
    - 纯净中文 (CN_output.txt): 0 条
    - 英文待办 (en_todo.txt): 474 条 (增量)
    - 中文独有 (cn_only.txt): 0 条 (增量)
    - 冲突键 (conflict_keys.txt): 24 条
    -> 正在尝试从 Git 历史记录中获取旧版本: data/output_files/VFE_3611718925/EN_todo.txt
      --> 成功找到旧版本。
     -> 在 'EN_todo.txt (旧版本)' 中找到 557 个键。
    -> 检测到内容变更。新增: 8, 移除: 91

处理成功！所有输出文件已保存在 'VFE_3611718925' 文件夹中。
    -> [内存] 已为 Mod 3611718925 记录 Commit SHA: d293cfd

--- 所有模组处理循环结束，正在保存最终运行状态 ---

--- 应用正则表达式来源覆盖规则 ---
成功加载 6 条正则表达式规则。
未发现需要应用的正则表达式规则。

--- 正在合并手动分类的键来源 ---
  -> 未发现需要合并的手动分类条目。
全局键来源映射已成功保存到: translation_utils/key_source_map.json

增量更新日志已记录到: data/logs/update_log.json

--- 开始生成状态报告 ---
执行报告生成脚本失败: Command '['python', 'scripts/generate_status.py']' returned non-zero exit status 1.
脚本输出:
--- 开始生成状态报告 ---

脚本错误输出:
Traceback (most recent call last):
  File "/home/runner/work/pz-mod-translation-helper/pz-mod-translation-helper/scripts/generate_status.py", line 259, in <module>
    main()
  File "/home/runner/work/pz-mod-translation-helper/pz-mod-translation-helper/scripts/generate_status.py", line 232, in main
    mod_todo_table_rows = [
  File "/home/runner/work/pz-mod-translation-helper/pz-mod-translation-helper/scripts/generate_status.py", line 233, in <listcomp>
    f"| {mod['name'].replace('|', '&#124;')} | {mod['id']} | {mod['todos']} | {mod['to_proofread']} | {mod['missing_en']} | {mod['total_entries']} |"
AttributeError: 'NoneType' object has no attribute 'replace'

