

========================= 开始处理 Workshop ID: 3408186716 (Video_Games_Consoles_Addon_-_More_SNES_Games) =========================

--- 正在检查已完成的翻译于: data/completed_files/3408186716/en_completed.txt ---
     -> 在 'en_completed.txt' 中找到 0 个键。

--- 正在检查待排除的键于: data/completed_files/3408186716/exclusion_list.txt ---
  -> 排除列表文件 'exclusion_list.txt' 不存在，跳过。

-------------------- 处理子模组: Video Games Consoles Addon - More SNES Games --------------------

--- 正在为 'Video Games Consoles Addon - More SNES Games' 动态查找 'media' 文件夹 ---
  -> 发现版本目录: 42
  -> 正在检查路径的有效性: data/workshop_content/3408186716/mods/Video Games Consoles Addon - More SNES Games/42/media
  --> 路径有效！已将其加入待处理列表。

--- 阶段 1: 扫描所有 media 路径下的翻译文件 (L1) ---
  -> 正在处理 media 路径: data/workshop_content/3408186716/mods/Video Games Consoles Addon - More SNES Games/42/media
阶段 1 完成: 从 EN 加载了 0 条数据, 从 CN 加载了 0 条数据。

--- 阶段 2: 扫描所有 Media 路径下的 Scripts (L0) ---
  -> 正在处理 Scripts 路径: data/workshop_content/3408186716/mods/Video Games Consoles Addon - More SNES Games/42/media/scripts
    -> 处理: VGC_Addon_SNESGames_actions.txt
    -> 处理: VGC_Addon_SNESGames_items.txt
     -> 新增: 39 个 Item
    -> 处理: VGC_Addon_SNESGames_models.txt
    -> 处理: VGC_Addon_SNESGames_recipes.txt
     -> 新增: 33 个 Recipe
    -> 处理: VGC_Addon_SNESGames_sounds.txt
阶段 2 完成: 从 scripts 新生成了 72 条数据。

--- 阶段 3: 合并 L0 与 L1 后，纯净英文基准总计: 72 条数据。---

-------------------- 处理子模组: Video Games Consoles Addon - More SNES Games - Expansion --------------------

--- 正在为 'Video Games Consoles Addon - More SNES Games - Expansion' 动态查找 'media' 文件夹 ---
  -> 发现版本目录: 42
  -> 正在检查路径的有效性: data/workshop_content/3408186716/mods/Video Games Consoles Addon - More SNES Games - Expansion/42/media
  --> 路径有效！已将其加入待处理列表。

--- 阶段 1: 扫描所有 media 路径下的翻译文件 (L1) ---
  -> 正在处理 media 路径: data/workshop_content/3408186716/mods/Video Games Consoles Addon - More SNES Games - Expansion/42/media
阶段 1 完成: 从 EN 加载了 0 条数据, 从 CN 加载了 0 条数据。

--- 阶段 2: 扫描所有 Media 路径下的 Scripts (L0) ---
  -> 正在处理 Scripts 路径: data/workshop_content/3408186716/mods/Video Games Consoles Addon - More SNES Games - Expansion/42/media/scripts
    -> 处理: VGC_Addon_SNESGames2_actions.txt
    -> 处理: VGC_Addon_SNESGames2_items.txt
     -> 新增: 39 个 Item
    -> 处理: VGC_Addon_SNESGames2_models.txt
    -> 处理: VGC_Addon_SNESGames2_recipes.txt
     -> 新增: 27 个 Recipe
    -> 处理: VGC_Addon_SNESGames2_sounds.txt
阶段 2 完成: 从 scripts 新生成了 66 条数据。

--- 阶段 3: 合并 L0 与 L1 后，纯净英文基准总计: 66 条数据。---

--- 已为 Mod ID 3408186716 更新 137 条键来源映射 ---

--- 正在为 Mod 'Video_Games_Consoles_Addon_-_More_SNES_Games' 生成输出文件 ---
    - 最终合并 (output.txt): 137 条
    - 纯净英文 (EN_output.txt): 137 条
    - 纯净中文 (CN_output.txt): 0 条
    - 英文待办 (en_todo.txt): 137 条 (增量)
    - 中文独有 (cn_only.txt): 0 条 (增量)
    - 冲突键 (conflict_keys.txt): 0 条
    -> 正在尝试从 Git 历史记录中获取旧版本: data/output_files/Video_Games_Consoles_Addon_-_More_SNES_Games_3408186716/EN_todo.txt
      --> 成功找到旧版本。
     -> 在 'EN_todo.txt (旧版本)' 中找到 137 个键。

处理成功！所有输出文件已保存在 'Video_Games_Consoles_Addon_-_More_SNES_Games_3408186716' 文件夹中。
    -> [内存] 已为 Mod 3408186716 记录 Commit SHA: e702a04
