

========================= 开始处理 Workshop ID: 3620552991 (vlmainquest1) =========================

--- 正在检查已完成的翻译于: data/completed_files/3620552991/en_completed.txt ---
     -> 在 'en_completed.txt' 中找到 0 个键。

--- 正在检查待排除的键于: data/completed_files/3620552991/exclusion_list.txt ---
  -> 排除列表文件 'exclusion_list.txt' 不存在，跳过。

-------------------- 处理子模组: vlmainquest1 --------------------

--- 正在为 'vlmainquest1' 动态查找 'media' 文件夹 ---
  -> 发现版本目录队列: 42
  --> 找到最高优先级有效版本: 42

--- 阶段 1: 扫描所有 media 路径下的翻译文件 (L1) ---
  -> 正在处理 media 路径: data/workshop_content/3620552991/mods/vlmainquest1/42/media
  -> 扫描目录: data/workshop_content/3620552991/mods/vlmainquest1/42/media/lua/shared/translate/en
     -> 在 'ig_ui_en.txt' 中找到 144 个键。
  -> 扫描目录: data/workshop_content/3620552991/mods/vlmainquest1/42/media/lua/shared/translate/cn
     -> 在 'ig_ui_cn.txt' 中找到 144 个键。
阶段 1 完成: 从 EN 加载了 144 条数据, 从 CN 加载了 144 条数据。

--- 阶段 2: 扫描所有 Media 路径下的 Scripts (L0) ---
阶段 2 完成: 从 scripts 新生成了 0 条数据。

--- 阶段 3: 合并 L0 与 L1 后，纯净英文基准总计: 144 条数据。---

-------------------- 处理子模组: vlquestfw --------------------

--- 正在为 'vlquestfw' 动态查找 'media' 文件夹 ---
  -> 发现版本目录队列: 42
  --> 找到最高优先级有效版本: 42

--- 阶段 1: 扫描所有 media 路径下的翻译文件 (L1) ---
  -> 正在处理 media 路径: data/workshop_content/3620552991/mods/vlquestfw/42/media
  -> 扫描目录: data/workshop_content/3620552991/mods/vlquestfw/42/media/lua/shared/translate/en
     -> 在 'ig_ui_en.txt' 中找到 23 个键。
     -> 在 'itemname_en.txt' 中找到 11 个键。
     -> 在 'recipes_en.txt' 中找到 6 个键。
     -> 在 'tooltip_en.txt' 中找到 11 个键。
     -> 在 'ui_en.txt' 中找到 1 个键。
  -> 扫描目录: data/workshop_content/3620552991/mods/vlquestfw/42/media/lua/shared/translate/cn
     -> 在 'ig_ui_cn.txt' 中找到 21 个键。
     -> 在 'itemname_cn.txt' 中找到 11 个键。
     -> 在 'recipes_cn.txt' 中找到 6 个键。
     -> 在 'tooltip_cn.txt' 中找到 11 个键。
     -> 在 'ui_cn.txt' 中找到 1 个键。
阶段 1 完成: 从 EN 加载了 52 条数据, 从 CN 加载了 50 条数据。

--- 阶段 2: 扫描所有 Media 路径下的 Scripts (L0) ---
  -> 正在处理 Scripts 路径: data/workshop_content/3620552991/mods/vlquestfw/42/media/scripts
    -> 处理: vl_quest_items.txt
    -> 处理: vl_quest_models_items.txt
    -> 处理: vl_quest_recipes.txt
     -> 新增: 1 个 Recipe
    -> 处理: vl_sounds.txt
阶段 2 完成: 从 scripts 新生成了 1 条数据。

--- 阶段 3: 合并 L0 与 L1 后，纯净英文基准总计: 53 条数据。---

--- 阶段 4: 检测到 1 个与官方重复的键。---

--- 已为 Mod ID 3620552991 更新 204 条键来源映射 ---

--- 正在为 Mod 'vlmainquest1' 生成输出文件 ---
    - 最终合并 (output.txt): 198 条
    - 纯净英文 (EN_output.txt): 197 条
    - 纯净中文 (CN_output.txt): 194 条
    - 英文待办 (en_todo.txt): 7 条 (增量)
    - 中文独有 (cn_only.txt): 1 条 (增量)
    - 冲突键 (conflict_keys.txt): 1 条
    -> 正在尝试从 Git 历史记录中获取旧版本: data/output_files/vlmainquest1_3620552991/EN_todo.txt
      --> 在 Git 历史记录中未找到该文件，视为全新。
    -> 基线日志已存档到: data/logs/archive/vlmainquest1_3620552991_baseline_run_20251216_040514.json

处理成功！所有输出文件已保存在 'vlmainquest1_3620552991' 文件夹中。
    -> [内存] 已为 Mod 3620552991 记录 Commit SHA: 08082b8
