

========================= 开始处理 Workshop ID: 3133520800 (VNGarage) =========================

--- 正在检查已完成的翻译于: data/completed_files/3133520800/en_completed.txt ---
  -> 文件 'en_completed.txt' 在目标位置不存在，将自动创建。

--- 正在检查待排除的键于: data/completed_files/3133520800/exclusion_list.txt ---
  -> 排除列表文件 'exclusion_list.txt' 不存在，跳过。

-------------------- 处理子模组: VNGarage --------------------

--- 正在为 'VNGarage' 动态查找 'media' 文件夹 ---
  -> 发现版本目录: 42
  -> 正在检查路径的有效性: data/workshop_content/3133520800/mods/VNGarage/common/media
  --> 路径有效！已将其加入待处理列表。

--- 阶段 1: 扫描所有 media 路径下的翻译文件 (L1) ---
  -> 正在处理 media 路径: data/workshop_content/3133520800/mods/VNGarage/common/media
  -> 扫描目录: data/workshop_content/3133520800/mods/VNGarage/common/media/lua/shared/Translate/EN
     -> 在 'IG_UI_EN.txt' 中找到 9 个键。
     -> 在 'Moveables_EN.txt' 中找到 10 个键。
     -> 在 'Recipes_EN.txt' 中找到 3 个键。
     -> 在 'Tooltip_EN.txt' 中找到 2 个键。
阶段 1 完成: 从 EN 加载了 24 条数据, 从 CN 加载了 0 条数据。

--- 阶段 2: 扫描所有 Media 路径下的 Scripts (L0) ---
  -> 正在处理 Scripts 路径: data/workshop_content/3133520800/mods/VNGarage/common/media/scripts
    -> 处理: Items_VNBatteryShelf.txt
    -> 处理: Items_VNGarageMagazines.txt
    -> 处理: Items_VNTireRack.txt
    -> 处理: Recipes_VNTireRack.txt
     -> 新增: 1 个 Recipe
    -> 处理: entities/furniture/entity_vn_battery_shelf.txt
    -> 处理: entities/furniture/entity_vn_tire_rack_unpainted.txt
阶段 2 完成: 从 scripts 新生成了 1 条数据。

--- 阶段 3: 合并 L0 与 L1 后，纯净英文基准总计: 25 条数据。---

-------------------- 处理子模组: VNGarage_InventoryTetris --------------------

--- 正在为 'VNGarage_InventoryTetris' 动态查找 'media' 文件夹 ---
  -> 发现版本目录: 42
  --> 未能在任何优先路径中找到有效的 'media' 文件夹。

--- 已为 Mod ID 3133520800 更新 25 条键来源映射 ---

--- 正在为 Mod 'VNGarage' 生成输出文件 ---
    - 最终合并 (output.txt): 25 条
    - 纯净英文 (EN_output.txt): 25 条
    - 纯净中文 (CN_output.txt): 0 条
    - 英文待办 (en_todo.txt): 25 条 (增量)
    - 中文独有 (cn_only.txt): 0 条 (增量)
    - 冲突键 (conflict_keys.txt): 0 条
    -> 正在尝试从 Git 历史记录中获取旧版本: data/output_files/VNGarage_3133520800/EN_todo.txt
      --> 在 Git 历史记录中未找到该文件，视为全新。
    -> 基线日志已存档到: data/logs/archive/VNGarage_3133520800_baseline_run_20251209_040411.json

处理成功！所有输出文件已保存在 'VNGarage_3133520800' 文件夹中。
    -> 警告：未能获取 Mod 3133520800 的完成文件SHA，状态未记录。
