

========================= 开始处理 Workshop ID: 3645781559 (VorpallySauced) =========================

--- 正在检查已完成的翻译于: data/completed_files/3645781559/en_completed.txt ---
     -> 在 'en_completed.txt' 中找到 0 个键。

--- 正在检查待排除的键于: data/completed_files/3645781559/exclusion_list.txt ---
  -> 排除列表文件 'exclusion_list.txt' 不存在，跳过。

-------------------- 处理子模组: VorpallySauced --------------------

--- 正在为 'VorpallySauced' 动态查找 'media' 文件夹 ---
  -> 发现版本目录队列: 42
  --> 找到最高优先级有效版本: 42

--- 阶段 1: 扫描所有 media 路径下的翻译文件 (L1) ---
  -> 正在处理 media 路径: data/workshop_content/3645781559/mods/VorpallySauced/42/media
  -> 扫描目录: data/workshop_content/3645781559/mods/VorpallySauced/42/media/lua/shared/Translate/EN
     -> 在 'Compendium.json' 中找到 21 个键。
     -> 在 'Mod.json' 中找到 2 个键。
     -> 在 'Sandbox.json' 中找到 37 个键。
     -> 在 'Tooltip.json' 中找到 1 个键。
     -> 在 'UI.json' 中找到 264 个键。
     -> 在 'Compendium_EN.txt' 中找到 21 个键。
     -> 在 'Sandbox_EN.txt' 中找到 37 个键。
     -> 在 'Tooltip_EN.txt' 中找到 1 个键。
     -> 在 'UI_EN.txt' 中找到 243 个键。
  -> 扫描目录: data/workshop_content/3645781559/mods/VorpallySauced/42/media/lua/shared/Translate/CN
     -> 在 'Compendium.json' 中找到 21 个键。
     -> 在 'Mod.json' 中找到 2 个键。
     -> 在 'Sandbox.json' 中找到 37 个键。
     -> 在 'Tooltip.json' 中找到 1 个键。
     -> 在 'UI.json' 中找到 264 个键。
     -> 在 'Compendium_CN.txt' 中找到 21 个键。
     -> 在 'Sandbox_CN.txt' 中找到 37 个键。
     -> 在 'Tooltip_CN.txt' 中找到 1 个键。
     -> 在 'UI_CN.txt' 中找到 243 个键。
阶段 1 完成: 从 EN 加载了 304 条数据, 从 CN 加载了 304 条数据。

--- 阶段 2: 扫描所有 Media 路径下的 Scripts (L0) ---
  -> 正在处理 Scripts 路径: data/workshop_content/3645781559/mods/VorpallySauced/42/media/scripts
    -> 处理: items_vorpallysauced.txt
     -> 新增: 9 个 Item
    -> 处理: models_vorpallysauced.txt
阶段 2 完成: 从 scripts 新生成了 9 条数据。

--- 阶段 3: 合并 L0 与 L1 后，纯净英文基准总计: 313 条数据。---

--- 已为 Mod ID 3645781559 更新 313 条键来源映射 ---

--- 正在为 Mod 'VorpallySauced' 生成输出文件 ---
    - 最终合并 (output.txt): 313 条
    - 纯净英文 (EN_output.txt/json): 313 条
    - 纯净中文 (CN_output.txt): 304 条
    - 中文独有 (cn_only.txt): 0 条 (增量)
    - 冲突键 (conflict_keys.txt): 0 条
    -> 正在尝试从 Git 历史记录中获取旧版本: data/output_files/VorpallySauced_3645781559/EN_output.txt
      --> 成功找到旧版本。
     -> 在 'EN_output.txt (旧版本)' 中找到 313 个键。

处理成功！所有输出文件已保存在 'VorpallySauced_3645781559' 文件夹中。
    -> [内存] 已为 Mod 3645781559 记录 Commit SHA: ea668e2
