

========================= 开始处理 Workshop ID: 2999595757 (Wallpapers) =========================

--- 正在检查已完成的翻译于: data/completed_files/2999595757/en_completed.txt ---
     -> 在 'en_completed.txt' 中找到 283 个键。

--- 正在检查待排除的键于: data/completed_files/2999595757/exclusion_list.txt ---
  -> 排除列表文件 'exclusion_list.txt' 不存在，跳过。

-------------------- 处理子模组: Wallpapers --------------------

--- 正在为 'Wallpapers' 动态查找 'media' 文件夹 ---
  -> 发现版本目录队列: 42.13, 42
  --> 找到最高优先级有效版本: 42.13

--- 阶段 1: 扫描所有 media 路径下的翻译文件 (L1) ---
  -> 正在处理 media 路径: data/workshop_content/2999595757/mods/Wallpapers/42.13/media
  -> 扫描目录: data/workshop_content/2999595757/mods/Wallpapers/42.13/media/lua/shared/Translate/EN
    解析 JSON 文件 ContextMenu.json 时发生错误: Expecting property name enclosed in double quotes: line 127 column 1 (char 4872)
     -> 在 'ContextMenu.json' 中找到 0 个键。
    解析 JSON 文件 IG_UI.json 时发生错误: Expecting property name enclosed in double quotes: line 6 column 1 (char 150)
     -> 在 'IG_UI.json' 中找到 0 个键。
    解析 JSON 文件 ItemName.json 时发生错误: Invalid control character at: line 48 column 19 (char 2317)
     -> 在 'ItemName.json' 中找到 0 个键。
    解析 JSON 文件 Recipes.json 时发生错误: Expecting property name enclosed in double quotes: line 6 column 1 (char 62)
     -> 在 'Recipes.json' 中找到 0 个键。
    解析 JSON 文件 Tooltip.json 时发生错误: Expecting property name enclosed in double quotes: line 8 column 1 (char 326)
     -> 在 'Tooltip.json' 中找到 0 个键。
阶段 1 完成: 从 EN 加载了 0 条数据, 从 CN 加载了 0 条数据。

--- 阶段 2: 扫描所有 Media 路径下的 Scripts (L0) ---
  -> 正在处理 Scripts 路径: data/workshop_content/2999595757/mods/Wallpapers/42.13/media/scripts
    -> 处理: entities/walls/entity_removeSiding_xuiSkin.txt
    -> 处理: generated/entities/walls/entity_removeSiding.txt
     -> 新增: 2 个 Recipe
    -> 处理: generated/items/Wallpapers_item.txt
     -> 新增: 25 个 Item
    -> 处理: generated/items/Wallpapers_models.txt
阶段 2 完成: 从 scripts 新生成了 27 条数据。

--- 阶段 3: 合并 L0 与 L1 后，纯净英文基准总计: 27 条数据。---

-------------------- 处理子模组: WallpapersBuildingMenu --------------------

--- 正在为 'WallpapersBuildingMenu' 动态查找 'media' 文件夹 ---
  --> 未能在 Common 或 版本目录队列中找到任何有效的 'media' 文件夹。

--- 已为 Mod ID 2999595757 更新 27 条键来源映射 ---

--- 正在为 Mod 'Wallpapers' 生成输出文件 ---
    - 最终合并 (output.txt): 27 条
    - 纯净英文 (EN_output.txt/json): 27 条
    - 纯净中文 (CN_output.txt): 0 条
    - 中文独有 (cn_only.txt): 0 条 (增量)
    - 冲突键 (conflict_keys.txt): 0 条
    -> 正在尝试从 Git 历史记录中获取旧版本: data/output_files/Wallpapers_2999595757/EN_output.txt
      --> 成功找到旧版本。
     -> 在 'EN_output.txt (旧版本)' 中找到 27 个键。

处理成功！所有输出文件已保存在 'Wallpapers_2999595757' 文件夹中。
    -> [内存] 已为 Mod 2999595757 记录 Commit SHA: 104640c
