

========================= 开始处理 Workshop ID: 3630196063 (WAR) =========================

--- 正在检查已完成的翻译于: data/completed_files/3630196063/en_completed.txt ---
  -> 文件 'en_completed.txt' 在目标位置不存在，将自动创建。

--- 正在检查待排除的键于: data/completed_files/3630196063/exclusion_list.txt ---
  -> 排除列表文件 'exclusion_list.txt' 不存在，跳过。

-------------------- 处理子模组: WAR --------------------

--- 正在为 'WAR' 动态查找 'media' 文件夹 ---
  -> 找到有效 Common 路径: data/workshop_content/3630196063/mods/WAR/common/media
  -> 发现版本目录队列: 42
  --> 找到最高优先级有效版本: 42

--- 阶段 1: 扫描所有 media 路径下的翻译文件 (L1) ---
  -> 正在处理 media 路径: data/workshop_content/3630196063/mods/WAR/common/media
  -> 扫描目录: data/workshop_content/3630196063/mods/WAR/common/media/lua/shared/Translate/EN
     -> 在 'ContextMenu_EN.txt' 中找到 4 个键。
     -> 在 'IG_UI_EN.txt' 中找到 76 个键。
     -> 在 'ItemName_EN.txt' 中找到 692 个键。
     -> 在 'Recipes_EN.txt' 中找到 6 个键。
     -> 在 'Sandbox_EN.txt' 中找到 61 个键。
     -> 在 'Tooltip_EN.txt' 中找到 2 个键。
     -> 在 'UI_EN.txt' 中找到 5 个键。
  -> 扫描目录: data/workshop_content/3630196063/mods/WAR/common/media/lua/shared/Translate/CN
     -> 在 'ContextMenu_CN.txt' 中找到 4 个键。
     -> 在 'IG_UI_CN.txt' 中找到 77 个键。
     -> 在 'Sandbox_CN.txt' 中找到 61 个键。
     -> 在 'Tooltip_CN.txt' 中找到 1 个键。
     -> 在 'UI_CN.txt' 中找到 5 个键。
  -> 正在处理 media 路径: data/workshop_content/3630196063/mods/WAR/42/media
阶段 1 完成: 从 EN 加载了 846 条数据, 从 CN 加载了 148 条数据。

--- 阶段 2: 扫描所有 Media 路径下的 Scripts (L0) ---
  -> 正在处理 Scripts 路径: data/workshop_content/3630196063/mods/WAR/42/media/scripts
    -> 处理: ADVANCED-WARFARE-EX.txt
     -> 新增: 115 个 Item
    -> 处理: Ammo/WAR_AMMO.txt
     -> 新增: 3 个 Recipe
    -> 处理: Loaders/WAR_AWCWF_PARTS.txt
    -> 处理: Loaders/WAR_HANDGUNS.txt
    -> 处理: Loaders/WAR_MODEL_LOADER_PARTS.txt
    -> 处理: Loaders/WAR_RIFLES.txt
    -> 处理: Loaders/WAR_SHOTGUNS.txt
    -> 处理: WAR_EXPLOSIVES.txt
     -> 新增: 1 个 Item
    -> 处理: WAR_MISC.txt
     -> 新增: 1 个 Item
    -> 处理: WAR_MODCOMPAT.txt
     -> 新增: 1 个 Item
    -> 处理: WAR_SOUNDLOADER.txt
    -> 处理: physics/physics_hit_reactions.txt
阶段 2 完成: 从 scripts 新生成了 121 条数据。

--- 阶段 3: 合并 L0 与 L1 后，纯净英文基准总计: 967 条数据。---

--- 阶段 4: 检测到 28 个与官方重复的键。---

--- 已为 Mod ID 3630196063 更新 973 条键来源映射 ---

--- 正在为 Mod 'WAR' 生成输出文件 ---
    - 最终合并 (output.txt): 973 条
    - 纯净英文 (EN_output.txt): 967 条
    - 纯净中文 (CN_output.txt): 148 条
    - 英文待办 (en_todo.txt): 827 条 (增量)
    - 中文独有 (cn_only.txt): 6 条 (增量)
    - 冲突键 (conflict_keys.txt): 28 条
    -> 正在尝试从 Git 历史记录中获取旧版本: data/output_files/WAR_3630196063/EN_todo.txt
      --> 在 Git 历史记录中未找到该文件，视为全新。
    -> 基线日志已存档到: data/logs/archive/WAR_3630196063_baseline_run_20260208_042810.json

处理成功！所有输出文件已保存在 'WAR_3630196063' 文件夹中。
    -> 警告：未能获取 Mod 3630196063 的完成文件SHA，状态未记录。
