

========================= 开始处理 Workshop ID: 3658348791 (WAR) =========================

--- 正在检查已完成的翻译于: data/completed_files/3658348791/en_completed.txt ---
     -> 在 'en_completed.txt' 中找到 0 个键。

--- 正在检查待排除的键于: data/completed_files/3658348791/exclusion_list.txt ---
  -> 排除列表文件 'exclusion_list.txt' 不存在，跳过。

-------------------- 处理子模组: WAR --------------------

--- 正在为 'WAR' 动态查找 'media' 文件夹 ---
  -> 发现版本目录队列: 42
  --> 找到最高优先级有效版本: 42

--- 阶段 1: 扫描所有 media 路径下的翻译文件 (L1) ---
  -> 正在处理 media 路径: data/workshop_content/3658348791/mods/WAR/42/media
阶段 1 完成: 从 EN 加载了 0 条数据, 从 CN 加载了 0 条数据。

--- 阶段 2: 扫描所有 Media 路径下的 Scripts (L0) ---
  -> 正在处理 Scripts 路径: data/workshop_content/3658348791/mods/WAR/42/media/scripts
    -> 处理: ADVANCED-WARFARE-EX.txt
     -> 新增: 40 个 Item, 3 个 Recipe
    -> 处理: ADVANCED_WARFARE_EVOLUTION_TERMS_OF_SERVICE_AND_RF_4_LICENSES.txt
    -> 处理: Loaders/WAR_HANDGUNS.txt
    -> 处理: Loaders/WAR_MODEL_LOADER_PARTS.txt
    -> 处理: Loaders/WAR_RIFLES.txt
    -> 处理: Loaders/WAR_SHOTGUNS.txt
    -> 处理: WAR_EXPLOSIVES.txt
     -> 新增: 3 个 Item
    -> 处理: WAR_MISC.txt
     -> 新增: 6 个 Item, 4 个 Recipe
    -> 处理: WAR_SOUNDLOADER.txt
阶段 2 完成: 从 scripts 新生成了 56 条数据。

--- 阶段 3: 合并 L0 与 L1 后，纯净英文基准总计: 56 条数据。---

--- 阶段 4: 检测到 3 个与官方重复的键。---

--- 已为 Mod ID 3658348791 更新 56 条键来源映射 ---

--- 正在为 Mod 'WAR' 生成输出文件 ---
    - 最终合并 (output.txt): 56 条
    - 纯净英文 (EN_output.txt): 56 条
    - 纯净中文 (CN_output.txt): 0 条
    - 英文待办 (en_todo.txt): 56 条 (增量)
    - 中文独有 (cn_only.txt): 0 条 (增量)
    - 冲突键 (conflict_keys.txt): 3 条
    -> 正在尝试从 Git 历史记录中获取旧版本: data/output_files/WAR_3658348791/EN_todo.txt
      --> 成功找到旧版本。
     -> 在 'EN_todo.txt (旧版本)' 中找到 56 个键。

处理成功！所有输出文件已保存在 'WAR_3658348791' 文件夹中。
    -> [内存] 已为 Mod 3658348791 记录 Commit SHA: e5296b8
