

========================= 开始处理 Workshop ID: 2874163136 (WIP_[Build_42]_[CJ]_Vanilla_Firearms_Expansion) =========================

--- 正在检查已完成的翻译于: data/completed_files/2874163136/en_completed.txt ---
     -> 在 'en_completed.txt' 中找到 0 个键。

--- 正在检查待排除的键于: data/completed_files/2874163136/exclusion_list.txt ---
  -> 排除列表文件 'exclusion_list.txt' 不存在，跳过。

-------------------- 处理子模组: WIP [Build 42] [CJ] Vanilla Firearms Expansion --------------------

--- 正在为 'WIP [Build 42] [CJ] Vanilla Firearms Expansion' 动态查找 'media' 文件夹 ---
  -> 发现版本目录: 42.0
  -> 正在检查路径的有效性: data/workshop_content/2874163136/mods/WIP [Build 42] [CJ] Vanilla Firearms Expansion/42.0/media
  --> 路径有效！已将其加入待处理列表。

--- 阶段 1: 扫描所有 media 路径下的翻译文件 (L1) ---
  -> 正在处理 media 路径: data/workshop_content/2874163136/mods/WIP [Build 42] [CJ] Vanilla Firearms Expansion/42.0/media
  -> 扫描目录: data/workshop_content/2874163136/mods/WIP [Build 42] [CJ] Vanilla Firearms Expansion/42.0/media/lua/shared/Translate/EN
     -> 在 'itemname_en.txt' 中找到 126 个键。
     -> 在 'recipes_en.txt' 中找到 75 个键。
     -> 在 'tooltip_en.txt' 中找到 8 个键。
阶段 1 完成: 从 EN 加载了 209 条数据, 从 CN 加载了 0 条数据。

--- 阶段 2: 扫描所有 Media 路径下的 Scripts (L0) ---
  -> 正在处理 Scripts 路径: data/workshop_content/2874163136/mods/WIP [Build 42] [CJ] Vanilla Firearms Expansion/42.0/media/scripts
    -> 处理: cj_additionals.txt
     -> 新增: 5 个 Item
    -> 处理: cj_additionals_mdl.txt
    -> 处理: cj_ammo.txt
    -> 处理: cj_attachments.txt
    -> 处理: cj_attachments_mdl.txt
    -> 处理: cj_clips.txt
     -> 新增: 2 个 Item
    -> 处理: cj_magazines.txt
    -> 处理: cj_models_code.txt
    -> 处理: cj_recipies.txt
     -> 新增: 10 个 Recipe
    -> 处理: cj_sound.txt
    -> 处理: cj_sound2.txt
    -> 处理: cj_sound_milkor.txt
    -> 处理: firearms/a_plug_cj_firearms_cj_m16.txt
    -> 处理: firearms/a_plug_cj_firearms_m14.txt
     -> 新增: 1 个 Item
    -> 处理: firearms/cj_firearms_aa12.txt
    -> 处理: firearms/cj_firearms_ai_awp.txt
    -> 处理: firearms/cj_firearms_ak74_aurora.txt
    -> 处理: firearms/cj_firearms_ak74_aurora_folded.txt
    -> 处理: firearms/cj_firearms_ak74_m.txt
    -> 处理: firearms/cj_firearms_ak74_u.txt
    -> 处理: firearms/cj_firearms_asval.txt
    -> 处理: firearms/cj_firearms_aug.txt
    -> 处理: firearms/cj_firearms_beretta_m9.txt
    -> 处理: firearms/cj_firearms_colt_1911.txt
    -> 处理: firearms/cj_firearms_colt_python.txt
    -> 处理: firearms/cj_firearms_daewoo_k2.txt
    -> 处理: firearms/cj_firearms_desert_eagle.txt
    -> 处理: firearms/cj_firearms_fn_fal.txt
     -> 新增: 1 个 Item
    -> 处理: firearms/cj_firearms_g3a3.txt
    -> 处理: firearms/cj_firearms_glock_17.txt
    -> 处理: firearms/cj_firearms_hecate.txt
    -> 处理: firearms/cj_firearms_hi_power.txt
    -> 处理: firearms/cj_firearms_intratec_9.txt
    -> 处理: firearms/cj_firearms_ithaka_m37.txt
    -> 处理: firearms/cj_firearms_l85a1.txt
    -> 处理: firearms/cj_firearms_m1897.txt
    -> 处理: firearms/cj_firearms_m1897_sawn.txt
    -> 处理: firearms/cj_firearms_m1928a1.txt
    -> 处理: firearms/cj_firearms_m1a.txt
    -> 处理: firearms/cj_firearms_m249_para.txt
    -> 处理: firearms/cj_firearms_m40.txt
    -> 处理: firearms/cj_firearms_m4_carbine.txt
    -> 处理: firearms/cj_firearms_m60.txt
    -> 处理: firearms/cj_firearms_m82a1.txt
    -> 处理: firearms/cj_firearms_m870.txt
    -> 处理: firearms/cj_firearms_m870_civil.txt
    -> 处理: firearms/cj_firearms_m870_civil_sawn.txt
    -> 处理: firearms/cj_firearms_marlin_model_60.txt
    -> 处理: firearms/cj_firearms_milkor_mgl.txt
    -> 处理: firearms/cj_firearms_mini_14.txt
    -> 处理: firearms/cj_firearms_mp5sd2.txt
    -> 处理: firearms/cj_firearms_p226.txt
    -> 处理: firearms/cj_firearms_pk.txt
    -> 处理: firearms/cj_firearms_rpk_74.txt
    -> 处理: firearms/cj_firearms_sg552_commando.txt
    -> 处理: firearms/cj_firearms_sks.txt
    -> 处理: firearms/cj_firearms_sks_sawn.txt
    -> 处理: firearms/cj_firearms_spas_12.txt
    -> 处理: firearms/cj_firearms_sr_25.txt
    -> 处理: firearms/cj_firearms_striker.txt
    -> 处理: firearms/cj_firearms_svd.txt
    -> 处理: firearms/cj_firearms_sw_m36.txt
    -> 处理: firearms/cj_firearms_sw_m625.txt
    -> 处理: firearms/cj_firearms_type_81.txt
    -> 处理: firearms/cj_firearms_vepr_aurora.txt
    -> 处理: firearms/cj_firearms_vss.txt
    -> 处理: firearms/cj_firearms_wa2000.txt
    -> 处理: firearms/cj_firearms_walther_pp.txt
阶段 2 完成: 从 scripts 新生成了 19 条数据。

--- 阶段 3: 合并 L0 与 L1 后，纯净英文基准总计: 228 条数据。---

--- 阶段 4: 检测到 15 个与官方重复的键。---

--- 已为 Mod ID 2874163136 更新 228 条键来源映射 ---

--- 正在为 Mod 'WIP_[Build_42]_[CJ]_Vanilla_Firearms_Expansion' 生成输出文件 ---
    - 最终合并 (output.txt): 228 条
    - 纯净英文 (EN_output.txt): 228 条
    - 纯净中文 (CN_output.txt): 0 条
    - 英文待办 (en_todo.txt): 228 条 (增量)
    - 中文独有 (cn_only.txt): 0 条 (增量)
    - 冲突键 (conflict_keys.txt): 15 条
    -> 正在尝试从 Git 历史记录中获取旧版本: data/output_files/WIP_[Build_42]_[CJ]_Vanilla_Firearms_Expansion_2874163136/EN_todo.txt
      --> 成功找到旧版本。
     -> 在 'EN_todo.txt (旧版本)' 中找到 228 个键。

处理成功！所有输出文件已保存在 'WIP_[Build_42]_[CJ]_Vanilla_Firearms_Expansion_2874163136' 文件夹中。
    -> [内存] 已为 Mod 2874163136 记录 Commit SHA: 4189987
