

========================= 开始处理 Workshop ID: 3628835042 (WorkshopUpdateCheck) =========================

--- 正在检查已完成的翻译于: data/completed_files/3628835042/en_completed.txt ---
     -> 在 'en_completed.txt' 中找到 0 个键。

--- 正在检查待排除的键于: data/completed_files/3628835042/exclusion_list.txt ---
  -> 排除列表文件 'exclusion_list.txt' 不存在，跳过。

-------------------- 处理子模组: WorkshopUpdateCheck --------------------

--- 正在为 'WorkshopUpdateCheck' 动态查找 'media' 文件夹 ---
  -> 发现版本目录队列: 42.13
  --> 版本 42.13 无效或为空，尝试检查下一个低版本...
  --> 未能在 Common 或 版本目录队列中找到任何有效的 'media' 文件夹。

--- 已为 Mod ID 3628835042 更新 0 条键来源映射 ---

--- 正在为 Mod 'WorkshopUpdateCheck' 生成输出文件 ---
    - 最终合并 (output.txt): 0 条
    - 纯净英文 (EN_output.txt): 0 条
    - 纯净中文 (CN_output.txt): 0 条
    - 英文待办 (en_todo.txt): 0 条 (增量)
    - 中文独有 (cn_only.txt): 0 条 (增量)
    - 冲突键 (conflict_keys.txt): 0 条
    -> 正在尝试从 Git 历史记录中获取旧版本: data/output_files/WorkshopUpdateCheck_3628835042/EN_todo.txt
      --> 成功找到旧版本。
     -> 在 'EN_todo.txt (旧版本)' 中找到 0 个键。

处理成功！所有输出文件已保存在 'WorkshopUpdateCheck_3628835042' 文件夹中。
    -> [内存] 已为 Mod 3628835042 记录 Commit SHA: 9948aba

--- 所有模组处理循环结束，正在保存最终运行状态 ---

--- 应用正则表达式来源覆盖规则 ---
成功加载 6 条正则表达式规则。
  -> 规则 #6 ('(?i)^Tooltip_.*$...') 匹配并更新了 1 个键。
成功通过正则表达式规则更新了 1 个键的来源。

--- 正在合并手动分类的键来源 ---
  -> 成功合并/更新了 1 个来自手动分类的键来源。
全局键来源映射已成功保存到: translation_utils/key_source_map.json

增量更新日志已记录到: data/logs/update_log.json

--- 开始生成状态报告 ---
执行报告生成脚本失败: Command '['python', 'scripts/generate_status.py']' returned non-zero exit status 1.
脚本输出:
--- 开始生成状态报告 ---

脚本错误输出:
Traceback (most recent call last):
  File "/home/runner/work/pz-mod-translation-helper/pz-mod-translation-helper/scripts/generate_status.py", line 259, in <module>
    main()
  File "/home/runner/work/pz-mod-translation-helper/pz-mod-translation-helper/scripts/generate_status.py", line 232, in main
    mod_todo_table_rows = [
  File "/home/runner/work/pz-mod-translation-helper/pz-mod-translation-helper/scripts/generate_status.py", line 233, in <listcomp>
    f"| {mod['name'].replace('|', '&#124;')} | {mod['id']} | {mod['todos']} | {mod['to_proofread']} | {mod['missing_en']} | {mod['total_entries']} |"
AttributeError: 'NoneType' object has no attribute 'replace'

