

========================= 开始处理 Workshop ID: 3663890932 (XnerTrees) =========================

--- 正在检查已完成的翻译于: data/completed_files/3663890932/en_completed.txt ---
  -> 文件 'en_completed.txt' 在目标位置不存在，将自动创建。

--- 正在检查待排除的键于: data/completed_files/3663890932/exclusion_list.txt ---
  -> 排除列表文件 'exclusion_list.txt' 不存在，跳过。

-------------------- 处理子模组: XnerTrees --------------------

--- 正在为 'XnerTrees' 动态查找 'media' 文件夹 ---
  -> 发现版本目录队列: 42.13
  --> 找到最高优先级有效版本: 42.13

--- 阶段 1: 扫描所有 media 路径下的翻译文件 (L1) ---
  -> 正在处理 media 路径: data/workshop_content/3663890932/mods/XnerTrees/42.13/media
  -> 扫描目录: data/workshop_content/3663890932/mods/XnerTrees/42.13/media/lua/shared/Translate/EN
     -> 在 'Farming_EN.txt' 中找到 21 个键。
     -> 在 'ItemName_EN.txt' 中找到 8 个键。
     -> 在 'Items_EN.txt' 中找到 0 个键。
     -> 在 'Recipes_EN.txt' 中找到 1 个键。
     -> 在 'Sandbox_EN.txt' 中找到 23 个键。
  -> 扫描目录: data/workshop_content/3663890932/mods/XnerTrees/42.13/media/lua/shared/Translate/CN
     -> 在 'Farming_CN.txt' 中找到 21 个键。
     -> 在 'ItemName_CN.txt' 中找到 8 个键。
     -> 在 'Recipes_CN.txt' 中找到 1 个键。
     -> 在 'Sandbox_CN.txt' 中找到 29 个键。
阶段 1 完成: 从 EN 加载了 53 条数据, 从 CN 加载了 59 条数据。

--- 阶段 2: 扫描所有 Media 路径下的 Scripts (L0) ---
  -> 正在处理 Scripts 路径: data/workshop_content/3663890932/mods/XnerTrees/42.13/media/scripts
    -> 处理: items_XNTreeSaplings.txt
     -> 新增: 1 个 Recipe
阶段 2 完成: 从 scripts 新生成了 1 条数据。

--- 阶段 3: 合并 L0 与 L1 后，纯净英文基准总计: 54 条数据。---

--- 阶段 4: 检测到 1 个与官方重复的键。---

--- 已为 Mod ID 3663890932 更新 67 条键来源映射 ---

--- 正在为 Mod 'XnerTrees' 生成输出文件 ---
    - 最终合并 (output.txt): 67 条
    - 纯净英文 (EN_output.txt): 54 条
    - 纯净中文 (CN_output.txt): 59 条
    - 英文待办 (en_todo.txt): 8 条 (增量)
    - 中文独有 (cn_only.txt): 13 条 (增量)
    - 冲突键 (conflict_keys.txt): 1 条
    -> 正在尝试从 Git 历史记录中获取旧版本: data/output_files/XnerTrees_3663890932/EN_todo.txt
      --> 在 Git 历史记录中未找到该文件，视为全新。
    -> 基线日志已存档到: data/logs/archive/XnerTrees_3663890932_baseline_run_20260302_042823.json

处理成功！所有输出文件已保存在 'XnerTrees_3663890932' 文件夹中。
    -> 警告：未能获取 Mod 3663890932 的完成文件SHA，状态未记录。
