

========================= 开始处理 Workshop ID: 3643703198 (zReVaccin_3) =========================

--- 正在检查已完成的翻译于: data/completed_files/3643703198/en_completed.txt ---
     -> 在 'en_completed.txt' 中找到 0 个键。

--- 正在检查待排除的键于: data/completed_files/3643703198/exclusion_list.txt ---
  -> 排除列表文件 'exclusion_list.txt' 不存在，跳过。

-------------------- 处理子模组: zReVaccin 3 --------------------

--- 正在为 'zReVaccin 3' 动态查找 'media' 文件夹 ---
  -> 发现版本目录队列: 42
  --> 找到最高优先级有效版本: 42

--- 阶段 1: 扫描所有 media 路径下的翻译文件 (L1) ---
  -> 正在处理 media 路径: data/workshop_content/3643703198/mods/zReVaccin 3/42/media
  -> 扫描目录: data/workshop_content/3643703198/mods/zReVaccin 3/42/media/lua/shared/Translate/EN
     -> 在 'ContextMenu_EN.txt' 中找到 2 个键。
     -> 在 'Entity_EN.txt' 中找到 6 个键。
     -> 在 'IG_UI_EN.txt' 中找到 22 个键。
     -> 在 'ItemName_EN.txt' 中找到 85 个键。
     -> 在 'Moveables_EN.txt' 中找到 7 个键。
     -> 在 'Recipes_EN.txt' 中找到 57 个键。
     -> 在 'Recorded_Media_EN.txt' 中找到 57 个键。
     -> 在 'Sandbox_EN.txt' 中找到 36 个键。
     -> 在 'Tooltip_EN.txt' 中找到 60 个键。
     -> 在 'UI_EN.txt' 中找到 12 个键。
阶段 1 完成: 从 EN 加载了 321 条数据, 从 CN 加载了 0 条数据。

--- 阶段 2: 扫描所有 Media 路径下的 Scripts (L0) ---
  -> 正在处理 Scripts 路径: data/workshop_content/3643703198/mods/zReVaccin 3/42/media/scripts
    -> 处理: clothes/zReV2_clothes_params.txt
    -> 处理: clothes/zReV2_clothes_worlditems.txt
    -> 处理: craftstations/zReVB42_1_1_LabCentrifuge_xuiSkin.txt
    -> 处理: craftstations/zReVB42_1_1_LabChemistrySet_xuiSkin.txt
    -> 处理: craftstations/zReVB42_1_1_LabChromatograph_xuiSkin.txt
    -> 处理: craftstations/zReVB42_1_1_LabMicroscope_xuiSkin.txt
    -> 处理: craftstations/zReVB42_1_1_LabSpectrometer_xuiSkin.txt
    -> 处理: craftstations/zReVB42_1_2_LabCentrifuge.txt
    -> 处理: craftstations/zReVB42_1_2_LabChemistrySet.txt
    -> 处理: craftstations/zReVB42_1_2_LabChromatograph.txt
    -> 处理: craftstations/zReVB42_1_2_LabMicroscope.txt
    -> 处理: craftstations/zReVB42_1_2_LabSpectrometer.txt
    -> 处理: items/zReVAC2_1_1_BaseItems.txt
    -> 处理: items/zReVAC2_1_2_BaseMaterials.txt
    -> 处理: items/zReVAC2_1_3_C_BloodCompounds.txt
    -> 处理: items/zReVAC2_1_4_C_Chems.txt
    -> 处理: items/zReVAC2_1_5_Vaccines.txt
    -> 处理: items/zReVAC2_1_6_Books.txt
    -> 处理: items/zReVAC2_1_7_MoveableObjects.txt
    -> 处理: models/zReVAC2_3_Models.txt
    -> 处理: recipes/zReVAC2_2_1_1_Recipes_Glassmaking.txt
     -> 新增: 1 个 Recipe
    -> 处理: recipes/zReVAC2_2_1_2_Recipes_Carving.txt
     -> 新增: 1 个 Recipe
    -> 处理: recipes/zReVAC2_2_1_3_Recipes_Medical.txt
     -> 新增: 2 个 Recipe
    -> 处理: recipes/zReVAC2_2_1_4_Recipes_Clear.txt
    -> 处理: recipes/zReVAC2_2_1_4_Recipes_Packing.txt
     -> 新增: 1 个 Recipe
    -> 处理: recipes/zReVAC2_2_1_4_Recipes_Research.txt
     -> 新增: 1 个 Recipe
    -> 处理: recipes/zReVAC2_2_1_5_Recipes_Decoration.txt
     -> 新增: 1 个 Recipe
    -> 处理: recipes/zReVAC2_2_1_6_Recipes_Equipment.txt
    -> 处理: recipes/zReVAC2_2_1_Recipes_LabCentrifuge.txt
    -> 处理: recipes/zReVAC2_2_1_Recipes_LabChemistrySet.txt
    -> 处理: recipes/zReVAC2_2_1_Recipes_LabChromatograph.txt
    -> 处理: recipes/zReVAC2_2_1_Recipes_LabMicroscope.txt
    -> 处理: recipes/zReVAC2_2_1_Recipes_LabSpectrometer.txt
    -> 处理: sounds/zReVAC2_3_Sounds.txt
    -> 处理: trait/zReVAC2_Trait.txt
    -> 处理: zReVAC2_TimedActions.txt
阶段 2 完成: 从 scripts 新生成了 7 条数据。

--- 阶段 3: 合并 L0 与 L1 后，纯净英文基准总计: 328 条数据。---

--- 阶段 4: 检测到 5 个与官方重复的键。---

-------------------- 处理子模组: zReVaccin 3 addon --------------------

--- 正在为 'zReVaccin 3 addon' 动态查找 'media' 文件夹 ---
  -> 发现版本目录队列: 42
  --> 版本 42 无效或为空，尝试检查下一个低版本...
  --> 未能在 Common 或 版本目录队列中找到任何有效的 'media' 文件夹。

--- 已为 Mod ID 3643703198 更新 328 条键来源映射 ---

--- 正在为 Mod 'zReVaccin_3' 生成输出文件 ---
    - 最终合并 (output.txt): 328 条
    - 纯净英文 (EN_output.txt): 328 条
    - 纯净中文 (CN_output.txt): 0 条
    - 英文待办 (en_todo.txt): 328 条 (增量)
    - 中文独有 (cn_only.txt): 0 条 (增量)
    - 冲突键 (conflict_keys.txt): 5 条
    -> 正在尝试从 Git 历史记录中获取旧版本: data/output_files/zReVaccin_3_3643703198/EN_todo.txt
      --> 成功找到旧版本。
     -> 在 'EN_todo.txt (旧版本)' 中找到 328 个键。

处理成功！所有输出文件已保存在 'zReVaccin_3_3643703198' 文件夹中。
    -> [内存] 已为 Mod 3643703198 记录 Commit SHA: ea668e2
